      -----------------------------------------------------------      
     |                   =====================                   |     
     |                           x T B                           |     
     |                   =====================                   |     
     |                         S. Grimme                         |     
     |          Mulliken Center for Theoretical Chemistry        |     
     |                    University of Bonn                     |     
     |                 Version 6.1.4 (SAW190525)                 |     
      -----------------------------------------------------------      

   This program is distributed in the hope that it will be useful,
   but WITHOUT ANY WARRANTY; without even the implied warranty of
   MERCHANTABILITY or FITNESS FOR A PARTICULAR PURPOSE.
   
   FOR NON-COMMERCIAL, ACADEMIA USE ONLY.
   
   Cite this work as:
   S. Grimme, C. Bannwarth, P. Shushkov, J. Comput. Theory Chem., 2017,
   13, 1989-2009. DOI: 10.1021/acs.jctc.7b00118
   C. Bannwarth, S. Ehlert and S. Grimme., J. Comput. Theory Chem., 2019,
   just accepted. DOI: 10.1021/acs.jctc.8b01176
   
   for sTDA-xTB:
   S. Grimme and C. Bannwarth, J. Chem. Phys., 2016, 145, 054103.
   DOI: 10.1063/1.4959605
   
   in the mass-spec context:
   V. Asgeirsson, C. Bauer and S. Grimme, Chem. Sci., 2017, 8, 4879.
   DOI: 10.1039/c7sc00601b
   
   for metadynamics refer to:
   S. Grimme, J. Chem. Theory Comput. Article ASAP, 2019,
   DOI: 10.1021/acs.jctc.9b00143
   
   with help from (in alphabetical order)
   C. Bannwarth, F. Bohle, G. Brandenburg, E. Caldeweyher, M. Checinski,
   S. Dohm, S. Ehlert, S. Ehrlich, F. März, H. Neugebauer, J. Pisarek,
   P. Pracht, P. Shushkov, and S. Spicher.
   
 * started run on 2019/07/08 at 21:49:10.617     

           -------------------------------------------------
          |                Calculation Setup                |
           -------------------------------------------------

          program call               : /usr/local/xtb/bin/xtb methane_conf0.xyz --chrg 0 --opt
          hostname                   : ty2019.chem.ox.ac.uk
          coordinate file            : methane_conf0.xyz
          omp threads                :                     4
          number of atoms            :                     5
          number of electrons        :                     8
          charge                     :                     0
          spin                       :                   0.0
          first test random number   :      0.05216751454130


########################################################################
# WARNING! Please study the warnings concerning your input carefully
#  - XTBHOME is not set, using HOME instead
########################################################################

           ------------------------------------------------- 
          |                 G F N 2 - x T B                 |
          | Geometry, Frequencies, Noncovalent interactions |
          |            JCTC 2018 parametrisation            |
           ------------------------------------------------- 
 
             k(s)              :                1.8500
             k(p)              :                2.2300
             k(d)              :                2.2300
             k(f)              :                2.0000
             kEN (H0ij)        :               -2.0000
             D4 a1             :                0.5200
             D4 a2             :                5.0000
             D4 s6             :                1.0000
             D4 s8             :                2.7000
             D4 s9             :                5.0000
             alphaj            :                2.0000

  Z AO/shell   Hii/eV     exponent
  1     Wed Apr 25 08:07:45 CEST 2018   EN: 2.200 GM2: 0.406  GM3: 0.0800  RAES: 1.40
     1s    -10.707211    1.230000
  6     Wed Apr 25 08:07:45 CEST 2018   EN: 2.550 GM2: 0.538  GM3: 0.1500  RAES: 3.00
     2s    -13.970922    2.096432
     2p    -10.063292    1.800000


            Z     q(EN)     CN     RAES       Cart. coordinates
     1  C   4.0   -0.33    3.97    3.56     0.00850    -0.01209     0.01323
     2  H   1.0    0.08    0.99    1.43    -1.16332    -1.47455    -0.90877
     3  H   1.0    0.08    0.99    1.43    -0.78650     1.84702    -0.46676
     4  H   1.0    0.08    0.99    1.43    -0.03250    -0.27666     2.07813
     5  H   1.0    0.08    0.99    1.43     1.97363    -0.08353    -0.71564

           ------------------------------------------------- 
          |        Self-Consistent Charge Iterations        |
           ------------------------------------------------- 

          ...................................................
          :                      SETUP                      :
          :.................................................:
          :  # basis functions                   8          :
          :  # atomic orbitals                   8          :
          :  # shells                            6          :
          :  # electrons                         8          :
          :  max. iterations                   250          :
          :  Hamiltonian                  GFN2-xTB          :
          :  restarted?                      false          :
          :  GBSA solvation                  false          :
          :  PC potential                    false          :
          :  electronic temp.          300.0000000     K    :
          :  accuracy                    1.0000000          :
          :  -> integral cutoff          0.2500000E+02      :
          :  -> integral neglect         0.1000000E-07      :
          :  -> SCF convergence          0.1000000E-05 Eh   :
          :  -> wf. convergence          0.1000000E-03 e    :
          :  Broyden damping             0.4000000          :
          ...................................................

 iter      E             dE          RMSdq      gap      omega  full diag
   1     -4.2208493 -0.422085E+01  0.250E+00   16.58       0.0  T
   2     -4.2346957 -0.138465E-01  0.915E-01   16.41       1.0  T
   3     -4.2348288 -0.133097E-03  0.510E-01   16.31       1.0  T
   4     -4.2348807 -0.518398E-04  0.102E-01   16.19       1.0  T
   5     -4.2348807 -0.891033E-08  0.492E-03   16.19       9.1  T
   6     -4.2348808 -0.606618E-07  0.458E-04   16.19      97.7  T
   7     -4.2348808 -0.984803E-10  0.142E-04   16.19     315.1  T

   *** convergence criteria satisfied after 7 iterations ***

         #    Occupation            Energy/Eh            Energy/eV
      -------------------------------------------------------------
         1        2.0000           -0.5781000             -15.7309
         2        2.0000           -0.4672350             -12.7141
         3        2.0000           -0.4659698             -12.6797
         4        2.0000           -0.4641714             -12.6307 (HOMO)
         5                          0.1306615               3.5555 (LUMO)
         6                          0.1900293               5.1710
         7                          0.1941068               5.2819
         8                          0.2037392               5.5440
      -------------------------------------------------------------
                  HL-Gap            0.5948329 Eh           16.1862 eV
             Fermi-level           -0.1667549 Eh           -4.5376 eV

 SCC (total)                   0 d,  0 h,  0 min,  0.002 sec
 SCC setup                      ...        0 min,  0.000 sec ( 10.000%)
 Dispersion                     ...        0 min,  0.000 sec (  2.339%)
 integral evaluation            ...        0 min,  0.000 sec (  5.657%)
 zeroth order Hamiltonian       ...        0 min,  0.000 sec (  1.024%)
 iterations                     ...        0 min,  0.001 sec ( 60.434%)
 molecular gradient             ...        0 min,  0.000 sec (  9.254%)
 printout                       ...        0 min,  0.000 sec (  7.895%)

         :::::::::::::::::::::::::::::::::::::::::::::::::::::
         ::                     SUMMARY                     ::
         :::::::::::::::::::::::::::::::::::::::::::::::::::::
         :: total energy               -4.173832113822 Eh   ::
         :: gradient norm               0.029261859369 Eh/α ::
         :: HOMO-LUMO gap              16.186226271694 eV   ::
         ::.................................................::
         :: SCC energy                 -4.234880754889 Eh   ::
         :: -> isotropic ES             0.001857765737 Eh   ::
         :: -> anisotropic ES           0.002760436323 Eh   ::
         :: -> anisotropic XC           0.004126212590 Eh   ::
         :: -> dispersion              -0.000664665630 Eh   ::
         :: repulsion energy            0.061048644042 Eh   ::
         :: add. restraining            0.000000000000 Eh   ::
         :::::::::::::::::::::::::::::::::::::::::::::::::::::

      ----------------------------------------------------------- 
     |                   =====================                   |
     |                        A N C O P T                        |
     |                   =====================                   |
     |               Approximate Normal Coordinate               |
     |                Rational Function Optimizer                |
      ----------------------------------------------------------- 

          ...................................................
          :                      SETUP                      :
          :.................................................:
          :   optimization level            normal          :
          :   max. optcycles                   200          :
          :   ANC micro-cycles                  20          :
          :   degrees of freedom                 9          :
          :.................................................:
          :   RF solver                   davidson          :
          :   input Hessian                  false          :
          :   write xtbopt.log                true          :
          :   linear?                        false          :
          :   energy convergence         0.5000000E-05 Eh   :
          :   grad. convergence          0.1000000E-02 Eh/α :
          :   maximium RF displ.         2.0000000          :
          :   Hlow (freq-cutoff)         0.5000000E-02      :
          :   Hmax (freq-cutoff)         5.0000000          :
          :   S6 in model hess.         20.0000000          :
          ...................................................

generating ANC from model Hessian ...
Using Lindh-Hessian (1995)
 Shifting diagonal of input Hessian by   0.000000000000000E+000
 Lowest  eigenvalues of input Hessian
   -0.000000   -0.000000   -0.000000   -0.000000    0.000000    0.000000
    0.089330    0.090462    0.110906    0.113639    0.114966    0.390140
    1.047796    1.059286    1.078453
 Highest eigenvalues
    0.113639    0.114966    0.390140    1.047796    1.059286    1.078453
 

........................................................................
.............................. CYCLE    1 ..............................
........................................................................
   1     -4.2348808 -0.423488E+01  0.575E-06   16.19       0.0  T
   2     -4.2348808 -0.106581E-13  0.333E-06   16.19   13438.0  T
   3     -4.2348808 -0.266454E-14  0.763E-07   16.19   58622.7  T
     SCC iter.                  ...        0 min,  0.000 sec
     gradient                   ...        0 min,  0.000 sec
 * total energy  :    -4.1738321 Eh     change        0.9344866E-08 Eh
   gradient norm :     0.0292614 Eh/α   predicted     0.0000000E+00 (-100.00%)
   displ. norm   :     0.0924996 α      lambda       -0.2410522E-02
   maximum displ.:     0.0716661 α      in ANC's #6, #3, #4, ...

........................................................................
.............................. CYCLE    2 ..............................
........................................................................
   1     -4.2457128 -0.424571E+01  0.174E-01   17.18       0.0  T
   2     -4.2457300 -0.171146E-04  0.883E-02   17.18       1.0  T
   3     -4.2457301 -0.149710E-06  0.330E-02   17.19       1.4  T
   4     -4.2457301 -0.207718E-07  0.261E-03   17.19      17.1  T
   5     -4.2457301 -0.771829E-09  0.322E-04   17.19     138.9  T
     SCC iter.                  ...        0 min,  0.000 sec
     gradient                   ...        0 min,  0.000 sec
 * total energy  :    -4.1751886 Eh     change       -0.1356533E-02 Eh
   gradient norm :     0.0047674 Eh/α   predicted    -0.1215574E-02 ( -10.39%)
   displ. norm   :     0.0152808 α      lambda       -0.6601890E-04
   maximum displ.:     0.0131387 α      in ANC's #6, #3, #4, ...

........................................................................
.............................. CYCLE    3 ..............................
........................................................................
   1     -4.2476783 -0.424768E+01  0.289E-02   17.37       0.0  T
   2     -4.2476789 -0.577121E-06  0.140E-02   17.37       3.2  T
   3     -4.2476789 -0.887570E-08  0.570E-03   17.37       7.8  T
   4     -4.2476789 -0.895599E-09  0.624E-04   17.37      71.6  T
   5     -4.2476789 -0.124594E-09  0.768E-05   17.37     582.4  T
     SCC iter.                  ...        0 min,  0.000 sec
     gradient                   ...        0 min,  0.000 sec
 * total energy  :    -4.1752178 Eh     change       -0.2919278E-04 Eh
   gradient norm :     0.0006752 Eh/α   predicted    -0.3301808E-04 (  13.10%)
   displ. norm   :     0.0035052 α      lambda       -0.1270489E-05
   maximum displ.:     0.0025423 α      in ANC's #3, #6, #4, ...

........................................................................
.............................. CYCLE    4 ..............................
........................................................................
   1     -4.2473705 -0.424737E+01  0.739E-03   17.34       0.0  T
   2     -4.2473705 -0.149477E-07  0.414E-03   17.34      10.8  T
   3     -4.2473705 -0.384896E-09  0.102E-03   17.34      44.0  T
   4     -4.2473705 -0.172617E-10  0.140E-04   17.34     318.9  T
   5     -4.2473705 -0.619593E-11  0.153E-05   17.34    2924.2  T
     SCC iter.                  ...        0 min,  0.000 sec
     gradient                   ...        0 min,  0.000 sec
 * total energy  :    -4.1752184 Eh     change       -0.5576957E-06 Eh
   gradient norm :     0.0002719 Eh/α   predicted    -0.6364626E-06 (  14.12%)
   displ. norm   :     0.0011482 α      lambda       -0.1838103E-06
   maximum displ.:     0.0009085 α      in ANC's #3, #6, #4, ...

   *** GEOMETRY OPTIMIZATION CONVERGED AFTER 4 ITERATIONS ***

------------------------------------------------------------------------
 total energy gain :          -0.0013863 Eh       -0.8699 kcal/mol
 total RMSD        :           0.0443297 α         0.0235 Å
------------------------------------------------------------------------

 ANCopt (total)                0 d,  0 h,  0 min,  0.003 sec
 optimizer setup                ...        0 min,  0.000 sec (  4.787%)
 model hessian                  ...        0 min,  0.000 sec (  5.750%)
 ANC generation                 ...        0 min,  0.000 sec (  7.439%)
 coordinate transformation      ...        0 min,  0.000 sec (  1.303%)
 single point calculation       ...        0 min,  0.002 sec ( 56.317%)
 optimization log               ...        0 min,  0.000 sec (  5.080%)
 hessian update                 ...        0 min,  0.000 sec (  1.041%)
 rational function              ...        0 min,  0.000 sec (  8.294%)

================
 final structure:
================
$coord
   -0.00018549155356    0.00031479165665   -0.00004384201572      C 
   -1.12271884666980   -1.45828797302348   -0.89204808881749      H 
   -0.78390277473208    1.83547029373097   -0.44951198022550      H 
   -0.01740057469786   -0.27094744986769    2.02696222602776      H 
    1.92401871505836   -0.10636068990153   -0.68516934237412      H 
$end

========================================================================
 FINAL SINGLEPOINT CALCULATION ON OPTIMIZED GEOMETRY
========================================================================

          ...................................................
          :                      SETUP                      :
          :.................................................:
          :  # basis functions                   8          :
          :  # atomic orbitals                   8          :
          :  # shells                            6          :
          :  # electrons                         8          :
          :  max. iterations                    50          :
          :  Hamiltonian                  GFN2-xTB          :
          :  restarted?                      false          :
          :  GBSA solvation                  false          :
          :  PC potential                    false          :
          :  electronic temp.          300.0000000     K    :
          :  accuracy                    1.0000000          :
          :  -> integral cutoff          0.2500000E+02      :
          :  -> integral neglect         0.1000000E-07      :
          :  -> SCF convergence          0.1000000E-05 Eh   :
          :  -> wf. convergence          0.1000000E-03 e    :
          :  Broyden damping             0.4000000          :
          ...................................................

 iter      E             dE          RMSdq      gap      omega  full diag
   1     -4.2473705 -0.424737E+01  0.486E-07   17.34       0.0  T
   2     -4.2473705  0.888178E-15  0.289E-07   17.34  100000.0  T
   3     -4.2473705 -0.266454E-14  0.191E-08   17.34  100000.0  T

   *** convergence criteria satisfied after 3 iterations ***

         #    Occupation            Energy/Eh            Energy/eV
      -------------------------------------------------------------
         1        2.0000           -0.5818057             -15.8317
         2        2.0000           -0.4674691             -12.7205
         3        2.0000           -0.4674346             -12.7195
         4        2.0000           -0.4674319             -12.7195 (HOMO)
         5                          0.1699498               4.6246 (LUMO)
         6                          0.2289064               6.2289
         7                          0.2289891               6.2311
         8                          0.2290371               6.2324
      -------------------------------------------------------------
                  HL-Gap            0.6373817 Eh           17.3440 eV
             Fermi-level           -0.1487411 Eh           -4.0475 eV

 SCC (total)                   0 d,  0 h,  0 min,  0.001 sec
 SCC setup                      ...        0 min,  0.000 sec ( 17.910%)
 Dispersion                     ...        0 min,  0.000 sec (  1.741%)
 integral evaluation            ...        0 min,  0.000 sec (  7.297%)
 zeroth order Hamiltonian       ...        0 min,  0.000 sec (  2.073%)
 iterations                     ...        0 min,  0.000 sec ( 26.451%)
 molecular gradient             ...        0 min,  0.000 sec ( 15.299%)
 printout                       ...        0 min,  0.000 sec ( 20.854%)

         :::::::::::::::::::::::::::::::::::::::::::::::::::::
         ::                     SUMMARY                     ::
         :::::::::::::::::::::::::::::::::::::::::::::::::::::
         :: total energy               -4.175218388173 Eh   ::
         :: gradient norm               0.000271871193 Eh/α ::
         :: HOMO-LUMO gap              17.344037663820 eV   ::
         ::.................................................::
         :: SCC energy                 -4.247370529938 Eh   ::
         :: -> isotropic ES             0.002034185758 Eh   ::
         :: -> anisotropic ES           0.002324962439 Eh   ::
         :: -> anisotropic XC           0.003589293732 Eh   ::
         :: -> dispersion              -0.000661039792 Eh   ::
         :: repulsion energy            0.072152136169 Eh   ::
         :: add. restraining            0.000000000000 Eh   ::
         :::::::::::::::::::::::::::::::::::::::::::::::::::::

           -------------------------------------------------
          |                Property Printout                |
           -------------------------------------------------

    * Orbital Energies and Occupations

         #    Occupation            Energy/Eh            Energy/eV
      -------------------------------------------------------------
         1        2.0000           -0.5818057             -15.8317
         2        2.0000           -0.4674691             -12.7205
         3        2.0000           -0.4674346             -12.7195
         4        2.0000           -0.4674319             -12.7195 (HOMO)
         5                          0.1699498               4.6246 (LUMO)
         6                          0.2289064               6.2289
         7                          0.2289891               6.2311
         8                          0.2290371               6.2324
      -------------------------------------------------------------
                  HL-Gap            0.6373817 Eh           17.3440 eV
             Fermi-level           -0.1487411 Eh           -4.0475 eV

   #   Z        covCN         q      C6AA      α(0)
   1   6 C      3.702    -0.156    23.686     6.959
   2   1 H      0.925     0.039     2.464     2.454
   3   1 H      0.925     0.039     2.463     2.454
   4   1 H      0.925     0.039     2.463     2.454
   5   1 H      0.925     0.039     2.464     2.455

 Mol. C6AA /au·bohr⁶  :        123.838767
 Mol. C8AA /au·bohr⁸  :       2297.178762
 Mol. α(0) /au        :         16.776954


Wiberg/Mayer (AO) data.
largest (>0.10) Wiberg bond orders for each atom
          total WBO             WBO to atom ...
     1  C   3.994        H    3 0.998    H    5 0.998    H    2 0.998    H    4 0.998
     2  H   0.998        C    1 0.998
     3  H   0.998        C    1 0.998
     4  H   0.998        C    1 0.998
     5  H   0.998        C    1 0.998

molecular dipole:
                 x           y           z       tot (Debye)
 q only:        0.000      -0.000       0.000
   full:        0.000      -0.000       0.000       0.000
molecular quadrupole (traceless):
                xx          xy          yy          xz          yz          zz
 q only:       -0.000      -0.000       0.000       0.000      -0.000      -0.000
  q+dip:       -0.000      -0.001       0.001       0.000      -0.000      -0.001
   full:       -0.000      -0.001       0.001       0.000      -0.000      -0.001

           -------------------------------------------------
          |                Geometry Summary                 |
           -------------------------------------------------

      molecular mass/u    :       16.0426000
   center of mass at/Å    :       -0.0000736       0.0001205      -0.0000096
  moments of inertia/u·Å² :        0.3147638E+01   0.3148880E+01   0.3149109E+01
rotational constants/cm⁻¹ :        0.5355646E+01   0.5353533E+01   0.5353144E+01

 * 4 selected distances

     #   Z        #   Z                                     value/Å
     1   6 C      2   1 H                                 1.0823292
     1   6 C      3   1 H                                 1.0824269 (max)
     1   6 C      4   1 H                                 1.0822462 (min)
     1   6 C      5   1 H                                 1.0823374

 * 1 distinct bonds (by element types)

   Z      Z             #   av. dist./Å        max./Å        min./Å
   1 H    6 C           4     1.0823349     1.0824269     1.0822462


optimized geometry written to: xtbopt.xyz


           -------------------------------------------------
          | TOTAL ENERGY               -4.175218388173 Eh   |
          | GRADIENT NORM               0.000271871193 Eh/α |
          | HOMO-LUMO GAP              17.344037663820 eV   |
           -------------------------------------------------

########################################################################
# WARNING! Some non-fatal runtime exceptions were caught, please check:
#  - Number of electron missmatch in restart file.
#  - Dimension missmatch in restart file.
########################################################################


------------------------------------------------------------------------
 * finished run on 2019/07/08 at 21:49:10.650     
------------------------------------------------------------------------
 total:
 * wall-time:     0 d,  0 h,  0 min,  0.031 sec
 *  cpu-time:     0 d,  0 h,  0 min,  0.113 sec
 * ratio c/w:     3.605 speedup
 SCF:
 * wall-time:     0 d,  0 h,  0 min,  0.002 sec
 *  cpu-time:     0 d,  0 h,  0 min,  0.009 sec
 * ratio c/w:     4.006 speedup
 ANC optimizer:
 * wall-time:     0 d,  0 h,  0 min,  0.004 sec
 *  cpu-time:     0 d,  0 h,  0 min,  0.017 sec
 * ratio c/w:     4.015 speedup

