      -----------------------------------------------------------      
     |                   =====================                   |     
     |                           x T B                           |     
     |                   =====================                   |     
     |                         S. Grimme                         |     
     |          Mulliken Center for Theoretical Chemistry        |     
     |                    University of Bonn                     |     
      -----------------------------------------------------------      

   * xtb version 6.2.3 (830e466) compiled by 'ehlert@majestix' on 2020-03-16

   xtb is free software: you can redistribute it and/or modify it under
   the terms of the GNU Lesser General Public License as published by
   the Free Software Foundation, either version 3 of the License, or
   (at your option) any later version.
   
   xtb is distributed in the hope that it will be useful,
   but WITHOUT ANY WARRANTY; without even the implied warranty of
   MERCHANTABILITY or FITNESS FOR A PARTICULAR PURPOSE.  See the
   GNU Lesser General Public License for more details.
   
   Cite this work as:
   * S. Grimme, C. Bannwarth, P. Shushkov, J. Chem. Theory Comput., 2017,
     13, 1989-2009. DOI: 10.1021/acs.jctc.7b00118
   * C. Bannwarth, S. Ehlert and S. Grimme., J. Chem. Theory Comput., 2019,
     15, 1652-1671. DOI: 10.1021/acs.jctc.8b01176
   * P. Pracht, E. Caldeweyher, S. Ehlert, S. Grimme, ChemRxiv, 2019, preprint.
     DOI: 10.26434/chemrxiv.8326202.v1
   
   for DFT-D4:
   * E. Caldeweyher, C. Bannwarth and S. Grimme, J. Chem. Phys., 2017,
     147, 034112. DOI: 10.1063/1.4993215
   * E. Caldeweyher, S. Ehlert, A. Hansen, H. Neugebauer, S. Spicher,
     C. Bannwarth and S. Grimme, J. Chem. Phys., 2019, 150, 154122.
     DOI: 10.1063/1.5090222
   
   for sTDA-xTB:
   * S. Grimme and C. Bannwarth, J. Chem. Phys., 2016, 145, 054103.
     DOI: 10.1063/1.4959605
   
   in the mass-spec context:
   * V. Asgeirsson, C. Bauer and S. Grimme, Chem. Sci., 2017, 8, 4879.
     DOI: 10.1039/c7sc00601b
   
   for metadynamics refer to:
   * S. Grimme, J. Chem. Theory Comput., 2019, 155, 2847-2862
     DOI: 10.1021/acs.jctc.9b00143
   
   with help from (in alphabetical order)
   C. Bannwarth, F. Bohle, G. Brandenburg, E. Caldeweyher, M. Checinski,
   S. Dohm, S. Ehlert, S. Ehrlich, F. März, H. Neugebauer, J. Pisarek,
   P. Pracht, P. Shushkov, and S. Spicher.
   
 * started run on 2020/04/08 at 23:04:54.120     

           -------------------------------------------------
          |                Calculation Setup                |
           -------------------------------------------------

          program call               : /home/tom/.local/bin/xtb SN2_PES_scan_8-7_xtb.xyz --chrg -1 --opt --input xcontrol_SN2_PES_scan_8-7
          coordinate file            : SN2_PES_scan_8-7_xtb.xyz
          omp threads                :                     1
          number of atoms            :                     6
          number of electrons        :                    22
          charge                     :                    -1
          spin                       :                   0.0
          first test random number   :      0.27702848499055

constraining bond 1 3 to    1.6050000 Å, actual value:    1.9033225 Å
constraining bond 2 3 to    3.8830000 Å, actual value:    3.5828797 Å

molecular fragmentation (1/2 indicates fragments):
122222
# atoms in fragment 1/2:     1     5
 fragment masses (1/2) :       19.00       50.49
CMA distance (Bohr)    :   8.370
constraining FC (au)   : 10.0000
########################################################################
[WARNING] Please study the warnings concerning your input carefully
-2- prog_main: XTBPATH is not set, using XTBHOME instead
-1- prog_main: XTBHOME is not set, using HOME instead
########################################################################
           ------------------------------------------------- 
          |                 G F N 2 - x T B                 |
          | Geometry, Frequencies, Noncovalent interactions |
          |            JCTC 2019 parametrisation            |
           ------------------------------------------------- 
             k(s)              :                1.8500
             k(p)              :                2.2300
             k(d)              :                2.2300
             k(f)              :                2.0000
             kEN (H0ij)        :               -2.0000
             D4 a1             :                0.5200
             D4 a2             :                5.0000
             D4 s6             :                1.0000
             D4 s8             :                2.7000
             D4 s9             :                5.0000
             alphaj            :                2.0000

  Z AO/shell   Hii/eV     exponent
  1     Wed Apr 25 08:07:45 CEST 2018   EN: 2.200 GM2: 0.406  GM3: 0.0800  RAES: 1.40
     1s    -10.707211    1.230000
  6     Wed Apr 25 08:07:45 CEST 2018   EN: 2.550 GM2: 0.538  GM3: 0.1500  RAES: 3.00
     2s    -13.970922    2.096432
     2p    -10.063292    1.800000
  9     Mon Apr 23 13:58:50 CEST 2018   EN: 3.980 GM2: 0.532  GM3: 0.1426  RAES: 2.40
     2s    -23.458179    2.416361
     2p    -15.746583    2.308399
 17     Mon Apr 23 14:09:22 CEST 2018   EN: 3.160 GM2: 0.249  GM3: 0.1495  RAES: 2.50
     3s    -29.278781    2.485265
     3p    -12.673758    2.199650
     3d     -0.240338    2.476089

           ------------------------------------------------- 
          |        Self-Consistent Charge Iterations        |
           ------------------------------------------------- 

          ...................................................
          :                      SETUP                      :
          :.................................................:
          :  # basis functions                  21          :
          :  # atomic orbitals                  20          :
          :  # shells                           10          :
          :  # electrons                        22          :
          :  max. iterations                   250          :
          :  Hamiltonian                  GFN2-xTB          :
          :  restarted?                      false          :
          :  GBSA solvation                  false          :
          :  PC potential                    false          :
          :  electronic temp.          300.0000000     K    :
          :  accuracy                    1.0000000          :
          :  -> integral cutoff          0.2500000E+02      :
          :  -> integral neglect         0.1000000E-07      :
          :  -> SCF convergence          0.1000000E-05 Eh   :
          :  -> wf. convergence          0.1000000E-03 e    :
          :  Broyden damping             0.4000000          :
          ...................................................

 iter      E             dE          RMSdq      gap      omega  full diag
   1    -13.0910450 -0.130910E+02  0.677E+00    4.66       0.0  T
   2    -13.1284575 -0.374125E-01  0.344E+00    1.65       1.0  T
   3    -13.1722451 -0.437876E-01  0.331E+00    1.32       1.0  T
   4    -12.3123155  0.859930E+00  0.978E+00    0.01       1.0  T
   5    -13.1871242 -0.874809E+00  0.133E+00    0.66       1.0  T
   6    -13.1890751 -0.195090E-02  0.635E-01    0.82       1.0  T
   7    -13.1893362 -0.261147E-03  0.553E-01    0.81       1.0  T
   8    -13.1895268 -0.190555E-03  0.496E-01    0.79       1.0  T
   9    -13.1897808 -0.253962E-03  0.431E-01    0.72       1.0  T
  10    -13.1900949 -0.314187E-03  0.342E-01    0.63       1.0  T
  11    -13.1901990 -0.104083E-03  0.309E-01    0.61       1.0  T
  12    -13.1904928 -0.293729E-03  0.197E-01    0.52       1.0  T
  13    -13.1905307 -0.378975E-04  0.179E-01    0.51       1.0  T
  14    -13.1905120  0.186181E-04  0.188E-01    0.51       1.0  T
  15    -13.1906383 -0.126235E-03  0.114E-01    0.47       1.0  T
  16    -13.1907089 -0.706697E-04  0.367E-02    0.43       1.1  T
  17    -13.1907146 -0.562396E-05  0.104E-02    0.41       3.9  T
  18    -13.1907150 -0.422559E-06  0.443E-03    0.41       9.2  T
  19    -13.1907151 -0.759994E-07  0.399E-03    0.41      10.2  T
  20    -13.1907151 -0.763444E-08  0.449E-04    0.41      90.9  T
  21    -13.1907151 -0.100309E-08  0.896E-05    0.41     455.4  T

   *** convergence criteria satisfied after 21 iterations ***

         #    Occupation            Energy/Eh            Energy/eV
      -------------------------------------------------------------
         1        2.0000           -0.7963910             -21.6709
       ...           ...                  ...                  ...
         5        2.0000           -0.3881202             -10.5613
         6        2.0000           -0.3459071              -9.4126
         7        2.0000           -0.3107777              -8.4567
         8        2.0000           -0.3107764              -8.4567
         9        1.9999           -0.1952508              -5.3130
        10        1.9995           -0.1934140              -5.2631
        11        1.9995           -0.1934133              -5.2630 (HOMO)
        12        0.0010           -0.1783363              -4.8528 (LUMO)
        13                          0.2340252               6.3681
        14                          0.3270778               8.9002
        15                          0.3272216               8.9042
        16                          0.3272239               8.9042
       ...                                ...                  ...
        20                          0.3691787              10.0459
      -------------------------------------------------------------
                  HL-Gap            0.0150770 Eh            0.4103 eV
             Fermi-level           -0.1855124 Eh           -5.0480 eV

 SCC (total)                   0 d,  0 h,  0 min,  0.004 sec
 SCC setup                      ...        0 min,  0.000 sec (  1.793%)
 Dispersion                     ...        0 min,  0.000 sec (  0.350%)
 integral evaluation            ...        0 min,  0.001 sec ( 19.972%)
 zeroth order Hamiltonian       ...        0 min,  0.000 sec (  0.422%)
 iterations                     ...        0 min,  0.002 sec ( 56.159%)
 molecular gradient             ...        0 min,  0.001 sec ( 18.929%)
 printout                       ...        0 min,  0.000 sec (  1.721%)

         :::::::::::::::::::::::::::::::::::::::::::::::::::::
         ::                     SUMMARY                     ::
         :::::::::::::::::::::::::::::::::::::::::::::::::::::
         :: total energy              -6.738374088069 Eh    ::
         :: gradient norm             27.772842749944 Eh/a0 ::
         :: HOMO-LUMO gap              0.410265626284 eV    ::
         ::.................................................::
         :: SCC energy               -13.190715077284 Eh    ::
         :: -> isotropic ES            0.172813931238 Eh    ::
         :: -> anisotropic ES         -0.002403759580 Eh    ::
         :: -> anisotropic XC          0.005235210690 Eh    ::
         :: -> dispersion             -0.001603826909 Eh    ::
         :: repulsion energy           0.057690911603 Eh    ::
         :: add. restraining           6.394651235107 Eh    ::
         :::::::::::::::::::::::::::::::::::::::::::::::::::::

      ----------------------------------------------------------- 
     |                   =====================                   |
     |                        A N C O P T                        |
     |                   =====================                   |
     |               Approximate Normal Coordinate               |
     |                Rational Function Optimizer                |
      ----------------------------------------------------------- 

          ...................................................
          :                      SETUP                      :
          :.................................................:
          :   optimization level            normal          :
          :   max. optcycles                   200          :
          :   ANC micro-cycles                  20          :
          :   degrees of freedom                12          :
          :.................................................:
          :   RF solver                   davidson          :
          :   write xtbopt.log                true          :
          :   linear?                        false          :
          :   energy convergence         0.5000000E-05 Eh   :
          :   grad. convergence          0.1000000E-02 Eh/α :
          :   maximium RF displ.         1.0000000          :
          :   Hlow (freq-cutoff)         0.1000000E-01      :
          :   Hmax (freq-cutoff)         5.0000000          :
          :   S6 in model hess.         20.0000000          :
          ...................................................

generating ANC from model Hessian ...
Using Lindh-Hessian (1995)
 Shifting diagonal of input Hessian by   0.314384163960141     
 Lowest  eigenvalues of input Hessian
    0.010000    0.010113   -0.000000    0.000000    0.000000    0.000000
    0.000000    0.000000    0.354521    0.448739    0.448863    0.759185
    1.004911    1.005349    4.691821    4.692228   20.369457   60.540412
 Highest eigenvalues
    1.004911    1.005349    4.691821    4.692228   20.369457   60.540412
 

........................................................................
.............................. CYCLE    1 ..............................
........................................................................
   1    -13.1907151 -0.131907E+02  0.191E-05    0.41       0.0  T
   2    -13.1907151  0.303757E-12  0.812E-06    0.41    5029.6  T
   3    -13.1907151 -0.198952E-12  0.123E-05    0.41    3315.6  T
     SCC iter.                  ...        0 min,  0.000 sec
     gradient                   ...        0 min,  0.001 sec
 * total energy  :    -6.7383741 Eh     change       -0.1383979E-08 Eh
   gradient norm :    27.7728449 Eh/α   predicted     0.0000000E+00 (-100.00%)
   displ. norm   :     0.9140276 α      lambda       -0.2538514E+02
   maximum displ.:     0.9140230 α      in ANC's #11, #12, #6, ...

........................................................................
.............................. CYCLE    2 ..............................
........................................................................
   1    -13.1820136 -0.131820E+02  0.256E+00    9.18       0.0  T
   2    -13.1947582 -0.127445E-01  0.132E+00    8.49       1.0  T
   3    -13.1959567 -0.119858E-02  0.694E-01    8.37       1.0  T
   4    -13.1960734 -0.116678E-03  0.258E-01    8.17       1.0  T
   5    -13.1961012 -0.278012E-04  0.336E-02    8.15       1.2  T
   6    -13.1961020 -0.786869E-06  0.184E-02    8.15       2.2  T
   7    -13.1961022 -0.245596E-06  0.756E-03    8.15       5.4  T
   8    -13.1961023 -0.996843E-07  0.119E-03    8.15      34.3  T
   9    -13.1961024 -0.244961E-08  0.426E-04    8.15      95.8  T
     SCC iter.                  ...        0 min,  0.001 sec
     gradient                   ...        0 min,  0.001 sec
 * total energy  :    -7.0223214 Eh     change       -0.2839473E+00 Eh
   gradient norm :    27.2556048 Eh/α   predicted    -0.2329654E+02 (8104.53%)
   displ. norm   :     0.3854875 α      lambda       -0.1050603E+02
   maximum displ.:     0.3854527 α      in ANC's #11, #3, #6, ...

........................................................................
.............................. CYCLE    3 ..............................
........................................................................
   1    -13.2057431 -0.132057E+02  0.113E+00    3.09       0.0  T
   2    -13.2073659 -0.162276E-02  0.625E-01    3.43       1.0  T
   3    -13.2076360 -0.270056E-03  0.299E-01    3.71       1.0  T
   4    -13.2076448 -0.882061E-05  0.997E-02    3.74       1.0  T
   5    -13.2076538 -0.899686E-05  0.281E-02    3.75       1.5  T
   6    -13.2076544 -0.640680E-06  0.118E-02    3.75       3.5  T
   7    -13.2076546 -0.219022E-06  0.596E-03    3.76       6.9  T
   8    -13.2076547 -0.544669E-07  0.632E-04    3.76      64.6  T
     SCC iter.                  ...        0 min,  0.001 sec
     gradient                   ...        0 min,  0.001 sec
 * total energy  :   -13.0345620 Eh     change       -0.6012241E+01 Eh
   gradient norm :     3.9734360 Eh/α   predicted    -0.6033619E+01 (   0.36%)
   displ. norm   :     0.0904453 α      lambda       -0.2640064E+00
   maximum displ.:     0.0654890 α      in ANC's #11, #3, #6, ...

........................................................................
.............................. CYCLE    4 ..............................
........................................................................
   1    -13.2153994 -0.132154E+02  0.164E-01    2.99       0.0  T
   2    -13.2154417 -0.422553E-04  0.996E-02    3.04       1.0  T
   3    -13.2154482 -0.648769E-05  0.510E-02    3.08       1.0  T
   4    -13.2154486 -0.445287E-06  0.212E-02    3.09       1.9  T
   5    -13.2154489 -0.320861E-06  0.427E-03    3.09       9.6  T
   6    -13.2154489 -0.146667E-07  0.133E-03    3.09      30.8  T
     SCC iter.                  ...        0 min,  0.001 sec
     gradient                   ...        0 min,  0.001 sec
 * total energy  :   -13.1672606 Eh     change       -0.1326986E+00 Eh
   gradient norm :     0.2052221 Eh/α   predicted    -0.1330830E+00 (   0.29%)
   displ. norm   :     0.0795430 α      lambda       -0.1019514E-01
   maximum displ.:     0.0586467 α      in ANC's #3, #12, #6, ...

........................................................................
.............................. CYCLE    5 ..............................
........................................................................
   1    -13.2200981 -0.132201E+02  0.730E-02    2.74       0.0  T
   2    -13.2201067 -0.859460E-05  0.462E-02    2.77       1.0  T
   3    -13.2201081 -0.138122E-05  0.236E-02    2.79       1.7  T
   4    -13.2201081 -0.680106E-07  0.100E-02    2.79       4.1  T
   5    -13.2201082 -0.740275E-07  0.176E-03    2.79      23.2  T
   6    -13.2201082 -0.234697E-08  0.513E-04    2.79      79.6  T
     SCC iter.                  ...        0 min,  0.001 sec
     gradient                   ...        0 min,  0.001 sec
 * total energy  :   -13.1609962 Eh     change        0.6264446E-02 Eh
   gradient norm :     0.6083643 Eh/α   predicted    -0.5129827E-02 (-181.89%)
   displ. norm   :     0.0378223 α      lambda       -0.1767881E-01
   maximum displ.:     0.0286247 α      in ANC's #12, #3, #6, ...

........................................................................
.............................. CYCLE    6 ..............................
........................................................................
   1    -13.2238660 -0.132239E+02  0.541E-02    3.03       0.0  T
   2    -13.2238663 -0.329127E-06  0.332E-02    3.02       1.2  T
   3    -13.2238665 -0.230721E-06  0.388E-03    3.01      10.5  T
   4    -13.2238665 -0.434037E-08  0.120E-03    3.01      34.1  T
     SCC iter.                  ...        0 min,  0.000 sec
     gradient                   ...        0 min,  0.001 sec
 * total energy  :   -13.1702864 Eh     change       -0.9290179E-02 Eh
   gradient norm :     0.0298486 Eh/α   predicted    -0.8852054E-02 (  -4.72%)
   displ. norm   :     0.0390414 α      lambda       -0.4871972E-03
   maximum displ.:     0.0360729 α      in ANC's #3, #6, #2, ...

........................................................................
.............................. CYCLE    7 ..............................
........................................................................
   1    -13.2266043 -0.132266E+02  0.279E-02    3.01       0.0  T
   2    -13.2266055 -0.121777E-05  0.192E-02    3.02       2.1  T
   3    -13.2266057 -0.145306E-06  0.105E-02    3.02       3.9  T
   4    -13.2266057 -0.153532E-07  0.423E-03    3.02       9.7  T
   5    -13.2266057 -0.747611E-08  0.505E-04    3.02      80.9  T
     SCC iter.                  ...        0 min,  0.000 sec
     gradient                   ...        0 min,  0.001 sec
 * total energy  :   -13.1706358 Eh     change       -0.3493840E-03 Eh
   gradient norm :     0.0090560 Eh/α   predicted    -0.2439718E-03 ( -30.17%)
   displ. norm   :     0.0788145 α      lambda       -0.2902949E-03
   maximum displ.:     0.0535373 α      in ANC's #2, #3, #1, ...

........................................................................
.............................. CYCLE    8 ..............................
........................................................................
   1    -13.2284023 -0.132284E+02  0.651E-02    3.01       0.0  T
   2    -13.2284049 -0.260373E-05  0.400E-02    3.01       1.0  T
   3    -13.2284051 -0.206386E-06  0.162E-02    3.02       2.5  T
   4    -13.2284052 -0.108636E-06  0.449E-03    3.02       9.1  T
   5    -13.2284053 -0.127568E-07  0.843E-04    3.02      48.4  T
   6    -13.2284053 -0.860148E-09  0.389E-04    3.02     105.0  T
     SCC iter.                  ...        0 min,  0.001 sec
     gradient                   ...        0 min,  0.001 sec
 * total energy  :   -13.1706652 Eh     change       -0.2946418E-04 Eh
   gradient norm :     0.0143656 Eh/α   predicted    -0.1460620E-03 ( 395.73%)
   displ. norm   :     0.1211042 α      lambda       -0.4743062E-03
   maximum displ.:     0.0909179 α      in ANC's #2, #1, #3, ...

........................................................................
.............................. CYCLE    9 ..............................
........................................................................
   1    -13.2294298 -0.132294E+02  0.102E-01    3.00       0.0  T
   2    -13.2294339 -0.400324E-05  0.617E-02    3.00       1.0  T
   3    -13.2294340 -0.191829E-06  0.207E-02    3.01       2.0  T
   4    -13.2294344 -0.310286E-06  0.506E-03    3.01       8.1  T
   5    -13.2294344 -0.174833E-07  0.118E-03    3.01      34.6  T
   6    -13.2294344 -0.162789E-08  0.572E-04    3.01      71.3  T
     SCC iter.                  ...        0 min,  0.001 sec
     gradient                   ...        0 min,  0.001 sec
 * total energy  :   -13.1706005 Eh     change        0.6474855E-04 Eh
   gradient norm :     0.0168631 Eh/α   predicted    -0.2406272E-03 (-471.63%)
   displ. norm   :     0.0635869 α      lambda       -0.3919615E-03
   maximum displ.:     0.0411478 α      in ANC's #3, #2, #1, ...

........................................................................
.............................. CYCLE   10 ..............................
........................................................................
   1    -13.2277179 -0.132277E+02  0.516E-02    3.03       0.0  T
   2    -13.2277199 -0.201809E-05  0.315E-02    3.02       1.3  T
   3    -13.2277201 -0.194583E-06  0.135E-02    3.02       3.0  T
   4    -13.2277202 -0.583721E-07  0.433E-03    3.02       9.4  T
   5    -13.2277202 -0.100608E-07  0.535E-04    3.02      76.4  T
   6    -13.2277202 -0.297453E-09  0.247E-04    3.02     165.6  T
     SCC iter.                  ...        0 min,  0.000 sec
     gradient                   ...        0 min,  0.001 sec
 * total energy  :   -13.1708035 Eh     change       -0.2030245E-03 Eh
   gradient norm :     0.0024792 Eh/α   predicted    -0.1967752E-03 (  -3.08%)
   displ. norm   :     0.0143009 α      lambda       -0.8664003E-05
   maximum displ.:     0.0115903 α      in ANC's #2, #1, #3, ...

........................................................................
.............................. CYCLE   11 ..............................
........................................................................
   1    -13.2274829 -0.132275E+02  0.124E-02    3.02       0.0  T
   2    -13.2274830 -0.494520E-07  0.730E-03    3.02       5.6  T
   3    -13.2274830 -0.262814E-09  0.249E-03    3.02      16.4  T
   4    -13.2274830 -0.538996E-08  0.403E-04    3.02     101.4  T
   5    -13.2274830 -0.102524E-09  0.130E-04    3.02     315.2  T
     SCC iter.                  ...        0 min,  0.000 sec
     gradient                   ...        0 min,  0.001 sec
 * total energy  :   -13.1708049 Eh     change       -0.1379916E-05 Eh
   gradient norm :     0.0024268 Eh/α   predicted    -0.4334521E-05 ( 214.11%)
   displ. norm   :     0.0204903 α      lambda       -0.1754121E-04
   maximum displ.:     0.0184407 α      in ANC's #1, #3, #6, ...

........................................................................
.............................. CYCLE   12 ..............................
........................................................................
   1    -13.2270074 -0.132270E+02  0.211E-02    3.02       0.0  T
   2    -13.2270076 -0.215260E-06  0.121E-02    3.02       3.4  T
   3    -13.2270076 -0.505568E-08  0.509E-03    3.02       8.0  T
   4    -13.2270076 -0.156944E-07  0.652E-04    3.02      62.6  T
   5    -13.2270076 -0.285409E-09  0.249E-04    3.02     164.2  T
     SCC iter.                  ...        0 min,  0.000 sec
     gradient                   ...        0 min,  0.001 sec
 * total energy  :   -13.1708061 Eh     change       -0.1166160E-05 Eh
   gradient norm :     0.0031076 Eh/α   predicted    -0.8775218E-05 ( 652.49%)
   displ. norm   :     0.0112821 α      lambda       -0.9050531E-05
   maximum displ.:     0.0094951 α      in ANC's #1, #2, #3, ...

........................................................................
.............................. CYCLE   13 ..............................
........................................................................
   1    -13.2271588 -0.132272E+02  0.111E-02    3.02       0.0  T
   2    -13.2271588 -0.508529E-07  0.647E-03    3.02       6.3  T
   3    -13.2271588 -0.860659E-09  0.249E-03    3.02      16.4  T
   4    -13.2271588 -0.424644E-08  0.358E-04    3.02     114.2  T
   5    -13.2271588 -0.793499E-10  0.966E-05    3.02     422.7  T
     SCC iter.                  ...        0 min,  0.000 sec
     gradient                   ...        0 min,  0.001 sec
 * total energy  :   -13.1708105 Eh     change       -0.4490989E-05 Eh
   gradient norm :     0.0001416 Eh/α   predicted    -0.4526078E-05 (   0.78%)
   displ. norm   :     0.0010677 α      lambda       -0.3868946E-07
   maximum displ.:     0.0007422 α      in ANC's #2, #1, #3, ...

   *** GEOMETRY OPTIMIZATION CONVERGED AFTER 13 ITERATIONS ***

------------------------------------------------------------------------
 total energy gain   :        -6.4324365 Eh    -4036.4148 kcal/mol
 total RMSD          :         0.2141540 a0        0.1133 Å
 total power (kW/mol):     -1299.1045846 (step)********** (real)
------------------------------------------------------------------------

 ANCopt (total)                0 d,  0 h,  0 min,  0.029 sec
 optimizer setup                ...        0 min,  0.000 sec (  0.245%)
 model hessian                  ...        0 min,  0.000 sec (  0.337%)
 ANC generation                 ...        0 min,  0.000 sec (  0.296%)
 coordinate transformation      ...        0 min,  0.000 sec (  0.248%)
 single point calculation       ...        0 min,  0.028 sec ( 94.376%)
 optimization log               ...        0 min,  0.000 sec (  1.284%)
 hessian update                 ...        0 min,  0.000 sec (  0.180%)
 rational function              ...        0 min,  0.000 sec (  1.484%)

================
 final structure:
================
6
 xtb: 6.2.3 (830e466)
F        -2.80152148724816   -0.17042137682805    0.04519509268105
Cl        2.67425390051581    0.15518013812988   -0.04216489919994
C        -1.20168760862041   -0.06868627116376    0.02183069412917
H        -0.91462598797259   -0.62193882690660   -0.85836806100435
H        -0.89409113569053   -0.52429674828487    0.94984891898289
H        -1.00524768098410    0.99009308505340   -0.03764174558880
 
 Bond Distances (Angstroems)
 ---------------------------
F1-C3=1.6032         C3-F1=1.6032         C3-H4=1.0785         C3-H5=1.0786         C3-H6=1.0785         H4-C3=1.0785         
H5-C3=1.0786         H6-C3=1.0785         
 C  H  Rav=1.0785 sigma=0.0001  Rmin=1.0785  Rmax=1.0786     3
 F  C  Rav=1.6032 sigma=0.0000  Rmin=1.6032  Rmax=1.6032     1
 
 selected bond angles (degree)
 --------------------
H4-C3-F1=104.18                H5-C3-F1=104.20                H5-C3-H4=114.18                H6-C3-F1=104.17                
H6-C3-H4=114.21                H6-C3-H5=114.22                
 
 selected dihedral angles (degree)
 ---------------------------------

 
 CMA Distance (Angstroems)
 ---------------------------
R(CMA):  4.3457
           -------------------------------------------------
          |                Final Singlepoint                |
           -------------------------------------------------

          ...................................................
          :                      SETUP                      :
          :.................................................:
          :  # basis functions                  21          :
          :  # atomic orbitals                  20          :
          :  # shells                           10          :
          :  # electrons                        22          :
          :  max. iterations                   250          :
          :  Hamiltonian                  GFN2-xTB          :
          :  restarted?                      false          :
          :  GBSA solvation                  false          :
          :  PC potential                    false          :
          :  electronic temp.          300.0000000     K    :
          :  accuracy                    1.0000000          :
          :  -> integral cutoff          0.2500000E+02      :
          :  -> integral neglect         0.1000000E-07      :
          :  -> SCF convergence          0.1000000E-05 Eh   :
          :  -> wf. convergence          0.1000000E-03 e    :
          :  Broyden damping             0.4000000          :
          ...................................................

 iter      E             dE          RMSdq      gap      omega  full diag
   1    -13.2271588 -0.132272E+02  0.501E-05    3.02       0.0  T
   2    -13.2271588 -0.148859E-11  0.400E-05    3.02    1020.6  T
   3    -13.2271588 -0.269118E-11  0.136E-05    3.02    3003.2  T

   *** convergence criteria satisfied after 3 iterations ***

         #    Occupation            Energy/Eh            Energy/eV
      -------------------------------------------------------------
         1        2.0000           -0.7782444             -21.1771
       ...           ...                  ...                  ...
         5        2.0000           -0.4053186             -11.0293
         6        2.0000           -0.4013475             -10.9212
         7        2.0000           -0.3450179              -9.3884
         8        2.0000           -0.3449950              -9.3878
         9        2.0000           -0.1820418              -4.9536
        10        2.0000           -0.1812119              -4.9310
        11        2.0000           -0.1812113              -4.9310 (HOMO)
        12                         -0.0703020              -1.9130 (LUMO)
        13                          0.2397952               6.5252
        14                          0.3367777               9.1642
        15                          0.3370133               9.1706
        16                          0.3499758               9.5233
       ...                                ...                  ...
        20                          0.3505601               9.5392
      -------------------------------------------------------------
                  HL-Gap            0.1109093 Eh            3.0180 eV
             Fermi-level           -0.1257567 Eh           -3.4220 eV

 SCC (total)                   0 d,  0 h,  0 min,  0.002 sec
 SCC setup                      ...        0 min,  0.000 sec (  2.970%)
 Dispersion                     ...        0 min,  0.000 sec (  0.481%)
 integral evaluation            ...        0 min,  0.001 sec ( 40.404%)
 zeroth order Hamiltonian       ...        0 min,  0.000 sec (  0.778%)
 iterations                     ...        0 min,  0.000 sec ( 14.835%)
 molecular gradient             ...        0 min,  0.001 sec ( 36.671%)
 printout                       ...        0 min,  0.000 sec (  2.673%)

         :::::::::::::::::::::::::::::::::::::::::::::::::::::
         ::                     SUMMARY                     ::
         :::::::::::::::::::::::::::::::::::::::::::::::::::::
         :: total energy             -13.170810543524 Eh    ::
         :: gradient norm              0.000141622835 Eh/a0 ::
         :: HOMO-LUMO gap              3.017996029187 eV    ::
         ::.................................................::
         :: SCC energy               -13.227158808767 Eh    ::
         :: -> isotropic ES            0.174761888311 Eh    ::
         :: -> anisotropic ES         -0.001602566347 Eh    ::
         :: -> anisotropic XC          0.002635108763 Eh    ::
         :: -> dispersion             -0.001421130025 Eh    ::
         :: repulsion energy           0.056237725959 Eh    ::
         :: add. restraining           0.000111354233 Eh    ::
         :::::::::::::::::::::::::::::::::::::::::::::::::::::

           -------------------------------------------------
          |                Property Printout                |
           -------------------------------------------------

    * Orbital Energies and Occupations

         #    Occupation            Energy/Eh            Energy/eV
      -------------------------------------------------------------
         1        2.0000           -0.7782444             -21.1771
         2        2.0000           -0.6610235             -17.9874
         3        2.0000           -0.4955464             -13.4845
         4        2.0000           -0.4054004             -11.0315
         5        2.0000           -0.4053186             -11.0293
         6        2.0000           -0.4013475             -10.9212
         7        2.0000           -0.3450179              -9.3884
         8        2.0000           -0.3449950              -9.3878
         9        2.0000           -0.1820418              -4.9536
        10        2.0000           -0.1812119              -4.9310
        11        2.0000           -0.1812113              -4.9310 (HOMO)
        12                         -0.0703020              -1.9130 (LUMO)
        13                          0.2397952               6.5252
        14                          0.3367777               9.1642
        15                          0.3370133               9.1706
        16                          0.3499758               9.5233
        17                          0.3501476               9.5280
        18                          0.3501489               9.5280
        19                          0.3505601               9.5392
        20                          0.3505601               9.5392
      -------------------------------------------------------------
                  HL-Gap            0.1109093 Eh            3.0180 eV
             Fermi-level           -0.1257567 Eh           -3.4220 eV

     #   Z        covCN         q      C6AA      α(0)
     1   9 F      0.725    -0.334    12.721     4.212
     2  17 Cl     0.000    -1.000   126.994    17.151
     3   6 C      3.503     0.040    21.441     6.865
     4   1 H      0.926     0.098     1.802     2.099
     5   1 H      0.926     0.098     1.804     2.100
     6   1 H      0.926     0.098     1.806     2.102

 Mol. C6AA /au·bohr⁶  :        547.095685
 Mol. C8AA /au·bohr⁸  :      15878.233874
 Mol. α(0) /au        :         34.528488


Wiberg/Mayer (AO) data.
largest (>0.10) Wiberg bond orders for each atom
          total WBO             WBO to atom ...
     1  F   0.902        C    3 0.886
     2  Cl  0.001
     3  C   3.842        H    6 0.985    H    5 0.985    H    4 0.985    F    1 0.886
     4  H   0.990        C    3 0.985
     5  H   0.990        C    3 0.985
     6  H   0.990        C    3 0.985

molecular dipole:
                 x           y           z       tot (Debye)
 q only:       -3.895      -0.220       0.063
   full:       -3.699      -0.208       0.060       9.417
molecular quadrupole (traceless):
                xx          xy          yy          xz          yz          zz
 q only:      -34.263      -3.034      17.048       0.811       0.048      17.215
  q+dip:      -36.174      -3.218      17.998       0.854       0.051      18.176
   full:      -35.471      -3.150      17.648       0.839       0.050      17.822

           -------------------------------------------------
          |                Geometry Summary                 |
           -------------------------------------------------

      molecular mass/u    :       69.4858989
   center of mass at/Å    :        0.3499452       0.0184426      -0.0046019
  moments of inertia/u·Å² :        0.3306860E+01   0.4173572E+03   0.4173583E+03
rotational constants/cm⁻¹ :        0.5097777E+01   0.4039138E-01   0.4039127E-01

 * 3 selected distances

     #   Z        #   Z                                     value/Å
     3   6 C      4   1 H                                 1.0785373
     3   6 C      5   1 H                                 1.0786169 (max)
     3   6 C      6   1 H                                 1.0784894 (min)

 * 1 distinct bonds (by element types)

   Z      Z             #   av. dist./Å        max./Å        min./Å
   1 H    6 C           3     1.0785478     1.0786169     1.0784894


optimized geometry written to: xtbopt.xyz


           -------------------------------------------------
          | TOTAL ENERGY              -13.170810543524 Eh   |
          | GRADIENT NORM               0.000141622835 Eh/α |
          | HOMO-LUMO GAP               3.017996029187 eV   |
           -------------------------------------------------

------------------------------------------------------------------------
 * finished run on 2020/04/08 at 23:04:54.164     
------------------------------------------------------------------------
 total:
 * wall-time:     0 d,  0 h,  0 min,  0.043 sec
 *  cpu-time:     0 d,  0 h,  0 min,  0.043 sec
 * ratio c/w:     0.999 speedup
 SCF:
 * wall-time:     0 d,  0 h,  0 min,  0.004 sec
 *  cpu-time:     0 d,  0 h,  0 min,  0.004 sec
 * ratio c/w:     1.000 speedup
 ANC optimizer:
 * wall-time:     0 d,  0 h,  0 min,  0.031 sec
 *  cpu-time:     0 d,  0 h,  0 min,  0.031 sec
 * ratio c/w:     1.000 speedup

