      -----------------------------------------------------------      
     |                   =====================                   |     
     |                           x T B                           |     
     |                   =====================                   |     
     |                         S. Grimme                         |     
     |          Mulliken Center for Theoretical Chemistry        |     
     |                    University of Bonn                     |     
      -----------------------------------------------------------      

   * xtb version 6.2.3 (830e466) compiled by 'ehlert@majestix' on 2020-03-16

   xtb is free software: you can redistribute it and/or modify it under
   the terms of the GNU Lesser General Public License as published by
   the Free Software Foundation, either version 3 of the License, or
   (at your option) any later version.
   
   xtb is distributed in the hope that it will be useful,
   but WITHOUT ANY WARRANTY; without even the implied warranty of
   MERCHANTABILITY or FITNESS FOR A PARTICULAR PURPOSE.  See the
   GNU Lesser General Public License for more details.
   
   Cite this work as:
   * S. Grimme, C. Bannwarth, P. Shushkov, J. Chem. Theory Comput., 2017,
     13, 1989-2009. DOI: 10.1021/acs.jctc.7b00118
   * C. Bannwarth, S. Ehlert and S. Grimme., J. Chem. Theory Comput., 2019,
     15, 1652-1671. DOI: 10.1021/acs.jctc.8b01176
   * P. Pracht, E. Caldeweyher, S. Ehlert, S. Grimme, ChemRxiv, 2019, preprint.
     DOI: 10.26434/chemrxiv.8326202.v1
   
   for DFT-D4:
   * E. Caldeweyher, C. Bannwarth and S. Grimme, J. Chem. Phys., 2017,
     147, 034112. DOI: 10.1063/1.4993215
   * E. Caldeweyher, S. Ehlert, A. Hansen, H. Neugebauer, S. Spicher,
     C. Bannwarth and S. Grimme, J. Chem. Phys., 2019, 150, 154122.
     DOI: 10.1063/1.5090222
   
   for sTDA-xTB:
   * S. Grimme and C. Bannwarth, J. Chem. Phys., 2016, 145, 054103.
     DOI: 10.1063/1.4959605
   
   in the mass-spec context:
   * V. Asgeirsson, C. Bauer and S. Grimme, Chem. Sci., 2017, 8, 4879.
     DOI: 10.1039/c7sc00601b
   
   for metadynamics refer to:
   * S. Grimme, J. Chem. Theory Comput., 2019, 155, 2847-2862
     DOI: 10.1021/acs.jctc.9b00143
   
   with help from (in alphabetical order)
   C. Bannwarth, F. Bohle, G. Brandenburg, E. Caldeweyher, M. Checinski,
   S. Dohm, S. Ehlert, S. Ehrlich, F. MÃ¤rz, H. Neugebauer, J. Pisarek,
   P. Pracht, P. Shushkov, and S. Spicher.
   
 * started run on 2020/08/20 at 17:46:29.530     

           -------------------------------------------------
          |                Calculation Setup                |
           -------------------------------------------------

          program call               : /u/fd/ball4935/opt/bin/xtb 6_1_xtb.xyz --chrg -1 --grad --gbsa Water
          hostname                   : comp0810
          coordinate file            : 6_1_xtb.xyz
          omp threads                :                     1
          number of atoms            :                     6
          number of electrons        :                    22
          charge                     :                    -1
          spin                       :                   0.0
          first test random number   :      0.61686781162106


molecular fragmentation (1/2 indicates fragments):
122222
# atoms in fragment 1/2:     1     5
 fragment masses (1/2) :       19.00       50.49
CMA distance (Bohr)    :   8.124
constraining FC (au)   :  0.0500
########################################################################
[WARNING] Please study the warnings concerning your input carefully
-2- prog_main: XTBPATH is not set, using XTBHOME instead
-1- prog_main: XTBHOME is not set, using HOME instead
########################################################################
           ------------------------------------------------- 
          |                 G F N 2 - x T B                 |
          | Geometry, Frequencies, Noncovalent interactions |
          |            JCTC 2019 parametrisation            |
           ------------------------------------------------- 
             k(s)              :                1.8500
             k(p)              :                2.2300
             k(d)              :                2.2300
             k(f)              :                2.0000
             kEN (H0ij)        :               -2.0000
             D4 a1             :                0.5200
             D4 a2             :                5.0000
             D4 s6             :                1.0000
             D4 s8             :                2.7000
             D4 s9             :                5.0000
             alphaj            :                2.0000

  Z AO/shell   Hii/eV     exponent
  1     Wed Apr 25 08:07:45 CEST 2018   EN: 2.200 GM2: 0.406  GM3: 0.0800  RAES: 1.40
     1s    -10.707211    1.230000
  6     Wed Apr 25 08:07:45 CEST 2018   EN: 2.550 GM2: 0.538  GM3: 0.1500  RAES: 3.00
     2s    -13.970922    2.096432
     2p    -10.063292    1.800000
  9     Mon Apr 23 13:58:50 CEST 2018   EN: 3.980 GM2: 0.532  GM3: 0.1426  RAES: 2.40
     2s    -23.458179    2.416361
     2p    -15.746583    2.308399
 17     Mon Apr 23 14:09:22 CEST 2018   EN: 3.160 GM2: 0.249  GM3: 0.1495  RAES: 2.50
     3s    -29.278781    2.485265
     3p    -12.673758    2.199650
     3d     -0.240338    2.476089

 Solvent             : Water
 Using internal parameter file: .param_gbsa2_Water
 Gsolv ref. state (COSMO-RS): gsolv [1 M gas/solution]
 temperature (mdtemp)       :    298.150000000000     
 dielectric constant        :    80.2000000000000     
 rho                        :    1.00000000000000     
 mass                       :    18.0000000000000     
 surface tension            :    15.5689454083859     
 probe radius               :   0.975313790000000     
 Gshift (Eh)                :   1.857443126794793E-003
 c1                         :    1.55243817000000     
 soset                      :   0.130326360000000     
 HB correction              :  T
           ------------------------------------------------- 
          |        Self-Consistent Charge Iterations        |
           ------------------------------------------------- 

          ...................................................
          :                      SETUP                      :
          :.................................................:
          :  # basis functions                  21          :
          :  # atomic orbitals                  20          :
          :  # shells                           10          :
          :  # electrons                        22          :
          :  max. iterations                   250          :
          :  Hamiltonian                  GFN2-xTB          :
          :  restarted?                      false          :
          :  GBSA solvation                   true          :
          :  PC potential                    false          :
          :  electronic temp.          300.0000000     K    :
          :  accuracy                    1.0000000          :
          :  -> integral cutoff          0.2500000E+02      :
          :  -> integral neglect         0.1000000E-07      :
          :  -> SCF convergence          0.1000000E-05 Eh   :
          :  -> wf. convergence          0.1000000E-03 e    :
          :  Broyden damping             0.4000000          :
          ...................................................

 iter      E             dE          RMSdq      gap      omega  full diag
   1    -13.1194246 -0.131194E+02  0.868E+00    3.40       0.0  T
   2    -12.9861826  0.133242E+00  0.693E+00    0.56       1.0  T
   3    -13.2069685 -0.220786E+00  0.513E+00    2.01       1.0  T
   4    -13.2583199 -0.513514E-01  0.193E+00    1.23       1.0  T
   5    -13.2575285  0.791450E-03  0.178E+00    1.46       1.0  T
   6    -13.2658494 -0.832097E-02  0.316E-01    1.44       1.0  T
   7    -13.2651602  0.689193E-03  0.516E-01    1.40       1.0  T
   8    -13.2660250 -0.864761E-03  0.779E-02    1.40       1.0  T
   9    -13.2660334 -0.842070E-05  0.538E-02    1.39       1.0  T
  10    -13.2660354 -0.197105E-05  0.331E-02    1.39       1.2  T
  11    -13.2660384 -0.303120E-05  0.667E-03    1.40       6.1  T
  12    -13.2660385 -0.116530E-06  0.154E-03    1.40      26.5  T
  13    -13.2660385  0.476570E-09  0.820E-04    1.40      49.8  T
  14    -13.2660385 -0.277998E-08  0.136E-04    1.40     301.1  T

   *** convergence criteria satisfied after 14 iterations ***

         #    Occupation            Energy/Eh            Energy/eV
      -------------------------------------------------------------
         1        2.0000           -1.0056406             -27.3649
       ...           ...                  ...                  ...
         5        2.0000           -0.5040110             -13.7148
         6        2.0000           -0.4208713             -11.4525
         7        2.0000           -0.4016788             -10.9302
         8        2.0000           -0.4016787             -10.9302
         9        2.0000           -0.3955281             -10.7629
        10        2.0000           -0.3919377             -10.6652
        11        2.0000           -0.3919370             -10.6651 (HOMO)
        12                         -0.3404800              -9.2649 (LUMO)
        13                          0.1039234               2.8279
        14                          0.1065468               2.8993
        15                          0.1065485               2.8993
        16                          0.1069937               2.9114
       ...                                ...                  ...
        20                          0.2692392               7.3264
      -------------------------------------------------------------
                  HL-Gap            0.0514570 Eh            1.4002 eV
             Fermi-level           -0.3658871 Eh           -9.9563 eV

 SCC (total)                   0 d,  0 h,  0 min,  0.007 sec
 SCC setup                      ...        0 min,  0.000 sec (  4.411%)
 Dispersion                     ...        0 min,  0.000 sec (  0.468%)
 integral evaluation            ...        0 min,  0.001 sec ( 16.608%)
 zeroth order Hamiltonian       ...        0 min,  0.000 sec (  0.482%)
 iterations                     ...        0 min,  0.004 sec ( 58.984%)
 molecular gradient             ...        0 min,  0.001 sec ( 16.650%)
 printout                       ...        0 min,  0.000 sec (  1.716%)

         :::::::::::::::::::::::::::::::::::::::::::::::::::::
         ::                     SUMMARY                     ::
         :::::::::::::::::::::::::::::::::::::::::::::::::::::
         :: total energy             -13.205158923255 Eh    ::
         :: total w/o Gsasa/hb       -13.203844550518 Eh    ::
         :: gradient norm              0.040032468429 Eh/a0 ::
         :: HOMO-LUMO gap              1.400216544006 eV    ::
         ::.................................................::
         :: SCC energy               -13.263521962722 Eh    ::
         :: -> isotropic ES            0.191737388930 Eh    ::
         :: -> anisotropic ES         -0.003546278472 Eh    ::
         :: -> anisotropic XC          0.006059362609 Eh    ::
         :: -> dispersion             -0.001775714878 Eh    ::
         :: -> Gsolv                  -0.097105187409 Eh    ::
         ::    -> Gborn               -0.095790814672 Eh    ::
         ::    -> Gsasa                0.000659134153 Eh    ::
         ::    -> Ghb                 -0.003830950017 Eh    ::
         ::    -> Gshift               0.001857443127 Eh    ::
         :: repulsion energy           0.058363953377 Eh    ::
         :: add. restraining           0.000000000000 Eh    ::
         :::::::::::::::::::::::::::::::::::::::::::::::::::::

           -------------------------------------------------
          |                Property Printout                |
           -------------------------------------------------

    * Orbital Energies and Occupations

         #    Occupation            Energy/Eh            Energy/eV
      -------------------------------------------------------------
         1        2.0000           -1.0056406             -27.3649
         2        2.0000           -0.6852893             -18.6477
         3        2.0000           -0.6010026             -16.3541
         4        2.0000           -0.5041466             -13.7185
         5        2.0000           -0.5040110             -13.7148
         6        2.0000           -0.4208713             -11.4525
         7        2.0000           -0.4016788             -10.9302
         8        2.0000           -0.4016787             -10.9302
         9        2.0000           -0.3955281             -10.7629
        10        2.0000           -0.3919377             -10.6652
        11        2.0000           -0.3919370             -10.6651 (HOMO)
        12                         -0.3404800              -9.2649 (LUMO)
        13                          0.1039234               2.8279
        14                          0.1065468               2.8993
        15                          0.1065485               2.8993
        16                          0.1069937               2.9114
        17                          0.1078953               2.9360
        18                          0.1078953               2.9360
        19                          0.2667413               7.2584
        20                          0.2692392               7.3264
      -------------------------------------------------------------
                  HL-Gap            0.0514570 Eh            1.4002 eV
             Fermi-level           -0.3658871 Eh           -9.9563 eV

     #   Z        covCN         q      C6AA      Î±(0)
     1   9 F      0.004    -0.634    17.360     4.853
     2  17 Cl     0.008    -0.766   117.778    16.517
     3   6 C      2.791    -0.009    28.226     8.703
     4   1 H      0.926     0.136     1.488     1.908
     5   1 H      0.927     0.136     1.487     1.907
     6   1 H      0.926     0.136     1.487     1.907

 Mol. C6AA /auÂ·bohrâ¶  :        568.783766
 Mol. C8AA /auÂ·bohrâ¸  :      16390.057841
 Mol. Î±(0) /au        :         35.794143


Wiberg/Mayer (AO) data.
largest (>0.10) Wiberg bond orders for each atom
          total WBO             WBO to atom ...
     1  F   0.598        C    3 0.512
     2  Cl  0.413        C    3 0.327
     3  C   3.779        H    4 0.980    H    6 0.980    H    5 0.980    F    1 0.512    Cl   2 0.327
     4  H   0.981        C    3 0.980
     5  H   0.981        C    3 0.980
     6  H   0.981        C    3 0.980

molecular dipole:
                 x           y           z       tot (Debye)
 q only:        0.000      -0.013      -0.019
   full:        0.157      -0.009      -0.020       0.403
molecular quadrupole (traceless):
                xx          xy          yy          xz          yz          zz
 q only:      -33.102      -1.075      16.544       0.640       0.013      16.559
  q+dip:      -33.184      -1.074      16.584       0.649       0.013      16.599
   full:      -32.261      -1.043      16.123       0.632       0.013      16.138


           -------------------------------------------------
          | TOTAL ENERGY              -13.205158923255 Eh   |
          | GRADIENT NORM               0.040032468429 Eh/Î± |
          | HOMO-LUMO GAP               1.400216544006 eV   |
           -------------------------------------------------

------------------------------------------------------------------------
 * finished run on 2020/08/20 at 17:46:29.645     
------------------------------------------------------------------------
 total:
 * wall-time:     0 d,  0 h,  0 min,  0.115 sec
 *  cpu-time:     0 d,  0 h,  0 min,  0.017 sec
 * ratio c/w:     0.152 speedup
 SCF:
 * wall-time:     0 d,  0 h,  0 min,  0.007 sec
 *  cpu-time:     0 d,  0 h,  0 min,  0.007 sec
 * ratio c/w:     0.998 speedup

