      -----------------------------------------------------------      
     |                   =====================                   |     
     |                           x T B                           |     
     |                   =====================                   |     
     |                         S. Grimme                         |     
     |          Mulliken Center for Theoretical Chemistry        |     
     |                    University of Bonn                     |     
      -----------------------------------------------------------      

   * xtb version 6.2.3 (830e466) compiled by 'ehlert@majestix' on 2020-03-16

   xtb is free software: you can redistribute it and/or modify it under
   the terms of the GNU Lesser General Public License as published by
   the Free Software Foundation, either version 3 of the License, or
   (at your option) any later version.
   
   xtb is distributed in the hope that it will be useful,
   but WITHOUT ANY WARRANTY; without even the implied warranty of
   MERCHANTABILITY or FITNESS FOR A PARTICULAR PURPOSE.  See the
   GNU Lesser General Public License for more details.
   
   Cite this work as:
   * S. Grimme, C. Bannwarth, P. Shushkov, J. Chem. Theory Comput., 2017,
     13, 1989-2009. DOI: 10.1021/acs.jctc.7b00118
   * C. Bannwarth, S. Ehlert and S. Grimme., J. Chem. Theory Comput., 2019,
     15, 1652-1671. DOI: 10.1021/acs.jctc.8b01176
   * P. Pracht, E. Caldeweyher, S. Ehlert, S. Grimme, ChemRxiv, 2019, preprint.
     DOI: 10.26434/chemrxiv.8326202.v1
   
   for DFT-D4:
   * E. Caldeweyher, C. Bannwarth and S. Grimme, J. Chem. Phys., 2017,
     147, 034112. DOI: 10.1063/1.4993215
   * E. Caldeweyher, S. Ehlert, A. Hansen, H. Neugebauer, S. Spicher,
     C. Bannwarth and S. Grimme, J. Chem. Phys., 2019, 150, 154122.
     DOI: 10.1063/1.5090222
   
   for sTDA-xTB:
   * S. Grimme and C. Bannwarth, J. Chem. Phys., 2016, 145, 054103.
     DOI: 10.1063/1.4959605
   
   in the mass-spec context:
   * V. Asgeirsson, C. Bauer and S. Grimme, Chem. Sci., 2017, 8, 4879.
     DOI: 10.1039/c7sc00601b
   
   for metadynamics refer to:
   * S. Grimme, J. Chem. Theory Comput., 2019, 155, 2847-2862
     DOI: 10.1021/acs.jctc.9b00143
   
   with help from (in alphabetical order)
   C. Bannwarth, F. Bohle, G. Brandenburg, E. Caldeweyher, M. Checinski,
   S. Dohm, S. Ehlert, S. Ehrlich, F. MÃ¤rz, H. Neugebauer, J. Pisarek,
   P. Pracht, P. Shushkov, and S. Spicher.
   
 * started run on 2020/08/20 at 17:46:30.346     

           -------------------------------------------------
          |                Calculation Setup                |
           -------------------------------------------------

          program call               : /u/fd/ball4935/opt/bin/xtb 6_3_xtb.xyz --chrg -1 --grad --gbsa Water
          hostname                   : comp0810
          coordinate file            : 6_3_xtb.xyz
          omp threads                :                     1
          number of atoms            :                     6
          number of electrons        :                    22
          charge                     :                    -1
          spin                       :                   0.0
          first test random number   :      0.34181421438894


molecular fragmentation (1/2 indicates fragments):
122222
# atoms in fragment 1/2:     1     5
 fragment masses (1/2) :       19.00       50.49
CMA distance (Bohr)    :   7.660
constraining FC (au)   :  0.0500
########################################################################
[WARNING] Please study the warnings concerning your input carefully
-2- prog_main: XTBPATH is not set, using XTBHOME instead
-1- prog_main: XTBHOME is not set, using HOME instead
########################################################################
           ------------------------------------------------- 
          |                 G F N 2 - x T B                 |
          | Geometry, Frequencies, Noncovalent interactions |
          |            JCTC 2019 parametrisation            |
           ------------------------------------------------- 
             k(s)              :                1.8500
             k(p)              :                2.2300
             k(d)              :                2.2300
             k(f)              :                2.0000
             kEN (H0ij)        :               -2.0000
             D4 a1             :                0.5200
             D4 a2             :                5.0000
             D4 s6             :                1.0000
             D4 s8             :                2.7000
             D4 s9             :                5.0000
             alphaj            :                2.0000

  Z AO/shell   Hii/eV     exponent
  1     Wed Apr 25 08:07:45 CEST 2018   EN: 2.200 GM2: 0.406  GM3: 0.0800  RAES: 1.40
     1s    -10.707211    1.230000
  6     Wed Apr 25 08:07:45 CEST 2018   EN: 2.550 GM2: 0.538  GM3: 0.1500  RAES: 3.00
     2s    -13.970922    2.096432
     2p    -10.063292    1.800000
  9     Mon Apr 23 13:58:50 CEST 2018   EN: 3.980 GM2: 0.532  GM3: 0.1426  RAES: 2.40
     2s    -23.458179    2.416361
     2p    -15.746583    2.308399
 17     Mon Apr 23 14:09:22 CEST 2018   EN: 3.160 GM2: 0.249  GM3: 0.1495  RAES: 2.50
     3s    -29.278781    2.485265
     3p    -12.673758    2.199650
     3d     -0.240338    2.476089

 Solvent             : Water
 Using internal parameter file: .param_gbsa2_Water
 Gsolv ref. state (COSMO-RS): gsolv [1 M gas/solution]
 temperature (mdtemp)       :    298.150000000000     
 dielectric constant        :    80.2000000000000     
 rho                        :    1.00000000000000     
 mass                       :    18.0000000000000     
 surface tension            :    15.5689454083859     
 probe radius               :   0.975313790000000     
 Gshift (Eh)                :   1.857443126794793E-003
 c1                         :    1.55243817000000     
 soset                      :   0.130326360000000     
 HB correction              :  T
           ------------------------------------------------- 
          |        Self-Consistent Charge Iterations        |
           ------------------------------------------------- 

          ...................................................
          :                      SETUP                      :
          :.................................................:
          :  # basis functions                  21          :
          :  # atomic orbitals                  20          :
          :  # shells                           10          :
          :  # electrons                        22          :
          :  max. iterations                   250          :
          :  Hamiltonian                  GFN2-xTB          :
          :  restarted?                      false          :
          :  GBSA solvation                   true          :
          :  PC potential                    false          :
          :  electronic temp.          300.0000000     K    :
          :  accuracy                    1.0000000          :
          :  -> integral cutoff          0.2500000E+02      :
          :  -> integral neglect         0.1000000E-07      :
          :  -> SCF convergence          0.1000000E-05 Eh   :
          :  -> wf. convergence          0.1000000E-03 e    :
          :  Broyden damping             0.4000000          :
          ...................................................

 iter      E             dE          RMSdq      gap      omega  full diag
   1    -13.1543298 -0.131543E+02  0.802E+00    3.99       0.0  T
   2    -13.1779616 -0.236317E-01  0.421E+00    1.30       1.0  T
   3    -13.2541738 -0.762123E-01  0.377E+00    2.37       1.0  T
   4    -13.2806428 -0.264690E-01  0.884E-01    1.74       1.0  T
   5    -13.2798262  0.816635E-03  0.864E-01    2.09       1.0  T
   6    -13.2815157 -0.168953E-02  0.246E-01    1.96       1.0  T
   7    -13.2816000 -0.843210E-04  0.101E-01    1.92       1.0  T
   8    -13.2815649  0.351626E-04  0.138E-01    1.90       1.0  T
   9    -13.2816300 -0.651114E-04  0.359E-02    1.92       1.1  T
  10    -13.2816345 -0.452437E-05  0.158E-03    1.93      25.9  T
  11    -13.2816345  0.709557E-08  0.152E-03    1.93      26.8  T
  12    -13.2816345 -0.880181E-08  0.157E-04    1.93     260.5  T
  13    -13.2816345 -0.938272E-10  0.274E-05    1.93    1491.5  T

   *** convergence criteria satisfied after 13 iterations ***

         #    Occupation            Energy/Eh            Energy/eV
      -------------------------------------------------------------
         1        2.0000           -1.0031180             -27.2962
       ...           ...                  ...                  ...
         5        2.0000           -0.5014838             -13.6461
         6        2.0000           -0.4326070             -11.7718
         7        2.0000           -0.4077821             -11.0963
         8        2.0000           -0.4077803             -11.0963
         9        2.0000           -0.3944392             -10.7332
        10        2.0000           -0.3906925             -10.6313
        11        2.0000           -0.3906920             -10.6313 (HOMO)
        12                         -0.3199108              -8.7052 (LUMO)
        13                          0.1085622               2.9541
        14                          0.1103451               3.0026
        15                          0.1103484               3.0027
        16                          0.1114629               3.0331
       ...                                ...                  ...
        20                          0.2714691               7.3870
      -------------------------------------------------------------
                  HL-Gap            0.0707812 Eh            1.9261 eV
             Fermi-level           -0.3553014 Eh           -9.6682 eV

 SCC (total)                   0 d,  0 h,  0 min,  0.006 sec
 SCC setup                      ...        0 min,  0.000 sec (  4.435%)
 Dispersion                     ...        0 min,  0.000 sec (  0.434%)
 integral evaluation            ...        0 min,  0.001 sec ( 14.564%)
 zeroth order Hamiltonian       ...        0 min,  0.000 sec (  0.555%)
 iterations                     ...        0 min,  0.004 sec ( 59.437%)
 molecular gradient             ...        0 min,  0.001 sec ( 18.048%)
 printout                       ...        0 min,  0.000 sec (  1.804%)

         :::::::::::::::::::::::::::::::::::::::::::::::::::::
         ::                     SUMMARY                     ::
         :::::::::::::::::::::::::::::::::::::::::::::::::::::
         :: total energy             -13.220427664123 Eh    ::
         :: total w/o Gsasa/hb       -13.219441009092 Eh    ::
         :: gradient norm              0.047352253016 Eh/a0 ::
         :: HOMO-LUMO gap              1.926053240279 eV    ::
         ::.................................................::
         :: SCC energy               -13.279160202333 Eh    ::
         :: -> isotropic ES            0.185579449800 Eh    ::
         :: -> anisotropic ES         -0.002814763582 Eh    ::
         :: -> anisotropic XC          0.005815771715 Eh    ::
         :: -> dispersion             -0.001839434880 Eh    ::
         :: -> Gsolv                  -0.094895215554 Eh    ::
         ::    -> Gborn               -0.093908560523 Eh    ::
         ::    -> Gsasa                0.000616848609 Eh    ::
         ::    -> Ghb                 -0.003460946767 Eh    ::
         ::    -> Gshift               0.001857443127 Eh    ::
         :: repulsion energy           0.058733093707 Eh    ::
         :: add. restraining           0.000000000000 Eh    ::
         :::::::::::::::::::::::::::::::::::::::::::::::::::::

           -------------------------------------------------
          |                Property Printout                |
           -------------------------------------------------

    * Orbital Energies and Occupations

         #    Occupation            Energy/Eh            Energy/eV
      -------------------------------------------------------------
         1        2.0000           -1.0031180             -27.2962
         2        2.0000           -0.6939660             -18.8838
         3        2.0000           -0.5971021             -16.2480
         4        2.0000           -0.5015506             -13.6479
         5        2.0000           -0.5014838             -13.6461
         6        2.0000           -0.4326070             -11.7718
         7        2.0000           -0.4077821             -11.0963
         8        2.0000           -0.4077803             -11.0963
         9        2.0000           -0.3944392             -10.7332
        10        2.0000           -0.3906925             -10.6313
        11        2.0000           -0.3906920             -10.6313 (HOMO)
        12                         -0.3199108              -8.7052 (LUMO)
        13                          0.1085622               2.9541
        14                          0.1103451               3.0026
        15                          0.1103484               3.0027
        16                          0.1114629               3.0331
        17                          0.1116611               3.0385
        18                          0.1116613               3.0385
        19                          0.2705962               7.3633
        20                          0.2714691               7.3870
      -------------------------------------------------------------
                  HL-Gap            0.0707812 Eh            1.9261 eV
             Fermi-level           -0.3553014 Eh           -9.6682 eV

     #   Z        covCN         q      C6AA      Î±(0)
     1   9 F      0.040    -0.600    16.812     4.776
     2  17 Cl     0.030    -0.792   118.779    16.587
     3   6 C      2.849     0.003    27.962     8.667
     4   1 H      0.927     0.130     1.537     1.939
     5   1 H      0.927     0.130     1.536     1.938
     6   1 H      0.927     0.130     1.536     1.938

 Mol. C6AA /auÂ·bohrâ¶  :        569.552213
 Mol. C8AA /auÂ·bohrâ¸  :      16416.672469
 Mol. Î±(0) /au        :         35.844542


Wiberg/Mayer (AO) data.
largest (>0.10) Wiberg bond orders for each atom
          total WBO             WBO to atom ...
     1  F   0.641        C    3 0.556
     2  Cl  0.372        C    3 0.289
     3  C   3.790        H    4 0.982    H    6 0.982    H    5 0.982    F    1 0.556    Cl   2 0.289
     4  H   0.983        C    3 0.982
     5  H   0.983        C    3 0.982
     6  H   0.983        C    3 0.982

molecular dipole:
                 x           y           z       tot (Debye)
 q only:       -0.254      -0.018      -0.013
   full:       -0.090      -0.014      -0.015       0.234
molecular quadrupole (traceless):
                xx          xy          yy          xz          yz          zz
 q only:      -28.983      -0.945      14.485       0.554       0.011      14.498
  q+dip:      -29.450      -0.957      14.718       0.570       0.009      14.732
   full:      -28.575      -0.928      14.281       0.554       0.010      14.294


           -------------------------------------------------
          | TOTAL ENERGY              -13.220427664123 Eh   |
          | GRADIENT NORM               0.047352253016 Eh/Î± |
          | HOMO-LUMO GAP               1.926053240279 eV   |
           -------------------------------------------------

------------------------------------------------------------------------
 * finished run on 2020/08/20 at 17:46:30.418     
------------------------------------------------------------------------
 total:
 * wall-time:     0 d,  0 h,  0 min,  0.072 sec
 *  cpu-time:     0 d,  0 h,  0 min,  0.018 sec
 * ratio c/w:     0.252 speedup
 SCF:
 * wall-time:     0 d,  0 h,  0 min,  0.007 sec
 *  cpu-time:     0 d,  0 h,  0 min,  0.007 sec
 * ratio c/w:     0.998 speedup

