      -----------------------------------------------------------      
     |                   =====================                   |     
     |                           x T B                           |     
     |                   =====================                   |     
     |                         S. Grimme                         |     
     |          Mulliken Center for Theoretical Chemistry        |     
     |                    University of Bonn                     |     
      -----------------------------------------------------------      

   * xtb version 6.2.3 (830e466) compiled by 'ehlert@majestix' on 2020-03-16

   xtb is free software: you can redistribute it and/or modify it under
   the terms of the GNU Lesser General Public License as published by
   the Free Software Foundation, either version 3 of the License, or
   (at your option) any later version.
   
   xtb is distributed in the hope that it will be useful,
   but WITHOUT ANY WARRANTY; without even the implied warranty of
   MERCHANTABILITY or FITNESS FOR A PARTICULAR PURPOSE.  See the
   GNU Lesser General Public License for more details.
   
   Cite this work as:
   * S. Grimme, C. Bannwarth, P. Shushkov, J. Chem. Theory Comput., 2017,
     13, 1989-2009. DOI: 10.1021/acs.jctc.7b00118
   * C. Bannwarth, S. Ehlert and S. Grimme., J. Chem. Theory Comput., 2019,
     15, 1652-1671. DOI: 10.1021/acs.jctc.8b01176
   * P. Pracht, E. Caldeweyher, S. Ehlert, S. Grimme, ChemRxiv, 2019, preprint.
     DOI: 10.26434/chemrxiv.8326202.v1
   
   for DFT-D4:
   * E. Caldeweyher, C. Bannwarth and S. Grimme, J. Chem. Phys., 2017,
     147, 034112. DOI: 10.1063/1.4993215
   * E. Caldeweyher, S. Ehlert, A. Hansen, H. Neugebauer, S. Spicher,
     C. Bannwarth and S. Grimme, J. Chem. Phys., 2019, 150, 154122.
     DOI: 10.1063/1.5090222
   
   for sTDA-xTB:
   * S. Grimme and C. Bannwarth, J. Chem. Phys., 2016, 145, 054103.
     DOI: 10.1063/1.4959605
   
   in the mass-spec context:
   * V. Asgeirsson, C. Bauer and S. Grimme, Chem. Sci., 2017, 8, 4879.
     DOI: 10.1039/c7sc00601b
   
   for metadynamics refer to:
   * S. Grimme, J. Chem. Theory Comput., 2019, 155, 2847-2862
     DOI: 10.1021/acs.jctc.9b00143
   
   with help from (in alphabetical order)
   C. Bannwarth, F. Bohle, G. Brandenburg, E. Caldeweyher, M. Checinski,
   S. Dohm, S. Ehlert, S. Ehrlich, F. MÃ¤rz, H. Neugebauer, J. Pisarek,
   P. Pracht, P. Shushkov, and S. Spicher.
   
 * started run on 2020/08/20 at 17:46:30.778     

           -------------------------------------------------
          |                Calculation Setup                |
           -------------------------------------------------

          program call               : /u/fd/ball4935/opt/bin/xtb 6_4_xtb.xyz --chrg -1 --grad --gbsa Water
          hostname                   : comp0810
          coordinate file            : 6_4_xtb.xyz
          omp threads                :                     1
          number of atoms            :                     6
          number of electrons        :                    22
          charge                     :                    -1
          spin                       :                   0.0
          first test random number   :      0.64878286660953


molecular fragmentation (1/2 indicates fragments):
122222
# atoms in fragment 1/2:     1     5
 fragment masses (1/2) :       19.00       50.49
CMA distance (Bohr)    :   7.093
constraining FC (au)   :  0.0500
########################################################################
[WARNING] Please study the warnings concerning your input carefully
-2- prog_main: XTBPATH is not set, using XTBHOME instead
-1- prog_main: XTBHOME is not set, using HOME instead
########################################################################
           ------------------------------------------------- 
          |                 G F N 2 - x T B                 |
          | Geometry, Frequencies, Noncovalent interactions |
          |            JCTC 2019 parametrisation            |
           ------------------------------------------------- 
             k(s)              :                1.8500
             k(p)              :                2.2300
             k(d)              :                2.2300
             k(f)              :                2.0000
             kEN (H0ij)        :               -2.0000
             D4 a1             :                0.5200
             D4 a2             :                5.0000
             D4 s6             :                1.0000
             D4 s8             :                2.7000
             D4 s9             :                5.0000
             alphaj            :                2.0000

  Z AO/shell   Hii/eV     exponent
  1     Wed Apr 25 08:07:45 CEST 2018   EN: 2.200 GM2: 0.406  GM3: 0.0800  RAES: 1.40
     1s    -10.707211    1.230000
  6     Wed Apr 25 08:07:45 CEST 2018   EN: 2.550 GM2: 0.538  GM3: 0.1500  RAES: 3.00
     2s    -13.970922    2.096432
     2p    -10.063292    1.800000
  9     Mon Apr 23 13:58:50 CEST 2018   EN: 3.980 GM2: 0.532  GM3: 0.1426  RAES: 2.40
     2s    -23.458179    2.416361
     2p    -15.746583    2.308399
 17     Mon Apr 23 14:09:22 CEST 2018   EN: 3.160 GM2: 0.249  GM3: 0.1495  RAES: 2.50
     3s    -29.278781    2.485265
     3p    -12.673758    2.199650
     3d     -0.240338    2.476089

 Solvent             : Water
 Using internal parameter file: .param_gbsa2_Water
 Gsolv ref. state (COSMO-RS): gsolv [1 M gas/solution]
 temperature (mdtemp)       :    298.150000000000     
 dielectric constant        :    80.2000000000000     
 rho                        :    1.00000000000000     
 mass                       :    18.0000000000000     
 surface tension            :    15.5689454083859     
 probe radius               :   0.975313790000000     
 Gshift (Eh)                :   1.857443126794793E-003
 c1                         :    1.55243817000000     
 soset                      :   0.130326360000000     
 HB correction              :  T
           ------------------------------------------------- 
          |        Self-Consistent Charge Iterations        |
           ------------------------------------------------- 

          ...................................................
          :                      SETUP                      :
          :.................................................:
          :  # basis functions                  21          :
          :  # atomic orbitals                  20          :
          :  # shells                           10          :
          :  # electrons                        22          :
          :  max. iterations                   250          :
          :  Hamiltonian                  GFN2-xTB          :
          :  restarted?                      false          :
          :  GBSA solvation                   true          :
          :  PC potential                    false          :
          :  electronic temp.          300.0000000     K    :
          :  accuracy                    1.0000000          :
          :  -> integral cutoff          0.2500000E+02      :
          :  -> integral neglect         0.1000000E-07      :
          :  -> SCF convergence          0.1000000E-05 Eh   :
          :  -> wf. convergence          0.1000000E-03 e    :
          :  Broyden damping             0.4000000          :
          ...................................................

 iter      E             dE          RMSdq      gap      omega  full diag
   1    -13.1898608 -0.131899E+02  0.741E+00    5.06       0.0  T
   2    -13.2747324 -0.848716E-01  0.263E+00    2.54       1.0  T
   3    -13.2948994 -0.201669E-01  0.237E+00    3.15       1.0  T
   4    -13.3009443 -0.604497E-02  0.393E-01    2.70       1.0  T
   5    -13.3009416  0.273846E-05  0.356E-01    2.96       1.0  T
   6    -13.3012965 -0.354908E-03  0.153E-01    2.91       1.0  T
   7    -13.3013488 -0.522590E-04  0.790E-02    2.88       1.0  T
   8    -13.3013606 -0.118048E-04  0.450E-02    2.88       1.0  T
   9    -13.3013654 -0.482428E-05  0.680E-03    2.90       6.0  T
  10    -13.3013656 -0.170207E-06  0.102E-03    2.90      40.1  T
  11    -13.3013656 -0.217473E-08  0.201E-04    2.90     202.8  T
  12    -13.3013656 -0.895195E-10  0.679E-05    2.90     601.1  T

   *** convergence criteria satisfied after 12 iterations ***

         #    Occupation            Energy/Eh            Energy/eV
      -------------------------------------------------------------
         1        2.0000           -1.0002016             -27.2169
       ...           ...                  ...                  ...
         5        2.0000           -0.4992944             -13.5865
         6        2.0000           -0.4500055             -12.2453
         7        2.0000           -0.4166320             -11.3371
         8        2.0000           -0.4166265             -11.3370
         9        2.0000           -0.3917348             -10.6596
        10        2.0000           -0.3889299             -10.5833
        11        2.0000           -0.3889295             -10.5833 (HOMO)
        12                         -0.2823095              -7.6820 (LUMO)
        13                          0.1114915               3.0338
        14                          0.1144526               3.1144
        15                          0.1144576               3.1146
        16                          0.1157176               3.1488
       ...                                ...                  ...
        20                          0.2767937               7.5319
      -------------------------------------------------------------
                  HL-Gap            0.1066200 Eh            2.9013 eV
             Fermi-level           -0.3356195 Eh           -9.1327 eV

 SCC (total)                   0 d,  0 h,  0 min,  0.007 sec
 SCC setup                      ...        0 min,  0.000 sec (  4.559%)
 Dispersion                     ...        0 min,  0.000 sec (  0.467%)
 integral evaluation            ...        0 min,  0.001 sec ( 16.429%)
 zeroth order Hamiltonian       ...        0 min,  0.000 sec (  0.453%)
 iterations                     ...        0 min,  0.004 sec ( 57.931%)
 molecular gradient             ...        0 min,  0.001 sec ( 17.642%)
 printout                       ...        0 min,  0.000 sec (  1.743%)

         :::::::::::::::::::::::::::::::::::::::::::::::::::::
         ::                     SUMMARY                     ::
         :::::::::::::::::::::::::::::::::::::::::::::::::::::
         :: total energy             -13.239298280971 Eh    ::
         :: total w/o Gsasa/hb       -13.238720586283 Eh    ::
         :: gradient norm              0.051670236968 Eh/a0 ::
         :: HOMO-LUMO gap              2.901277733073 eV    ::
         ::.................................................::
         :: SCC energy               -13.298950852142 Eh    ::
         :: -> isotropic ES            0.178291541505 Eh    ::
         :: -> anisotropic ES         -0.002097832850 Eh    ::
         :: -> anisotropic XC          0.005446337999 Eh    ::
         :: -> dispersion             -0.001925026265 Eh    ::
         :: -> Gsolv                  -0.092716056978 Eh    ::
         ::    -> Gborn               -0.092138362291 Eh    ::
         ::    -> Gsasa                0.000557259461 Eh    ::
         ::    -> Ghb                 -0.002992397275 Eh    ::
         ::    -> Gshift               0.001857443127 Eh    ::
         :: repulsion energy           0.059652838555 Eh    ::
         :: add. restraining           0.000000000000 Eh    ::
         :::::::::::::::::::::::::::::::::::::::::::::::::::::

           -------------------------------------------------
          |                Property Printout                |
           -------------------------------------------------

    * Orbital Energies and Occupations

         #    Occupation            Energy/Eh            Energy/eV
      -------------------------------------------------------------
         1        2.0000           -1.0002016             -27.2169
         2        2.0000           -0.7074750             -19.2514
         3        2.0000           -0.5926083             -16.1257
         4        2.0000           -0.4993783             -13.5888
         5        2.0000           -0.4992944             -13.5865
         6        2.0000           -0.4500055             -12.2453
         7        2.0000           -0.4166320             -11.3371
         8        2.0000           -0.4166265             -11.3370
         9        2.0000           -0.3917348             -10.6596
        10        2.0000           -0.3889299             -10.5833
        11        2.0000           -0.3889295             -10.5833 (HOMO)
        12                         -0.2823095              -7.6820 (LUMO)
        13                          0.1114915               3.0338
        14                          0.1144526               3.1144
        15                          0.1144576               3.1146
        16                          0.1157176               3.1488
        17                          0.1157179               3.1488
        18                          0.1205891               3.2814
        19                          0.2759152               7.5080
        20                          0.2767937               7.5319
      -------------------------------------------------------------
                  HL-Gap            0.1066200 Eh            2.9013 eV
             Fermi-level           -0.3356195 Eh           -9.1327 eV

     #   Z        covCN         q      C6AA      Î±(0)
     1   9 F      0.233    -0.556    16.096     4.680
     2  17 Cl     0.116    -0.820   119.932    16.668
     3   6 C      3.129     0.020    27.368     8.565
     4   1 H      0.927     0.119     1.623     1.992
     5   1 H      0.927     0.119     1.621     1.991
     6   1 H      0.927     0.119     1.622     1.992

 Mol. C6AA /auÂ·bohrâ¶  :        570.213256
 Mol. C8AA /auÂ·bohrâ¸  :      16427.950108
 Mol. Î±(0) /au        :         35.887848


Wiberg/Mayer (AO) data.
largest (>0.10) Wiberg bond orders for each atom
          total WBO             WBO to atom ...
     1  F   0.691        C    3 0.609
     2  Cl  0.327        C    3 0.248
     3  C   3.809        H    4 0.984    H    6 0.984    H    5 0.984    F    1 0.609    Cl   2 0.248
     4  H   0.986        C    3 0.984
     5  H   0.986        C    3 0.984
     6  H   0.986        C    3 0.984

molecular dipole:
                 x           y           z       tot (Debye)
 q only:       -0.506      -0.022      -0.007
   full:       -0.360      -0.019      -0.009       0.917
molecular quadrupole (traceless):
                xx          xy          yy          xz          yz          zz
 q only:      -24.220      -0.795      12.104       0.456       0.008      12.116
  q+dip:      -25.439      -0.831      12.713       0.486       0.007      12.726
   full:      -24.547      -0.802      12.267       0.469       0.007      12.279


           -------------------------------------------------
          | TOTAL ENERGY              -13.239298280971 Eh   |
          | GRADIENT NORM               0.051670236968 Eh/Î± |
          | HOMO-LUMO GAP               2.901277733073 eV   |
           -------------------------------------------------

------------------------------------------------------------------------
 * finished run on 2020/08/20 at 17:46:30.838     
------------------------------------------------------------------------
 total:
 * wall-time:     0 d,  0 h,  0 min,  0.059 sec
 *  cpu-time:     0 d,  0 h,  0 min,  0.018 sec
 * ratio c/w:     0.300 speedup
 SCF:
 * wall-time:     0 d,  0 h,  0 min,  0.007 sec
 *  cpu-time:     0 d,  0 h,  0 min,  0.007 sec
 * ratio c/w:     0.996 speedup

