      -----------------------------------------------------------      
     |                   =====================                   |     
     |                           x T B                           |     
     |                   =====================                   |     
     |                         S. Grimme                         |     
     |          Mulliken Center for Theoretical Chemistry        |     
     |                    University of Bonn                     |     
      -----------------------------------------------------------      

   * xtb version 6.2.3 (830e466) compiled by 'ehlert@majestix' on 2020-03-16

   xtb is free software: you can redistribute it and/or modify it under
   the terms of the GNU Lesser General Public License as published by
   the Free Software Foundation, either version 3 of the License, or
   (at your option) any later version.
   
   xtb is distributed in the hope that it will be useful,
   but WITHOUT ANY WARRANTY; without even the implied warranty of
   MERCHANTABILITY or FITNESS FOR A PARTICULAR PURPOSE.  See the
   GNU Lesser General Public License for more details.
   
   Cite this work as:
   * S. Grimme, C. Bannwarth, P. Shushkov, J. Chem. Theory Comput., 2017,
     13, 1989-2009. DOI: 10.1021/acs.jctc.7b00118
   * C. Bannwarth, S. Ehlert and S. Grimme., J. Chem. Theory Comput., 2019,
     15, 1652-1671. DOI: 10.1021/acs.jctc.8b01176
   * P. Pracht, E. Caldeweyher, S. Ehlert, S. Grimme, ChemRxiv, 2019, preprint.
     DOI: 10.26434/chemrxiv.8326202.v1
   
   for DFT-D4:
   * E. Caldeweyher, C. Bannwarth and S. Grimme, J. Chem. Phys., 2017,
     147, 034112. DOI: 10.1063/1.4993215
   * E. Caldeweyher, S. Ehlert, A. Hansen, H. Neugebauer, S. Spicher,
     C. Bannwarth and S. Grimme, J. Chem. Phys., 2019, 150, 154122.
     DOI: 10.1063/1.5090222
   
   for sTDA-xTB:
   * S. Grimme and C. Bannwarth, J. Chem. Phys., 2016, 145, 054103.
     DOI: 10.1063/1.4959605
   
   in the mass-spec context:
   * V. Asgeirsson, C. Bauer and S. Grimme, Chem. Sci., 2017, 8, 4879.
     DOI: 10.1039/c7sc00601b
   
   for metadynamics refer to:
   * S. Grimme, J. Chem. Theory Comput., 2019, 155, 2847-2862
     DOI: 10.1021/acs.jctc.9b00143
   
   with help from (in alphabetical order)
   C. Bannwarth, F. Bohle, G. Brandenburg, E. Caldeweyher, M. Checinski,
   S. Dohm, S. Ehlert, S. Ehrlich, F. MÃ¤rz, H. Neugebauer, J. Pisarek,
   P. Pracht, P. Shushkov, and S. Spicher.
   
 * started run on 2020/08/20 at 17:46:32.144     

           -------------------------------------------------
          |                Calculation Setup                |
           -------------------------------------------------

          program call               : /u/fd/ball4935/opt/bin/xtb 6_8_xtb.xyz --chrg -1 --grad --gbsa Water
          hostname                   : comp0810
          coordinate file            : 6_8_xtb.xyz
          omp threads                :                     1
          number of atoms            :                     6
          number of electrons        :                    22
          charge                     :                    -1
          spin                       :                   0.0
          first test random number   :      0.05912865047619


molecular fragmentation (1/2 indicates fragments):
121111
# atoms in fragment 1/2:     5     1
 fragment masses (1/2) :       34.03       35.45
CMA distance (Bohr)    :   6.430
constraining FC (au)   :  0.0500
########################################################################
[WARNING] Please study the warnings concerning your input carefully
-2- prog_main: XTBPATH is not set, using XTBHOME instead
-1- prog_main: XTBHOME is not set, using HOME instead
########################################################################
           ------------------------------------------------- 
          |                 G F N 2 - x T B                 |
          | Geometry, Frequencies, Noncovalent interactions |
          |            JCTC 2019 parametrisation            |
           ------------------------------------------------- 
             k(s)              :                1.8500
             k(p)              :                2.2300
             k(d)              :                2.2300
             k(f)              :                2.0000
             kEN (H0ij)        :               -2.0000
             D4 a1             :                0.5200
             D4 a2             :                5.0000
             D4 s6             :                1.0000
             D4 s8             :                2.7000
             D4 s9             :                5.0000
             alphaj            :                2.0000

  Z AO/shell   Hii/eV     exponent
  1     Wed Apr 25 08:07:45 CEST 2018   EN: 2.200 GM2: 0.406  GM3: 0.0800  RAES: 1.40
     1s    -10.707211    1.230000
  6     Wed Apr 25 08:07:45 CEST 2018   EN: 2.550 GM2: 0.538  GM3: 0.1500  RAES: 3.00
     2s    -13.970922    2.096432
     2p    -10.063292    1.800000
  9     Mon Apr 23 13:58:50 CEST 2018   EN: 3.980 GM2: 0.532  GM3: 0.1426  RAES: 2.40
     2s    -23.458179    2.416361
     2p    -15.746583    2.308399
 17     Mon Apr 23 14:09:22 CEST 2018   EN: 3.160 GM2: 0.249  GM3: 0.1495  RAES: 2.50
     3s    -29.278781    2.485265
     3p    -12.673758    2.199650
     3d     -0.240338    2.476089

 Solvent             : Water
 Using internal parameter file: .param_gbsa2_Water
 Gsolv ref. state (COSMO-RS): gsolv [1 M gas/solution]
 temperature (mdtemp)       :    298.150000000000     
 dielectric constant        :    80.2000000000000     
 rho                        :    1.00000000000000     
 mass                       :    18.0000000000000     
 surface tension            :    15.5689454083859     
 probe radius               :   0.975313790000000     
 Gshift (Eh)                :   1.857443126794793E-003
 c1                         :    1.55243817000000     
 soset                      :   0.130326360000000     
 HB correction              :  T
           ------------------------------------------------- 
          |        Self-Consistent Charge Iterations        |
           ------------------------------------------------- 

          ...................................................
          :                      SETUP                      :
          :.................................................:
          :  # basis functions                  21          :
          :  # atomic orbitals                  20          :
          :  # shells                           10          :
          :  # electrons                        22          :
          :  max. iterations                   250          :
          :  Hamiltonian                  GFN2-xTB          :
          :  restarted?                      false          :
          :  GBSA solvation                   true          :
          :  PC potential                    false          :
          :  electronic temp.          300.0000000     K    :
          :  accuracy                    1.0000000          :
          :  -> integral cutoff          0.2500000E+02      :
          :  -> integral neglect         0.1000000E-07      :
          :  -> SCF convergence          0.1000000E-05 Eh   :
          :  -> wf. convergence          0.1000000E-03 e    :
          :  Broyden damping             0.4000000          :
          ...................................................

 iter      E             dE          RMSdq      gap      omega  full diag
   1    -13.2163469 -0.132163E+02  0.698E+00    6.41       0.0  T
   2    -13.3055231 -0.891763E-01  0.252E+00    4.06       1.0  T
   3    -13.3115453 -0.602211E-02  0.177E+00    4.40       1.0  T
   4    -13.3127748 -0.122953E-02  0.256E-01    4.12       1.0  T
   5    -13.3128917 -0.116874E-03  0.161E-01    4.29       1.0  T
   6    -13.3129721 -0.804158E-04  0.714E-02    4.27       1.0  T
   7    -13.3129833 -0.112440E-04  0.347E-02    4.26       1.2  T
   8    -13.3129864 -0.307495E-05  0.161E-02    4.27       2.5  T
   9    -13.3129868 -0.366047E-06  0.357E-03    4.28      11.4  T
  10    -13.3129868 -0.382003E-07  0.924E-04    4.28      44.2  T
  11    -13.3129868 -0.878185E-09  0.484E-05    4.28     844.1  T

   *** convergence criteria satisfied after 11 iterations ***

         #    Occupation            Energy/Eh            Energy/eV
      -------------------------------------------------------------
         1        2.0000           -0.9980901             -27.1594
       ...           ...                  ...                  ...
         5        2.0000           -0.4996817             -13.5970
         6        2.0000           -0.4681919             -12.7401
         7        2.0000           -0.4256913             -11.5836
         8        2.0000           -0.4256826             -11.5834
         9        2.0000           -0.3871092             -10.5338
        10        2.0000           -0.3869322             -10.5290
        11        2.0000           -0.3869276             -10.5288 (HOMO)
        12                         -0.2298167              -6.2536 (LUMO)
        13                          0.1076777               2.9301
        14                          0.1172875               3.1916
        15                          0.1172954               3.1918
        16                          0.1183570               3.2207
       ...                                ...                  ...
        20                          0.2740589               7.4575
      -------------------------------------------------------------
                  HL-Gap            0.1571109 Eh            4.2752 eV
             Fermi-level           -0.3083721 Eh           -8.3912 eV

 SCC (total)                   0 d,  0 h,  0 min,  0.007 sec
 SCC setup                      ...        0 min,  0.000 sec (  5.182%)
 Dispersion                     ...        0 min,  0.000 sec (  0.544%)
 integral evaluation            ...        0 min,  0.001 sec ( 17.298%)
 zeroth order Hamiltonian       ...        0 min,  0.000 sec (  0.576%)
 iterations                     ...        0 min,  0.004 sec ( 56.131%)
 molecular gradient             ...        0 min,  0.001 sec ( 17.827%)
 printout                       ...        0 min,  0.000 sec (  1.689%)

         :::::::::::::::::::::::::::::::::::::::::::::::::::::
         ::                     SUMMARY                     ::
         :::::::::::::::::::::::::::::::::::::::::::::::::::::
         :: total energy             -13.251504551462 Eh    ::
         :: total w/o Gsasa/hb       -13.251340247232 Eh    ::
         :: gradient norm              0.049563960563 Eh/a0 ::
         :: HOMO-LUMO gap              4.275203874856 eV    ::
         ::.................................................::
         :: SCC energy               -13.310630850686 Eh    ::
         :: -> isotropic ES            0.171547715317 Eh    ::
         :: -> anisotropic ES         -0.001260625440 Eh    ::
         :: -> anisotropic XC          0.004513733143 Eh    ::
         :: -> dispersion             -0.001898000847 Eh    ::
         :: -> Gsolv                  -0.091203338028 Eh    ::
         ::    -> Gborn               -0.091039033797 Eh    ::
         ::    -> Gsasa                0.000498502174 Eh    ::
         ::    -> Ghb                 -0.002520249531 Eh    ::
         ::    -> Gshift               0.001857443127 Eh    ::
         :: repulsion energy           0.059126399801 Eh    ::
         :: add. restraining           0.000000000000 Eh    ::
         :::::::::::::::::::::::::::::::::::::::::::::::::::::

           -------------------------------------------------
          |                Property Printout                |
           -------------------------------------------------

    * Orbital Energies and Occupations

         #    Occupation            Energy/Eh            Energy/eV
      -------------------------------------------------------------
         1        2.0000           -0.9980901             -27.1594
         2        2.0000           -0.7237391             -19.6939
         3        2.0000           -0.5895366             -16.0421
         4        2.0000           -0.4997570             -13.5991
         5        2.0000           -0.4996817             -13.5970
         6        2.0000           -0.4681919             -12.7401
         7        2.0000           -0.4256913             -11.5836
         8        2.0000           -0.4256826             -11.5834
         9        2.0000           -0.3871092             -10.5338
        10        2.0000           -0.3869322             -10.5290
        11        2.0000           -0.3869276             -10.5288 (HOMO)
        12                         -0.2298167              -6.2536 (LUMO)
        13                          0.1076777               2.9301
        14                          0.1172875               3.1916
        15                          0.1172954               3.1918
        16                          0.1183570               3.2207
        17                          0.1183576               3.2207
        18                          0.1292844               3.5180
        19                          0.2734731               7.4416
        20                          0.2740589               7.4575
      -------------------------------------------------------------
                  HL-Gap            0.1571109 Eh            4.2752 eV
             Fermi-level           -0.3083721 Eh           -8.3912 eV

     #   Z        covCN         q      C6AA      Î±(0)
     1   9 F      0.521    -0.514    15.151     4.583
     2  17 Cl     0.295    -0.839   121.567    16.791
     3   6 C      3.596     0.042    20.466     6.549
     4   1 H      0.927     0.104     1.752     2.070
     5   1 H      0.927     0.104     1.750     2.069
     6   1 H      0.927     0.104     1.751     2.069

 Mol. C6AA /auÂ·bohrâ¶  :        542.707689
 Mol. C8AA /auÂ·bohrâ¸  :      15614.048537
 Mol. Î±(0) /au        :         34.130346


Wiberg/Mayer (AO) data.
largest (>0.10) Wiberg bond orders for each atom
          total WBO             WBO to atom ...
     1  F   0.737        C    3 0.655
     2  Cl  0.296        C    3 0.218
     3  C   3.835        H    4 0.987    H    6 0.987    H    5 0.987    F    1 0.655    Cl   2 0.218
     4  H   0.989        C    3 0.987
     5  H   0.989        C    3 0.987
     6  H   0.989        C    3 0.987

molecular dipole:
                 x           y           z       tot (Debye)
 q only:       -0.661      -0.025      -0.002
   full:       -0.584      -0.024      -0.004       1.485
molecular quadrupole (traceless):
                xx          xy          yy          xz          yz          zz
 q only:      -20.116      -0.664      10.053       0.374       0.007      10.063
  q+dip:      -22.396      -0.736      11.192       0.422       0.005      11.204
   full:      -21.385      -0.703      10.687       0.403       0.006      10.698


           -------------------------------------------------
          | TOTAL ENERGY              -13.251504551462 Eh   |
          | GRADIENT NORM               0.049563960563 Eh/Î± |
          | HOMO-LUMO GAP               4.275203874856 eV   |
           -------------------------------------------------

------------------------------------------------------------------------
 * finished run on 2020/08/20 at 17:46:32.220     
------------------------------------------------------------------------
 total:
 * wall-time:     0 d,  0 h,  0 min,  0.075 sec
 *  cpu-time:     0 d,  0 h,  0 min,  0.018 sec
 * ratio c/w:     0.245 speedup
 SCF:
 * wall-time:     0 d,  0 h,  0 min,  0.007 sec
 *  cpu-time:     0 d,  0 h,  0 min,  0.007 sec
 * ratio c/w:     0.997 speedup

