      -----------------------------------------------------------      
     |                   =====================                   |     
     |                           x T B                           |     
     |                   =====================                   |     
     |                         S. Grimme                         |     
     |          Mulliken Center for Theoretical Chemistry        |     
     |                    University of Bonn                     |     
      -----------------------------------------------------------      

   * xtb version 6.2.3 (830e466) compiled by 'ehlert@majestix' on 2020-03-16

   xtb is free software: you can redistribute it and/or modify it under
   the terms of the GNU Lesser General Public License as published by
   the Free Software Foundation, either version 3 of the License, or
   (at your option) any later version.
   
   xtb is distributed in the hope that it will be useful,
   but WITHOUT ANY WARRANTY; without even the implied warranty of
   MERCHANTABILITY or FITNESS FOR A PARTICULAR PURPOSE.  See the
   GNU Lesser General Public License for more details.
   
   Cite this work as:
   * S. Grimme, C. Bannwarth, P. Shushkov, J. Chem. Theory Comput., 2017,
     13, 1989-2009. DOI: 10.1021/acs.jctc.7b00118
   * C. Bannwarth, S. Ehlert and S. Grimme., J. Chem. Theory Comput., 2019,
     15, 1652-1671. DOI: 10.1021/acs.jctc.8b01176
   * P. Pracht, E. Caldeweyher, S. Ehlert, S. Grimme, ChemRxiv, 2019, preprint.
     DOI: 10.26434/chemrxiv.8326202.v1
   
   for DFT-D4:
   * E. Caldeweyher, C. Bannwarth and S. Grimme, J. Chem. Phys., 2017,
     147, 034112. DOI: 10.1063/1.4993215
   * E. Caldeweyher, S. Ehlert, A. Hansen, H. Neugebauer, S. Spicher,
     C. Bannwarth and S. Grimme, J. Chem. Phys., 2019, 150, 154122.
     DOI: 10.1063/1.5090222
   
   for sTDA-xTB:
   * S. Grimme and C. Bannwarth, J. Chem. Phys., 2016, 145, 054103.
     DOI: 10.1063/1.4959605
   
   in the mass-spec context:
   * V. Asgeirsson, C. Bauer and S. Grimme, Chem. Sci., 2017, 8, 4879.
     DOI: 10.1039/c7sc00601b
   
   for metadynamics refer to:
   * S. Grimme, J. Chem. Theory Comput., 2019, 155, 2847-2862
     DOI: 10.1021/acs.jctc.9b00143
   
   with help from (in alphabetical order)
   C. Bannwarth, F. Bohle, G. Brandenburg, E. Caldeweyher, M. Checinski,
   S. Dohm, S. Ehlert, S. Ehrlich, F. MÃ¤rz, H. Neugebauer, J. Pisarek,
   P. Pracht, P. Shushkov, and S. Spicher.
   
 * started run on 2020/08/20 at 17:46:28.822     

           -------------------------------------------------
          |                Calculation Setup                |
           -------------------------------------------------

          program call               : /u/fd/ball4935/opt/bin/xtb 13_0_xtb.xyz --chrg -1 --grad --gbsa Water
          hostname                   : comp0810
          coordinate file            : 13_0_xtb.xyz
          omp threads                :                     4
          number of atoms            :                     6
          number of electrons        :                    22
          charge                     :                    -1
          spin                       :                   0.0
          first test random number   :      0.75719417136232


molecular fragmentation (1/2 indicates fragments):
121111
# atoms in fragment 1/2:     5     1
 fragment masses (1/2) :       34.03       35.45
CMA distance (Bohr)    :   9.410
constraining FC (au)   :  0.0500
########################################################################
[WARNING] Please study the warnings concerning your input carefully
-2- prog_main: XTBPATH is not set, using XTBHOME instead
-1- prog_main: XTBHOME is not set, using HOME instead
########################################################################
           ------------------------------------------------- 
          |                 G F N 2 - x T B                 |
          | Geometry, Frequencies, Noncovalent interactions |
          |            JCTC 2019 parametrisation            |
           ------------------------------------------------- 
             k(s)              :                1.8500
             k(p)              :                2.2300
             k(d)              :                2.2300
             k(f)              :                2.0000
             kEN (H0ij)        :               -2.0000
             D4 a1             :                0.5200
             D4 a2             :                5.0000
             D4 s6             :                1.0000
             D4 s8             :                2.7000
             D4 s9             :                5.0000
             alphaj            :                2.0000

  Z AO/shell   Hii/eV     exponent
  1     Wed Apr 25 08:07:45 CEST 2018   EN: 2.200 GM2: 0.406  GM3: 0.0800  RAES: 1.40
     1s    -10.707211    1.230000
  6     Wed Apr 25 08:07:45 CEST 2018   EN: 2.550 GM2: 0.538  GM3: 0.1500  RAES: 3.00
     2s    -13.970922    2.096432
     2p    -10.063292    1.800000
  9     Mon Apr 23 13:58:50 CEST 2018   EN: 3.980 GM2: 0.532  GM3: 0.1426  RAES: 2.40
     2s    -23.458179    2.416361
     2p    -15.746583    2.308399
 17     Mon Apr 23 14:09:22 CEST 2018   EN: 3.160 GM2: 0.249  GM3: 0.1495  RAES: 2.50
     3s    -29.278781    2.485265
     3p    -12.673758    2.199650
     3d     -0.240338    2.476089

 Solvent             : Water
 Using internal parameter file: .param_gbsa2_Water
 Gsolv ref. state (COSMO-RS): gsolv [1 M gas/solution]
 temperature (mdtemp)       :    298.150000000000     
 dielectric constant        :    80.2000000000000     
 rho                        :    1.00000000000000     
 mass                       :    18.0000000000000     
 surface tension            :    15.5689454083859     
 probe radius               :   0.975313790000000     
 Gshift (Eh)                :   1.857443126794793E-003
 c1                         :    1.55243817000000     
 soset                      :   0.130326360000000     
 HB correction              :  T
           ------------------------------------------------- 
          |        Self-Consistent Charge Iterations        |
           ------------------------------------------------- 

          ...................................................
          :                      SETUP                      :
          :.................................................:
          :  # basis functions                  21          :
          :  # atomic orbitals                  20          :
          :  # shells                           10          :
          :  # electrons                        22          :
          :  max. iterations                   250          :
          :  Hamiltonian                  GFN2-xTB          :
          :  restarted?                      false          :
          :  GBSA solvation                   true          :
          :  PC potential                    false          :
          :  electronic temp.          300.0000000     K    :
          :  accuracy                    1.0000000          :
          :  -> integral cutoff          0.2500000E+02      :
          :  -> integral neglect         0.1000000E-07      :
          :  -> SCF convergence          0.1000000E-05 Eh   :
          :  -> wf. convergence          0.1000000E-03 e    :
          :  Broyden damping             0.4000000          :
          ...................................................

 iter      E             dE          RMSdq      gap      omega  full diag
   1    -13.2947998 -0.132948E+02  0.548E+00   12.25       0.0  T
   2    -13.3533626 -0.585628E-01  0.281E+00   13.26       1.0  T
   3    -13.3541233 -0.760714E-03  0.152E+00   13.79       1.0  T
   4    -13.3542734 -0.150079E-03  0.154E-01   13.88       1.0  T
   5    -13.3542973 -0.239020E-04  0.624E-02   13.95       1.0  T
   6    -13.3543005 -0.315745E-05  0.483E-02   13.96       1.0  T
   7    -13.3543048 -0.427476E-05  0.124E-02   13.96       3.3  T
   8    -13.3543047  0.442957E-07  0.486E-03   13.97       8.4  T
   9    -13.3543048 -0.858479E-07  0.411E-04   13.96      99.4  T
  10    -13.3543048 -0.524842E-10  0.622E-05   13.96     656.6  T

   *** convergence criteria satisfied after 10 iterations ***

         #    Occupation            Energy/Eh            Energy/eV
      -------------------------------------------------------------
         1        2.0000           -0.9866790             -26.8489
       ...           ...                  ...                  ...
         5        2.0000           -0.5471231             -14.8880
         6        2.0000           -0.5460332             -14.8583
         7        2.0000           -0.4592020             -12.4955
         8        2.0000           -0.4591287             -12.4935
         9        2.0000           -0.3899860             -10.6121
        10        2.0000           -0.3895213             -10.5994
        11        2.0000           -0.3895210             -10.5994 (HOMO)
        12                          0.1236420               3.3645 (LUMO)
        13                          0.1378408               3.7508
        14                          0.1420535               3.8655
        15                          0.1420537               3.8655
        16                          0.1421317               3.8676
       ...                                ...                  ...
        20                          0.1994966               5.4286
      -------------------------------------------------------------
                  HL-Gap            0.5131631 Eh           13.9639 eV
             Fermi-level           -0.1329395 Eh           -3.6175 eV

 SCC (total)                   0 d,  0 h,  0 min,  0.005 sec
 SCC setup                      ...        0 min,  0.000 sec (  7.214%)
 Dispersion                     ...        0 min,  0.000 sec (  0.755%)
 integral evaluation            ...        0 min,  0.001 sec ( 11.266%)
 zeroth order Hamiltonian       ...        0 min,  0.000 sec (  0.665%)
 iterations                     ...        0 min,  0.003 sec ( 60.427%)
 molecular gradient             ...        0 min,  0.001 sec ( 14.475%)
 printout                       ...        0 min,  0.000 sec (  3.520%)

         :::::::::::::::::::::::::::::::::::::::::::::::::::::
         ::                     SUMMARY                     ::
         :::::::::::::::::::::::::::::::::::::::::::::::::::::
         :: total energy             -13.290691724508 Eh    ::
         :: total w/o Gsasa/hb       -13.290627177090 Eh    ::
         :: gradient norm              0.041028962215 Eh/a0 ::
         :: HOMO-LUMO gap             13.963877475371 eV    ::
         ::.................................................::
         :: SCC energy               -13.352324988684 Eh    ::
         :: -> isotropic ES            0.168075414300 Eh    ::
         :: -> anisotropic ES         -0.000215355463 Eh    ::
         :: -> anisotropic XC         -0.003236986412 Eh    ::
         :: -> dispersion             -0.001328896721 Eh    ::
         :: -> Gsolv                  -0.104431831841 Eh    ::
         ::    -> Gborn               -0.104367284423 Eh    ::
         ::    -> Gsasa                0.000122359986 Eh    ::
         ::    -> Ghb                 -0.002044350530 Eh    ::
         ::    -> Gshift               0.001857443127 Eh    ::
         :: repulsion energy           0.061633867858 Eh    ::
         :: add. restraining           0.000000000000 Eh    ::
         :::::::::::::::::::::::::::::::::::::::::::::::::::::

           -------------------------------------------------
          |                Property Printout                |
           -------------------------------------------------

    * Orbital Energies and Occupations

         #    Occupation            Energy/Eh            Energy/eV
      -------------------------------------------------------------
         1        2.0000           -0.9866790             -26.8489
         2        2.0000           -0.8261799             -22.4815
         3        2.0000           -0.6187570             -16.8372
         4        2.0000           -0.5472037             -14.8902
         5        2.0000           -0.5471231             -14.8880
         6        2.0000           -0.5460332             -14.8583
         7        2.0000           -0.4592020             -12.4955
         8        2.0000           -0.4591287             -12.4935
         9        2.0000           -0.3899860             -10.6121
        10        2.0000           -0.3895213             -10.5994
        11        2.0000           -0.3895210             -10.5994 (HOMO)
        12                          0.1236420               3.3645 (LUMO)
        13                          0.1378408               3.7508
        14                          0.1420535               3.8655
        15                          0.1420537               3.8655
        16                          0.1421317               3.8676
        17                          0.1423168               3.8726
        18                          0.1423168               3.8726
        19                          0.1977680               5.3815
        20                          0.1994966               5.4286
      -------------------------------------------------------------
                  HL-Gap            0.5131631 Eh           13.9639 eV
             Fermi-level           -0.1329395 Eh           -3.6175 eV

     #   Z        covCN         q      C6AA      Î±(0)
     1   9 F      0.784    -0.255    11.824     4.062
     2  17 Cl     0.000    -1.000   127.012    17.152
     3   6 C      3.557     0.070    20.279     6.572
     4   1 H      0.924     0.062     2.179     2.308
     5   1 H      0.924     0.061     2.182     2.310
     6   1 H      0.924     0.062     2.178     2.308

 Mol. C6AA /auÂ·bohrâ¶  :        553.970563
 Mol. C8AA /auÂ·bohrâ¸  :      15925.321153
 Mol. Î±(0) /au        :         34.711237


Wiberg/Mayer (AO) data.
largest (>0.10) Wiberg bond orders for each atom
          total WBO             WBO to atom ...
     1  F   1.002        C    3 0.949
     2  Cl  0.000
     3  C   3.886        H    6 0.979    H    5 0.979    H    4 0.979    F    1 0.949
     4  H   0.996        C    3 0.979
     5  H   0.996        C    3 0.979
     6  H   0.996        C    3 0.979

molecular dipole:
                 x           y           z       tot (Debye)
 q only:       -4.912      -0.121       0.032
   full:       -4.753      -0.118       0.030      12.084
molecular quadrupole (traceless):
                xx          xy          yy          xz          yz          zz
 q only:      -37.792      -1.334      18.884       0.526       0.013      18.908
  q+dip:      -40.173      -1.406      20.075       0.589       0.013      20.097
   full:      -39.458      -1.383      19.718       0.569       0.013      19.741


           -------------------------------------------------
          | TOTAL ENERGY              -13.290691724508 Eh   |
          | GRADIENT NORM               0.041028962215 Eh/Î± |
          | HOMO-LUMO GAP              13.963877475371 eV   |
           -------------------------------------------------

------------------------------------------------------------------------
 * finished run on 2020/08/20 at 17:46:28.860     
------------------------------------------------------------------------
 total:
 * wall-time:     0 d,  0 h,  0 min,  0.038 sec
 *  cpu-time:     0 d,  0 h,  0 min,  0.094 sec
 * ratio c/w:     2.468 speedup
 SCF:
 * wall-time:     0 d,  0 h,  0 min,  0.005 sec
 *  cpu-time:     0 d,  0 h,  0 min,  0.019 sec
 * ratio c/w:     3.980 speedup

