      -----------------------------------------------------------      
     |                   =====================                   |     
     |                           x T B                           |     
     |                   =====================                   |     
     |                         S. Grimme                         |     
     |          Mulliken Center for Theoretical Chemistry        |     
     |                    University of Bonn                     |     
      -----------------------------------------------------------      

   * xtb version 6.2.3 (830e466) compiled by 'ehlert@majestix' on 2020-03-16

   xtb is free software: you can redistribute it and/or modify it under
   the terms of the GNU Lesser General Public License as published by
   the Free Software Foundation, either version 3 of the License, or
   (at your option) any later version.
   
   xtb is distributed in the hope that it will be useful,
   but WITHOUT ANY WARRANTY; without even the implied warranty of
   MERCHANTABILITY or FITNESS FOR A PARTICULAR PURPOSE.  See the
   GNU Lesser General Public License for more details.
   
   Cite this work as:
   * S. Grimme, C. Bannwarth, P. Shushkov, J. Chem. Theory Comput., 2017,
     13, 1989-2009. DOI: 10.1021/acs.jctc.7b00118
   * C. Bannwarth, S. Ehlert and S. Grimme., J. Chem. Theory Comput., 2019,
     15, 1652-1671. DOI: 10.1021/acs.jctc.8b01176
   * P. Pracht, E. Caldeweyher, S. Ehlert, S. Grimme, ChemRxiv, 2019, preprint.
     DOI: 10.26434/chemrxiv.8326202.v1
   
   for DFT-D4:
   * E. Caldeweyher, C. Bannwarth and S. Grimme, J. Chem. Phys., 2017,
     147, 034112. DOI: 10.1063/1.4993215
   * E. Caldeweyher, S. Ehlert, A. Hansen, H. Neugebauer, S. Spicher,
     C. Bannwarth and S. Grimme, J. Chem. Phys., 2019, 150, 154122.
     DOI: 10.1063/1.5090222
   
   for sTDA-xTB:
   * S. Grimme and C. Bannwarth, J. Chem. Phys., 2016, 145, 054103.
     DOI: 10.1063/1.4959605
   
   in the mass-spec context:
   * V. Asgeirsson, C. Bauer and S. Grimme, Chem. Sci., 2017, 8, 4879.
     DOI: 10.1039/c7sc00601b
   
   for metadynamics refer to:
   * S. Grimme, J. Chem. Theory Comput., 2019, 155, 2847-2862
     DOI: 10.1021/acs.jctc.9b00143
   
   with help from (in alphabetical order)
   C. Bannwarth, F. Bohle, G. Brandenburg, E. Caldeweyher, M. Checinski,
   S. Dohm, S. Ehlert, S. Ehrlich, F. MÃ¤rz, H. Neugebauer, J. Pisarek,
   P. Pracht, P. Shushkov, and S. Spicher.
   
 * started run on 2020/08/20 at 17:46:31.424     

           -------------------------------------------------
          |                Calculation Setup                |
           -------------------------------------------------

          program call               : /u/fd/ball4935/opt/bin/xtb 1_6_xtb.xyz --chrg -1 --grad --gbsa Water
          hostname                   : comp0810
          coordinate file            : 1_6_xtb.xyz
          omp threads                :                     1
          number of atoms            :                     6
          number of electrons        :                    22
          charge                     :                    -1
          spin                       :                   0.0
          first test random number   :      0.03468414812728


molecular fragmentation (1/2 indicates fragments):
122222
# atoms in fragment 1/2:     1     5
 fragment masses (1/2) :       19.00       50.49
CMA distance (Bohr)    :   8.403
constraining FC (au)   :  0.0500
########################################################################
[WARNING] Please study the warnings concerning your input carefully
-2- prog_main: XTBPATH is not set, using XTBHOME instead
-1- prog_main: XTBHOME is not set, using HOME instead
########################################################################
           ------------------------------------------------- 
          |                 G F N 2 - x T B                 |
          | Geometry, Frequencies, Noncovalent interactions |
          |            JCTC 2019 parametrisation            |
           ------------------------------------------------- 
             k(s)              :                1.8500
             k(p)              :                2.2300
             k(d)              :                2.2300
             k(f)              :                2.0000
             kEN (H0ij)        :               -2.0000
             D4 a1             :                0.5200
             D4 a2             :                5.0000
             D4 s6             :                1.0000
             D4 s8             :                2.7000
             D4 s9             :                5.0000
             alphaj            :                2.0000

  Z AO/shell   Hii/eV     exponent
  1     Wed Apr 25 08:07:45 CEST 2018   EN: 2.200 GM2: 0.406  GM3: 0.0800  RAES: 1.40
     1s    -10.707211    1.230000
  6     Wed Apr 25 08:07:45 CEST 2018   EN: 2.550 GM2: 0.538  GM3: 0.1500  RAES: 3.00
     2s    -13.970922    2.096432
     2p    -10.063292    1.800000
  9     Mon Apr 23 13:58:50 CEST 2018   EN: 3.980 GM2: 0.532  GM3: 0.1426  RAES: 2.40
     2s    -23.458179    2.416361
     2p    -15.746583    2.308399
 17     Mon Apr 23 14:09:22 CEST 2018   EN: 3.160 GM2: 0.249  GM3: 0.1495  RAES: 2.50
     3s    -29.278781    2.485265
     3p    -12.673758    2.199650
     3d     -0.240338    2.476089

 Solvent             : Water
 Using internal parameter file: .param_gbsa2_Water
 Gsolv ref. state (COSMO-RS): gsolv [1 M gas/solution]
 temperature (mdtemp)       :    298.150000000000     
 dielectric constant        :    80.2000000000000     
 rho                        :    1.00000000000000     
 mass                       :    18.0000000000000     
 surface tension            :    15.5689454083859     
 probe radius               :   0.975313790000000     
 Gshift (Eh)                :   1.857443126794793E-003
 c1                         :    1.55243817000000     
 soset                      :   0.130326360000000     
 HB correction              :  T
           ------------------------------------------------- 
          |        Self-Consistent Charge Iterations        |
           ------------------------------------------------- 

          ...................................................
          :                      SETUP                      :
          :.................................................:
          :  # basis functions                  21          :
          :  # atomic orbitals                  20          :
          :  # shells                           10          :
          :  # electrons                        22          :
          :  max. iterations                   250          :
          :  Hamiltonian                  GFN2-xTB          :
          :  restarted?                      false          :
          :  GBSA solvation                   true          :
          :  PC potential                    false          :
          :  electronic temp.          300.0000000     K    :
          :  accuracy                    1.0000000          :
          :  -> integral cutoff          0.2500000E+02      :
          :  -> integral neglect         0.1000000E-07      :
          :  -> SCF convergence          0.1000000E-05 Eh   :
          :  -> wf. convergence          0.1000000E-03 e    :
          :  Broyden damping             0.4000000          :
          ...................................................

 iter      E             dE          RMSdq      gap      omega  full diag
   1    -13.2509886 -0.132510E+02  0.559E+00    8.20       0.0  T
   2    -13.3098502 -0.588616E-01  0.333E+00    6.25       1.0  T
   3    -13.3110595 -0.120926E-02  0.180E+00    5.85       1.0  T
   4    -13.3117989 -0.739416E-03  0.454E-01    5.25       1.0  T
   5    -13.3122244 -0.425532E-03  0.257E-01    5.22       1.0  T
   6    -13.3124204 -0.196011E-03  0.168E-01    5.09       1.0  T
   7    -13.3124984 -0.779807E-04  0.133E-02    5.07       3.1  T
   8    -13.3124983  0.751421E-07  0.134E-02    5.07       3.0  T
   9    -13.3124988 -0.439700E-06  0.315E-03    5.07      13.0  T
  10    -13.3124988 -0.129508E-07  0.184E-03    5.07      22.2  T
  11    -13.3124988 -0.853250E-08  0.412E-04    5.07      99.2  T
  12    -13.3124988 -0.125222E-09  0.361E-05    5.07    1132.4  T

   *** convergence criteria satisfied after 12 iterations ***

         #    Occupation            Energy/Eh            Energy/eV
      -------------------------------------------------------------
         1        2.0000           -1.0612455             -28.8780
       ...           ...                  ...                  ...
         5        2.0000           -0.5128622             -13.9557
         6        2.0000           -0.5059310             -13.7671
         7        2.0000           -0.4199140             -11.4264
         8        2.0000           -0.4198739             -11.4254
         9        2.0000           -0.3388921              -9.2217
        10        2.0000           -0.3385050              -9.2112
        11        2.0000           -0.3384938              -9.2109 (HOMO)
        12                         -0.1521718              -4.1408 (LUMO)
        13                          0.0068145               0.1854
        14                          0.0078780               0.2144
        15                          0.0193062               0.5253
        16                          0.0195312               0.5315
       ...                                ...                  ...
        20                          0.2002770               5.4498
      -------------------------------------------------------------
                  HL-Gap            0.1863220 Eh            5.0701 eV
             Fermi-level           -0.2453328 Eh           -6.6758 eV

 SCC (total)                   0 d,  0 h,  0 min,  0.006 sec
 SCC setup                      ...        0 min,  0.000 sec (  4.447%)
 Dispersion                     ...        0 min,  0.000 sec (  0.466%)
 integral evaluation            ...        0 min,  0.001 sec ( 17.368%)
 zeroth order Hamiltonian       ...        0 min,  0.000 sec (  0.632%)
 iterations                     ...        0 min,  0.004 sec ( 56.830%)
 molecular gradient             ...        0 min,  0.001 sec ( 17.727%)
 printout                       ...        0 min,  0.000 sec (  1.616%)

         :::::::::::::::::::::::::::::::::::::::::::::::::::::
         ::                     SUMMARY                     ::
         :::::::::::::::::::::::::::::::::::::::::::::::::::::
         :: total energy             -13.268844361758 Eh    ::
         :: total w/o Gsasa/hb       -13.266602062954 Eh    ::
         :: gradient norm              0.067100999308 Eh/a0 ::
         :: HOMO-LUMO gap              5.070078630917 eV    ::
         ::.................................................::
         :: SCC energy               -13.309635457332 Eh    ::
         :: -> isotropic ES            0.280632763531 Eh    ::
         :: -> anisotropic ES         -0.003864783938 Eh    ::
         :: -> anisotropic XC         -0.003675644035 Eh    ::
         :: -> dispersion             -0.001909688620 Eh    ::
         :: -> Gsolv                  -0.140322572584 Eh    ::
         ::    -> Gborn               -0.138080273780 Eh    ::
         ::    -> Gsasa                0.001005894194 Eh    ::
         ::    -> Ghb                 -0.005105636125 Eh    ::
         ::    -> Gshift               0.001857443127 Eh    ::
         :: repulsion energy           0.040791654069 Eh    ::
         :: add. restraining           0.000000000000 Eh    ::
         :::::::::::::::::::::::::::::::::::::::::::::::::::::

           -------------------------------------------------
          |                Property Printout                |
           -------------------------------------------------

    * Orbital Energies and Occupations

         #    Occupation            Energy/Eh            Energy/eV
      -------------------------------------------------------------
         1        2.0000           -1.0612455             -28.8780
         2        2.0000           -0.6090536             -16.5732
         3        2.0000           -0.5951426             -16.1947
         4        2.0000           -0.5136097             -13.9760
         5        2.0000           -0.5128622             -13.9557
         6        2.0000           -0.5059310             -13.7671
         7        2.0000           -0.4199140             -11.4264
         8        2.0000           -0.4198739             -11.4254
         9        2.0000           -0.3388921              -9.2217
        10        2.0000           -0.3385050              -9.2112
        11        2.0000           -0.3384938              -9.2109 (HOMO)
        12                         -0.1521718              -4.1408 (LUMO)
        13                          0.0068145               0.1854
        14                          0.0078780               0.2144
        15                          0.0193062               0.5253
        16                          0.0195312               0.5315
        17                          0.0787929               2.1441
        18                          0.1332771               3.6267
        19                          0.1395319               3.7969
        20                          0.2002770               5.4498
      -------------------------------------------------------------
                  HL-Gap            0.1863220 Eh            5.0701 eV
             Fermi-level           -0.2453328 Eh           -6.6758 eV

     #   Z        covCN         q      C6AA      Î±(0)
     1   9 F      0.000    -1.000    24.526     5.768
     2  17 Cl     0.892    -0.183   104.880    15.667
     3   6 C      3.635     0.015    20.711     6.548
     4   1 H      0.916     0.059     2.209     2.325
     5   1 H      0.914     0.054     2.268     2.355
     6   1 H      0.914     0.055     2.266     2.355

 Mol. C6AA /auÂ·bohrâ¶  :        580.352613
 Mol. C8AA /auÂ·bohrâ¸  :      15900.329303
 Mol. Î±(0) /au        :         35.018534


Wiberg/Mayer (AO) data.
largest (>0.10) Wiberg bond orders for each atom
          total WBO             WBO to atom ...
     1  F   0.001
     2  Cl  1.015        C    3 0.979
     3  C   3.935        H    6 0.985    H    5 0.985    H    4 0.985    Cl   2 0.979
     4  H   0.996        C    3 0.985
     5  H   0.997        C    3 0.985
     6  H   0.997        C    3 0.985

molecular dipole:
                 x           y           z       tot (Debye)
 q only:        5.718      -0.117      -0.418
   full:        5.154      -0.139      -0.426      13.149
molecular quadrupole (traceless):
                xx          xy          yy          xz          yz          zz
 q only:      -43.109       0.336      21.640       3.296      -0.023      21.469
  q+dip:      -47.223      -0.067      23.693       2.983      -0.050      23.530
   full:      -46.118       0.067      23.141       3.108      -0.036      22.978


           -------------------------------------------------
          | TOTAL ENERGY              -13.268844361758 Eh   |
          | GRADIENT NORM               0.067100999308 Eh/Î± |
          | HOMO-LUMO GAP               5.070078630917 eV   |
           -------------------------------------------------

------------------------------------------------------------------------
 * finished run on 2020/08/20 at 17:46:31.495     
------------------------------------------------------------------------
 total:
 * wall-time:     0 d,  0 h,  0 min,  0.071 sec
 *  cpu-time:     0 d,  0 h,  0 min,  0.017 sec
 * ratio c/w:     0.244 speedup
 SCF:
 * wall-time:     0 d,  0 h,  0 min,  0.007 sec
 *  cpu-time:     0 d,  0 h,  0 min,  0.007 sec
 * ratio c/w:     0.997 speedup

