      -----------------------------------------------------------      
     |                   =====================                   |     
     |                           x T B                           |     
     |                   =====================                   |     
     |                         S. Grimme                         |     
     |          Mulliken Center for Theoretical Chemistry        |     
     |                    University of Bonn                     |     
      -----------------------------------------------------------      

   * xtb version 6.2.3 (830e466) compiled by 'ehlert@majestix' on 2020-03-16

   xtb is free software: you can redistribute it and/or modify it under
   the terms of the GNU Lesser General Public License as published by
   the Free Software Foundation, either version 3 of the License, or
   (at your option) any later version.
   
   xtb is distributed in the hope that it will be useful,
   but WITHOUT ANY WARRANTY; without even the implied warranty of
   MERCHANTABILITY or FITNESS FOR A PARTICULAR PURPOSE.  See the
   GNU Lesser General Public License for more details.
   
   Cite this work as:
   * S. Grimme, C. Bannwarth, P. Shushkov, J. Chem. Theory Comput., 2017,
     13, 1989-2009. DOI: 10.1021/acs.jctc.7b00118
   * C. Bannwarth, S. Ehlert and S. Grimme., J. Chem. Theory Comput., 2019,
     15, 1652-1671. DOI: 10.1021/acs.jctc.8b01176
   * P. Pracht, E. Caldeweyher, S. Ehlert, S. Grimme, ChemRxiv, 2019, preprint.
     DOI: 10.26434/chemrxiv.8326202.v1
   
   for DFT-D4:
   * E. Caldeweyher, C. Bannwarth and S. Grimme, J. Chem. Phys., 2017,
     147, 034112. DOI: 10.1063/1.4993215
   * E. Caldeweyher, S. Ehlert, A. Hansen, H. Neugebauer, S. Spicher,
     C. Bannwarth and S. Grimme, J. Chem. Phys., 2019, 150, 154122.
     DOI: 10.1063/1.5090222
   
   for sTDA-xTB:
   * S. Grimme and C. Bannwarth, J. Chem. Phys., 2016, 145, 054103.
     DOI: 10.1063/1.4959605
   
   in the mass-spec context:
   * V. Asgeirsson, C. Bauer and S. Grimme, Chem. Sci., 2017, 8, 4879.
     DOI: 10.1039/c7sc00601b
   
   for metadynamics refer to:
   * S. Grimme, J. Chem. Theory Comput., 2019, 155, 2847-2862
     DOI: 10.1021/acs.jctc.9b00143
   
   with help from (in alphabetical order)
   C. Bannwarth, F. Bohle, G. Brandenburg, E. Caldeweyher, M. Checinski,
   S. Dohm, S. Ehlert, S. Ehrlich, F. MÃ¤rz, H. Neugebauer, J. Pisarek,
   P. Pracht, P. Shushkov, and S. Spicher.
   
 * started run on 2020/08/20 at 17:46:31.743     

           -------------------------------------------------
          |                Calculation Setup                |
           -------------------------------------------------

          program call               : /u/fd/ball4935/opt/bin/xtb 1_7_xtb.xyz --chrg -1 --grad --gbsa Water
          hostname                   : comp0810
          coordinate file            : 1_7_xtb.xyz
          omp threads                :                     1
          number of atoms            :                     6
          number of electrons        :                    22
          charge                     :                    -1
          spin                       :                   0.0
          first test random number   :      0.55052061509073


molecular fragmentation (1/2 indicates fragments):
122222
# atoms in fragment 1/2:     1     5
 fragment masses (1/2) :       19.00       50.49
CMA distance (Bohr)    :   8.383
constraining FC (au)   :  0.0500
########################################################################
[WARNING] Please study the warnings concerning your input carefully
-2- prog_main: XTBPATH is not set, using XTBHOME instead
-1- prog_main: XTBHOME is not set, using HOME instead
########################################################################
           ------------------------------------------------- 
          |                 G F N 2 - x T B                 |
          | Geometry, Frequencies, Noncovalent interactions |
          |            JCTC 2019 parametrisation            |
           ------------------------------------------------- 
             k(s)              :                1.8500
             k(p)              :                2.2300
             k(d)              :                2.2300
             k(f)              :                2.0000
             kEN (H0ij)        :               -2.0000
             D4 a1             :                0.5200
             D4 a2             :                5.0000
             D4 s6             :                1.0000
             D4 s8             :                2.7000
             D4 s9             :                5.0000
             alphaj            :                2.0000

  Z AO/shell   Hii/eV     exponent
  1     Wed Apr 25 08:07:45 CEST 2018   EN: 2.200 GM2: 0.406  GM3: 0.0800  RAES: 1.40
     1s    -10.707211    1.230000
  6     Wed Apr 25 08:07:45 CEST 2018   EN: 2.550 GM2: 0.538  GM3: 0.1500  RAES: 3.00
     2s    -13.970922    2.096432
     2p    -10.063292    1.800000
  9     Mon Apr 23 13:58:50 CEST 2018   EN: 3.980 GM2: 0.532  GM3: 0.1426  RAES: 2.40
     2s    -23.458179    2.416361
     2p    -15.746583    2.308399
 17     Mon Apr 23 14:09:22 CEST 2018   EN: 3.160 GM2: 0.249  GM3: 0.1495  RAES: 2.50
     3s    -29.278781    2.485265
     3p    -12.673758    2.199650
     3d     -0.240338    2.476089

 Solvent             : Water
 Using internal parameter file: .param_gbsa2_Water
 Gsolv ref. state (COSMO-RS): gsolv [1 M gas/solution]
 temperature (mdtemp)       :    298.150000000000     
 dielectric constant        :    80.2000000000000     
 rho                        :    1.00000000000000     
 mass                       :    18.0000000000000     
 surface tension            :    15.5689454083859     
 probe radius               :   0.975313790000000     
 Gshift (Eh)                :   1.857443126794793E-003
 c1                         :    1.55243817000000     
 soset                      :   0.130326360000000     
 HB correction              :  T
           ------------------------------------------------- 
          |        Self-Consistent Charge Iterations        |
           ------------------------------------------------- 

          ...................................................
          :                      SETUP                      :
          :.................................................:
          :  # basis functions                  21          :
          :  # atomic orbitals                  20          :
          :  # shells                           10          :
          :  # electrons                        22          :
          :  max. iterations                   250          :
          :  Hamiltonian                  GFN2-xTB          :
          :  restarted?                      false          :
          :  GBSA solvation                   true          :
          :  PC potential                    false          :
          :  electronic temp.          300.0000000     K    :
          :  accuracy                    1.0000000          :
          :  -> integral cutoff          0.2500000E+02      :
          :  -> integral neglect         0.1000000E-07      :
          :  -> SCF convergence          0.1000000E-05 Eh   :
          :  -> wf. convergence          0.1000000E-03 e    :
          :  Broyden damping             0.4000000          :
          ...................................................

 iter      E             dE          RMSdq      gap      omega  full diag
   1    -13.2727963 -0.132728E+02  0.563E+00    7.90       0.0  T
   2    -13.3274726 -0.546763E-01  0.327E+00    5.86       1.0  T
   3    -13.3283309 -0.858266E-03  0.174E+00    5.43       1.0  T
   4    -13.3288607 -0.529839E-03  0.389E-01    4.86       1.0  T
   5    -13.3291448 -0.284158E-03  0.225E-01    4.84       1.0  T
   6    -13.3292961 -0.151234E-03  0.153E-01    4.73       1.0  T
   7    -13.3293553 -0.592433E-04  0.118E-02    4.71       3.5  T
   8    -13.3293553  0.346831E-07  0.124E-02    4.71       3.3  T
   9    -13.3293556 -0.323006E-06  0.319E-03    4.71      12.8  T
  10    -13.3293556 -0.129400E-07  0.188E-03    4.71      21.7  T
  11    -13.3293556 -0.811112E-08  0.369E-04    4.71     110.5  T
  12    -13.3293556 -0.148290E-09  0.310E-05    4.71    1315.4  T

   *** convergence criteria satisfied after 12 iterations ***

         #    Occupation            Energy/Eh            Energy/eV
      -------------------------------------------------------------
         1        2.0000           -1.0589536             -28.8156
       ...           ...                  ...                  ...
         5        2.0000           -0.5137069             -13.9787
         6        2.0000           -0.5006550             -13.6235
         7        2.0000           -0.4201599             -11.4331
         8        2.0000           -0.4200905             -11.4312
         9        2.0000           -0.3379164              -9.1952
        10        2.0000           -0.3374662              -9.1829
        11        2.0000           -0.3374530              -9.1826 (HOMO)
        12                         -0.1643394              -4.4719 (LUMO)
        13                          0.0169002               0.4599
        14                          0.0174248               0.4742
        15                          0.0216796               0.5899
        16                          0.0220545               0.6001
       ...                                ...                  ...
        20                          0.2002230               5.4483
      -------------------------------------------------------------
                  HL-Gap            0.1731136 Eh            4.7107 eV
             Fermi-level           -0.2508962 Eh           -6.8272 eV

 SCC (total)                   0 d,  0 h,  0 min,  0.006 sec
 SCC setup                      ...        0 min,  0.000 sec (  4.495%)
 Dispersion                     ...        0 min,  0.000 sec (  0.464%)
 integral evaluation            ...        0 min,  0.001 sec ( 16.663%)
 zeroth order Hamiltonian       ...        0 min,  0.000 sec (  0.633%)
 iterations                     ...        0 min,  0.004 sec ( 57.319%)
 molecular gradient             ...        0 min,  0.001 sec ( 17.819%)
 printout                       ...        0 min,  0.000 sec (  1.837%)

         :::::::::::::::::::::::::::::::::::::::::::::::::::::
         ::                     SUMMARY                     ::
         :::::::::::::::::::::::::::::::::::::::::::::::::::::
         :: total energy             -13.273807635496 Eh    ::
         :: total w/o Gsasa/hb       -13.271447503896 Eh    ::
         :: gradient norm              0.014156194811 Eh/a0 ::
         :: HOMO-LUMO gap              4.710661285877 eV    ::
         ::.................................................::
         :: SCC energy               -13.326475109447 Eh    ::
         :: -> isotropic ES            0.280298604712 Eh    ::
         :: -> anisotropic ES         -0.003036476522 Eh    ::
         :: -> anisotropic XC         -0.001435117630 Eh    ::
         :: -> dispersion             -0.001879534302 Eh    ::
         :: -> Gsolv                  -0.139484179105 Eh    ::
         ::    -> Gborn               -0.137124047505 Eh    ::
         ::    -> Gsasa                0.001023082263 Eh    ::
         ::    -> Ghb                 -0.005240656990 Eh    ::
         ::    -> Gshift               0.001857443127 Eh    ::
         :: repulsion energy           0.052668066758 Eh    ::
         :: add. restraining           0.000000000000 Eh    ::
         :::::::::::::::::::::::::::::::::::::::::::::::::::::

           -------------------------------------------------
          |                Property Printout                |
           -------------------------------------------------

    * Orbital Energies and Occupations

         #    Occupation            Energy/Eh            Energy/eV
      -------------------------------------------------------------
         1        2.0000           -1.0589536             -28.8156
         2        2.0000           -0.6118024             -16.6480
         3        2.0000           -0.5941001             -16.1663
         4        2.0000           -0.5143543             -13.9963
         5        2.0000           -0.5137069             -13.9787
         6        2.0000           -0.5006550             -13.6235
         7        2.0000           -0.4201599             -11.4331
         8        2.0000           -0.4200905             -11.4312
         9        2.0000           -0.3379164              -9.1952
        10        2.0000           -0.3374662              -9.1829
        11        2.0000           -0.3374530              -9.1826 (HOMO)
        12                         -0.1643394              -4.4719 (LUMO)
        13                          0.0169002               0.4599
        14                          0.0174248               0.4742
        15                          0.0216796               0.5899
        16                          0.0220545               0.6001
        17                          0.1163652               3.1665
        18                          0.1647124               4.4821
        19                          0.1939138               5.2767
        20                          0.2002230               5.4483
      -------------------------------------------------------------
                  HL-Gap            0.1731136 Eh            4.7107 eV
             Fermi-level           -0.2508962 Eh           -6.8272 eV

     #   Z        covCN         q      C6AA      Î±(0)
     1   9 F      0.000    -1.000    24.525     5.768
     2  17 Cl     0.889    -0.206   105.607    15.722
     3   6 C      3.660     0.000    20.861     6.554
     4   1 H      0.924     0.072     2.068     2.249
     5   1 H      0.924     0.067     2.123     2.279
     6   1 H      0.924     0.067     2.121     2.278

 Mol. C6AA /auÂ·bohrâ¶  :        575.840444
 Mol. C8AA /auÂ·bohrâ¸  :      15852.336121
 Mol. Î±(0) /au        :         34.847998


Wiberg/Mayer (AO) data.
largest (>0.10) Wiberg bond orders for each atom
          total WBO             WBO to atom ...
     1  F   0.001
     2  Cl  0.987        C    3 0.965
     3  C   3.930        H    5 0.988    H    6 0.988    H    4 0.988    Cl   2 0.965
     4  H   0.995        C    3 0.988
     5  H   0.996        C    3 0.988
     6  H   0.996        C    3 0.988

molecular dipole:
                 x           y           z       tot (Debye)
 q only:        5.617      -0.133      -0.437
   full:        5.147      -0.147      -0.438      13.136
molecular quadrupole (traceless):
                xx          xy          yy          xz          yz          zz
 q only:      -43.271       0.357      21.724       3.342      -0.028      21.547
  q+dip:      -46.896       0.002      23.532       3.067      -0.048      23.364
   full:      -45.772       0.141      22.970       3.197      -0.035      22.801


           -------------------------------------------------
          | TOTAL ENERGY              -13.273807635496 Eh   |
          | GRADIENT NORM               0.014156194811 Eh/Î± |
          | HOMO-LUMO GAP               4.710661285877 eV   |
           -------------------------------------------------

------------------------------------------------------------------------
 * finished run on 2020/08/20 at 17:46:31.801     
------------------------------------------------------------------------
 total:
 * wall-time:     0 d,  0 h,  0 min,  0.057 sec
 *  cpu-time:     0 d,  0 h,  0 min,  0.018 sec
 * ratio c/w:     0.317 speedup
 SCF:
 * wall-time:     0 d,  0 h,  0 min,  0.007 sec
 *  cpu-time:     0 d,  0 h,  0 min,  0.007 sec
 * ratio c/w:     0.997 speedup

