
                                 *****************
                                 * O   R   C   A *
                                 *****************

           --- An Ab Initio, DFT and Semiempirical electronic structure package ---

                  #######################################################
                  #                        -***-                        #
                  #          Department of theory and spectroscopy      #
                  #               Directorship: Frank Neese             #
                  #        Max Planck Institute fuer Kohlenforschung    #
                  #                Kaiser Wilhelm Platz 1               #
                  #                 D-45470 Muelheim/Ruhr               #
                  #                      Germany                        #
                  #                                                     #
                  #                  All rights reserved                #
                  #                        -***-                        #
                  #######################################################


                         Program Version 4.2.1 -  RELEASE  -


 With contributions from (in alphabetic order):
   Daniel Aravena         : Magnetic Suceptibility
   Michael Atanasov       : Ab Initio Ligand Field Theory (pilot matlab implementation)
   Alexander A. Auer      : GIAO ZORA, VPT2
   Ute Becker             : Parallelization
   Giovanni Bistoni       : ED, misc. LED, open-shell LED, HFLD
   Martin Brehm           : Molecular dynamics
   Dmytro Bykov           : SCF Hessian
   Vijay G. Chilkuri      : MRCI spin determinant printing, contributions to CSF-ICE
   Dipayan Datta          : RHF DLPNO-CCSD density
   Achintya Kumar Dutta   : EOM-CC, STEOM-CC
   Dmitry Ganyushin       : Spin-Orbit,Spin-Spin,Magnetic field MRCI
   Miquel Garcia          : C-PCM Hessian, Gaussian charge scheme
   Yang Guo               : DLPNO-NEVPT2, CIM, IAO-localization
   Andreas Hansen         : Spin unrestricted coupled pair/coupled cluster methods
   Benjamin Helmich-Paris : CASSCF linear response (MC-RPA)
   Lee Huntington         : MR-EOM, pCC
   Robert Izsak           : Overlap fitted RIJCOSX, COSX-SCS-MP3, EOM
   Christian Kollmar      : KDIIS, OOCD, Brueckner-CCSD(T), CCSD density
   Simone Kossmann        : Meta GGA functionals, TD-DFT gradient, OOMP2, MP2 Hessian
   Martin Krupicka        : AUTO-CI
   Lucas Lang             : DCDCAS
   Dagmar Lenk            : GEPOL surface, SMD
   Dimitrios Liakos       : Extrapolation schemes; Compound Job, initial MDCI parallelization
   Dimitrios Manganas     : Further ROCIS development; embedding schemes
   Dimitrios Pantazis     : SARC Basis sets
   Taras Petrenko         : DFT Hessian,TD-DFT gradient, ASA, ECA, R-Raman, ABS, FL, XAS/XES, NRVS
   Peter Pinski           : DLPNO-MP2, DLPNO-MP2 Gradient
   Christoph Reimann      : Effective Core Potentials
   Marius Retegan         : Local ZFS, SOC
   Christoph Riplinger    : Optimizer, TS searches, QM/MM, DLPNO-CCSD(T), (RO)-DLPNO pert. Triples
   Tobias Risthaus        : Range-separated hybrids, TD-DFT gradient, RPA, STAB
   Michael Roemelt        : Original ROCIS implementation
   Masaaki Saitow         : Open-shell DLPNO-CCSD energy and density
   Barbara Sandhoefer     : DKH picture change effects
   Avijit Sen             : IP-ROCIS
   Kantharuban Sivalingam : CASSCF convergence, NEVPT2, FIC-MRCI
   Bernardo de Souza      : ESD, SOC TD-DFT
   Georgi Stoychev        : AutoAux, RI-MP2 NMR
   Willem Van den Heuvel  : Paramagnetic NMR
   Boris Wezisla          : Elementary symmetry handling
   Frank Wennmohs         : Technical directorship


 We gratefully acknowledge several colleagues who have allowed us to
 interface, adapt or use parts of their codes:
   Stefan Grimme, W. Hujo, H. Kruse,             : VdW corrections, initial TS optimization,
                  C. Bannwarth                     DFT functionals, gCP, sTDA/sTD-DF
   Ed Valeev, F. Pavosevic, A. Kumar             : LibInt (2-el integral package), F12 methods
   Garnet Chan, S. Sharma, J. Yang, R. Olivares  : DMRG
   Ulf Ekstrom                                   : XCFun DFT Library
   Mihaly Kallay                                 : mrcc  (arbitrary order and MRCC methods)
   Andreas Klamt, Michael Diedenhofen            : otool_cosmo (COSMO solvation model)
   Jiri Pittner, Ondrej Demel                    : Mk-CCSD
   Frank Weinhold                                : gennbo (NPA and NBO analysis)
   Christopher J. Cramer and Donald G. Truhlar   : smd solvation model
   Lars Goerigk                                  : TD-DFT with DH, B97 family of functionals
   V. Asgeirsson, H. Jonsson                     : NEB implementation
   FAccTs GmbH                                   : IRC, NEB, NEB-TS, Multilevel, MM, QM/MM, CI optimization
   S Lehtola, MJT Oliveira, MAL Marques          : LibXC Library


 Your calculation uses the libint2 library for the computation of 2-el integrals
 For citations please refer to: http://libint.valeyev.net

 Your ORCA version has been built with support for libXC version: 4.2.3
 For citations please refer to: https://tddft.org/programs/libxc/

 This ORCA versions uses:
   CBLAS   interface :  Fast vector & matrix operations
   LAPACKE interface :  Fast linear algebra routines
   SCALAPACK package :  Parallel linear algebra routines


Your calculation utilizes the atom-pairwise dispersion correction
with the Becke-Johnson damping scheme (D3BJ)
Cite in your paper:
S.Grimme, S.Ehrlich, L.Goerigk, J Comput Chem, (2011), 32, 1456â€“1465 
S.Grimme, J.Antony, S.Ehrlich and H.Krieg, J.Chem.Phys., 132, (2010), 154104 
   

----- Orbital basis set information -----
Your calculation utilizes the basis: def2-SVP
   F. Weigend and R. Ahlrichs, Phys. Chem. Chem. Phys. 7, 3297 (2005).

----- AuxJ basis set information -----
Your calculation utilizes the auxiliary basis: def2/J
   F. Weigend, Phys. Chem. Chem. Phys. 8, 1057 (2006).

================================================================================
                                        WARNINGS
                       Please study these warnings very carefully!
================================================================================


INFO   : the flag for use of LIBINT has been found!

================================================================================
                                       INPUT FILE
================================================================================
NAME = h2_disp_orca.inp
|  1> ! EnGrad PBE D3BJ def2-SVP
|  2> %geom MaxIter 100 end
|  3> %output 
|  4> xyzfile=True 
|  5> end 
|  6> %scf 
|  7> maxiter 250 
|  8> end
|  9> %output
| 10> Print[P_Hirshfeld] = 1
| 11> end
| 12> % maxcore
| 13> 4000
| 14> *xyz 0 1
| 15> H    0.00000000   0.00000000   0.00000000 
| 16> H    1.00000001   0.00000000   0.00000000 
| 17> *
| 18> 
| 19>                          ****END OF INPUT****
================================================================================

                     *******************************
                     * Energy+Gradient Calculation *
                     *******************************

---------------------------------
CARTESIAN COORDINATES (ANGSTROEM)
---------------------------------
  H      0.000000    0.000000    0.000000
  H      1.000000    0.000000    0.000000

----------------------------
CARTESIAN COORDINATES (A.U.)
----------------------------
  NO LB      ZA    FRAG     MASS         X           Y           Z
   0 H     1.0000    0     1.008    0.000000    0.000000    0.000000
   1 H     1.0000    0     1.008    1.889726    0.000000    0.000000

--------------------------------
INTERNAL COORDINATES (ANGSTROEM)
--------------------------------
 H      0   0   0     0.000000000000     0.00000000     0.00000000
 H      1   0   0     1.000000010000     0.00000000     0.00000000

---------------------------
INTERNAL COORDINATES (A.U.)
---------------------------
 H      0   0   0     0.000000000000     0.00000000     0.00000000
 H      1   0   0     1.889726152819     0.00000000     0.00000000

---------------------
BASIS SET INFORMATION
---------------------
There are 1 groups of distinct atoms

 Group   1 Type H   : 4s1p contracted to 2s1p pattern {31/1}

Atom   0H    basis set group =>   1
Atom   1H    basis set group =>   1
---------------------------------
AUXILIARY/J BASIS SET INFORMATION
---------------------------------
There are 1 groups of distinct atoms

 Group   1 Type H   : 5s2p1d contracted to 3s1p1d pattern {311/2/1}

Atom   0H    basis set group =>   1
Atom   1H    basis set group =>   1
------------------------------------------------------------------------------
                           ORCA GTO INTEGRAL CALCULATION
                           -- RI-GTO INTEGRALS CHOSEN --
------------------------------------------------------------------------------

                         BASIS SET STATISTICS AND STARTUP INFO

Gaussian basis set:
 # of primitive gaussian shells          ...   10
 # of primitive gaussian functions       ...   14
 # of contracted shells                  ...    6
 # of contracted basis functions         ...   10
 Highest angular momentum                ...    1
 Maximum contraction depth               ...    3
Auxiliary gaussian basis set:
 # of primitive gaussian shells          ...   16
 # of primitive gaussian functions       ...   32
 # of contracted shells                  ...   10
 # of contracted aux-basis functions     ...   22
 Highest angular momentum                ...    2
 Maximum contraction depth               ...    3
Ratio of auxiliary to basis functions    ...  2.20
Integral package used                  ... LIBINT
 One Electron integrals                  ... done
 Ordering auxiliary basis shells         ... done
 Integral threshhold             Thresh  ...  2.500e-11
 Primitive cut-off               TCut    ...  2.500e-12
 Pre-screening matrix                    ... done
 Shell pair data                         ... 
 Ordering of the shell pairs             ... done (   0.000 sec) 21 of 21 pairs
 Determination of significant pairs      ... done (   0.000 sec)
 Creation of shell pair data             ... done (   0.000 sec)
 Storage of shell pair data              ... done (   0.000 sec)
 Shell pair data done in (   0.000 sec)
 Computing two index integrals           ... done
 Cholesky decomposition of the V-matrix  ... done


Timings:
 Total evaluation time                   ...   0.061 sec (  0.001 min)
 One electron matrix time                ...   0.002 sec (  0.000 min) =  3.1%
 Schwartz matrix evaluation time         ...   0.052 sec (  0.001 min) = 85.2%
 Two index repulsion integral time       ...   0.000 sec (  0.000 min) =  0.1%
 Cholesky decomposition of V             ...   0.000 sec (  0.000 min) =  0.3%
 Three index repulsion integral time     ...   0.000 sec (  0.000 min) =  0.0%

-------------------------------------------------------------------------------
                                 ORCA SCF
-------------------------------------------------------------------------------

------------
SCF SETTINGS
------------
Hamiltonian:
 Density Functional     Method          .... DFT(GTOs)
 Exchange Functional    Exchange        .... PBE
   PBE kappa parameter   XKappa         ....  0.804000
   PBE mue parameter    XMuePBE         ....  0.219520
 Correlation Functional Correlation     .... PBE
   PBE beta parameter  CBetaPBE         ....  0.066725
 LDA part of GGA corr.  LDAOpt          .... PW91-LDA
 Gradients option       PostSCFGGA      .... off
   Density functional embedding theory  .... OFF
   NL short-range parameter             ....  6.400000
 RI-approximation to the Coulomb term is turned on
   Number of auxiliary basis functions  .... 22


General Settings:
 Integral files         IntName         .... h2_disp_orca
 Hartree-Fock type      HFTyp           .... RHF
 Total Charge           Charge          ....    0
 Multiplicity           Mult            ....    1
 Number of Electrons    NEL             ....    2
 Basis Dimension        Dim             ....   10
 Nuclear Repulsion      ENuc            ....      0.5291772030 Eh

Convergence Acceleration:
 DIIS                   CNVDIIS         .... on
   Start iteration      DIISMaxIt       ....    12
   Startup error        DIISStart       ....  0.200000
   # of expansion vecs  DIISMaxEq       ....     5
   Bias factor          DIISBfac        ....   1.050
   Max. coefficient     DIISMaxC        ....  10.000
 Newton-Raphson         CNVNR           .... off
 SOSCF                  CNVSOSCF        .... on
   Start iteration      SOSCFMaxIt      ....   150
   Startup grad/error   SOSCFStart      ....  0.003300
 Level Shifting         CNVShift        .... on
   Level shift para.    LevelShift      ....    0.2500
   Turn off err/grad.   ShiftErr        ....    0.0010
 Zerner damping         CNVZerner       .... off
 Static damping         CNVDamp         .... on
   Fraction old density DampFac         ....    0.7000
   Max. Damping (<1)    DampMax         ....    0.9800
   Min. Damping (>=0)   DampMin         ....    0.0000
   Turn off err/grad.   DampErr         ....    0.1000
 Fernandez-Rico         CNVRico         .... off

SCF Procedure:
 Maximum # iterations   MaxIter         ....   250
 SCF integral mode      SCFMode         .... Direct
   Integral package                     .... LIBINT
 Reset frequency        DirectResetFreq ....    20
 Integral Threshold     Thresh          ....  2.500e-11 Eh
 Primitive CutOff       TCut            ....  2.500e-12 Eh

Convergence Tolerance:
 Convergence Check Mode ConvCheckMode   .... Total+1el-Energy
 Convergence forced     ConvForced      .... 0
 Energy Change          TolE            ....  1.000e-08 Eh
 1-El. energy change                    ....  1.000e-05 Eh
 Orbital Gradient       TolG            ....  1.000e-05
 Orbital Rotation angle TolX            ....  1.000e-05
 DIIS Error             TolErr          ....  5.000e-07


Diagonalization of the overlap matrix:
Smallest eigenvalue                        ... 1.144e-01
Time for diagonalization                   ...    0.000 sec
Threshold for overlap eigenvalues          ... 1.000e-08
Number of eigenvalues below threshold      ... 0
Time for construction of square roots      ...    0.000 sec
Total time needed                          ...    0.000 sec

-------------------
DFT GRID GENERATION
-------------------

General Integration Accuracy     IntAcc      ...  4.340
Radial Grid Type                 RadialGrid  ... Gauss-Chebyshev
Angular Grid (max. acc.)         AngularGrid ... Lebedev-110
Angular grid pruning method      GridPruning ... 3 (G Style)
Weight generation scheme         WeightScheme... Becke
Basis function cutoff            BFCut       ...    1.0000e-11
Integration weight cutoff        WCut        ...    1.0000e-14
Grids for H and He will be reduced by one unit

# of grid points (after initial pruning)     ...   1588 (   0.0 sec)
# of grid points (after weights+screening)   ...   1566 (   0.0 sec)
nearest neighbour list constructed           ...    0.0 sec
Grid point re-assignment to atoms done       ...    0.0 sec
Grid point division into batches done        ...    0.0 sec
Reduced shell lists constructed in    0.0 sec

Total number of grid points                  ...     1566
Total number of batches                      ...       26
Average number of points per batch           ...       60
Average number of grid points per atom       ...      783
Average number of shells per batch           ...     5.78 (96.30%)
Average number of basis functions per batch  ...     9.63 (96.30%)
Average number of large shells per batch     ...     5.74 (99.36%)
Average number of large basis fcns per batch ...     9.52 (98.85%)
Maximum spatial batch extension              ...  15.26, 21.59, 21.59 au
Average spatial batch extension              ...   5.01,  8.34,  8.47 au

Time for grid setup =    0.002 sec

------------------------------
INITIAL GUESS: MODEL POTENTIAL
------------------------------
Loading Hartree-Fock densities                     ... done
Calculating cut-offs                               ... done
Setting up the integral package                    ... done
Initializing the effective Hamiltonian             ... done
Starting the Coulomb interaction                   ... done (   0.0 sec)
Reading the grid                                   ... done
Mapping shells                                     ... done
Starting the XC term evaluation                    ... done (   0.0 sec)
  promolecular density results
     # of electrons  =      1.995342477
     EX              =     -0.539655112
     EC              =     -0.039204154
     EX+EC           =     -0.578859265
Transforming the Hamiltonian                       ... done (   0.0 sec)
Diagonalizing the Hamiltonian                      ... done (   0.0 sec)
Back transforming the eigenvectors                 ... done (   0.0 sec)
Now organizing SCF variables                       ... done
                      ------------------
                      INITIAL GUESS DONE (   0.1 sec)
                      ------------------
--------------
SCF ITERATIONS
--------------
ITER       Energy         Delta-E        Max-DP      RMS-DP      [F,P]     Damp
               ***  Starting incremental Fock matrix formation  ***
  0     -1.1371803689   0.000000000000 0.00800248  0.00156073  0.0277451 0.7000
  1     -1.1376074620  -0.000427093036 0.00733753  0.00142548  0.0194169 0.7000
                               ***Turning on DIIS***
  2     -1.1378921888  -0.000284726801 0.01726758  0.00334735  0.0123998 0.0000
  3     -1.1384268915  -0.000534702786 0.00253904  0.00049918  0.0034195 0.0000
                      *** Initiating the SOSCF procedure ***
                           *** Shutting down DIIS ***
                      *** Re-Reading the Fockian *** 
                      *** Removing any level shift *** 
ITER      Energy       Delta-E        Grad      Rot      Max-DP    RMS-DP
  4     -1.13844475  -0.0000178584  0.000599  0.000599  0.000999  0.000193
               *** Restarting incremental Fock matrix formation ***
  5     -1.13844598  -0.0000012260  0.000027  0.000038  0.000043  0.000008
                 **** Energy Check signals convergence ****
              ***Rediagonalizing the Fockian in SOSCF/NRSCF***

               *****************************************************
               *                     SUCCESS                       *
               *           SCF CONVERGED AFTER   6 CYCLES          *
               *****************************************************

Setting up the final grid:

General Integration Accuracy     IntAcc      ...  4.670
Radial Grid Type                 RadialGrid  ... Gauss-Chebyshev
Angular Grid (max. acc.)         AngularGrid ... Lebedev-302
Angular grid pruning method      GridPruning ... 3 (G Style)
Weight generation scheme         WeightScheme... Becke
Basis function cutoff            BFCut       ...    1.0000e-11
Integration weight cutoff        WCut        ...    1.0000e-14
Grids for H and He will be reduced by one unit

# of grid points (after initial pruning)     ...   6788 (   0.0 sec)
# of grid points (after weights+screening)   ...   6762 (   0.0 sec)
nearest neighbour list constructed           ...    0.0 sec
Grid point re-assignment to atoms done       ...    0.0 sec
Grid point division into batches done        ...    0.0 sec
Reduced shell lists constructed in    0.0 sec

Total number of grid points                  ...     6762
Total number of batches                      ...      106
Average number of points per batch           ...       63
Average number of grid points per atom       ...     3381
Average number of shells per batch           ...     5.62 (93.61%)
Average number of basis functions per batch  ...     9.13 (91.31%)
Average number of large shells per batch     ...     5.35 (95.17%)
Average number of large basis fcns per batch ...     8.58 (93.96%)
Maximum spatial batch extension              ...  13.36, 15.43, 15.43 au
Average spatial batch extension              ...   3.44,  3.75,  3.68 au

Final grid set up in    0.0 sec
Final integration                            ... done (   0.0 sec)
Change in XC energy                          ...    -0.000519751
Integrated number of electrons               ...     2.000001506
Previous integrated no of electrons          ...     1.996305491

----------------
TOTAL SCF ENERGY
----------------

Total Energy       :           -1.13896573 Eh             -30.99283 eV

Components:
Nuclear Repulsion  :            0.52917720 Eh              14.39964 eV
Electronic Energy  :           -1.66814293 Eh             -45.39248 eV
One Electron Energy:           -2.21299244 Eh             -60.21859 eV
Two Electron Energy:            0.54484951 Eh              14.82611 eV

Virial components:
Potential Energy   :           -2.07822304 Eh             -56.55132 eV
Kinetic Energy     :            0.93925731 Eh              25.55849 eV
Virial Ratio       :            2.21262375


DFT components:
N(Alpha)           :        1.000000753145 electrons
N(Beta)            :        1.000000753145 electrons
N(Total)           :        2.000001506290 electrons
E(X)               :       -0.581529949948 Eh       
E(C)               :       -0.042684508029 Eh       
E(XC)              :       -0.624214457977 Eh       
DFET-embed. en.    :        0.000000000000 Eh       

---------------
SCF CONVERGENCE
---------------

  Last Energy change         ...   -1.6201e-09  Tolerance :   1.0000e-08
  Last MAX-Density change    ...    8.9368e-06  Tolerance :   1.0000e-07
  Last RMS-Density change    ...    1.7428e-06  Tolerance :   5.0000e-09
  Last Orbital Gradient      ...    7.0603e-06  Tolerance :   1.0000e-05
  Last Orbital Rotation      ...    8.0205e-06  Tolerance :   1.0000e-05

             **** THE GBW FILE WAS UPDATED (h2_disp_orca.gbw) ****
             **** DENSITY FILE WAS UPDATED (h2_disp_orca.scfp) ****
             **** ENERGY FILE WAS UPDATED (h2_disp_orca.en.tmp) ****
             **** THE GBW FILE WAS UPDATED (h2_disp_orca.gbw) ****
             **** DENSITY FILE WAS UPDATED (h2_disp_orca.scfp) ****
----------------
ORBITAL ENERGIES
----------------

  NO   OCC          E(Eh)            E(eV) 
   0   2.0000      -0.337975        -9.1968 
   1   0.0000      -0.009271        -0.2523 
   2   0.0000       0.358351         9.7512 
   3   0.0000       0.549625        14.9561 
   4   0.0000       1.125742        30.6330 
   5   0.0000       1.125742        30.6330 
   6   0.0000       1.451556        39.4988 
   7   0.0000       1.700412        46.2706 
   8   0.0000       1.700412        46.2706 
   9   0.0000       2.578536        70.1655 

                    ********************************
                    * MULLIKEN POPULATION ANALYSIS *
                    ********************************

-----------------------
MULLIKEN ATOMIC CHARGES
-----------------------
   0 H :   -0.000000
   1 H :    0.000000
Sum of atomic charges:   -0.0000000

--------------------------------
MULLIKEN REDUCED ORBITAL CHARGES
--------------------------------
  0 H s       :     0.994220  s :     0.994220
      pz      :     0.000000  p :     0.005780
      px      :     0.005780
      py      :     0.000000
  1 H s       :     0.994220  s :     0.994220
      pz      :     0.000000  p :     0.005780
      px      :     0.005780
      py      :     0.000000


                     *******************************
                     * LOEWDIN POPULATION ANALYSIS *
                     *******************************

----------------------
LOEWDIN ATOMIC CHARGES
----------------------
   0 H :   -0.000000
   1 H :    0.000000

-------------------------------
LOEWDIN REDUCED ORBITAL CHARGES
-------------------------------
  0 H s       :     0.983646  s :     0.983646
      pz      :     0.000000  p :     0.016354
      px      :     0.016354
      py      :     0.000000
  1 H s       :     0.983646  s :     0.983646
      pz      :     0.000000  p :     0.016354
      px      :     0.016354
      py      :     0.000000


                      *****************************
                      * MAYER POPULATION ANALYSIS *
                      *****************************

  NA   - Mulliken gross atomic population
  ZA   - Total nuclear charge
  QA   - Mulliken gross atomic charge
  VA   - Mayer's total valence
  BVA  - Mayer's bonded valence
  FA   - Mayer's free valence

  ATOM       NA         ZA         QA         VA         BVA        FA
  0 H      1.0000     1.0000    -0.0000     1.0000     1.0000    -0.0000
  1 H      1.0000     1.0000     0.0000     1.0000     1.0000    -0.0000

  Mayer bond orders larger than 0.100000
B(  0-H ,  1-H ) :   1.0000 


------------------
HIRSHFELD ANALYSIS
------------------

Total integrated alpha density =      0.998152745
Total integrated beta density  =      0.998152745

  ATOM     CHARGE      SPIN    
   0 H    0.001847    0.000000
   1 H    0.001847    0.000000

  TOTAL   0.003695    0.000000

-------
TIMINGS
-------

Total SCF time: 0 days 0 hours 0 min 0 sec 

Total time                  ....       0.478 sec
Sum of individual times     ....       0.424 sec  ( 88.7%)

Fock matrix formation       ....       0.349 sec  ( 73.1%)
  Split-RI-J                ....       0.332 sec  ( 95.0% of F)
  XC integration            ....       0.016 sec  (  4.5% of F)
    Basis function eval.    ....       0.003 sec  ( 20.7% of XC)
    Density eval.           ....       0.003 sec  ( 17.7% of XC)
    XC-Functional eval.     ....       0.007 sec  ( 43.3% of XC)
    XC-Potential eval.      ....       0.001 sec  (  6.5% of XC)
Diagonalization             ....       0.000 sec  (  0.0%)
Density matrix formation    ....       0.000 sec  (  0.0%)
Population analysis         ....       0.001 sec  (  0.2%)
Initial guess               ....       0.056 sec  ( 11.7%)
Orbital Transformation      ....       0.000 sec  (  0.0%)
Orbital Orthonormalization  ....       0.000 sec  (  0.0%)
DIIS solution               ....       0.000 sec  (  0.0%)
SOSCF solution              ....       0.000 sec  (  0.0%)
Grid generation             ....       0.018 sec  (  3.7%)


-------------------------------------------------------------------------------
                          DFT DISPERSION CORRECTION                            
                                                                               
                              DFTD3 V3.1  Rev 1                                
                          USING Becke-Johnson damping                          
-------------------------------------------------------------------------------
The PBE functional is recognized
Active option DFTDOPT                   ...         4   

molecular C6(AA) [au] = 28.931678 


            DFT-D V3
 parameters
 s6 scaling factor         :     1.0000 
 a1 scaling factor         :     0.4289 
 s8 scaling factor         :     0.7875 
 a2 scaling factor         :     4.4407 
 ad hoc parameters k1-k3   :    16.0000     1.3333    -4.0000 

 Edisp/kcal,au: -0.132247128154  -0.000210749191 
 E6   /kcal   :  -0.104066703 
 E8   /kcal   :  -0.028180425 
 % E8         :  21.308912950 

-------------------------   ----------------
Dispersion correction           -0.000210749
-------------------------   ----------------


-------------------------   --------------------
FINAL SINGLE POINT ENERGY        -1.139176477697
-------------------------   --------------------

------------------------------------------------------------------------------
                         ORCA SCF GRADIENT CALCULATION
------------------------------------------------------------------------------

Gradient of the Kohn-Sham DFT energy:
Kohn-Sham wavefunction type      ... RKS
Hartree-Fock exchange scaling    ...    0.000
Number of operators              ...    1
Number of atoms                  ...    2
Basis set dimensions             ...   10
Integral neglect threshold       ... 2.5e-11
Integral primitive cutoff        ... 2.5e-12

Nuclear repulsion gradient       ... done
One Electron Gradient            ... done
Pre-screening matrix             ... done
RI-J gradient                    ... done
Exchange-correlation gradient    ... done
Dispersion correction            ... done

------------------
CARTESIAN GRADIENT
------------------

   1   H   :   -0.079873920    0.000000000   -0.000000000
   2   H   :    0.079873920   -0.000000000    0.000000000

Difference to translation invariance:
           :   -0.0000000000   -0.0000000000   -0.0000000000

Norm of the cartesian gradient     ...    0.1129587816
RMS gradient                       ...    0.0461152295
MAX gradient                       ...    0.0798739205

-------
TIMINGS
-------

Total SCF gradient time            ...        0.139 sec

One electron gradient       ....       0.000 sec  (  0.1%)
Prescreening matrices       ....       0.000 sec  (  0.0%)
RI-J Coulomb gradient       ....       0.042 sec  ( 30.0%)
XC gradient                 ....       0.016 sec  ( 11.3%)

                            ***************************************
                            *     ORCA property calculations      *
                            ***************************************

                                    ---------------------
                                    Active property flags
                                    ---------------------
   (+) Dipole Moment


------------------------------------------------------------------------------
                       ORCA ELECTRIC PROPERTIES CALCULATION
------------------------------------------------------------------------------

Dipole Moment Calculation                       ... on
Quadrupole Moment Calculation                   ... off
Polarizability Calculation                      ... off
GBWName                                         ... h2_disp_orca.gbw
Electron density file                           ... h2_disp_orca.scfp
The origin for moment calculation is the CENTER OF MASS  = ( 0.944863,  0.000000  0.000000)

-------------
DIPOLE MOMENT
-------------
                                X             Y             Z
Electronic contribution:      0.00000       0.00000      -0.00000
Nuclear contribution   :      0.00000       0.00000       0.00000
                        -----------------------------------------
Total Dipole Moment    :      0.00000       0.00000      -0.00000
                        -----------------------------------------
Magnitude (a.u.)       :      0.00000
Magnitude (Debye)      :      0.00000



--------------------
Rotational spectrum 
--------------------
 
Rotational constants in cm-1:     0.000000    33.447707    33.447707 
Rotational constants in MHz :     0.000000 1002737.042819 1002737.042819 

 Dipole components along the rotational axes: 
x,y,z [a.u.] :     0.000000     0.000000    -0.000000 
x,y,z [Debye]:     0.000000     0.000000    -0.000000 

 

Timings for individual modules:

Sum of individual times         ...        0.738 sec (=   0.012 min)
GTO integral calculation        ...        0.082 sec (=   0.001 min)  11.1 %
SCF iterations                  ...        0.494 sec (=   0.008 min)  67.0 %
SCF Gradient evaluation         ...        0.161 sec (=   0.003 min)  21.9 %
                             ****ORCA TERMINATED NORMALLY****
TOTAL RUN TIME: 0 days 0 hours 0 minutes 0 seconds 866 msec
