      -----------------------------------------------------------      
     |                   =====================                   |     
     |                           x T B                           |     
     |                   =====================                   |     
     |                         S. Grimme                         |     
     |          Mulliken Center for Theoretical Chemistry        |     
     |                    University of Bonn                     |     
      -----------------------------------------------------------      

   * xtb version 6.2.3 (830e466) compiled by 'ehlert@majestix' on 2020-03-16

   xtb is free software: you can redistribute it and/or modify it under
   the terms of the GNU Lesser General Public License as published by
   the Free Software Foundation, either version 3 of the License, or
   (at your option) any later version.
   
   xtb is distributed in the hope that it will be useful,
   but WITHOUT ANY WARRANTY; without even the implied warranty of
   MERCHANTABILITY or FITNESS FOR A PARTICULAR PURPOSE.  See the
   GNU Lesser General Public License for more details.
   
   Cite this work as:
   * S. Grimme, C. Bannwarth, P. Shushkov, J. Chem. Theory Comput., 2017,
     13, 1989-2009. DOI: 10.1021/acs.jctc.7b00118
   * C. Bannwarth, S. Ehlert and S. Grimme., J. Chem. Theory Comput., 2019,
     15, 1652-1671. DOI: 10.1021/acs.jctc.8b01176
   * P. Pracht, E. Caldeweyher, S. Ehlert, S. Grimme, ChemRxiv, 2019, preprint.
     DOI: 10.26434/chemrxiv.8326202.v1
   
   for DFT-D4:
   * E. Caldeweyher, C. Bannwarth and S. Grimme, J. Chem. Phys., 2017,
     147, 034112. DOI: 10.1063/1.4993215
   * E. Caldeweyher, S. Ehlert, A. Hansen, H. Neugebauer, S. Spicher,
     C. Bannwarth and S. Grimme, J. Chem. Phys., 2019, 150, 154122.
     DOI: 10.1063/1.5090222
   
   for sTDA-xTB:
   * S. Grimme and C. Bannwarth, J. Chem. Phys., 2016, 145, 054103.
     DOI: 10.1063/1.4959605
   
   in the mass-spec context:
   * V. Asgeirsson, C. Bauer and S. Grimme, Chem. Sci., 2017, 8, 4879.
     DOI: 10.1039/c7sc00601b
   
   for metadynamics refer to:
   * S. Grimme, J. Chem. Theory Comput., 2019, 155, 2847-2862
     DOI: 10.1021/acs.jctc.9b00143
   
   with help from (in alphabetical order)
   C. Bannwarth, F. Bohle, G. Brandenburg, E. Caldeweyher, M. Checinski,
   S. Dohm, S. Ehlert, S. Ehrlich, F. MÃ¤rz, H. Neugebauer, J. Pisarek,
   P. Pracht, P. Shushkov, and S. Spicher.
   
 * started run on 2020/08/20 at 17:46:31.425     

           -------------------------------------------------
          |                Calculation Setup                |
           -------------------------------------------------

          program call               : /u/fd/ball4935/opt/bin/xtb 4_6_xtb.xyz --chrg -1 --grad --gbsa Water
          hostname                   : comp0810
          coordinate file            : 4_6_xtb.xyz
          omp threads                :                     1
          number of atoms            :                     6
          number of electrons        :                    22
          charge                     :                    -1
          spin                       :                   0.0
          first test random number   :      0.61680605329038


molecular fragmentation (1/2 indicates fragments):
122222
# atoms in fragment 1/2:     1     5
 fragment masses (1/2) :       19.00       50.49
CMA distance (Bohr)    :   6.871
constraining FC (au)   :  0.0500
########################################################################
[WARNING] Please study the warnings concerning your input carefully
-2- prog_main: XTBPATH is not set, using XTBHOME instead
-1- prog_main: XTBHOME is not set, using HOME instead
########################################################################
           ------------------------------------------------- 
          |                 G F N 2 - x T B                 |
          | Geometry, Frequencies, Noncovalent interactions |
          |            JCTC 2019 parametrisation            |
           ------------------------------------------------- 
             k(s)              :                1.8500
             k(p)              :                2.2300
             k(d)              :                2.2300
             k(f)              :                2.0000
             kEN (H0ij)        :               -2.0000
             D4 a1             :                0.5200
             D4 a2             :                5.0000
             D4 s6             :                1.0000
             D4 s8             :                2.7000
             D4 s9             :                5.0000
             alphaj            :                2.0000

  Z AO/shell   Hii/eV     exponent
  1     Wed Apr 25 08:07:45 CEST 2018   EN: 2.200 GM2: 0.406  GM3: 0.0800  RAES: 1.40
     1s    -10.707211    1.230000
  6     Wed Apr 25 08:07:45 CEST 2018   EN: 2.550 GM2: 0.538  GM3: 0.1500  RAES: 3.00
     2s    -13.970922    2.096432
     2p    -10.063292    1.800000
  9     Mon Apr 23 13:58:50 CEST 2018   EN: 3.980 GM2: 0.532  GM3: 0.1426  RAES: 2.40
     2s    -23.458179    2.416361
     2p    -15.746583    2.308399
 17     Mon Apr 23 14:09:22 CEST 2018   EN: 3.160 GM2: 0.249  GM3: 0.1495  RAES: 2.50
     3s    -29.278781    2.485265
     3p    -12.673758    2.199650
     3d     -0.240338    2.476089

 Solvent             : Water
 Using internal parameter file: .param_gbsa2_Water
 Gsolv ref. state (COSMO-RS): gsolv [1 M gas/solution]
 temperature (mdtemp)       :    298.150000000000     
 dielectric constant        :    80.2000000000000     
 rho                        :    1.00000000000000     
 mass                       :    18.0000000000000     
 surface tension            :    15.5689454083859     
 probe radius               :   0.975313790000000     
 Gshift (Eh)                :   1.857443126794793E-003
 c1                         :    1.55243817000000     
 soset                      :   0.130326360000000     
 HB correction              :  T
           ------------------------------------------------- 
          |        Self-Consistent Charge Iterations        |
           ------------------------------------------------- 

          ...................................................
          :                      SETUP                      :
          :.................................................:
          :  # basis functions                  21          :
          :  # atomic orbitals                  20          :
          :  # shells                           10          :
          :  # electrons                        22          :
          :  max. iterations                   250          :
          :  Hamiltonian                  GFN2-xTB          :
          :  restarted?                      false          :
          :  GBSA solvation                   true          :
          :  PC potential                    false          :
          :  electronic temp.          300.0000000     K    :
          :  accuracy                    1.0000000          :
          :  -> integral cutoff          0.2500000E+02      :
          :  -> integral neglect         0.1000000E-07      :
          :  -> SCF convergence          0.1000000E-05 Eh   :
          :  -> wf. convergence          0.1000000E-03 e    :
          :  Broyden damping             0.4000000          :
          ...................................................

 iter      E             dE          RMSdq      gap      omega  full diag
   1    -13.2432720 -0.132433E+02  0.611E+00    5.85       0.0  T
   2    -13.3082026 -0.649306E-01  0.302E+00    3.74       1.0  T
   3    -13.3115111 -0.330854E-02  0.167E+00    3.82       1.0  T
   4    -13.3120956 -0.584490E-03  0.307E-01    3.47       1.0  T
   5    -13.3121725 -0.769221E-04  0.213E-01    3.58       1.0  T
   6    -13.3122492 -0.766711E-04  0.178E-01    3.51       1.0  T
   7    -13.3123437 -0.944594E-04  0.532E-02    3.50       1.0  T
   8    -13.3123494 -0.568994E-05  0.133E-02    3.49       3.1  T
   9    -13.3123497 -0.391308E-06  0.109E-03    3.50      37.6  T
  10    -13.3123497 -0.376031E-08  0.229E-04    3.50     178.2  T
  11    -13.3123497 -0.880096E-10  0.539E-05    3.50     757.9  T

   *** convergence criteria satisfied after 11 iterations ***

         #    Occupation            Energy/Eh            Energy/eV
      -------------------------------------------------------------
         1        2.0000           -1.0421161             -28.3574
       ...           ...                  ...                  ...
         5        2.0000           -0.4953825             -13.4800
         6        2.0000           -0.4646545             -12.6439
         7        2.0000           -0.4101242             -11.1600
         8        2.0000           -0.4101180             -11.1599
         9        2.0000           -0.3444848              -9.3739
        10        2.0000           -0.3437657              -9.3543
        11        2.0000           -0.3437646              -9.3543 (HOMO)
        12                         -0.2151218              -5.8538 (LUMO)
        13                          0.0435944               1.1863
        14                          0.0436263               1.1871
        15                          0.0448929               1.2216
        16                          0.0449138               1.2222
       ...                                ...                  ...
        20                          0.2340826               6.3697
      -------------------------------------------------------------
                  HL-Gap            0.1286428 Eh            3.5005 eV
             Fermi-level           -0.2794432 Eh           -7.6040 eV

 SCC (total)                   0 d,  0 h,  0 min,  0.007 sec
 SCC setup                      ...        0 min,  0.000 sec (  4.479%)
 Dispersion                     ...        0 min,  0.000 sec (  0.471%)
 integral evaluation            ...        0 min,  0.001 sec ( 16.874%)
 zeroth order Hamiltonian       ...        0 min,  0.000 sec (  0.623%)
 iterations                     ...        0 min,  0.004 sec ( 56.467%)
 molecular gradient             ...        0 min,  0.001 sec ( 18.515%)
 printout                       ...        0 min,  0.000 sec (  1.836%)

         :::::::::::::::::::::::::::::::::::::::::::::::::::::
         ::                     SUMMARY                     ::
         :::::::::::::::::::::::::::::::::::::::::::::::::::::
         :: total energy             -13.257459871680 Eh    ::
         :: total w/o Gsasa/hb       -13.256111160303 Eh    ::
         :: gradient norm              0.050603688288 Eh/a0 ::
         :: HOMO-LUMO gap              3.500548845843 eV    ::
         ::.................................................::
         :: SCC energy               -13.309849911290 Eh    ::
         :: -> isotropic ES            0.244502440888 Eh    ::
         :: -> anisotropic ES         -0.002178780385 Eh    ::
         :: -> anisotropic XC          0.002937329519 Eh    ::
         :: -> dispersion             -0.002046303494 Eh    ::
         :: -> Gsolv                  -0.116843198506 Eh    ::
         ::    -> Gborn               -0.115494487129 Eh    ::
         ::    -> Gsasa                0.000642394086 Eh    ::
         ::    -> Ghb                 -0.003848548590 Eh    ::
         ::    -> Gshift               0.001857443127 Eh    ::
         :: repulsion energy           0.052390189288 Eh    ::
         :: add. restraining           0.000000000000 Eh    ::
         :::::::::::::::::::::::::::::::::::::::::::::::::::::

           -------------------------------------------------
          |                Property Printout                |
           -------------------------------------------------

    * Orbital Energies and Occupations

         #    Occupation            Energy/Eh            Energy/eV
      -------------------------------------------------------------
         1        2.0000           -1.0421161             -28.3574
         2        2.0000           -0.6109185             -16.6239
         3        2.0000           -0.5886105             -16.0169
         4        2.0000           -0.4956319             -13.4868
         5        2.0000           -0.4953825             -13.4800
         6        2.0000           -0.4646545             -12.6439
         7        2.0000           -0.4101242             -11.1600
         8        2.0000           -0.4101180             -11.1599
         9        2.0000           -0.3444848              -9.3739
        10        2.0000           -0.3437657              -9.3543
        11        2.0000           -0.3437646              -9.3543 (HOMO)
        12                         -0.2151218              -5.8538 (LUMO)
        13                          0.0435944               1.1863
        14                          0.0436263               1.1871
        15                          0.0448929               1.2216
        16                          0.0449138               1.2222
        17                          0.0736673               2.0046
        18                          0.1285207               3.4972
        19                          0.2304742               6.2715
        20                          0.2340826               6.3697
      -------------------------------------------------------------
                  HL-Gap            0.1286428 Eh            3.5005 eV
             Fermi-level           -0.2794432 Eh           -7.6040 eV

     #   Z        covCN         q      C6AA      Î±(0)
     1   9 F      0.008    -0.917    22.659     5.544
     2  17 Cl     0.842    -0.347   110.300    16.067
     3   6 C      3.624     0.014    20.782     6.570
     4   1 H      0.925     0.083     1.947     2.182
     5   1 H      0.925     0.084     1.943     2.180
     6   1 H      0.925     0.084     1.942     2.179

 Mol. C6AA /auÂ·bohrâ¶  :        569.213775
 Mol. C8AA /auÂ·bohrâ¸  :      15865.714399
 Mol. Î±(0) /au        :         34.721776


Wiberg/Mayer (AO) data.
largest (>0.10) Wiberg bond orders for each atom
          total WBO             WBO to atom ...
     1  F   0.160        C    3 0.104
     2  Cl  0.891        C    3 0.826
     3  C   3.900        H    4 0.990    H    5 0.990    H    6 0.990    Cl   2 0.826    F    1 0.104
     4  H   0.993        C    3 0.990
     5  H   0.993        C    3 0.990
     6  H   0.993        C    3 0.990

molecular dipole:
                 x           y           z       tot (Debye)
 q only:        3.329       0.062      -0.052
   full:        3.006       0.054      -0.048       7.642
molecular quadrupole (traceless):
                xx          xy          yy          xz          yz          zz
 q only:      -26.800      -0.820      13.396       0.553       0.010      13.404
  q+dip:      -29.554      -0.912      14.771       0.606       0.009      14.782
   full:      -28.422      -0.876      14.206       0.585       0.010      14.216


           -------------------------------------------------
          | TOTAL ENERGY              -13.257459871680 Eh   |
          | GRADIENT NORM               0.050603688288 Eh/Î± |
          | HOMO-LUMO GAP               3.500548845843 eV   |
           -------------------------------------------------

------------------------------------------------------------------------
 * finished run on 2020/08/20 at 17:46:31.492     
------------------------------------------------------------------------
 total:
 * wall-time:     0 d,  0 h,  0 min,  0.066 sec
 *  cpu-time:     0 d,  0 h,  0 min,  0.018 sec
 * ratio c/w:     0.281 speedup
 SCF:
 * wall-time:     0 d,  0 h,  0 min,  0.007 sec
 *  cpu-time:     0 d,  0 h,  0 min,  0.007 sec
 * ratio c/w:     0.995 speedup

