      -----------------------------------------------------------      
     |                   =====================                   |     
     |                           x T B                           |     
     |                   =====================                   |     
     |                         S. Grimme                         |     
     |          Mulliken Center for Theoretical Chemistry        |     
     |                    University of Bonn                     |     
      -----------------------------------------------------------      

   * xtb version 6.2.3 (830e466) compiled by 'ehlert@majestix' on 2020-03-16

   xtb is free software: you can redistribute it and/or modify it under
   the terms of the GNU Lesser General Public License as published by
   the Free Software Foundation, either version 3 of the License, or
   (at your option) any later version.
   
   xtb is distributed in the hope that it will be useful,
   but WITHOUT ANY WARRANTY; without even the implied warranty of
   MERCHANTABILITY or FITNESS FOR A PARTICULAR PURPOSE.  See the
   GNU Lesser General Public License for more details.
   
   Cite this work as:
   * S. Grimme, C. Bannwarth, P. Shushkov, J. Chem. Theory Comput., 2017,
     13, 1989-2009. DOI: 10.1021/acs.jctc.7b00118
   * C. Bannwarth, S. Ehlert and S. Grimme., J. Chem. Theory Comput., 2019,
     15, 1652-1671. DOI: 10.1021/acs.jctc.8b01176
   * P. Pracht, E. Caldeweyher, S. Ehlert, S. Grimme, ChemRxiv, 2019, preprint.
     DOI: 10.26434/chemrxiv.8326202.v1
   
   for DFT-D4:
   * E. Caldeweyher, C. Bannwarth and S. Grimme, J. Chem. Phys., 2017,
     147, 034112. DOI: 10.1063/1.4993215
   * E. Caldeweyher, S. Ehlert, A. Hansen, H. Neugebauer, S. Spicher,
     C. Bannwarth and S. Grimme, J. Chem. Phys., 2019, 150, 154122.
     DOI: 10.1063/1.5090222
   
   for sTDA-xTB:
   * S. Grimme and C. Bannwarth, J. Chem. Phys., 2016, 145, 054103.
     DOI: 10.1063/1.4959605
   
   in the mass-spec context:
   * V. Asgeirsson, C. Bauer and S. Grimme, Chem. Sci., 2017, 8, 4879.
     DOI: 10.1039/c7sc00601b
   
   for metadynamics refer to:
   * S. Grimme, J. Chem. Theory Comput., 2019, 155, 2847-2862
     DOI: 10.1021/acs.jctc.9b00143
   
   with help from (in alphabetical order)
   C. Bannwarth, F. Bohle, G. Brandenburg, E. Caldeweyher, M. Checinski,
   S. Dohm, S. Ehlert, S. Ehrlich, F. MÃ¤rz, H. Neugebauer, J. Pisarek,
   P. Pracht, P. Shushkov, and S. Spicher.
   
 * started run on 2020/08/20 at 17:46:32.063     

           -------------------------------------------------
          |                Calculation Setup                |
           -------------------------------------------------

          program call               : /u/fd/ball4935/opt/bin/xtb 4_8_xtb.xyz --chrg -1 --grad --gbsa Water
          hostname                   : comp0810
          coordinate file            : 4_8_xtb.xyz
          omp threads                :                     1
          number of atoms            :                     6
          number of electrons        :                    22
          charge                     :                    -1
          spin                       :                   0.0
          first test random number   :      0.88233730476288


molecular fragmentation (1/2 indicates fragments):
122222
# atoms in fragment 1/2:     1     5
 fragment masses (1/2) :       19.00       50.49
CMA distance (Bohr)    :   6.841
constraining FC (au)   :  0.0500
########################################################################
[WARNING] Please study the warnings concerning your input carefully
-2- prog_main: XTBPATH is not set, using XTBHOME instead
-1- prog_main: XTBHOME is not set, using HOME instead
########################################################################
           ------------------------------------------------- 
          |                 G F N 2 - x T B                 |
          | Geometry, Frequencies, Noncovalent interactions |
          |            JCTC 2019 parametrisation            |
           ------------------------------------------------- 
             k(s)              :                1.8500
             k(p)              :                2.2300
             k(d)              :                2.2300
             k(f)              :                2.0000
             kEN (H0ij)        :               -2.0000
             D4 a1             :                0.5200
             D4 a2             :                5.0000
             D4 s6             :                1.0000
             D4 s8             :                2.7000
             D4 s9             :                5.0000
             alphaj            :                2.0000

  Z AO/shell   Hii/eV     exponent
  1     Wed Apr 25 08:07:45 CEST 2018   EN: 2.200 GM2: 0.406  GM3: 0.0800  RAES: 1.40
     1s    -10.707211    1.230000
  6     Wed Apr 25 08:07:45 CEST 2018   EN: 2.550 GM2: 0.538  GM3: 0.1500  RAES: 3.00
     2s    -13.970922    2.096432
     2p    -10.063292    1.800000
  9     Mon Apr 23 13:58:50 CEST 2018   EN: 3.980 GM2: 0.532  GM3: 0.1426  RAES: 2.40
     2s    -23.458179    2.416361
     2p    -15.746583    2.308399
 17     Mon Apr 23 14:09:22 CEST 2018   EN: 3.160 GM2: 0.249  GM3: 0.1495  RAES: 2.50
     3s    -29.278781    2.485265
     3p    -12.673758    2.199650
     3d     -0.240338    2.476089

 Solvent             : Water
 Using internal parameter file: .param_gbsa2_Water
 Gsolv ref. state (COSMO-RS): gsolv [1 M gas/solution]
 temperature (mdtemp)       :    298.150000000000     
 dielectric constant        :    80.2000000000000     
 rho                        :    1.00000000000000     
 mass                       :    18.0000000000000     
 surface tension            :    15.5689454083859     
 probe radius               :   0.975313790000000     
 Gshift (Eh)                :   1.857443126794793E-003
 c1                         :    1.55243817000000     
 soset                      :   0.130326360000000     
 HB correction              :  T
           ------------------------------------------------- 
          |        Self-Consistent Charge Iterations        |
           ------------------------------------------------- 

          ...................................................
          :                      SETUP                      :
          :.................................................:
          :  # basis functions                  21          :
          :  # atomic orbitals                  20          :
          :  # shells                           10          :
          :  # electrons                        22          :
          :  max. iterations                   250          :
          :  Hamiltonian                  GFN2-xTB          :
          :  restarted?                      false          :
          :  GBSA solvation                   true          :
          :  PC potential                    false          :
          :  electronic temp.          300.0000000     K    :
          :  accuracy                    1.0000000          :
          :  -> integral cutoff          0.2500000E+02      :
          :  -> integral neglect         0.1000000E-07      :
          :  -> SCF convergence          0.1000000E-05 Eh   :
          :  -> wf. convergence          0.1000000E-03 e    :
          :  Broyden damping             0.4000000          :
          ...................................................

 iter      E             dE          RMSdq      gap      omega  full diag
   1    -13.2493689 -0.132494E+02  0.600E+00    5.96       0.0  T
   2    -13.3120541 -0.626851E-01  0.300E+00    3.90       1.0  T
   3    -13.3147655 -0.271144E-02  0.164E+00    3.93       1.0  T
   4    -13.3152931 -0.527550E-03  0.312E-01    3.59       1.0  T
   5    -13.3153831 -0.900355E-04  0.210E-01    3.69       1.0  T
   6    -13.3154519 -0.687674E-04  0.186E-01    3.62       1.0  T
   7    -13.3155550 -0.103194E-03  0.456E-02    3.61       1.0  T
   8    -13.3155590 -0.395908E-05  0.114E-02    3.60       3.6  T
   9    -13.3155593 -0.256649E-06  0.819E-04    3.61      49.9  T
  10    -13.3155593 -0.207644E-08  0.182E-04    3.61     223.9  T

   *** convergence criteria satisfied after 10 iterations ***

         #    Occupation            Energy/Eh            Energy/eV
      -------------------------------------------------------------
         1        2.0000           -1.0427918             -28.3758
       ...           ...                  ...                  ...
         5        2.0000           -0.4952674             -13.4769
         6        2.0000           -0.4670515             -12.7091
         7        2.0000           -0.4105416             -11.1714
         8        2.0000           -0.4105216             -11.1709
         9        2.0000           -0.3434895              -9.3468
        10        2.0000           -0.3430510              -9.3349
        11        2.0000           -0.3430496              -9.3349 (HOMO)
        12                         -0.2103192              -5.7231 (LUMO)
        13                          0.0422978               1.1510
        14                          0.0423073               1.1512
        15                          0.0436358               1.1874
        16                          0.0436621               1.1881
       ...                                ...                  ...
        20                          0.2375492               6.4640
      -------------------------------------------------------------
                  HL-Gap            0.1327305 Eh            3.6118 eV
             Fermi-level           -0.2766844 Eh           -7.5290 eV

 SCC (total)                   0 d,  0 h,  0 min,  0.006 sec
 SCC setup                      ...        0 min,  0.000 sec (  4.676%)
 Dispersion                     ...        0 min,  0.000 sec (  0.478%)
 integral evaluation            ...        0 min,  0.001 sec ( 17.128%)
 zeroth order Hamiltonian       ...        0 min,  0.000 sec (  0.541%)
 iterations                     ...        0 min,  0.004 sec ( 55.378%)
 molecular gradient             ...        0 min,  0.001 sec ( 19.147%)
 printout                       ...        0 min,  0.000 sec (  1.898%)

         :::::::::::::::::::::::::::::::::::::::::::::::::::::
         ::                     SUMMARY                     ::
         :::::::::::::::::::::::::::::::::::::::::::::::::::::
         :: total energy             -13.258644146459 Eh    ::
         :: total w/o Gsasa/hb       -13.257304057792 Eh    ::
         :: gradient norm              0.048952324528 Eh/a0 ::
         :: HOMO-LUMO gap              3.611780221757 eV    ::
         ::.................................................::
         :: SCC energy               -13.313066475778 Eh    ::
         :: -> isotropic ES            0.246039766419 Eh    ::
         :: -> anisotropic ES         -0.002607363727 Eh    ::
         :: -> anisotropic XC          0.002526630199 Eh    ::
         :: -> dispersion             -0.002056427341 Eh    ::
         :: -> Gsolv                  -0.117398146579 Eh    ::
         ::    -> Gborn               -0.116058057912 Eh    ::
         ::    -> Gsasa                0.000635348732 Eh    ::
         ::    -> Ghb                 -0.003832880526 Eh    ::
         ::    -> Gshift               0.001857443127 Eh    ::
         :: repulsion energy           0.054422471168 Eh    ::
         :: add. restraining           0.000000000000 Eh    ::
         :::::::::::::::::::::::::::::::::::::::::::::::::::::

           -------------------------------------------------
          |                Property Printout                |
           -------------------------------------------------

    * Orbital Energies and Occupations

         #    Occupation            Energy/Eh            Energy/eV
      -------------------------------------------------------------
         1        2.0000           -1.0427918             -28.3758
         2        2.0000           -0.6101417             -16.6028
         3        2.0000           -0.5890024             -16.0276
         4        2.0000           -0.4953539             -13.4793
         5        2.0000           -0.4952674             -13.4769
         6        2.0000           -0.4670515             -12.7091
         7        2.0000           -0.4105416             -11.1714
         8        2.0000           -0.4105216             -11.1709
         9        2.0000           -0.3434895              -9.3468
        10        2.0000           -0.3430510              -9.3349
        11        2.0000           -0.3430496              -9.3349 (HOMO)
        12                         -0.2103192              -5.7231 (LUMO)
        13                          0.0422978               1.1510
        14                          0.0423073               1.1512
        15                          0.0436358               1.1874
        16                          0.0436621               1.1881
        17                          0.0802999               2.1851
        18                          0.1401342               3.8132
        19                          0.2366253               6.4389
        20                          0.2375492               6.4640
      -------------------------------------------------------------
                  HL-Gap            0.1327305 Eh            3.6118 eV
             Fermi-level           -0.2766844 Eh           -7.5290 eV

     #   Z        covCN         q      C6AA      Î±(0)
     1   9 F      0.008    -0.922    22.784     5.560
     2  17 Cl     0.849    -0.337   109.932    16.040
     3   6 C      3.633     0.014    20.732     6.553
     4   1 H      0.925     0.082     1.962     2.190
     5   1 H      0.925     0.082     1.962     2.190
     6   1 H      0.925     0.082     1.963     2.191

 Mol. C6AA /auÂ·bohrâ¶  :        569.650633
 Mol. C8AA /auÂ·bohrâ¸  :      15860.020261
 Mol. Î±(0) /au        :         34.724500


Wiberg/Mayer (AO) data.
largest (>0.10) Wiberg bond orders for each atom
          total WBO             WBO to atom ...
     1  F   0.149
     2  Cl  0.900        C    3 0.836
     3  C   3.902        H    6 0.990    H    5 0.990    H    4 0.990    Cl   2 0.836
     4  H   0.993        C    3 0.990
     5  H   0.993        C    3 0.990
     6  H   0.993        C    3 0.990

molecular dipole:
                 x           y           z       tot (Debye)
 q only:        3.364       0.062      -0.053
   full:        3.022       0.055      -0.049       7.683
molecular quadrupole (traceless):
                xx          xy          yy          xz          yz          zz
 q only:      -26.515      -0.810      13.253       0.548       0.010      13.262
  q+dip:      -29.268      -0.903      14.629       0.602       0.009      14.640
   full:      -28.158      -0.866      14.074       0.582       0.010      14.084


           -------------------------------------------------
          | TOTAL ENERGY              -13.258644146459 Eh   |
          | GRADIENT NORM               0.048952324528 Eh/Î± |
          | HOMO-LUMO GAP               3.611780221757 eV   |
           -------------------------------------------------

------------------------------------------------------------------------
 * finished run on 2020/08/20 at 17:46:32.110     
------------------------------------------------------------------------
 total:
 * wall-time:     0 d,  0 h,  0 min,  0.046 sec
 *  cpu-time:     0 d,  0 h,  0 min,  0.019 sec
 * ratio c/w:     0.417 speedup
 SCF:
 * wall-time:     0 d,  0 h,  0 min,  0.007 sec
 *  cpu-time:     0 d,  0 h,  0 min,  0.007 sec
 * ratio c/w:     0.997 speedup

