      -----------------------------------------------------------      
     |                   =====================                   |     
     |                           x T B                           |     
     |                   =====================                   |     
     |                         S. Grimme                         |     
     |          Mulliken Center for Theoretical Chemistry        |     
     |                    University of Bonn                     |     
      -----------------------------------------------------------      

   * xtb version 6.2.3 (830e466) compiled by 'ehlert@majestix' on 2020-03-16

   xtb is free software: you can redistribute it and/or modify it under
   the terms of the GNU Lesser General Public License as published by
   the Free Software Foundation, either version 3 of the License, or
   (at your option) any later version.
   
   xtb is distributed in the hope that it will be useful,
   but WITHOUT ANY WARRANTY; without even the implied warranty of
   MERCHANTABILITY or FITNESS FOR A PARTICULAR PURPOSE.  See the
   GNU Lesser General Public License for more details.
   
   Cite this work as:
   * S. Grimme, C. Bannwarth, P. Shushkov, J. Chem. Theory Comput., 2017,
     13, 1989-2009. DOI: 10.1021/acs.jctc.7b00118
   * C. Bannwarth, S. Ehlert and S. Grimme., J. Chem. Theory Comput., 2019,
     15, 1652-1671. DOI: 10.1021/acs.jctc.8b01176
   * P. Pracht, E. Caldeweyher, S. Ehlert, S. Grimme, ChemRxiv, 2019, preprint.
     DOI: 10.26434/chemrxiv.8326202.v1
   
   for DFT-D4:
   * E. Caldeweyher, C. Bannwarth and S. Grimme, J. Chem. Phys., 2017,
     147, 034112. DOI: 10.1063/1.4993215
   * E. Caldeweyher, S. Ehlert, A. Hansen, H. Neugebauer, S. Spicher,
     C. Bannwarth and S. Grimme, J. Chem. Phys., 2019, 150, 154122.
     DOI: 10.1063/1.5090222
   
   for sTDA-xTB:
   * S. Grimme and C. Bannwarth, J. Chem. Phys., 2016, 145, 054103.
     DOI: 10.1063/1.4959605
   
   in the mass-spec context:
   * V. Asgeirsson, C. Bauer and S. Grimme, Chem. Sci., 2017, 8, 4879.
     DOI: 10.1039/c7sc00601b
   
   for metadynamics refer to:
   * S. Grimme, J. Chem. Theory Comput., 2019, 155, 2847-2862
     DOI: 10.1021/acs.jctc.9b00143
   
   with help from (in alphabetical order)
   C. Bannwarth, F. Bohle, G. Brandenburg, E. Caldeweyher, M. Checinski,
   S. Dohm, S. Ehlert, S. Ehrlich, F. MÃ¤rz, H. Neugebauer, J. Pisarek,
   P. Pracht, P. Shushkov, and S. Spicher.
   
 * started run on 2020/08/20 at 17:46:30.341     

           -------------------------------------------------
          |                Calculation Setup                |
           -------------------------------------------------

          program call               : /u/fd/ball4935/opt/bin/xtb 5_3_xtb.xyz --chrg -1 --grad --gbsa Water
          hostname                   : comp0810
          coordinate file            : 5_3_xtb.xyz
          omp threads                :                     1
          number of atoms            :                     6
          number of electrons        :                    22
          charge                     :                    -1
          spin                       :                   0.0
          first test random number   :      0.70286745845514


molecular fragmentation (1/2 indicates fragments):
122222
# atoms in fragment 1/2:     1     5
 fragment masses (1/2) :       19.00       50.49
CMA distance (Bohr)    :   7.781
constraining FC (au)   :  0.0500
########################################################################
[WARNING] Please study the warnings concerning your input carefully
-2- prog_main: XTBPATH is not set, using XTBHOME instead
-1- prog_main: XTBHOME is not set, using HOME instead
########################################################################
           ------------------------------------------------- 
          |                 G F N 2 - x T B                 |
          | Geometry, Frequencies, Noncovalent interactions |
          |            JCTC 2019 parametrisation            |
           ------------------------------------------------- 
             k(s)              :                1.8500
             k(p)              :                2.2300
             k(d)              :                2.2300
             k(f)              :                2.0000
             kEN (H0ij)        :               -2.0000
             D4 a1             :                0.5200
             D4 a2             :                5.0000
             D4 s6             :                1.0000
             D4 s8             :                2.7000
             D4 s9             :                5.0000
             alphaj            :                2.0000

  Z AO/shell   Hii/eV     exponent
  1     Wed Apr 25 08:07:45 CEST 2018   EN: 2.200 GM2: 0.406  GM3: 0.0800  RAES: 1.40
     1s    -10.707211    1.230000
  6     Wed Apr 25 08:07:45 CEST 2018   EN: 2.550 GM2: 0.538  GM3: 0.1500  RAES: 3.00
     2s    -13.970922    2.096432
     2p    -10.063292    1.800000
  9     Mon Apr 23 13:58:50 CEST 2018   EN: 3.980 GM2: 0.532  GM3: 0.1426  RAES: 2.40
     2s    -23.458179    2.416361
     2p    -15.746583    2.308399
 17     Mon Apr 23 14:09:22 CEST 2018   EN: 3.160 GM2: 0.249  GM3: 0.1495  RAES: 2.50
     3s    -29.278781    2.485265
     3p    -12.673758    2.199650
     3d     -0.240338    2.476089

 Solvent             : Water
 Using internal parameter file: .param_gbsa2_Water
 Gsolv ref. state (COSMO-RS): gsolv [1 M gas/solution]
 temperature (mdtemp)       :    298.150000000000     
 dielectric constant        :    80.2000000000000     
 rho                        :    1.00000000000000     
 mass                       :    18.0000000000000     
 surface tension            :    15.5689454083859     
 probe radius               :   0.975313790000000     
 Gshift (Eh)                :   1.857443126794793E-003
 c1                         :    1.55243817000000     
 soset                      :   0.130326360000000     
 HB correction              :  T
           ------------------------------------------------- 
          |        Self-Consistent Charge Iterations        |
           ------------------------------------------------- 

          ...................................................
          :                      SETUP                      :
          :.................................................:
          :  # basis functions                  21          :
          :  # atomic orbitals                  20          :
          :  # shells                           10          :
          :  # electrons                        22          :
          :  max. iterations                   250          :
          :  Hamiltonian                  GFN2-xTB          :
          :  restarted?                      false          :
          :  GBSA solvation                   true          :
          :  PC potential                    false          :
          :  electronic temp.          300.0000000     K    :
          :  accuracy                    1.0000000          :
          :  -> integral cutoff          0.2500000E+02      :
          :  -> integral neglect         0.1000000E-07      :
          :  -> SCF convergence          0.1000000E-05 Eh   :
          :  -> wf. convergence          0.1000000E-03 e    :
          :  Broyden damping             0.4000000          :
          ...................................................

 iter      E             dE          RMSdq      gap      omega  full diag
   1    -13.1495248 -0.131495E+02  0.795E+00    3.63       0.0  T
   2    -13.1790080 -0.294832E-01  0.454E+00    0.77       1.0  T
   3    -13.2585431 -0.795351E-01  0.337E+00    2.52       1.0  T
   4    -13.2807887 -0.222456E-01  0.628E-01    1.73       1.0  T
   5    -13.2803887  0.400003E-03  0.631E-01    1.60       1.0  T
   6    -13.2810148 -0.626104E-03  0.307E-01    1.61       1.0  T
   7    -13.2811626 -0.147873E-03  0.886E-02    1.63       1.0  T
   8    -13.2811608  0.180237E-05  0.861E-02    1.58       1.0  T
   9    -13.2811876 -0.267590E-04  0.188E-02    1.61       2.2  T
  10    -13.2811887 -0.110344E-05  0.844E-03    1.62       4.8  T
  11    -13.2811887 -0.117219E-07  0.449E-03    1.62       9.1  T
  12    -13.2811888 -0.746314E-07  0.230E-04    1.62     177.3  T
  13    -13.2811888 -0.502212E-10  0.116E-04    1.62     351.7  T

   *** convergence criteria satisfied after 13 iterations ***

         #    Occupation            Energy/Eh            Energy/eV
      -------------------------------------------------------------
         1        2.0000           -1.0207830             -27.7769
       ...           ...                  ...                  ...
         5        2.0000           -0.4958038             -13.4915
         6        2.0000           -0.4252376             -11.5713
         7        2.0000           -0.3982492             -10.8369
         8        2.0000           -0.3982480             -10.8369
         9        2.0000           -0.3761033             -10.2343
        10        2.0000           -0.3723827             -10.1330
        11        2.0000           -0.3723825             -10.1330 (HOMO)
        12                         -0.3129480              -8.5157 (LUMO)
        13                          0.0786536               2.1403
        14                          0.0786544               2.1403
        15                          0.0799096               2.1745
        16                          0.0799099               2.1745
       ...                                ...                  ...
        20                          0.2717939               7.3959
      -------------------------------------------------------------
                  HL-Gap            0.0594345 Eh            1.6173 eV
             Fermi-level           -0.3423430 Eh           -9.3156 eV

 SCC (total)                   0 d,  0 h,  0 min,  0.007 sec
 SCC setup                      ...        0 min,  0.000 sec (  4.440%)
 Dispersion                     ...        0 min,  0.000 sec (  0.443%)
 integral evaluation            ...        0 min,  0.001 sec ( 16.085%)
 zeroth order Hamiltonian       ...        0 min,  0.000 sec (  0.489%)
 iterations                     ...        0 min,  0.004 sec ( 59.703%)
 molecular gradient             ...        0 min,  0.001 sec ( 16.440%)
 printout                       ...        0 min,  0.000 sec (  1.682%)

         :::::::::::::::::::::::::::::::::::::::::::::::::::::
         ::                     SUMMARY                     ::
         :::::::::::::::::::::::::::::::::::::::::::::::::::::
         :: total energy             -13.219969162934 Eh    ::
         :: total w/o Gsasa/hb       -13.218654571249 Eh    ::
         :: gradient norm              0.044824697599 Eh/a0 ::
         :: HOMO-LUMO gap              1.617294853861 eV    ::
         ::.................................................::
         :: SCC energy               -13.278646406578 Eh    ::
         :: -> isotropic ES            0.208618235911 Eh    ::
         :: -> anisotropic ES         -0.000939739070 Eh    ::
         :: -> anisotropic XC          0.005559516249 Eh    ::
         :: -> dispersion             -0.001900641687 Eh    ::
         :: -> Gsolv                  -0.102183349706 Eh    ::
         ::    -> Gborn               -0.100868758022 Eh    ::
         ::    -> Gsasa                0.000684939049 Eh    ::
         ::    -> Ghb                 -0.003856973860 Eh    ::
         ::    -> Gshift               0.001857443127 Eh    ::
         :: repulsion energy           0.058677834238 Eh    ::
         :: add. restraining           0.000000000000 Eh    ::
         :::::::::::::::::::::::::::::::::::::::::::::::::::::

           -------------------------------------------------
          |                Property Printout                |
           -------------------------------------------------

    * Orbital Energies and Occupations

         #    Occupation            Energy/Eh            Energy/eV
      -------------------------------------------------------------
         1        2.0000           -1.0207830             -27.7769
         2        2.0000           -0.6483835             -17.6434
         3        2.0000           -0.5919190             -16.1069
         4        2.0000           -0.4958685             -13.4933
         5        2.0000           -0.4958038             -13.4915
         6        2.0000           -0.4252376             -11.5713
         7        2.0000           -0.3982492             -10.8369
         8        2.0000           -0.3982480             -10.8369
         9        2.0000           -0.3761033             -10.2343
        10        2.0000           -0.3723827             -10.1330
        11        2.0000           -0.3723825             -10.1330 (HOMO)
        12                         -0.3129480              -8.5157 (LUMO)
        13                          0.0786536               2.1403
        14                          0.0786544               2.1403
        15                          0.0799096               2.1745
        16                          0.0799099               2.1745
        17                          0.0815199               2.2183
        18                          0.1186993               3.2300
        19                          0.2709320               7.3724
        20                          0.2717939               7.3959
      -------------------------------------------------------------
                  HL-Gap            0.0594345 Eh            1.6173 eV
             Fermi-level           -0.3423430 Eh           -9.3156 eV

     #   Z        covCN         q      C6AA      Î±(0)
     1   9 F      0.001    -0.769    19.711     5.171
     2  17 Cl     0.216    -0.570   111.005    16.039
     3   6 C      2.996    -0.014    28.354     8.735
     4   1 H      0.926     0.118     1.631     1.997
     5   1 H      0.927     0.118     1.629     1.996
     6   1 H      0.927     0.118     1.630     1.996

 Mol. C6AA /auÂ·bohrâ¶  :        575.090105
 Mol. C8AA /auÂ·bohrâ¸  :      16315.899706
 Mol. Î±(0) /au        :         35.934007


Wiberg/Mayer (AO) data.
largest (>0.10) Wiberg bond orders for each atom
          total WBO             WBO to atom ...
     1  F   0.408        C    3 0.308
     2  Cl  0.676        C    3 0.575
     3  C   3.837        H    4 0.984    H    6 0.984    H    5 0.984    Cl   2 0.575    F    1 0.308
     4  H   0.986        C    3 0.984
     5  H   0.986        C    3 0.984
     6  H   0.986        C    3 0.984

molecular dipole:
                 x           y           z       tot (Debye)
 q only:        1.772       0.026      -0.038
   full:        1.828       0.028      -0.038       4.648
molecular quadrupole (traceless):
                xx          xy          yy          xz          yz          zz
 q only:      -31.398      -0.990      15.693       0.635       0.012      15.705
  q+dip:      -31.624      -0.994      15.806       0.649       0.011      15.818
   full:      -30.734      -0.965      15.361       0.632       0.011      15.373


           -------------------------------------------------
          | TOTAL ENERGY              -13.219969162934 Eh   |
          | GRADIENT NORM               0.044824697599 Eh/Î± |
          | HOMO-LUMO GAP               1.617294853861 eV   |
           -------------------------------------------------

------------------------------------------------------------------------
 * finished run on 2020/08/20 at 17:46:30.410     
------------------------------------------------------------------------
 total:
 * wall-time:     0 d,  0 h,  0 min,  0.068 sec
 *  cpu-time:     0 d,  0 h,  0 min,  0.018 sec
 * ratio c/w:     0.264 speedup
 SCF:
 * wall-time:     0 d,  0 h,  0 min,  0.007 sec
 *  cpu-time:     0 d,  0 h,  0 min,  0.007 sec
 * ratio c/w:     0.997 speedup

