      -----------------------------------------------------------      
     |                   =====================                   |     
     |                           x T B                           |     
     |                   =====================                   |     
     |                         S. Grimme                         |     
     |          Mulliken Center for Theoretical Chemistry        |     
     |                    University of Bonn                     |     
      -----------------------------------------------------------      

   * xtb version 6.2.3 (830e466) compiled by 'ehlert@majestix' on 2020-03-16

   xtb is free software: you can redistribute it and/or modify it under
   the terms of the GNU Lesser General Public License as published by
   the Free Software Foundation, either version 3 of the License, or
   (at your option) any later version.
   
   xtb is distributed in the hope that it will be useful,
   but WITHOUT ANY WARRANTY; without even the implied warranty of
   MERCHANTABILITY or FITNESS FOR A PARTICULAR PURPOSE.  See the
   GNU Lesser General Public License for more details.
   
   Cite this work as:
   * S. Grimme, C. Bannwarth, P. Shushkov, J. Chem. Theory Comput., 2017,
     13, 1989-2009. DOI: 10.1021/acs.jctc.7b00118
   * C. Bannwarth, S. Ehlert and S. Grimme., J. Chem. Theory Comput., 2019,
     15, 1652-1671. DOI: 10.1021/acs.jctc.8b01176
   * P. Pracht, E. Caldeweyher, S. Ehlert, S. Grimme, ChemRxiv, 2019, preprint.
     DOI: 10.26434/chemrxiv.8326202.v1
   
   for DFT-D4:
   * E. Caldeweyher, C. Bannwarth and S. Grimme, J. Chem. Phys., 2017,
     147, 034112. DOI: 10.1063/1.4993215
   * E. Caldeweyher, S. Ehlert, A. Hansen, H. Neugebauer, S. Spicher,
     C. Bannwarth and S. Grimme, J. Chem. Phys., 2019, 150, 154122.
     DOI: 10.1063/1.5090222
   
   for sTDA-xTB:
   * S. Grimme and C. Bannwarth, J. Chem. Phys., 2016, 145, 054103.
     DOI: 10.1063/1.4959605
   
   in the mass-spec context:
   * V. Asgeirsson, C. Bauer and S. Grimme, Chem. Sci., 2017, 8, 4879.
     DOI: 10.1039/c7sc00601b
   
   for metadynamics refer to:
   * S. Grimme, J. Chem. Theory Comput., 2019, 155, 2847-2862
     DOI: 10.1021/acs.jctc.9b00143
   
   with help from (in alphabetical order)
   C. Bannwarth, F. Bohle, G. Brandenburg, E. Caldeweyher, M. Checinski,
   S. Dohm, S. Ehlert, S. Ehrlich, F. MÃ¤rz, H. Neugebauer, J. Pisarek,
   P. Pracht, P. Shushkov, and S. Spicher.
   
 * started run on 2020/08/20 at 17:46:30.769     

           -------------------------------------------------
          |                Calculation Setup                |
           -------------------------------------------------

          program call               : /u/fd/ball4935/opt/bin/xtb 5_4_xtb.xyz --chrg -1 --grad --gbsa Water
          hostname                   : comp0810
          coordinate file            : 5_4_xtb.xyz
          omp threads                :                     1
          number of atoms            :                     6
          number of electrons        :                    22
          charge                     :                    -1
          spin                       :                   0.0
          first test random number   :      0.86260414743859


molecular fragmentation (1/2 indicates fragments):
122222
# atoms in fragment 1/2:     1     5
 fragment masses (1/2) :       19.00       50.49
CMA distance (Bohr)    :   7.247
constraining FC (au)   :  0.0500
########################################################################
[WARNING] Please study the warnings concerning your input carefully
-2- prog_main: XTBPATH is not set, using XTBHOME instead
-1- prog_main: XTBHOME is not set, using HOME instead
########################################################################
           ------------------------------------------------- 
          |                 G F N 2 - x T B                 |
          | Geometry, Frequencies, Noncovalent interactions |
          |            JCTC 2019 parametrisation            |
           ------------------------------------------------- 
             k(s)              :                1.8500
             k(p)              :                2.2300
             k(d)              :                2.2300
             k(f)              :                2.0000
             kEN (H0ij)        :               -2.0000
             D4 a1             :                0.5200
             D4 a2             :                5.0000
             D4 s6             :                1.0000
             D4 s8             :                2.7000
             D4 s9             :                5.0000
             alphaj            :                2.0000

  Z AO/shell   Hii/eV     exponent
  1     Wed Apr 25 08:07:45 CEST 2018   EN: 2.200 GM2: 0.406  GM3: 0.0800  RAES: 1.40
     1s    -10.707211    1.230000
  6     Wed Apr 25 08:07:45 CEST 2018   EN: 2.550 GM2: 0.538  GM3: 0.1500  RAES: 3.00
     2s    -13.970922    2.096432
     2p    -10.063292    1.800000
  9     Mon Apr 23 13:58:50 CEST 2018   EN: 3.980 GM2: 0.532  GM3: 0.1426  RAES: 2.40
     2s    -23.458179    2.416361
     2p    -15.746583    2.308399
 17     Mon Apr 23 14:09:22 CEST 2018   EN: 3.160 GM2: 0.249  GM3: 0.1495  RAES: 2.50
     3s    -29.278781    2.485265
     3p    -12.673758    2.199650
     3d     -0.240338    2.476089

 Solvent             : Water
 Using internal parameter file: .param_gbsa2_Water
 Gsolv ref. state (COSMO-RS): gsolv [1 M gas/solution]
 temperature (mdtemp)       :    298.150000000000     
 dielectric constant        :    80.2000000000000     
 rho                        :    1.00000000000000     
 mass                       :    18.0000000000000     
 surface tension            :    15.5689454083859     
 probe radius               :   0.975313790000000     
 Gshift (Eh)                :   1.857443126794793E-003
 c1                         :    1.55243817000000     
 soset                      :   0.130326360000000     
 HB correction              :  T
           ------------------------------------------------- 
          |        Self-Consistent Charge Iterations        |
           ------------------------------------------------- 

          ...................................................
          :                      SETUP                      :
          :.................................................:
          :  # basis functions                  21          :
          :  # atomic orbitals                  20          :
          :  # shells                           10          :
          :  # electrons                        22          :
          :  max. iterations                   250          :
          :  Hamiltonian                  GFN2-xTB          :
          :  restarted?                      false          :
          :  GBSA solvation                   true          :
          :  PC potential                    false          :
          :  electronic temp.          300.0000000     K    :
          :  accuracy                    1.0000000          :
          :  -> integral cutoff          0.2500000E+02      :
          :  -> integral neglect         0.1000000E-07      :
          :  -> SCF convergence          0.1000000E-05 Eh   :
          :  -> wf. convergence          0.1000000E-03 e    :
          :  Broyden damping             0.4000000          :
          ...................................................

 iter      E             dE          RMSdq      gap      omega  full diag
   1    -13.1908712 -0.131909E+02  0.721E+00    4.28       0.0  T
   2    -13.2697459 -0.788748E-01  0.298E+00    1.73       1.0  T
   3    -13.2937485 -0.240026E-01  0.213E+00    2.79       1.0  T
   4    -13.2980000 -0.425148E-02  0.416E-01    2.31       1.0  T
   5    -13.2987423 -0.742373E-03  0.209E-01    2.47       1.0  T
   6    -13.2988377 -0.953178E-04  0.532E-02    2.41       1.0  T
   7    -13.2988472 -0.948908E-05  0.236E-02    2.43       1.7  T
   8    -13.2988487 -0.153551E-05  0.939E-03    2.42       4.3  T
   9    -13.2988488 -0.103109E-06  0.623E-03    2.42       6.6  T
  10    -13.2988489 -0.101146E-06  0.492E-04    2.42      83.0  T
  11    -13.2988489 -0.521423E-09  0.554E-05    2.42     737.5  T

   *** convergence criteria satisfied after 11 iterations ***

         #    Occupation            Energy/Eh            Energy/eV
      -------------------------------------------------------------
         1        2.0000           -1.0228438             -27.8330
       ...           ...                  ...                  ...
         5        2.0000           -0.4928037             -13.4099
         6        2.0000           -0.4340089             -11.8100
         7        2.0000           -0.3984653             -10.8428
         8        2.0000           -0.3984618             -10.8427
         9        2.0000           -0.3730062             -10.1500
        10        2.0000           -0.3701724             -10.0729
        11        2.0000           -0.3701716             -10.0729 (HOMO)
        12                         -0.2811317              -7.6500 (LUMO)
        13                          0.0747153               2.0331
        14                          0.0747200               2.0332
        15                          0.0756788               2.0593
        16                          0.0756791               2.0593
       ...                                ...                  ...
        20                          0.2801290               7.6227
      -------------------------------------------------------------
                  HL-Gap            0.0890398 Eh            2.4229 eV
             Fermi-level           -0.3256517 Eh           -8.8614 eV

 SCC (total)                   0 d,  0 h,  0 min,  0.006 sec
 SCC setup                      ...        0 min,  0.000 sec (  4.826%)
 Dispersion                     ...        0 min,  0.000 sec (  0.514%)
 integral evaluation            ...        0 min,  0.001 sec ( 14.751%)
 zeroth order Hamiltonian       ...        0 min,  0.000 sec (  0.514%)
 iterations                     ...        0 min,  0.003 sec ( 57.506%)
 molecular gradient             ...        0 min,  0.001 sec ( 19.194%)
 printout                       ...        0 min,  0.000 sec (  1.958%)

         :::::::::::::::::::::::::::::::::::::::::::::::::::::
         ::                     SUMMARY                     ::
         :::::::::::::::::::::::::::::::::::::::::::::::::::::
         :: total energy             -13.236225782754 Eh    ::
         :: total w/o Gsasa/hb       -13.235223808856 Eh    ::
         :: gradient norm              0.041851788536 Eh/a0 ::
         :: HOMO-LUMO gap              2.422896935044 eV    ::
         ::.................................................::
         :: SCC energy               -13.296356902163 Eh    ::
         :: -> isotropic ES            0.206748071592 Eh    ::
         :: -> anisotropic ES         -0.000195628163 Eh    ::
         :: -> anisotropic XC          0.005379933740 Eh    ::
         :: -> dispersion             -0.001994161925 Eh    ::
         :: -> Gsolv                  -0.101098215684 Eh    ::
         ::    -> Gborn               -0.100096241786 Eh    ::
         ::    -> Gsasa                0.000634550324 Eh    ::
         ::    -> Ghb                 -0.003493967348 Eh    ::
         ::    -> Gshift               0.001857443127 Eh    ::
         :: repulsion energy           0.060131429330 Eh    ::
         :: add. restraining           0.000000000000 Eh    ::
         :::::::::::::::::::::::::::::::::::::::::::::::::::::

           -------------------------------------------------
          |                Property Printout                |
           -------------------------------------------------

    * Orbital Energies and Occupations

         #    Occupation            Energy/Eh            Energy/eV
      -------------------------------------------------------------
         1        2.0000           -1.0228438             -27.8330
         2        2.0000           -0.6470512             -17.6072
         3        2.0000           -0.5874124             -15.9843
         4        2.0000           -0.4929292             -13.4133
         5        2.0000           -0.4928037             -13.4099
         6        2.0000           -0.4340089             -11.8100
         7        2.0000           -0.3984653             -10.8428
         8        2.0000           -0.3984618             -10.8427
         9        2.0000           -0.3730062             -10.1500
        10        2.0000           -0.3701724             -10.0729
        11        2.0000           -0.3701716             -10.0729 (HOMO)
        12                         -0.2811317              -7.6500 (LUMO)
        13                          0.0747153               2.0331
        14                          0.0747200               2.0332
        15                          0.0756788               2.0593
        16                          0.0756791               2.0593
        17                          0.0802866               2.1847
        18                          0.1292183               3.5162
        19                          0.2785661               7.5802
        20                          0.2801290               7.6227
      -------------------------------------------------------------
                  HL-Gap            0.0890398 Eh            2.4229 eV
             Fermi-level           -0.3256517 Eh           -8.8614 eV

     #   Z        covCN         q      C6AA      Î±(0)
     1   9 F      0.014    -0.771    19.752     5.176
     2  17 Cl     0.464    -0.546   113.825    16.283
     3   6 C      3.258    -0.003    26.939     8.389
     4   1 H      0.927     0.106     1.727     2.055
     5   1 H      0.927     0.107     1.725     2.054
     6   1 H      0.927     0.107     1.725     2.054

 Mol. C6AA /auÂ·bohrâ¶  :        580.693627
 Mol. C8AA /auÂ·bohrâ¸  :      16457.544097
 Mol. Î±(0) /au        :         36.011118


Wiberg/Mayer (AO) data.
largest (>0.10) Wiberg bond orders for each atom
          total WBO             WBO to atom ...
     1  F   0.405        C    3 0.300    Cl   2 0.105
     2  Cl  0.705        C    3 0.598    F    1 0.105
     3  C   3.860        H    4 0.987    H    6 0.987    H    5 0.987    Cl   2 0.598    F    1 0.300
     4  H   0.989        C    3 0.987
     5  H   0.989        C    3 0.987
     6  H   0.989        C    3 0.987

molecular dipole:
                 x           y           z       tot (Debye)
 q only:        1.819       0.028      -0.036
   full:        1.804       0.028      -0.036       4.587
molecular quadrupole (traceless):
                xx          xy          yy          xz          yz          zz
 q only:      -27.277      -0.857      13.633       0.549       0.010      13.644
  q+dip:      -28.270      -0.888      14.129       0.575       0.008      14.141
   full:      -27.348      -0.858      13.669       0.557       0.009      13.680


           -------------------------------------------------
          | TOTAL ENERGY              -13.236225782754 Eh   |
          | GRADIENT NORM               0.041851788536 Eh/Î± |
          | HOMO-LUMO GAP               2.422896935044 eV   |
           -------------------------------------------------

------------------------------------------------------------------------
 * finished run on 2020/08/20 at 17:46:30.823     
------------------------------------------------------------------------
 total:
 * wall-time:     0 d,  0 h,  0 min,  0.052 sec
 *  cpu-time:     0 d,  0 h,  0 min,  0.017 sec
 * ratio c/w:     0.332 speedup
 SCF:
 * wall-time:     0 d,  0 h,  0 min,  0.006 sec
 *  cpu-time:     0 d,  0 h,  0 min,  0.006 sec
 * ratio c/w:     0.997 speedup

