      -----------------------------------------------------------      
     |                   =====================                   |     
     |                           x T B                           |     
     |                   =====================                   |     
     |                         S. Grimme                         |     
     |          Mulliken Center for Theoretical Chemistry        |     
     |                    University of Bonn                     |     
      -----------------------------------------------------------      

   * xtb version 6.2.3 (830e466) compiled by 'ehlert@majestix' on 2020-03-16

   xtb is free software: you can redistribute it and/or modify it under
   the terms of the GNU Lesser General Public License as published by
   the Free Software Foundation, either version 3 of the License, or
   (at your option) any later version.
   
   xtb is distributed in the hope that it will be useful,
   but WITHOUT ANY WARRANTY; without even the implied warranty of
   MERCHANTABILITY or FITNESS FOR A PARTICULAR PURPOSE.  See the
   GNU Lesser General Public License for more details.
   
   Cite this work as:
   * S. Grimme, C. Bannwarth, P. Shushkov, J. Chem. Theory Comput., 2017,
     13, 1989-2009. DOI: 10.1021/acs.jctc.7b00118
   * C. Bannwarth, S. Ehlert and S. Grimme., J. Chem. Theory Comput., 2019,
     15, 1652-1671. DOI: 10.1021/acs.jctc.8b01176
   * P. Pracht, E. Caldeweyher, S. Ehlert, S. Grimme, ChemRxiv, 2019, preprint.
     DOI: 10.26434/chemrxiv.8326202.v1
   
   for DFT-D4:
   * E. Caldeweyher, C. Bannwarth and S. Grimme, J. Chem. Phys., 2017,
     147, 034112. DOI: 10.1063/1.4993215
   * E. Caldeweyher, S. Ehlert, A. Hansen, H. Neugebauer, S. Spicher,
     C. Bannwarth and S. Grimme, J. Chem. Phys., 2019, 150, 154122.
     DOI: 10.1063/1.5090222
   
   for sTDA-xTB:
   * S. Grimme and C. Bannwarth, J. Chem. Phys., 2016, 145, 054103.
     DOI: 10.1063/1.4959605
   
   in the mass-spec context:
   * V. Asgeirsson, C. Bauer and S. Grimme, Chem. Sci., 2017, 8, 4879.
     DOI: 10.1039/c7sc00601b
   
   for metadynamics refer to:
   * S. Grimme, J. Chem. Theory Comput., 2019, 155, 2847-2862
     DOI: 10.1021/acs.jctc.9b00143
   
   with help from (in alphabetical order)
   C. Bannwarth, F. Bohle, G. Brandenburg, E. Caldeweyher, M. Checinski,
   S. Dohm, S. Ehlert, S. Ehrlich, F. MÃ¤rz, H. Neugebauer, J. Pisarek,
   P. Pracht, P. Shushkov, and S. Spicher.
   
 * started run on 2020/08/20 at 17:46:31.178     

           -------------------------------------------------
          |                Calculation Setup                |
           -------------------------------------------------

          program call               : /u/fd/ball4935/opt/bin/xtb 5_5_xtb.xyz --chrg -1 --grad --gbsa Water
          hostname                   : comp0810
          coordinate file            : 5_5_xtb.xyz
          omp threads                :                     1
          number of atoms            :                     6
          number of electrons        :                    22
          charge                     :                    -1
          spin                       :                   0.0
          first test random number   :      0.95599363989171


molecular fragmentation (1/2 indicates fragments):
122222
# atoms in fragment 1/2:     1     5
 fragment masses (1/2) :       19.00       50.49
CMA distance (Bohr)    :   6.979
constraining FC (au)   :  0.0500
########################################################################
[WARNING] Please study the warnings concerning your input carefully
-2- prog_main: XTBPATH is not set, using XTBHOME instead
-1- prog_main: XTBHOME is not set, using HOME instead
########################################################################
           ------------------------------------------------- 
          |                 G F N 2 - x T B                 |
          | Geometry, Frequencies, Noncovalent interactions |
          |            JCTC 2019 parametrisation            |
           ------------------------------------------------- 
             k(s)              :                1.8500
             k(p)              :                2.2300
             k(d)              :                2.2300
             k(f)              :                2.0000
             kEN (H0ij)        :               -2.0000
             D4 a1             :                0.5200
             D4 a2             :                5.0000
             D4 s6             :                1.0000
             D4 s8             :                2.7000
             D4 s9             :                5.0000
             alphaj            :                2.0000

  Z AO/shell   Hii/eV     exponent
  1     Wed Apr 25 08:07:45 CEST 2018   EN: 2.200 GM2: 0.406  GM3: 0.0800  RAES: 1.40
     1s    -10.707211    1.230000
  6     Wed Apr 25 08:07:45 CEST 2018   EN: 2.550 GM2: 0.538  GM3: 0.1500  RAES: 3.00
     2s    -13.970922    2.096432
     2p    -10.063292    1.800000
  9     Mon Apr 23 13:58:50 CEST 2018   EN: 3.980 GM2: 0.532  GM3: 0.1426  RAES: 2.40
     2s    -23.458179    2.416361
     2p    -15.746583    2.308399
 17     Mon Apr 23 14:09:22 CEST 2018   EN: 3.160 GM2: 0.249  GM3: 0.1495  RAES: 2.50
     3s    -29.278781    2.485265
     3p    -12.673758    2.199650
     3d     -0.240338    2.476089

 Solvent             : Water
 Using internal parameter file: .param_gbsa2_Water
 Gsolv ref. state (COSMO-RS): gsolv [1 M gas/solution]
 temperature (mdtemp)       :    298.150000000000     
 dielectric constant        :    80.2000000000000     
 rho                        :    1.00000000000000     
 mass                       :    18.0000000000000     
 surface tension            :    15.5689454083859     
 probe radius               :   0.975313790000000     
 Gshift (Eh)                :   1.857443126794793E-003
 c1                         :    1.55243817000000     
 soset                      :   0.130326360000000     
 HB correction              :  T
           ------------------------------------------------- 
          |        Self-Consistent Charge Iterations        |
           ------------------------------------------------- 

          ...................................................
          :                      SETUP                      :
          :.................................................:
          :  # basis functions                  21          :
          :  # atomic orbitals                  20          :
          :  # shells                           10          :
          :  # electrons                        22          :
          :  max. iterations                   250          :
          :  Hamiltonian                  GFN2-xTB          :
          :  restarted?                      false          :
          :  GBSA solvation                   true          :
          :  PC potential                    false          :
          :  electronic temp.          300.0000000     K    :
          :  accuracy                    1.0000000          :
          :  -> integral cutoff          0.2500000E+02      :
          :  -> integral neglect         0.1000000E-07      :
          :  -> SCF convergence          0.1000000E-05 Eh   :
          :  -> wf. convergence          0.1000000E-03 e    :
          :  Broyden damping             0.4000000          :
          ...................................................

 iter      E             dE          RMSdq      gap      omega  full diag
   1    -13.2065424 -0.132065E+02  0.692E+00    4.78       0.0  T
   2    -13.2897369 -0.831946E-01  0.269E+00    2.40       1.0  T
   3    -13.3028639 -0.131270E-01  0.181E+00    3.19       1.0  T
   4    -13.3047511 -0.188724E-02  0.303E-01    2.86       1.0  T
   5    -13.3051253 -0.374138E-03  0.155E-01    3.00       1.0  T
   6    -13.3051790 -0.537238E-04  0.350E-02    2.95       1.2  T
   7    -13.3051818 -0.277711E-05  0.165E-02    2.95       2.5  T
   8    -13.3051818  0.208101E-07  0.160E-02    2.95       2.5  T
   9    -13.3051826 -0.844274E-06  0.345E-03    2.96      11.8  T
  10    -13.3051826 -0.372791E-07  0.181E-04    2.95     226.1  T
  11    -13.3051826 -0.643841E-10  0.725E-05    2.95     563.0  T

   *** convergence criteria satisfied after 11 iterations ***

         #    Occupation            Energy/Eh            Energy/eV
      -------------------------------------------------------------
         1        2.0000           -1.0242311             -27.8707
       ...           ...                  ...                  ...
         5        2.0000           -0.4918834             -13.3848
         6        2.0000           -0.4392268             -11.9520
         7        2.0000           -0.3985444             -10.8449
         8        2.0000           -0.3985389             -10.8448
         9        2.0000           -0.3708831             -10.0922
        10        2.0000           -0.3692644             -10.0482
        11        2.0000           -0.3692626             -10.0481 (HOMO)
        12                         -0.2606879              -7.0937 (LUMO)
        13                          0.0724370               1.9711
        14                          0.0724457               1.9713
        15                          0.0731594               1.9908
        16                          0.0731595               1.9908
       ...                                ...                  ...
        20                          0.2791119               7.5950
      -------------------------------------------------------------
                  HL-Gap            0.1085748 Eh            2.9545 eV
             Fermi-level           -0.3149753 Eh           -8.5709 eV

 SCC (total)                   0 d,  0 h,  0 min,  0.006 sec
 SCC setup                      ...        0 min,  0.000 sec (  4.606%)
 Dispersion                     ...        0 min,  0.000 sec (  0.479%)
 integral evaluation            ...        0 min,  0.001 sec ( 17.215%)
 zeroth order Hamiltonian       ...        0 min,  0.000 sec (  0.616%)
 iterations                     ...        0 min,  0.004 sec ( 54.153%)
 molecular gradient             ...        0 min,  0.001 sec ( 19.922%)
 printout                       ...        0 min,  0.000 sec (  2.073%)

         :::::::::::::::::::::::::::::::::::::::::::::::::::::
         ::                     SUMMARY                     ::
         :::::::::::::::::::::::::::::::::::::::::::::::::::::
         :: total energy             -13.242924574899 Eh    ::
         :: total w/o Gsasa/hb       -13.242088271050 Eh    ::
         :: gradient norm              0.035936327725 Eh/a0 ::
         :: HOMO-LUMO gap              2.954469836367 eV    ::
         ::.................................................::
         :: SCC energy               -13.302717834013 Eh    ::
         :: -> isotropic ES            0.205971964932 Eh    ::
         :: -> anisotropic ES         -0.000158771588 Eh    ::
         :: -> anisotropic XC          0.005091570794 Eh    ::
         :: -> dispersion             -0.002001398352 Eh    ::
         :: -> Gsolv                  -0.100695176866 Eh    ::
         ::    -> Gborn               -0.099858873017 Eh    ::
         ::    -> Gsasa                0.000607357088 Eh    ::
         ::    -> Ghb                 -0.003301104064 Eh    ::
         ::    -> Gshift               0.001857443127 Eh    ::
         :: repulsion energy           0.059793462069 Eh    ::
         :: add. restraining           0.000000000000 Eh    ::
         :::::::::::::::::::::::::::::::::::::::::::::::::::::

           -------------------------------------------------
          |                Property Printout                |
           -------------------------------------------------

    * Orbital Energies and Occupations

         #    Occupation            Energy/Eh            Energy/eV
      -------------------------------------------------------------
         1        2.0000           -1.0242311             -27.8707
         2        2.0000           -0.6469931             -17.6056
         3        2.0000           -0.5853857             -15.9292
         4        2.0000           -0.4920300             -13.3888
         5        2.0000           -0.4918834             -13.3848
         6        2.0000           -0.4392268             -11.9520
         7        2.0000           -0.3985444             -10.8449
         8        2.0000           -0.3985389             -10.8448
         9        2.0000           -0.3708831             -10.0922
        10        2.0000           -0.3692644             -10.0482
        11        2.0000           -0.3692626             -10.0481 (HOMO)
        12                         -0.2606879              -7.0937 (LUMO)
        13                          0.0724370               1.9711
        14                          0.0724457               1.9713
        15                          0.0731594               1.9908
        16                          0.0731595               1.9908
        17                          0.0799938               2.1767
        18                          0.1313911               3.5753
        19                          0.2774004               7.5484
        20                          0.2791119               7.5950
      -------------------------------------------------------------
                  HL-Gap            0.1085748 Eh            2.9545 eV
             Fermi-level           -0.3149753 Eh           -8.5709 eV

     #   Z        covCN         q      C6AA      Î±(0)
     1   9 F      0.040    -0.773    19.773     5.180
     2  17 Cl     0.597    -0.531   115.690    16.442
     3   6 C      3.418     0.006    23.620     7.451
     4   1 H      0.927     0.099     1.792     2.093
     5   1 H      0.927     0.100     1.789     2.092
     6   1 H      0.927     0.099     1.790     2.092

 Mol. C6AA /auÂ·bohrâ¶  :        572.991549
 Mol. C8AA /auÂ·bohrâ¸  :      16222.948922
 Mol. Î±(0) /au        :         35.349573


Wiberg/Mayer (AO) data.
largest (>0.10) Wiberg bond orders for each atom
          total WBO             WBO to atom ...
     1  F   0.403        C    3 0.296    Cl   2 0.108
     2  Cl  0.721        C    3 0.611    F    1 0.108
     3  C   3.872        H    4 0.989    H    6 0.989    H    5 0.989    Cl   2 0.611    F    1 0.296
     4  H   0.990        C    3 0.989
     5  H   0.990        C    3 0.989
     6  H   0.990        C    3 0.989

molecular dipole:
                 x           y           z       tot (Debye)
 q only:        1.849       0.029      -0.035
   full:        1.772       0.027      -0.034       4.506
molecular quadrupole (traceless):
                xx          xy          yy          xz          yz          zz
 q only:      -25.319      -0.794      12.655       0.507       0.009      12.665
  q+dip:      -26.884      -0.844      13.436       0.543       0.007      13.448
   full:      -25.905      -0.812      12.947       0.525       0.008      12.958


           -------------------------------------------------
          | TOTAL ENERGY              -13.242924574899 Eh   |
          | GRADIENT NORM               0.035936327725 Eh/Î± |
          | HOMO-LUMO GAP               2.954469836367 eV   |
           -------------------------------------------------

------------------------------------------------------------------------
 * finished run on 2020/08/20 at 17:46:31.272     
------------------------------------------------------------------------
 total:
 * wall-time:     0 d,  0 h,  0 min,  0.093 sec
 *  cpu-time:     0 d,  0 h,  0 min,  0.019 sec
 * ratio c/w:     0.202 speedup
 SCF:
 * wall-time:     0 d,  0 h,  0 min,  0.007 sec
 *  cpu-time:     0 d,  0 h,  0 min,  0.007 sec
 * ratio c/w:     0.997 speedup

