      -----------------------------------------------------------      
     |                   =====================                   |     
     |                           x T B                           |     
     |                   =====================                   |     
     |                         S. Grimme                         |     
     |          Mulliken Center for Theoretical Chemistry        |     
     |                    University of Bonn                     |     
      -----------------------------------------------------------      

   * xtb version 6.2.3 (830e466) compiled by 'ehlert@majestix' on 2020-03-16

   xtb is free software: you can redistribute it and/or modify it under
   the terms of the GNU Lesser General Public License as published by
   the Free Software Foundation, either version 3 of the License, or
   (at your option) any later version.
   
   xtb is distributed in the hope that it will be useful,
   but WITHOUT ANY WARRANTY; without even the implied warranty of
   MERCHANTABILITY or FITNESS FOR A PARTICULAR PURPOSE.  See the
   GNU Lesser General Public License for more details.
   
   Cite this work as:
   * S. Grimme, C. Bannwarth, P. Shushkov, J. Chem. Theory Comput., 2017,
     13, 1989-2009. DOI: 10.1021/acs.jctc.7b00118
   * C. Bannwarth, S. Ehlert and S. Grimme., J. Chem. Theory Comput., 2019,
     15, 1652-1671. DOI: 10.1021/acs.jctc.8b01176
   * P. Pracht, E. Caldeweyher, S. Ehlert, S. Grimme, ChemRxiv, 2019, preprint.
     DOI: 10.26434/chemrxiv.8326202.v1
   
   for DFT-D4:
   * E. Caldeweyher, C. Bannwarth and S. Grimme, J. Chem. Phys., 2017,
     147, 034112. DOI: 10.1063/1.4993215
   * E. Caldeweyher, S. Ehlert, A. Hansen, H. Neugebauer, S. Spicher,
     C. Bannwarth and S. Grimme, J. Chem. Phys., 2019, 150, 154122.
     DOI: 10.1063/1.5090222
   
   for sTDA-xTB:
   * S. Grimme and C. Bannwarth, J. Chem. Phys., 2016, 145, 054103.
     DOI: 10.1063/1.4959605
   
   in the mass-spec context:
   * V. Asgeirsson, C. Bauer and S. Grimme, Chem. Sci., 2017, 8, 4879.
     DOI: 10.1039/c7sc00601b
   
   for metadynamics refer to:
   * S. Grimme, J. Chem. Theory Comput., 2019, 155, 2847-2862
     DOI: 10.1021/acs.jctc.9b00143
   
   with help from (in alphabetical order)
   C. Bannwarth, F. Bohle, G. Brandenburg, E. Caldeweyher, M. Checinski,
   S. Dohm, S. Ehlert, S. Ehrlich, F. MÃ¤rz, H. Neugebauer, J. Pisarek,
   P. Pracht, P. Shushkov, and S. Spicher.
   
 * started run on 2020/08/20 at 17:46:32.133     

           -------------------------------------------------
          |                Calculation Setup                |
           -------------------------------------------------

          program call               : /u/fd/ball4935/opt/bin/xtb 5_8_xtb.xyz --chrg -1 --grad --gbsa Water
          hostname                   : comp0810
          coordinate file            : 5_8_xtb.xyz
          omp threads                :                     1
          number of atoms            :                     6
          number of electrons        :                    22
          charge                     :                    -1
          spin                       :                   0.0
          first test random number   :      0.72990975437794


molecular fragmentation (1/2 indicates fragments):
122222
# atoms in fragment 1/2:     1     5
 fragment masses (1/2) :       19.00       50.49
CMA distance (Bohr)    :   6.739
constraining FC (au)   :  0.0500
########################################################################
[WARNING] Please study the warnings concerning your input carefully
-2- prog_main: XTBPATH is not set, using XTBHOME instead
-1- prog_main: XTBHOME is not set, using HOME instead
########################################################################
           ------------------------------------------------- 
          |                 G F N 2 - x T B                 |
          | Geometry, Frequencies, Noncovalent interactions |
          |            JCTC 2019 parametrisation            |
           ------------------------------------------------- 
             k(s)              :                1.8500
             k(p)              :                2.2300
             k(d)              :                2.2300
             k(f)              :                2.0000
             kEN (H0ij)        :               -2.0000
             D4 a1             :                0.5200
             D4 a2             :                5.0000
             D4 s6             :                1.0000
             D4 s8             :                2.7000
             D4 s9             :                5.0000
             alphaj            :                2.0000

  Z AO/shell   Hii/eV     exponent
  1     Wed Apr 25 08:07:45 CEST 2018   EN: 2.200 GM2: 0.406  GM3: 0.0800  RAES: 1.40
     1s    -10.707211    1.230000
  6     Wed Apr 25 08:07:45 CEST 2018   EN: 2.550 GM2: 0.538  GM3: 0.1500  RAES: 3.00
     2s    -13.970922    2.096432
     2p    -10.063292    1.800000
  9     Mon Apr 23 13:58:50 CEST 2018   EN: 3.980 GM2: 0.532  GM3: 0.1426  RAES: 2.40
     2s    -23.458179    2.416361
     2p    -15.746583    2.308399
 17     Mon Apr 23 14:09:22 CEST 2018   EN: 3.160 GM2: 0.249  GM3: 0.1495  RAES: 2.50
     3s    -29.278781    2.485265
     3p    -12.673758    2.199650
     3d     -0.240338    2.476089

 Solvent             : Water
 Using internal parameter file: .param_gbsa2_Water
 Gsolv ref. state (COSMO-RS): gsolv [1 M gas/solution]
 temperature (mdtemp)       :    298.150000000000     
 dielectric constant        :    80.2000000000000     
 rho                        :    1.00000000000000     
 mass                       :    18.0000000000000     
 surface tension            :    15.5689454083859     
 probe radius               :   0.975313790000000     
 Gshift (Eh)                :   1.857443126794793E-003
 c1                         :    1.55243817000000     
 soset                      :   0.130326360000000     
 HB correction              :  T
           ------------------------------------------------- 
          |        Self-Consistent Charge Iterations        |
           ------------------------------------------------- 

          ...................................................
          :                      SETUP                      :
          :.................................................:
          :  # basis functions                  21          :
          :  # atomic orbitals                  20          :
          :  # shells                           10          :
          :  # electrons                        22          :
          :  max. iterations                   250          :
          :  Hamiltonian                  GFN2-xTB          :
          :  restarted?                      false          :
          :  GBSA solvation                   true          :
          :  PC potential                    false          :
          :  electronic temp.          300.0000000     K    :
          :  accuracy                    1.0000000          :
          :  -> integral cutoff          0.2500000E+02      :
          :  -> integral neglect         0.1000000E-07      :
          :  -> SCF convergence          0.1000000E-05 Eh   :
          :  -> wf. convergence          0.1000000E-03 e    :
          :  Broyden damping             0.4000000          :
          ...................................................

 iter      E             dE          RMSdq      gap      omega  full diag
   1    -13.2162790 -0.132163E+02  0.674E+00    5.35       0.0  T
   2    -13.2993955 -0.831165E-01  0.265E+00    3.12       1.0  T
   3    -13.3069549 -0.755940E-02  0.167E+00    3.69       1.0  T
   4    -13.3079891 -0.103425E-02  0.246E-01    3.46       1.0  T
   5    -13.3081440 -0.154896E-03  0.159E-01    3.57       1.0  T
   6    -13.3082026 -0.586416E-04  0.705E-02    3.53       1.0  T
   7    -13.3082102 -0.751331E-05  0.537E-02    3.52       1.0  T
   8    -13.3082170 -0.679436E-05  0.179E-02    3.52       2.3  T
   9    -13.3082181 -0.118753E-05  0.277E-03    3.53      14.7  T
  10    -13.3082182 -0.231373E-07  0.475E-04    3.53      86.0  T
  11    -13.3082182 -0.677515E-09  0.494E-05    3.53     826.4  T

   *** convergence criteria satisfied after 11 iterations ***

         #    Occupation            Energy/Eh            Energy/eV
      -------------------------------------------------------------
         1        2.0000           -1.0259775             -27.9183
       ...           ...                  ...                  ...
         5        2.0000           -0.4920286             -13.3888
         6        2.0000           -0.4444366             -12.0937
         7        2.0000           -0.3987201             -10.8497
         8        2.0000           -0.3987134             -10.8495
         9        2.0000           -0.3685853             -10.0297
        10        2.0000           -0.3685753             -10.0294
        11        2.0000           -0.3684932             -10.0272 (HOMO)
        12                         -0.2389336              -6.5017 (LUMO)
        13                          0.0699586               1.9037
        14                          0.0699678               1.9039
        15                          0.0704884               1.9181
        16                          0.0704924               1.9182
       ...                                ...                  ...
        20                          0.2736776               7.4471
      -------------------------------------------------------------
                  HL-Gap            0.1295595 Eh            3.5255 eV
             Fermi-level           -0.3037134 Eh           -8.2645 eV

 SCC (total)                   0 d,  0 h,  0 min,  0.006 sec
 SCC setup                      ...        0 min,  0.000 sec (  4.992%)
 Dispersion                     ...        0 min,  0.000 sec (  0.534%)
 integral evaluation            ...        0 min,  0.001 sec ( 17.137%)
 zeroth order Hamiltonian       ...        0 min,  0.000 sec (  0.660%)
 iterations                     ...        0 min,  0.004 sec ( 55.151%)
 molecular gradient             ...        0 min,  0.001 sec ( 18.910%)
 printout                       ...        0 min,  0.000 sec (  1.735%)

         :::::::::::::::::::::::::::::::::::::::::::::::::::::
         ::                     SUMMARY                     ::
         :::::::::::::::::::::::::::::::::::::::::::::::::::::
         :: total energy             -13.247300624671 Eh    ::
         :: total w/o Gsasa/hb       -13.246623058860 Eh    ::
         :: gradient norm              0.029105276790 Eh/a0 ::
         :: HOMO-LUMO gap              3.525494659877 eV    ::
         ::.................................................::
         :: SCC energy               -13.305781596817 Eh    ::
         :: -> isotropic ES            0.205618144725 Eh    ::
         :: -> anisotropic ES         -0.000419155517 Eh    ::
         :: -> anisotropic XC          0.004395115803 Eh    ::
         :: -> dispersion             -0.002012189911 Eh    ::
         :: -> Gsolv                  -0.100590594634 Eh    ::
         ::    -> Gborn               -0.099913028823 Eh    ::
         ::    -> Gsasa                0.000579125297 Eh    ::
         ::    -> Ghb                 -0.003114134235 Eh    ::
         ::    -> Gshift               0.001857443127 Eh    ::
         :: repulsion energy           0.058481103526 Eh    ::
         :: add. restraining           0.000000000000 Eh    ::
         :::::::::::::::::::::::::::::::::::::::::::::::::::::

           -------------------------------------------------
          |                Property Printout                |
           -------------------------------------------------

    * Orbital Energies and Occupations

         #    Occupation            Energy/Eh            Energy/eV
      -------------------------------------------------------------
         1        2.0000           -1.0259775             -27.9183
         2        2.0000           -0.6473403             -17.6150
         3        2.0000           -0.5841196             -15.8947
         4        2.0000           -0.4921721             -13.3927
         5        2.0000           -0.4920286             -13.3888
         6        2.0000           -0.4444366             -12.0937
         7        2.0000           -0.3987201             -10.8497
         8        2.0000           -0.3987134             -10.8495
         9        2.0000           -0.3685853             -10.0297
        10        2.0000           -0.3685753             -10.0294
        11        2.0000           -0.3684932             -10.0272 (HOMO)
        12                         -0.2389336              -6.5017 (LUMO)
        13                          0.0699586               1.9037
        14                          0.0699678               1.9039
        15                          0.0704884               1.9181
        16                          0.0704924               1.9182
        17                          0.0789036               2.1471
        18                          0.1303714               3.5476
        19                          0.2719814               7.4010
        20                          0.2736776               7.4471
      -------------------------------------------------------------
                  HL-Gap            0.1295595 Eh            3.5255 eV
             Fermi-level           -0.3037134 Eh           -8.2645 eV

     #   Z        covCN         q      C6AA      Î±(0)
     1   9 F      0.087    -0.775    19.803     5.184
     2  17 Cl     0.704    -0.516   115.948    16.469
     3   6 C      3.570     0.017    21.090     6.681
     4   1 H      0.926     0.091     1.867     2.137
     5   1 H      0.926     0.092     1.864     2.135
     6   1 H      0.926     0.091     1.865     2.135

 Mol. C6AA /auÂ·bohrâ¶  :        564.972128
 Mol. C8AA /auÂ·bohrâ¸  :      15954.043912
 Mol. Î±(0) /au        :         34.742028


Wiberg/Mayer (AO) data.
largest (>0.10) Wiberg bond orders for each atom
          total WBO             WBO to atom ...
     1  F   0.400        C    3 0.290    Cl   2 0.110
     2  Cl  0.739        C    3 0.625    F    1 0.110
     3  C   3.885        H    4 0.990    H    6 0.990    H    5 0.990    Cl   2 0.625    F    1 0.290
     4  H   0.992        C    3 0.990
     5  H   0.992        C    3 0.990
     6  H   0.992        C    3 0.990

molecular dipole:
                 x           y           z       tot (Debye)
 q only:        1.898       0.030      -0.034
   full:        1.744       0.027      -0.032       4.434
molecular quadrupole (traceless):
                xx          xy          yy          xz          yz          zz
 q only:      -23.673      -0.741      11.832       0.473       0.008      11.841
  q+dip:      -25.925      -0.815      12.957       0.519       0.007      12.968
   full:      -24.859      -0.781      12.424       0.499       0.008      12.434


           -------------------------------------------------
          | TOTAL ENERGY              -13.247300624671 Eh   |
          | GRADIENT NORM               0.029105276790 Eh/Î± |
          | HOMO-LUMO GAP               3.525494659877 eV   |
           -------------------------------------------------

------------------------------------------------------------------------
 * finished run on 2020/08/20 at 17:46:32.232     
------------------------------------------------------------------------
 total:
 * wall-time:     0 d,  0 h,  0 min,  0.098 sec
 *  cpu-time:     0 d,  0 h,  0 min,  0.019 sec
 * ratio c/w:     0.193 speedup
 SCF:
 * wall-time:     0 d,  0 h,  0 min,  0.007 sec
 *  cpu-time:     0 d,  0 h,  0 min,  0.007 sec
 * ratio c/w:     0.997 speedup

