      -----------------------------------------------------------      
     |                   =====================                   |     
     |                           x T B                           |     
     |                   =====================                   |     
     |                         S. Grimme                         |     
     |          Mulliken Center for Theoretical Chemistry        |     
     |                    University of Bonn                     |     
      -----------------------------------------------------------      

   * xtb version 6.2.3 (830e466) compiled by 'ehlert@majestix' on 2020-03-16

   xtb is free software: you can redistribute it and/or modify it under
   the terms of the GNU Lesser General Public License as published by
   the Free Software Foundation, either version 3 of the License, or
   (at your option) any later version.
   
   xtb is distributed in the hope that it will be useful,
   but WITHOUT ANY WARRANTY; without even the implied warranty of
   MERCHANTABILITY or FITNESS FOR A PARTICULAR PURPOSE.  See the
   GNU Lesser General Public License for more details.
   
   Cite this work as:
   * S. Grimme, C. Bannwarth, P. Shushkov, J. Chem. Theory Comput., 2017,
     13, 1989-2009. DOI: 10.1021/acs.jctc.7b00118
   * C. Bannwarth, S. Ehlert and S. Grimme., J. Chem. Theory Comput., 2019,
     15, 1652-1671. DOI: 10.1021/acs.jctc.8b01176
   * P. Pracht, E. Caldeweyher, S. Ehlert, S. Grimme, ChemRxiv, 2019, preprint.
     DOI: 10.26434/chemrxiv.8326202.v1
   
   for DFT-D4:
   * E. Caldeweyher, C. Bannwarth and S. Grimme, J. Chem. Phys., 2017,
     147, 034112. DOI: 10.1063/1.4993215
   * E. Caldeweyher, S. Ehlert, A. Hansen, H. Neugebauer, S. Spicher,
     C. Bannwarth and S. Grimme, J. Chem. Phys., 2019, 150, 154122.
     DOI: 10.1063/1.5090222
   
   for sTDA-xTB:
   * S. Grimme and C. Bannwarth, J. Chem. Phys., 2016, 145, 054103.
     DOI: 10.1063/1.4959605
   
   in the mass-spec context:
   * V. Asgeirsson, C. Bauer and S. Grimme, Chem. Sci., 2017, 8, 4879.
     DOI: 10.1039/c7sc00601b
   
   for metadynamics refer to:
   * S. Grimme, J. Chem. Theory Comput., 2019, 155, 2847-2862
     DOI: 10.1021/acs.jctc.9b00143
   
   with help from (in alphabetical order)
   C. Bannwarth, F. Bohle, G. Brandenburg, E. Caldeweyher, M. Checinski,
   S. Dohm, S. Ehlert, S. Ehrlich, F. MÃ¤rz, H. Neugebauer, J. Pisarek,
   P. Pracht, P. Shushkov, and S. Spicher.
   
 * started run on 2020/08/20 at 17:46:29.026     

           -------------------------------------------------
          |                Calculation Setup                |
           -------------------------------------------------

          program call               : /u/fd/ball4935/opt/bin/xtb 8_0_xtb.xyz --chrg -1 --grad --gbsa Water
          hostname                   : comp0810
          coordinate file            : 8_0_xtb.xyz
          omp threads                :                     1
          number of atoms            :                     6
          number of electrons        :                    22
          charge                     :                    -1
          spin                       :                   0.0
          first test random number   :      0.58251637709974


molecular fragmentation (1/2 indicates fragments):
122222
# atoms in fragment 1/2:     1     5
 fragment masses (1/2) :       19.00       50.49
CMA distance (Bohr)    :   8.441
constraining FC (au)   :  0.0500
########################################################################
[WARNING] Please study the warnings concerning your input carefully
-2- prog_main: XTBPATH is not set, using XTBHOME instead
-1- prog_main: XTBHOME is not set, using HOME instead
########################################################################
           ------------------------------------------------- 
          |                 G F N 2 - x T B                 |
          | Geometry, Frequencies, Noncovalent interactions |
          |            JCTC 2019 parametrisation            |
           ------------------------------------------------- 
             k(s)              :                1.8500
             k(p)              :                2.2300
             k(d)              :                2.2300
             k(f)              :                2.0000
             kEN (H0ij)        :               -2.0000
             D4 a1             :                0.5200
             D4 a2             :                5.0000
             D4 s6             :                1.0000
             D4 s8             :                2.7000
             D4 s9             :                5.0000
             alphaj            :                2.0000

  Z AO/shell   Hii/eV     exponent
  1     Wed Apr 25 08:07:45 CEST 2018   EN: 2.200 GM2: 0.406  GM3: 0.0800  RAES: 1.40
     1s    -10.707211    1.230000
  6     Wed Apr 25 08:07:45 CEST 2018   EN: 2.550 GM2: 0.538  GM3: 0.1500  RAES: 3.00
     2s    -13.970922    2.096432
     2p    -10.063292    1.800000
  9     Mon Apr 23 13:58:50 CEST 2018   EN: 3.980 GM2: 0.532  GM3: 0.1426  RAES: 2.40
     2s    -23.458179    2.416361
     2p    -15.746583    2.308399
 17     Mon Apr 23 14:09:22 CEST 2018   EN: 3.160 GM2: 0.249  GM3: 0.1495  RAES: 2.50
     3s    -29.278781    2.485265
     3p    -12.673758    2.199650
     3d     -0.240338    2.476089

 Solvent             : Water
 Using internal parameter file: .param_gbsa2_Water
 Gsolv ref. state (COSMO-RS): gsolv [1 M gas/solution]
 temperature (mdtemp)       :    298.150000000000     
 dielectric constant        :    80.2000000000000     
 rho                        :    1.00000000000000     
 mass                       :    18.0000000000000     
 surface tension            :    15.5689454083859     
 probe radius               :   0.975313790000000     
 Gshift (Eh)                :   1.857443126794793E-003
 c1                         :    1.55243817000000     
 soset                      :   0.130326360000000     
 HB correction              :  T
           ------------------------------------------------- 
          |        Self-Consistent Charge Iterations        |
           ------------------------------------------------- 

          ...................................................
          :                      SETUP                      :
          :.................................................:
          :  # basis functions                  21          :
          :  # atomic orbitals                  20          :
          :  # shells                           10          :
          :  # electrons                        22          :
          :  max. iterations                   250          :
          :  Hamiltonian                  GFN2-xTB          :
          :  restarted?                      false          :
          :  GBSA solvation                   true          :
          :  PC potential                    false          :
          :  electronic temp.          300.0000000     K    :
          :  accuracy                    1.0000000          :
          :  -> integral cutoff          0.2500000E+02      :
          :  -> integral neglect         0.1000000E-07      :
          :  -> SCF convergence          0.1000000E-05 Eh   :
          :  -> wf. convergence          0.1000000E-03 e    :
          :  Broyden damping             0.4000000          :
          ...................................................

 iter      E             dE          RMSdq      gap      omega  full diag
   1    -13.1359858 -0.131360E+02  0.834E+00    3.82       0.0  T
   2    -13.0898250  0.461608E-01  0.564E+00    1.02       1.0  T
   3    -13.2219260 -0.132101E+00  0.489E+00    1.81       1.0  T
   4    -13.2653387 -0.434127E-01  0.144E+00    0.81       1.0  T
   5    -13.2653496 -0.108817E-04  0.114E+00    1.26       1.0  T
   6    -13.2687836 -0.343401E-02  0.227E-01    1.09       1.0  T
   7    -13.2688281 -0.444653E-04  0.141E-01    1.05       1.0  T
   8    -13.2688746 -0.465444E-04  0.686E-02    1.04       1.0  T
   9    -13.2688828 -0.815935E-05  0.148E-02    1.06       2.7  T
  10    -13.2688833 -0.550557E-06  0.611E-03    1.06       6.7  T
  11    -13.2688834 -0.962783E-07  0.162E-03    1.06      25.2  T
  12    -13.2688834 -0.960574E-08  0.275E-04    1.06     148.6  T
  13    -13.2688834 -0.187402E-09  0.132E-04    1.06     308.2  T

   *** convergence criteria satisfied after 13 iterations ***

         #    Occupation            Energy/Eh            Energy/eV
      -------------------------------------------------------------
         1        2.0000           -0.9905320             -26.9537
       ...           ...                  ...                  ...
         5        2.0000           -0.5144557             -13.9991
         6        2.0000           -0.4537996             -12.3485
         7        2.0000           -0.4323070             -11.7637
         8        2.0000           -0.4323054             -11.7636
         9        2.0000           -0.3920137             -10.6672
        10        2.0000           -0.3896730             -10.6035
        11        2.0000           -0.3896717             -10.6035 (HOMO)
        12                         -0.3507207              -9.5436 (LUMO)
        13                          0.0970605               2.6412
        14                          0.1338860               3.6432
        15                          0.1339882               3.6460
        16                          0.1339903               3.6461
       ...                                ...                  ...
        20                          0.2540162               6.9121
      -------------------------------------------------------------
                  HL-Gap            0.0389511 Eh            1.0599 eV
             Fermi-level           -0.3698475 Eh          -10.0641 eV

 SCC (total)                   0 d,  0 h,  0 min,  0.007 sec
 SCC setup                      ...        0 min,  0.000 sec (  4.746%)
 Dispersion                     ...        0 min,  0.000 sec (  0.466%)
 integral evaluation            ...        0 min,  0.001 sec ( 17.052%)
 zeroth order Hamiltonian       ...        0 min,  0.000 sec (  0.526%)
 iterations                     ...        0 min,  0.004 sec ( 58.060%)
 molecular gradient             ...        0 min,  0.001 sec ( 16.643%)
 printout                       ...        0 min,  0.000 sec (  1.773%)

         :::::::::::::::::::::::::::::::::::::::::::::::::::::
         ::                     SUMMARY                     ::
         :::::::::::::::::::::::::::::::::::::::::::::::::::::
         :: total energy             -13.208909286699 Eh    ::
         :: total w/o Gsasa/hb       -13.207169937838 Eh    ::
         :: gradient norm              0.072547778329 Eh/a0 ::
         :: HOMO-LUMO gap              1.059913252840 eV    ::
         ::.................................................::
         :: SCC energy               -13.266483365861 Eh    ::
         :: -> isotropic ES            0.192480602638 Eh    ::
         :: -> anisotropic ES         -0.006439569931 Eh    ::
         :: -> anisotropic XC          0.006666537123 Eh    ::
         :: -> dispersion             -0.001607496319 Eh    ::
         :: -> Gsolv                  -0.102831688954 Eh    ::
         ::    -> Gborn               -0.101092340092 Eh    ::
         ::    -> Gsasa                0.000542617193 Eh    ::
         ::    -> Ghb                 -0.004139409182 Eh    ::
         ::    -> Gshift               0.001857443127 Eh    ::
         :: repulsion energy           0.057575354108 Eh    ::
         :: add. restraining           0.000000000000 Eh    ::
         :::::::::::::::::::::::::::::::::::::::::::::::::::::

           -------------------------------------------------
          |                Property Printout                |
           -------------------------------------------------

    * Orbital Energies and Occupations

         #    Occupation            Energy/Eh            Energy/eV
      -------------------------------------------------------------
         1        2.0000           -0.9905320             -26.9537
         2        2.0000           -0.7217018             -19.6385
         3        2.0000           -0.6127454             -16.6737
         4        2.0000           -0.5145119             -14.0006
         5        2.0000           -0.5144557             -13.9991
         6        2.0000           -0.4537996             -12.3485
         7        2.0000           -0.4323070             -11.7637
         8        2.0000           -0.4323054             -11.7636
         9        2.0000           -0.3920137             -10.6672
        10        2.0000           -0.3896730             -10.6035
        11        2.0000           -0.3896717             -10.6035 (HOMO)
        12                         -0.3507207              -9.5436 (LUMO)
        13                          0.0970605               2.6412
        14                          0.1338860               3.6432
        15                          0.1339882               3.6460
        16                          0.1339903               3.6461
        17                          0.1349338               3.6717
        18                          0.1349339               3.6717
        19                          0.2537689               6.9054
        20                          0.2540162               6.9121
      -------------------------------------------------------------
                  HL-Gap            0.0389511 Eh            1.0599 eV
             Fermi-level           -0.3698475 Eh          -10.0641 eV

     #   Z        covCN         q      C6AA      Î±(0)
     1   9 F      0.039    -0.509    15.451     4.579
     2  17 Cl     0.000    -0.952   125.046    17.018
     3   6 C      2.818     0.000    28.014     8.672
     4   1 H      0.926     0.154     1.367     1.829
     5   1 H      0.926     0.153     1.369     1.830
     6   1 H      0.926     0.153     1.368     1.829

 Mol. C6AA /auÂ·bohrâ¶  :        565.490630
 Mol. C8AA /auÂ·bohrâ¸  :      16532.571131
 Mol. Î±(0) /au        :         35.756818


Wiberg/Mayer (AO) data.
largest (>0.10) Wiberg bond orders for each atom
          total WBO             WBO to atom ...
     1  F   0.718        C    3 0.716
     2  Cl  0.070
     3  C   3.711        H    5 0.975    H    6 0.975    H    4 0.975    F    1 0.716
     4  H   0.976        C    3 0.975
     5  H   0.976        C    3 0.975
     6  H   0.976        C    3 0.975

molecular dipole:
                 x           y           z       tot (Debye)
 q only:       -2.254      -0.064       0.001
   full:       -2.062      -0.060      -0.001       5.244
molecular quadrupole (traceless):
                xx          xy          yy          xz          yz          zz
 q only:      -36.868      -1.243      18.424       0.640       0.015      18.444
  q+dip:      -37.183      -1.248      18.582       0.658       0.016      18.601
   full:      -36.251      -1.219      18.116       0.635       0.016      18.135


           -------------------------------------------------
          | TOTAL ENERGY              -13.208909286699 Eh   |
          | GRADIENT NORM               0.072547778329 Eh/Î± |
          | HOMO-LUMO GAP               1.059913252840 eV   |
           -------------------------------------------------

------------------------------------------------------------------------
 * finished run on 2020/08/20 at 17:46:29.119     
------------------------------------------------------------------------
 total:
 * wall-time:     0 d,  0 h,  0 min,  0.093 sec
 *  cpu-time:     0 d,  0 h,  0 min,  0.018 sec
 * ratio c/w:     0.199 speedup
 SCF:
 * wall-time:     0 d,  0 h,  0 min,  0.007 sec
 *  cpu-time:     0 d,  0 h,  0 min,  0.007 sec
 * ratio c/w:     0.998 speedup

