      -----------------------------------------------------------      
     |                   =====================                   |     
     |                           x T B                           |     
     |                   =====================                   |     
     |                         S. Grimme                         |     
     |          Mulliken Center for Theoretical Chemistry        |     
     |                    University of Bonn                     |     
      -----------------------------------------------------------      

   * xtb version 6.2.3 (830e466) compiled by 'ehlert@majestix' on 2020-03-16

   xtb is free software: you can redistribute it and/or modify it under
   the terms of the GNU Lesser General Public License as published by
   the Free Software Foundation, either version 3 of the License, or
   (at your option) any later version.
   
   xtb is distributed in the hope that it will be useful,
   but WITHOUT ANY WARRANTY; without even the implied warranty of
   MERCHANTABILITY or FITNESS FOR A PARTICULAR PURPOSE.  See the
   GNU Lesser General Public License for more details.
   
   Cite this work as:
   * S. Grimme, C. Bannwarth, P. Shushkov, J. Chem. Theory Comput., 2017,
     13, 1989-2009. DOI: 10.1021/acs.jctc.7b00118
   * C. Bannwarth, S. Ehlert and S. Grimme., J. Chem. Theory Comput., 2019,
     15, 1652-1671. DOI: 10.1021/acs.jctc.8b01176
   * P. Pracht, E. Caldeweyher, S. Ehlert, S. Grimme, ChemRxiv, 2019, preprint.
     DOI: 10.26434/chemrxiv.8326202.v1
   
   for DFT-D4:
   * E. Caldeweyher, C. Bannwarth and S. Grimme, J. Chem. Phys., 2017,
     147, 034112. DOI: 10.1063/1.4993215
   * E. Caldeweyher, S. Ehlert, A. Hansen, H. Neugebauer, S. Spicher,
     C. Bannwarth and S. Grimme, J. Chem. Phys., 2019, 150, 154122.
     DOI: 10.1063/1.5090222
   
   for sTDA-xTB:
   * S. Grimme and C. Bannwarth, J. Chem. Phys., 2016, 145, 054103.
     DOI: 10.1063/1.4959605
   
   in the mass-spec context:
   * V. Asgeirsson, C. Bauer and S. Grimme, Chem. Sci., 2017, 8, 4879.
     DOI: 10.1039/c7sc00601b
   
   for metadynamics refer to:
   * S. Grimme, J. Chem. Theory Comput., 2019, 155, 2847-2862
     DOI: 10.1021/acs.jctc.9b00143
   
   with help from (in alphabetical order)
   C. Bannwarth, F. Bohle, G. Brandenburg, E. Caldeweyher, M. Checinski,
   S. Dohm, S. Ehlert, S. Ehrlich, F. MÃ¤rz, H. Neugebauer, J. Pisarek,
   P. Pracht, P. Shushkov, and S. Spicher.
   
 * started run on 2020/08/20 at 17:46:29.548     

           -------------------------------------------------
          |                Calculation Setup                |
           -------------------------------------------------

          program call               : /u/fd/ball4935/opt/bin/xtb 8_1_xtb.xyz --chrg -1 --grad --gbsa Water
          hostname                   : comp0810
          coordinate file            : 8_1_xtb.xyz
          omp threads                :                     1
          number of atoms            :                     6
          number of electrons        :                    22
          charge                     :                    -1
          spin                       :                   0.0
          first test random number   :      0.99521783301305


molecular fragmentation (1/2 indicates fragments):
122222
# atoms in fragment 1/2:     1     5
 fragment masses (1/2) :       19.00       50.49
CMA distance (Bohr)    :   7.815
constraining FC (au)   :  0.0500
########################################################################
[WARNING] Please study the warnings concerning your input carefully
-2- prog_main: XTBPATH is not set, using XTBHOME instead
-1- prog_main: XTBHOME is not set, using HOME instead
########################################################################
           ------------------------------------------------- 
          |                 G F N 2 - x T B                 |
          | Geometry, Frequencies, Noncovalent interactions |
          |            JCTC 2019 parametrisation            |
           ------------------------------------------------- 
             k(s)              :                1.8500
             k(p)              :                2.2300
             k(d)              :                2.2300
             k(f)              :                2.0000
             kEN (H0ij)        :               -2.0000
             D4 a1             :                0.5200
             D4 a2             :                5.0000
             D4 s6             :                1.0000
             D4 s8             :                2.7000
             D4 s9             :                5.0000
             alphaj            :                2.0000

  Z AO/shell   Hii/eV     exponent
  1     Wed Apr 25 08:07:45 CEST 2018   EN: 2.200 GM2: 0.406  GM3: 0.0800  RAES: 1.40
     1s    -10.707211    1.230000
  6     Wed Apr 25 08:07:45 CEST 2018   EN: 2.550 GM2: 0.538  GM3: 0.1500  RAES: 3.00
     2s    -13.970922    2.096432
     2p    -10.063292    1.800000
  9     Mon Apr 23 13:58:50 CEST 2018   EN: 3.980 GM2: 0.532  GM3: 0.1426  RAES: 2.40
     2s    -23.458179    2.416361
     2p    -15.746583    2.308399
 17     Mon Apr 23 14:09:22 CEST 2018   EN: 3.160 GM2: 0.249  GM3: 0.1495  RAES: 2.50
     3s    -29.278781    2.485265
     3p    -12.673758    2.199650
     3d     -0.240338    2.476089

 Solvent             : Water
 Using internal parameter file: .param_gbsa2_Water
 Gsolv ref. state (COSMO-RS): gsolv [1 M gas/solution]
 temperature (mdtemp)       :    298.150000000000     
 dielectric constant        :    80.2000000000000     
 rho                        :    1.00000000000000     
 mass                       :    18.0000000000000     
 surface tension            :    15.5689454083859     
 probe radius               :   0.975313790000000     
 Gshift (Eh)                :   1.857443126794793E-003
 c1                         :    1.55243817000000     
 soset                      :   0.130326360000000     
 HB correction              :  T
           ------------------------------------------------- 
          |        Self-Consistent Charge Iterations        |
           ------------------------------------------------- 

          ...................................................
          :                      SETUP                      :
          :.................................................:
          :  # basis functions                  21          :
          :  # atomic orbitals                  20          :
          :  # shells                           10          :
          :  # electrons                        22          :
          :  max. iterations                   250          :
          :  Hamiltonian                  GFN2-xTB          :
          :  restarted?                      false          :
          :  GBSA solvation                   true          :
          :  PC potential                    false          :
          :  electronic temp.          300.0000000     K    :
          :  accuracy                    1.0000000          :
          :  -> integral cutoff          0.2500000E+02      :
          :  -> integral neglect         0.1000000E-07      :
          :  -> SCF convergence          0.1000000E-05 Eh   :
          :  -> wf. convergence          0.1000000E-03 e    :
          :  Broyden damping             0.4000000          :
          ...................................................

 iter      E             dE          RMSdq      gap      omega  full diag
   1    -13.1910716 -0.131911E+02  0.666E+00    5.44       0.0  T
   2    -13.2727566 -0.816849E-01  0.278E+00    2.85       1.0  T
   3    -13.2863380 -0.135814E-01  0.218E+00    3.11       1.0  T
   4    -13.2894348 -0.309681E-02  0.393E-01    2.62       1.0  T
   5    -13.2895362 -0.101386E-03  0.257E-01    2.87       1.0  T
   6    -13.2897034 -0.167238E-03  0.134E-01    2.83       1.0  T
   7    -13.2897504 -0.469982E-04  0.594E-02    2.86       1.0  T
   8    -13.2897571 -0.668730E-05  0.376E-02    2.86       1.1  T
   9    -13.2897619 -0.482404E-05  0.204E-03    2.87      20.1  T
  10    -13.2897619 -0.112279E-07  0.702E-04    2.87      58.1  T
  11    -13.2897619 -0.649370E-09  0.246E-05    2.87    1662.6  T

   *** convergence criteria satisfied after 11 iterations ***

         #    Occupation            Energy/Eh            Energy/eV
      -------------------------------------------------------------
         1        2.0000           -0.9871663             -26.8622
       ...           ...                  ...                  ...
         5        2.0000           -0.5061820             -13.7739
         6        2.0000           -0.4926007             -13.4043
         7        2.0000           -0.4525192             -12.3137
         8        2.0000           -0.4525101             -12.3134
         9        2.0000           -0.3913214             -10.6484
        10        2.0000           -0.3896570             -10.6031
        11        2.0000           -0.3896560             -10.6031 (HOMO)
        12                         -0.2842730              -7.7355 (LUMO)
        13                          0.0858607               2.3364
        14                          0.1394453               3.7945
        15                          0.1394639               3.7950
        16                          0.1398097               3.8044
       ...                                ...                  ...
        20                          0.1739505               4.7334
      -------------------------------------------------------------
                  HL-Gap            0.1053830 Eh            2.8676 eV
             Fermi-level           -0.3369645 Eh           -9.1693 eV

 SCC (total)                   0 d,  0 h,  0 min,  0.007 sec
 SCC setup                      ...        0 min,  0.000 sec (  4.439%)
 Dispersion                     ...        0 min,  0.000 sec (  0.465%)
 integral evaluation            ...        0 min,  0.001 sec ( 14.628%)
 zeroth order Hamiltonian       ...        0 min,  0.000 sec (  0.523%)
 iterations                     ...        0 min,  0.004 sec ( 60.987%)
 molecular gradient             ...        0 min,  0.001 sec ( 16.594%)
 printout                       ...        0 min,  0.000 sec (  1.700%)

         :::::::::::::::::::::::::::::::::::::::::::::::::::::
         ::                     SUMMARY                     ::
         :::::::::::::::::::::::::::::::::::::::::::::::::::::
         :: total energy             -13.243746780779 Eh    ::
         :: total w/o Gsasa/hb       -13.243014754716 Eh    ::
         :: gradient norm              0.093577098520 Eh/a0 ::
         :: HOMO-LUMO gap              2.867617047712 eV    ::
         ::.................................................::
         :: SCC energy               -13.287437899302 Eh    ::
         :: -> isotropic ES            0.179077472165 Eh    ::
         :: -> anisotropic ES         -0.002914313563 Eh    ::
         :: -> anisotropic XC          0.005482166500 Eh    ::
         :: -> dispersion             -0.001708027497 Eh    ::
         :: -> Gsolv                  -0.100672119030 Eh    ::
         ::    -> Gborn               -0.099940092966 Eh    ::
         ::    -> Gsasa                0.000466582607 Eh    ::
         ::    -> Ghb                 -0.003056051797 Eh    ::
         ::    -> Gshift               0.001857443127 Eh    ::
         :: repulsion energy           0.043691791296 Eh    ::
         :: add. restraining           0.000000000000 Eh    ::
         :::::::::::::::::::::::::::::::::::::::::::::::::::::

           -------------------------------------------------
          |                Property Printout                |
           -------------------------------------------------

    * Orbital Energies and Occupations

         #    Occupation            Energy/Eh            Energy/eV
      -------------------------------------------------------------
         1        2.0000           -0.9871663             -26.8622
         2        2.0000           -0.7519943             -20.4628
         3        2.0000           -0.6018734             -16.3778
         4        2.0000           -0.5063814             -13.7793
         5        2.0000           -0.5061820             -13.7739
         6        2.0000           -0.4926007             -13.4043
         7        2.0000           -0.4525192             -12.3137
         8        2.0000           -0.4525101             -12.3134
         9        2.0000           -0.3913214             -10.6484
        10        2.0000           -0.3896570             -10.6031
        11        2.0000           -0.3896560             -10.6031 (HOMO)
        12                         -0.2842730              -7.7355 (LUMO)
        13                          0.0858607               2.3364
        14                          0.1394453               3.7945
        15                          0.1394639               3.7950
        16                          0.1398097               3.8044
        17                          0.1406639               3.8277
        18                          0.1406647               3.8277
        19                          0.1708528               4.6491
        20                          0.1739505               4.7334
      -------------------------------------------------------------
                  HL-Gap            0.1053830 Eh            2.8676 eV
             Fermi-level           -0.3369645 Eh           -9.1693 eV

     #   Z        covCN         q      C6AA      Î±(0)
     1   9 F      0.464    -0.402    13.716     4.353
     2  17 Cl     0.000    -0.992   126.665    17.128
     3   6 C      3.229     0.026    26.621     8.379
     4   1 H      0.922     0.123     1.593     1.974
     5   1 H      0.922     0.123     1.593     1.974
     6   1 H      0.922     0.123     1.594     1.974

 Mol. C6AA /auÂ·bohrâ¶  :        565.692735
 Mol. C8AA /auÂ·bohrâ¸  :      16491.878163
 Mol. Î±(0) /au        :         35.782376


Wiberg/Mayer (AO) data.
largest (>0.10) Wiberg bond orders for each atom
          total WBO             WBO to atom ...
     1  F   0.843        C    3 0.824
     2  Cl  0.017
     3  C   3.774        H    5 0.980    H    6 0.980    H    4 0.980    F    1 0.824
     4  H   0.985        C    3 0.980
     5  H   0.985        C    3 0.980
     6  H   0.985        C    3 0.980

molecular dipole:
                 x           y           z       tot (Debye)
 q only:       -2.714      -0.072       0.013
   full:       -2.497      -0.067       0.010       6.349
molecular quadrupole (traceless):
                xx          xy          yy          xz          yz          zz
 q only:      -29.970      -1.021      14.977       0.512       0.012      14.993
  q+dip:      -31.035      -1.051      15.510       0.539       0.012      15.525
   full:      -30.344      -1.028      15.164       0.526       0.012      15.180


           -------------------------------------------------
          | TOTAL ENERGY              -13.243746780779 Eh   |
          | GRADIENT NORM               0.093577098520 Eh/Î± |
          | HOMO-LUMO GAP               2.867617047712 eV   |
           -------------------------------------------------

------------------------------------------------------------------------
 * finished run on 2020/08/20 at 17:46:29.669     
------------------------------------------------------------------------
 total:
 * wall-time:     0 d,  0 h,  0 min,  0.120 sec
 *  cpu-time:     0 d,  0 h,  0 min,  0.018 sec
 * ratio c/w:     0.147 speedup
 SCF:
 * wall-time:     0 d,  0 h,  0 min,  0.007 sec
 *  cpu-time:     0 d,  0 h,  0 min,  0.007 sec
 * ratio c/w:     0.998 speedup

