      -----------------------------------------------------------      
     |                   =====================                   |     
     |                           x T B                           |     
     |                   =====================                   |     
     |                         S. Grimme                         |     
     |          Mulliken Center for Theoretical Chemistry        |     
     |                    University of Bonn                     |     
      -----------------------------------------------------------      

   * xtb version 6.2.3 (830e466) compiled by 'ehlert@majestix' on 2020-03-16

   xtb is free software: you can redistribute it and/or modify it under
   the terms of the GNU Lesser General Public License as published by
   the Free Software Foundation, either version 3 of the License, or
   (at your option) any later version.
   
   xtb is distributed in the hope that it will be useful,
   but WITHOUT ANY WARRANTY; without even the implied warranty of
   MERCHANTABILITY or FITNESS FOR A PARTICULAR PURPOSE.  See the
   GNU Lesser General Public License for more details.
   
   Cite this work as:
   * S. Grimme, C. Bannwarth, P. Shushkov, J. Chem. Theory Comput., 2017,
     13, 1989-2009. DOI: 10.1021/acs.jctc.7b00118
   * C. Bannwarth, S. Ehlert and S. Grimme., J. Chem. Theory Comput., 2019,
     15, 1652-1671. DOI: 10.1021/acs.jctc.8b01176
   * P. Pracht, E. Caldeweyher, S. Ehlert, S. Grimme, ChemRxiv, 2019, preprint.
     DOI: 10.26434/chemrxiv.8326202.v1
   
   for DFT-D4:
   * E. Caldeweyher, C. Bannwarth and S. Grimme, J. Chem. Phys., 2017,
     147, 034112. DOI: 10.1063/1.4993215
   * E. Caldeweyher, S. Ehlert, A. Hansen, H. Neugebauer, S. Spicher,
     C. Bannwarth and S. Grimme, J. Chem. Phys., 2019, 150, 154122.
     DOI: 10.1063/1.5090222
   
   for sTDA-xTB:
   * S. Grimme and C. Bannwarth, J. Chem. Phys., 2016, 145, 054103.
     DOI: 10.1063/1.4959605
   
   in the mass-spec context:
   * V. Asgeirsson, C. Bauer and S. Grimme, Chem. Sci., 2017, 8, 4879.
     DOI: 10.1039/c7sc00601b
   
   for metadynamics refer to:
   * S. Grimme, J. Chem. Theory Comput., 2019, 155, 2847-2862
     DOI: 10.1021/acs.jctc.9b00143
   
   with help from (in alphabetical order)
   C. Bannwarth, F. Bohle, G. Brandenburg, E. Caldeweyher, M. Checinski,
   S. Dohm, S. Ehlert, S. Ehrlich, F. MÃ¤rz, H. Neugebauer, J. Pisarek,
   P. Pracht, P. Shushkov, and S. Spicher.
   
 * started run on 2020/08/20 at 17:46:32.177     

           -------------------------------------------------
          |                Calculation Setup                |
           -------------------------------------------------

          program call               : /u/fd/ball4935/opt/bin/xtb 8_8_xtb.xyz --chrg -1 --grad --gbsa Water
          hostname                   : comp0810
          coordinate file            : 8_8_xtb.xyz
          omp threads                :                     1
          number of atoms            :                     6
          number of electrons        :                    22
          charge                     :                    -1
          spin                       :                   0.0
          first test random number   :      0.08129818733332


molecular fragmentation (1/2 indicates fragments):
121111
# atoms in fragment 1/2:     5     1
 fragment masses (1/2) :       34.03       35.45
CMA distance (Bohr)    :   6.900
constraining FC (au)   :  0.0500
########################################################################
[WARNING] Please study the warnings concerning your input carefully
-2- prog_main: XTBPATH is not set, using XTBHOME instead
-1- prog_main: XTBHOME is not set, using HOME instead
########################################################################
           ------------------------------------------------- 
          |                 G F N 2 - x T B                 |
          | Geometry, Frequencies, Noncovalent interactions |
          |            JCTC 2019 parametrisation            |
           ------------------------------------------------- 
             k(s)              :                1.8500
             k(p)              :                2.2300
             k(d)              :                2.2300
             k(f)              :                2.0000
             kEN (H0ij)        :               -2.0000
             D4 a1             :                0.5200
             D4 a2             :                5.0000
             D4 s6             :                1.0000
             D4 s8             :                2.7000
             D4 s9             :                5.0000
             alphaj            :                2.0000

  Z AO/shell   Hii/eV     exponent
  1     Wed Apr 25 08:07:45 CEST 2018   EN: 2.200 GM2: 0.406  GM3: 0.0800  RAES: 1.40
     1s    -10.707211    1.230000
  6     Wed Apr 25 08:07:45 CEST 2018   EN: 2.550 GM2: 0.538  GM3: 0.1500  RAES: 3.00
     2s    -13.970922    2.096432
     2p    -10.063292    1.800000
  9     Mon Apr 23 13:58:50 CEST 2018   EN: 3.980 GM2: 0.532  GM3: 0.1426  RAES: 2.40
     2s    -23.458179    2.416361
     2p    -15.746583    2.308399
 17     Mon Apr 23 14:09:22 CEST 2018   EN: 3.160 GM2: 0.249  GM3: 0.1495  RAES: 2.50
     3s    -29.278781    2.485265
     3p    -12.673758    2.199650
     3d     -0.240338    2.476089

 Solvent             : Water
 Using internal parameter file: .param_gbsa2_Water
 Gsolv ref. state (COSMO-RS): gsolv [1 M gas/solution]
 temperature (mdtemp)       :    298.150000000000     
 dielectric constant        :    80.2000000000000     
 rho                        :    1.00000000000000     
 mass                       :    18.0000000000000     
 surface tension            :    15.5689454083859     
 probe radius               :   0.975313790000000     
 Gshift (Eh)                :   1.857443126794793E-003
 c1                         :    1.55243817000000     
 soset                      :   0.130326360000000     
 HB correction              :  T
           ------------------------------------------------- 
          |        Self-Consistent Charge Iterations        |
           ------------------------------------------------- 

          ...................................................
          :                      SETUP                      :
          :.................................................:
          :  # basis functions                  21          :
          :  # atomic orbitals                  20          :
          :  # shells                           10          :
          :  # electrons                        22          :
          :  max. iterations                   250          :
          :  Hamiltonian                  GFN2-xTB          :
          :  restarted?                      false          :
          :  GBSA solvation                   true          :
          :  PC potential                    false          :
          :  electronic temp.          300.0000000     K    :
          :  accuracy                    1.0000000          :
          :  -> integral cutoff          0.2500000E+02      :
          :  -> integral neglect         0.1000000E-07      :
          :  -> SCF convergence          0.1000000E-05 Eh   :
          :  -> wf. convergence          0.1000000E-03 e    :
          :  Broyden damping             0.4000000          :
          ...................................................

 iter      E             dE          RMSdq      gap      omega  full diag
   1    -13.3055914 -0.133056E+02  0.549E+00   12.24       0.0  T
   2    -13.3580260 -0.524345E-01  0.282E+00   13.16       1.0  T
   3    -13.3588744 -0.848492E-03  0.146E+00   13.61       1.0  T
   4    -13.3590254 -0.150999E-03  0.155E-01   13.74       1.0  T
   5    -13.3590514 -0.259916E-04  0.678E-02   13.80       1.0  T
   6    -13.3590555 -0.408441E-05  0.517E-02   13.81       1.0  T
   7    -13.3590608 -0.525975E-05  0.143E-02   13.82       2.8  T
   8    -13.3590607  0.752552E-07  0.602E-03   13.83       6.8  T
   9    -13.3590608 -0.136094E-06  0.449E-04   13.82      90.9  T
  10    -13.3590608 -0.156382E-09  0.672E-05   13.82     607.8  T

   *** convergence criteria satisfied after 10 iterations ***

         #    Occupation            Energy/Eh            Energy/eV
      -------------------------------------------------------------
         1        2.0000           -0.9859417             -26.8288
       ...           ...                  ...                  ...
         5        2.0000           -0.5410765             -14.7234
         6        2.0000           -0.5386986             -14.6587
         7        2.0000           -0.4549249             -12.3791
         8        2.0000           -0.4548969             -12.3784
         9        2.0000           -0.3883644             -10.5679
        10        2.0000           -0.3882059             -10.5636
        11        2.0000           -0.3882056             -10.5636 (HOMO)
        12                          0.1197676               3.2590 (LUMO)
        13                          0.1404952               3.8231
        14                          0.1405023               3.8233
        15                          0.1419171               3.8618
        16                          0.1419174               3.8618
       ...                                ...                  ...
        20                          0.2346564               6.3853
      -------------------------------------------------------------
                  HL-Gap            0.5079732 Eh           13.8227 eV
             Fermi-level           -0.1342190 Eh           -3.6523 eV

 SCC (total)                   0 d,  0 h,  0 min,  0.006 sec
 SCC setup                      ...        0 min,  0.000 sec (  5.153%)
 Dispersion                     ...        0 min,  0.000 sec (  0.544%)
 integral evaluation            ...        0 min,  0.001 sec ( 15.821%)
 zeroth order Hamiltonian       ...        0 min,  0.000 sec (  0.714%)
 iterations                     ...        0 min,  0.004 sec ( 56.002%)
 molecular gradient             ...        0 min,  0.001 sec ( 19.063%)
 printout                       ...        0 min,  0.000 sec (  1.925%)

         :::::::::::::::::::::::::::::::::::::::::::::::::::::
         ::                     SUMMARY                     ::
         :::::::::::::::::::::::::::::::::::::::::::::::::::::
         :: total energy             -13.288498405942 Eh    ::
         :: total w/o Gsasa/hb       -13.288990863038 Eh    ::
         :: gradient norm              0.037996881002 Eh/a0 ::
         :: HOMO-LUMO gap             13.822655608899 eV    ::
         ::.................................................::
         :: SCC energy               -13.356887874256 Eh    ::
         :: -> isotropic ES            0.163233208634 Eh    ::
         :: -> anisotropic ES         -0.001314035418 Eh    ::
         :: -> anisotropic XC         -0.003389190114 Eh    ::
         :: -> dispersion             -0.001934645285 Eh    ::
         :: -> Gsolv                  -0.098725870798 Eh    ::
         ::    -> Gborn               -0.099218327894 Eh    ::
         ::    -> Gsasa                0.000315527464 Eh    ::
         ::    -> Ghb                 -0.001680513495 Eh    ::
         ::    -> Gshift               0.001857443127 Eh    ::
         :: repulsion energy           0.068389556385 Eh    ::
         :: add. restraining           0.000000000000 Eh    ::
         :::::::::::::::::::::::::::::::::::::::::::::::::::::

           -------------------------------------------------
          |                Property Printout                |
           -------------------------------------------------

    * Orbital Energies and Occupations

         #    Occupation            Energy/Eh            Energy/eV
      -------------------------------------------------------------
         1        2.0000           -0.9859417             -26.8288
         2        2.0000           -0.8208359             -22.3361
         3        2.0000           -0.6128728             -16.6771
         4        2.0000           -0.5411098             -14.7243
         5        2.0000           -0.5410765             -14.7234
         6        2.0000           -0.5386986             -14.6587
         7        2.0000           -0.4549249             -12.3791
         8        2.0000           -0.4548969             -12.3784
         9        2.0000           -0.3883644             -10.5679
        10        2.0000           -0.3882059             -10.5636
        11        2.0000           -0.3882056             -10.5636 (HOMO)
        12                          0.1197676               3.2590 (LUMO)
        13                          0.1404952               3.8231
        14                          0.1405023               3.8233
        15                          0.1419171               3.8618
        16                          0.1419174               3.8618
        17                          0.1441215               3.9217
        18                          0.1781806               4.8485
        19                          0.2338616               6.3637
        20                          0.2346564               6.3853
      -------------------------------------------------------------
                  HL-Gap            0.5079732 Eh           13.8227 eV
             Fermi-level           -0.1342190 Eh           -3.6523 eV

     #   Z        covCN         q      C6AA      Î±(0)
     1   9 F      0.784    -0.267    11.947     4.083
     2  17 Cl     0.002    -0.996   126.866    17.142
     3   6 C      3.565     0.089    19.899     6.498
     4   1 H      0.926     0.058     2.222     2.331
     5   1 H      0.926     0.058     2.224     2.332
     6   1 H      0.926     0.058     2.223     2.331

 Mol. C6AA /auÂ·bohrâ¶  :        554.552962
 Mol. C8AA /auÂ·bohrâ¸  :      15913.780538
 Mol. Î±(0) /au        :         34.717667


Wiberg/Mayer (AO) data.
largest (>0.10) Wiberg bond orders for each atom
          total WBO             WBO to atom ...
     1  F   0.989        C    3 0.939
     2  Cl  0.007
     3  C   3.884        H    6 0.980    H    5 0.980    H    4 0.980    F    1 0.939
     4  H   0.997        C    3 0.980
     5  H   0.997        C    3 0.980
     6  H   0.997        C    3 0.980

molecular dipole:
                 x           y           z       tot (Debye)
 q only:       -2.780      -0.069       0.030
   full:       -2.628      -0.066       0.028       6.683
molecular quadrupole (traceless):
                xx          xy          yy          xz          yz          zz
 q only:      -17.879      -0.622       8.934       0.315       0.007       8.945
  q+dip:      -20.555      -0.708      10.271       0.366       0.005      10.284
   full:      -19.775      -0.682       9.882       0.353       0.006       9.893


           -------------------------------------------------
          | TOTAL ENERGY              -13.288498405942 Eh   |
          | GRADIENT NORM               0.037996881002 Eh/Î± |
          | HOMO-LUMO GAP              13.822655608899 eV   |
           -------------------------------------------------

------------------------------------------------------------------------
 * finished run on 2020/08/20 at 17:46:32.303     
------------------------------------------------------------------------
 total:
 * wall-time:     0 d,  0 h,  0 min,  0.125 sec
 *  cpu-time:     0 d,  0 h,  0 min,  0.018 sec
 * ratio c/w:     0.145 speedup
 SCF:
 * wall-time:     0 d,  0 h,  0 min,  0.007 sec
 *  cpu-time:     0 d,  0 h,  0 min,  0.007 sec
 * ratio c/w:     0.997 speedup

