      -----------------------------------------------------------      
     |                   =====================                   |     
     |                           x T B                           |     
     |                   =====================                   |     
     |                         S. Grimme                         |     
     |          Mulliken Center for Theoretical Chemistry        |     
     |                    University of Bonn                     |     
      -----------------------------------------------------------      

   * xtb version 6.2.3 (830e466) compiled by 'ehlert@majestix' on 2020-03-16

   xtb is free software: you can redistribute it and/or modify it under
   the terms of the GNU Lesser General Public License as published by
   the Free Software Foundation, either version 3 of the License, or
   (at your option) any later version.
   
   xtb is distributed in the hope that it will be useful,
   but WITHOUT ANY WARRANTY; without even the implied warranty of
   MERCHANTABILITY or FITNESS FOR A PARTICULAR PURPOSE.  See the
   GNU Lesser General Public License for more details.
   
   Cite this work as:
   * S. Grimme, C. Bannwarth, P. Shushkov, J. Chem. Theory Comput., 2017,
     13, 1989-2009. DOI: 10.1021/acs.jctc.7b00118
   * C. Bannwarth, S. Ehlert and S. Grimme., J. Chem. Theory Comput., 2019,
     15, 1652-1671. DOI: 10.1021/acs.jctc.8b01176
   * P. Pracht, E. Caldeweyher, S. Ehlert, S. Grimme, ChemRxiv, 2019, preprint.
     DOI: 10.26434/chemrxiv.8326202.v1
   
   for DFT-D4:
   * E. Caldeweyher, C. Bannwarth and S. Grimme, J. Chem. Phys., 2017,
     147, 034112. DOI: 10.1063/1.4993215
   * E. Caldeweyher, S. Ehlert, A. Hansen, H. Neugebauer, S. Spicher,
     C. Bannwarth and S. Grimme, J. Chem. Phys., 2019, 150, 154122.
     DOI: 10.1063/1.5090222
   
   for sTDA-xTB:
   * S. Grimme and C. Bannwarth, J. Chem. Phys., 2016, 145, 054103.
     DOI: 10.1063/1.4959605
   
   in the mass-spec context:
   * V. Asgeirsson, C. Bauer and S. Grimme, Chem. Sci., 2017, 8, 4879.
     DOI: 10.1039/c7sc00601b
   
   for metadynamics refer to:
   * S. Grimme, J. Chem. Theory Comput., 2019, 155, 2847-2862
     DOI: 10.1021/acs.jctc.9b00143
   
   with help from (in alphabetical order)
   C. Bannwarth, F. Bohle, G. Brandenburg, E. Caldeweyher, M. Checinski,
   S. Dohm, S. Ehlert, S. Ehrlich, F. MÃ¤rz, H. Neugebauer, J. Pisarek,
   P. Pracht, P. Shushkov, and S. Spicher.
   
 * started run on 2020/08/20 at 17:46:29.665     

           -------------------------------------------------
          |                Calculation Setup                |
           -------------------------------------------------

          program call               : /u/fd/ball4935/opt/bin/xtb 11_1_xtb.xyz --chrg -1 --grad --gbsa Water
          hostname                   : comp0810
          coordinate file            : 11_1_xtb.xyz
          omp threads                :                     1
          number of atoms            :                     6
          number of electrons        :                    22
          charge                     :                    -1
          spin                       :                   0.0
          first test random number   :      0.27037108642121


molecular fragmentation (1/2 indicates fragments):
121111
# atoms in fragment 1/2:     5     1
 fragment masses (1/2) :       34.03       35.45
CMA distance (Bohr)    :   8.502
constraining FC (au)   :  0.0500
########################################################################
[WARNING] Please study the warnings concerning your input carefully
-2- prog_main: XTBPATH is not set, using XTBHOME instead
-1- prog_main: XTBHOME is not set, using HOME instead
########################################################################
           ------------------------------------------------- 
          |                 G F N 2 - x T B                 |
          | Geometry, Frequencies, Noncovalent interactions |
          |            JCTC 2019 parametrisation            |
           ------------------------------------------------- 
             k(s)              :                1.8500
             k(p)              :                2.2300
             k(d)              :                2.2300
             k(f)              :                2.0000
             kEN (H0ij)        :               -2.0000
             D4 a1             :                0.5200
             D4 a2             :                5.0000
             D4 s6             :                1.0000
             D4 s8             :                2.7000
             D4 s9             :                5.0000
             alphaj            :                2.0000

  Z AO/shell   Hii/eV     exponent
  1     Wed Apr 25 08:07:45 CEST 2018   EN: 2.200 GM2: 0.406  GM3: 0.0800  RAES: 1.40
     1s    -10.707211    1.230000
  6     Wed Apr 25 08:07:45 CEST 2018   EN: 2.550 GM2: 0.538  GM3: 0.1500  RAES: 3.00
     2s    -13.970922    2.096432
     2p    -10.063292    1.800000
  9     Mon Apr 23 13:58:50 CEST 2018   EN: 3.980 GM2: 0.532  GM3: 0.1426  RAES: 2.40
     2s    -23.458179    2.416361
     2p    -15.746583    2.308399
 17     Mon Apr 23 14:09:22 CEST 2018   EN: 3.160 GM2: 0.249  GM3: 0.1495  RAES: 2.50
     3s    -29.278781    2.485265
     3p    -12.673758    2.199650
     3d     -0.240338    2.476089

 Solvent             : Water
 Using internal parameter file: .param_gbsa2_Water
 Gsolv ref. state (COSMO-RS): gsolv [1 M gas/solution]
 temperature (mdtemp)       :    298.150000000000     
 dielectric constant        :    80.2000000000000     
 rho                        :    1.00000000000000     
 mass                       :    18.0000000000000     
 surface tension            :    15.5689454083859     
 probe radius               :   0.975313790000000     
 Gshift (Eh)                :   1.857443126794793E-003
 c1                         :    1.55243817000000     
 soset                      :   0.130326360000000     
 HB correction              :  T
           ------------------------------------------------- 
          |        Self-Consistent Charge Iterations        |
           ------------------------------------------------- 

          ...................................................
          :                      SETUP                      :
          :.................................................:
          :  # basis functions                  21          :
          :  # atomic orbitals                  20          :
          :  # shells                           10          :
          :  # electrons                        22          :
          :  max. iterations                   250          :
          :  Hamiltonian                  GFN2-xTB          :
          :  restarted?                      false          :
          :  GBSA solvation                   true          :
          :  PC potential                    false          :
          :  electronic temp.          300.0000000     K    :
          :  accuracy                    1.0000000          :
          :  -> integral cutoff          0.2500000E+02      :
          :  -> integral neglect         0.1000000E-07      :
          :  -> SCF convergence          0.1000000E-05 Eh   :
          :  -> wf. convergence          0.1000000E-03 e    :
          :  Broyden damping             0.4000000          :
          ...................................................

 iter      E             dE          RMSdq      gap      omega  full diag
   1    -13.2501468 -0.132501E+02  0.536E+00   12.17       0.0  T
   2    -13.3223348 -0.721881E-01  0.280E+00   11.87       1.0  T
   3    -13.3232882 -0.953386E-03  0.167E+00   11.81       1.0  T
   4    -13.3235030 -0.214740E-03  0.182E-01   11.79       1.0  T
   5    -13.3235421 -0.391355E-04  0.646E-02   11.81       1.0  T
   6    -13.3235445 -0.238185E-05  0.515E-02   11.81       1.0  T
   7    -13.3235494 -0.494001E-05  0.136E-02   11.82       3.0  T
   8    -13.3235494 -0.325976E-07  0.159E-03   11.83      25.7  T
   9    -13.3235495 -0.624851E-08  0.585E-04   11.83      69.8  T
  10    -13.3235495 -0.359464E-09  0.790E-05   11.83     517.0  T

   *** convergence criteria satisfied after 10 iterations ***

         #    Occupation            Energy/Eh            Energy/eV
      -------------------------------------------------------------
         1        2.0000           -0.9866775             -26.8489
       ...           ...                  ...                  ...
         5        2.0000           -0.5530740             -15.0499
         6        2.0000           -0.5473785             -14.8949
         7        2.0000           -0.4537808             -12.3480
         8        2.0000           -0.4535390             -12.3414
         9        2.0000           -0.3900053             -10.6126
        10        2.0000           -0.3894851             -10.5984
        11        2.0000           -0.3894848             -10.5984 (HOMO)
        12                          0.0450980               1.2272 (LUMO)
        13                          0.0824650               2.2440
        14                          0.0856460               2.3305
        15                          0.1419921               3.8638
        16                          0.1420463               3.8653
       ...                                ...                  ...
        20                          0.2351756               6.3995
      -------------------------------------------------------------
                  HL-Gap            0.4345829 Eh           11.8256 eV
             Fermi-level           -0.1721934 Eh           -4.6856 eV

 SCC (total)                   0 d,  0 h,  0 min,  0.006 sec
 SCC setup                      ...        0 min,  0.000 sec (  5.087%)
 Dispersion                     ...        0 min,  0.000 sec (  0.501%)
 integral evaluation            ...        0 min,  0.001 sec ( 18.625%)
 zeroth order Hamiltonian       ...        0 min,  0.000 sec (  0.482%)
 iterations                     ...        0 min,  0.003 sec ( 55.777%)
 molecular gradient             ...        0 min,  0.001 sec ( 17.015%)
 printout                       ...        0 min,  0.000 sec (  1.748%)

         :::::::::::::::::::::::::::::::::::::::::::::::::::::
         ::                     SUMMARY                     ::
         :::::::::::::::::::::::::::::::::::::::::::::::::::::
         :: total energy             -13.276620935745 Eh    ::
         :: total w/o Gsasa/hb       -13.276985548063 Eh    ::
         :: gradient norm              0.143491038687 Eh/a0 ::
         :: HOMO-LUMO gap             11.825601294240 eV    ::
         ::.................................................::
         :: SCC energy               -13.321534376849 Eh    ::
         :: -> isotropic ES            0.164295227907 Eh    ::
         :: -> anisotropic ES          0.000506594453 Eh    ::
         :: -> anisotropic XC         -0.003092536187 Eh    ::
         :: -> dispersion             -0.001651271031 Eh    ::
         :: -> Gsolv                  -0.103320782190 Eh    ::
         ::    -> Gborn               -0.103685394508 Eh    ::
         ::    -> Gsasa                0.000157633024 Eh    ::
         ::    -> Ghb                 -0.001650463833 Eh    ::
         ::    -> Gshift               0.001857443127 Eh    ::
         :: repulsion energy           0.044913751290 Eh    ::
         :: add. restraining           0.000000000000 Eh    ::
         :::::::::::::::::::::::::::::::::::::::::::::::::::::

           -------------------------------------------------
          |                Property Printout                |
           -------------------------------------------------

    * Orbital Energies and Occupations

         #    Occupation            Energy/Eh            Energy/eV
      -------------------------------------------------------------
         1        2.0000           -0.9866775             -26.8489
         2        2.0000           -0.8402326             -22.8639
         3        2.0000           -0.6168701             -16.7859
         4        2.0000           -0.5531791             -15.0528
         5        2.0000           -0.5530740             -15.0499
         6        2.0000           -0.5473785             -14.8949
         7        2.0000           -0.4537808             -12.3480
         8        2.0000           -0.4535390             -12.3414
         9        2.0000           -0.3900053             -10.6126
        10        2.0000           -0.3894851             -10.5984
        11        2.0000           -0.3894848             -10.5984 (HOMO)
        12                          0.0450980               1.2272 (LUMO)
        13                          0.0824650               2.2440
        14                          0.0856460               2.3305
        15                          0.1419921               3.8638
        16                          0.1420463               3.8653
        17                          0.1420474               3.8653
        18                          0.1423132               3.8725
        19                          0.1423133               3.8725
        20                          0.2351756               6.3995
      -------------------------------------------------------------
                  HL-Gap            0.4345829 Eh           11.8256 eV
             Fermi-level           -0.1721934 Eh           -4.6856 eV

     #   Z        covCN         q      C6AA      Î±(0)
     1   9 F      0.785    -0.213    11.366     3.982
     2  17 Cl     0.000    -1.000   127.003    17.151
     3   6 C      3.498     0.101    20.440     6.714
     4   1 H      0.905     0.038     2.484     2.466
     5   1 H      0.904     0.037     2.497     2.472
     6   1 H      0.904     0.037     2.497     2.472

 Mol. C6AA /auÂ·bohrâ¶  :        566.216896
 Mol. C8AA /auÂ·bohrâ¸  :      16151.364691
 Mol. Î±(0) /au        :         35.257879


Wiberg/Mayer (AO) data.
largest (>0.10) Wiberg bond orders for each atom
          total WBO             WBO to atom ...
     1  F   1.072        C    3 0.984
     2  Cl  0.000
     3  C   3.891        F    1 0.984    H    4 0.969    H    5 0.969    H    6 0.969
     4  H   0.999        C    3 0.969
     5  H   0.999        C    3 0.969
     6  H   0.999        C    3 0.969

molecular dipole:
                 x           y           z       tot (Debye)
 q only:       -4.249      -0.109       0.027
   full:       -4.078      -0.106       0.024      10.368
molecular quadrupole (traceless):
                xx          xy          yy          xz          yz          zz
 q only:      -27.929      -1.002      13.953       0.393       0.012      13.975
  q+dip:      -30.357      -1.071      15.167       0.456       0.013      15.191
   full:      -29.773      -1.055      14.875       0.439       0.013      14.898


           -------------------------------------------------
          | TOTAL ENERGY              -13.276620935745 Eh   |
          | GRADIENT NORM               0.143491038687 Eh/Î± |
          | HOMO-LUMO GAP              11.825601294240 eV   |
           -------------------------------------------------

------------------------------------------------------------------------
 * finished run on 2020/08/20 at 17:46:29.758     
------------------------------------------------------------------------
 total:
 * wall-time:     0 d,  0 h,  0 min,  0.092 sec
 *  cpu-time:     0 d,  0 h,  0 min,  0.017 sec
 * ratio c/w:     0.188 speedup
 SCF:
 * wall-time:     0 d,  0 h,  0 min,  0.006 sec
 *  cpu-time:     0 d,  0 h,  0 min,  0.006 sec
 * ratio c/w:     0.997 speedup

