      -----------------------------------------------------------      
     |                   =====================                   |     
     |                           x T B                           |     
     |                   =====================                   |     
     |                         S. Grimme                         |     
     |          Mulliken Center for Theoretical Chemistry        |     
     |                    University of Bonn                     |     
      -----------------------------------------------------------      

   * xtb version 6.2.3 (830e466) compiled by 'ehlert@majestix' on 2020-03-16

   xtb is free software: you can redistribute it and/or modify it under
   the terms of the GNU Lesser General Public License as published by
   the Free Software Foundation, either version 3 of the License, or
   (at your option) any later version.
   
   xtb is distributed in the hope that it will be useful,
   but WITHOUT ANY WARRANTY; without even the implied warranty of
   MERCHANTABILITY or FITNESS FOR A PARTICULAR PURPOSE.  See the
   GNU Lesser General Public License for more details.
   
   Cite this work as:
   * S. Grimme, C. Bannwarth, P. Shushkov, J. Chem. Theory Comput., 2017,
     13, 1989-2009. DOI: 10.1021/acs.jctc.7b00118
   * C. Bannwarth, S. Ehlert and S. Grimme., J. Chem. Theory Comput., 2019,
     15, 1652-1671. DOI: 10.1021/acs.jctc.8b01176
   * P. Pracht, E. Caldeweyher, S. Ehlert, S. Grimme, ChemRxiv, 2019, preprint.
     DOI: 10.26434/chemrxiv.8326202.v1
   
   for DFT-D4:
   * E. Caldeweyher, C. Bannwarth and S. Grimme, J. Chem. Phys., 2017,
     147, 034112. DOI: 10.1063/1.4993215
   * E. Caldeweyher, S. Ehlert, A. Hansen, H. Neugebauer, S. Spicher,
     C. Bannwarth and S. Grimme, J. Chem. Phys., 2019, 150, 154122.
     DOI: 10.1063/1.5090222
   
   for sTDA-xTB:
   * S. Grimme and C. Bannwarth, J. Chem. Phys., 2016, 145, 054103.
     DOI: 10.1063/1.4959605
   
   in the mass-spec context:
   * V. Asgeirsson, C. Bauer and S. Grimme, Chem. Sci., 2017, 8, 4879.
     DOI: 10.1039/c7sc00601b
   
   for metadynamics refer to:
   * S. Grimme, J. Chem. Theory Comput., 2019, 155, 2847-2862
     DOI: 10.1021/acs.jctc.9b00143
   
   with help from (in alphabetical order)
   C. Bannwarth, F. Bohle, G. Brandenburg, E. Caldeweyher, M. Checinski,
   S. Dohm, S. Ehlert, S. Ehrlich, F. MÃ¤rz, H. Neugebauer, J. Pisarek,
   P. Pracht, P. Shushkov, and S. Spicher.
   
 * started run on 2020/08/20 at 17:46:30.053     

           -------------------------------------------------
          |                Calculation Setup                |
           -------------------------------------------------

          program call               : /u/fd/ball4935/opt/bin/xtb 11_2_xtb.xyz --chrg -1 --grad --gbsa Water
          hostname                   : comp0810
          coordinate file            : 11_2_xtb.xyz
          omp threads                :                     1
          number of atoms            :                     6
          number of electrons        :                    22
          charge                     :                    -1
          spin                       :                   0.0
          first test random number   :      0.28003589753204


molecular fragmentation (1/2 indicates fragments):
121111
# atoms in fragment 1/2:     5     1
 fragment masses (1/2) :       34.03       35.45
CMA distance (Bohr)    :   8.359
constraining FC (au)   :  0.0500
########################################################################
[WARNING] Please study the warnings concerning your input carefully
-2- prog_main: XTBPATH is not set, using XTBHOME instead
-1- prog_main: XTBHOME is not set, using HOME instead
########################################################################
           ------------------------------------------------- 
          |                 G F N 2 - x T B                 |
          | Geometry, Frequencies, Noncovalent interactions |
          |            JCTC 2019 parametrisation            |
           ------------------------------------------------- 
             k(s)              :                1.8500
             k(p)              :                2.2300
             k(d)              :                2.2300
             k(f)              :                2.0000
             kEN (H0ij)        :               -2.0000
             D4 a1             :                0.5200
             D4 a2             :                5.0000
             D4 s6             :                1.0000
             D4 s8             :                2.7000
             D4 s9             :                5.0000
             alphaj            :                2.0000

  Z AO/shell   Hii/eV     exponent
  1     Wed Apr 25 08:07:45 CEST 2018   EN: 2.200 GM2: 0.406  GM3: 0.0800  RAES: 1.40
     1s    -10.707211    1.230000
  6     Wed Apr 25 08:07:45 CEST 2018   EN: 2.550 GM2: 0.538  GM3: 0.1500  RAES: 3.00
     2s    -13.970922    2.096432
     2p    -10.063292    1.800000
  9     Mon Apr 23 13:58:50 CEST 2018   EN: 3.980 GM2: 0.532  GM3: 0.1426  RAES: 2.40
     2s    -23.458179    2.416361
     2p    -15.746583    2.308399
 17     Mon Apr 23 14:09:22 CEST 2018   EN: 3.160 GM2: 0.249  GM3: 0.1495  RAES: 2.50
     3s    -29.278781    2.485265
     3p    -12.673758    2.199650
     3d     -0.240338    2.476089

 Solvent             : Water
 Using internal parameter file: .param_gbsa2_Water
 Gsolv ref. state (COSMO-RS): gsolv [1 M gas/solution]
 temperature (mdtemp)       :    298.150000000000     
 dielectric constant        :    80.2000000000000     
 rho                        :    1.00000000000000     
 mass                       :    18.0000000000000     
 surface tension            :    15.5689454083859     
 probe radius               :   0.975313790000000     
 Gshift (Eh)                :   1.857443126794793E-003
 c1                         :    1.55243817000000     
 soset                      :   0.130326360000000     
 HB correction              :  T
           ------------------------------------------------- 
          |        Self-Consistent Charge Iterations        |
           ------------------------------------------------- 

          ...................................................
          :                      SETUP                      :
          :.................................................:
          :  # basis functions                  21          :
          :  # atomic orbitals                  20          :
          :  # shells                           10          :
          :  # electrons                        22          :
          :  max. iterations                   250          :
          :  Hamiltonian                  GFN2-xTB          :
          :  restarted?                      false          :
          :  GBSA solvation                   true          :
          :  PC potential                    false          :
          :  electronic temp.          300.0000000     K    :
          :  accuracy                    1.0000000          :
          :  -> integral cutoff          0.2500000E+02      :
          :  -> integral neglect         0.1000000E-07      :
          :  -> SCF convergence          0.1000000E-05 Eh   :
          :  -> wf. convergence          0.1000000E-03 e    :
          :  Broyden damping             0.4000000          :
          ...................................................

 iter      E             dE          RMSdq      gap      omega  full diag
   1    -13.2833534 -0.132834E+02  0.548E+00   12.49       0.0  T
   2    -13.3446643 -0.613108E-01  0.275E+00   11.92       1.0  T
   3    -13.3453956 -0.731348E-03  0.152E+00   11.56       1.0  T
   4    -13.3455671 -0.171492E-03  0.171E-01   11.32       1.0  T
   5    -13.3455968 -0.297322E-04  0.743E-02   11.40       1.0  T
   6    -13.3456010 -0.411872E-05  0.556E-02   11.41       1.0  T
   7    -13.3456069 -0.591638E-05  0.143E-02   11.42       2.9  T
   8    -13.3456069 -0.298462E-07  0.964E-04   11.42      42.4  T
   9    -13.3456069 -0.719737E-09  0.426E-04   11.42      95.8  T

   *** convergence criteria satisfied after 9 iterations ***

         #    Occupation            Energy/Eh            Energy/eV
      -------------------------------------------------------------
         1        2.0000           -0.9863835             -26.8409
       ...           ...                  ...                  ...
         5        2.0000           -0.5361833             -14.5903
         6        2.0000           -0.5361069             -14.5882
         7        2.0000           -0.4595350             -12.5046
         8        2.0000           -0.4594635             -12.5026
         9        2.0000           -0.3901086             -10.6154
        10        2.0000           -0.3893453             -10.5946
        11        2.0000           -0.3893448             -10.5946 (HOMO)
        12                          0.0302619               0.8235 (LUMO)
        13                          0.1190149               3.2386
        14                          0.1418975               3.8612
        15                          0.1419068               3.8615
        16                          0.1421798               3.8689
       ...                                ...                  ...
        20                          0.1757223               4.7816
      -------------------------------------------------------------
                  HL-Gap            0.4196066 Eh           11.4181 eV
             Fermi-level           -0.1795415 Eh           -4.8856 eV

 SCC (total)                   0 d,  0 h,  0 min,  0.006 sec
 SCC setup                      ...        0 min,  0.000 sec (  5.181%)
 Dispersion                     ...        0 min,  0.000 sec (  0.514%)
 integral evaluation            ...        0 min,  0.001 sec ( 17.684%)
 zeroth order Hamiltonian       ...        0 min,  0.000 sec (  0.481%)
 iterations                     ...        0 min,  0.004 sec ( 55.638%)
 molecular gradient             ...        0 min,  0.001 sec ( 17.991%)
 printout                       ...        0 min,  0.000 sec (  1.816%)

         :::::::::::::::::::::::::::::::::::::::::::::::::::::
         ::                     SUMMARY                     ::
         :::::::::::::::::::::::::::::::::::::::::::::::::::::
         :: total energy             -13.291296438825 Eh    ::
         :: total w/o Gsasa/hb       -13.291401516645 Eh    ::
         :: gradient norm              0.023187034811 Eh/a0 ::
         :: HOMO-LUMO gap             11.418078049998 eV    ::
         ::.................................................::
         :: SCC energy               -13.343511924651 Eh    ::
         :: -> isotropic ES            0.167532123767 Eh    ::
         :: -> anisotropic ES         -0.000386992548 Eh    ::
         :: -> anisotropic XC         -0.001295734847 Eh    ::
         :: -> dispersion             -0.001607105912 Eh    ::
         :: -> Gsolv                  -0.102274627664 Eh    ::
         ::    -> Gborn               -0.102379705485 Eh    ::
         ::    -> Gsasa                0.000237539429 Eh    ::
         ::    -> Ghb                 -0.001989904736 Eh    ::
         ::    -> Gshift               0.001857443127 Eh    ::
         :: repulsion energy           0.052215844905 Eh    ::
         :: add. restraining           0.000000000000 Eh    ::
         :::::::::::::::::::::::::::::::::::::::::::::::::::::

           -------------------------------------------------
          |                Property Printout                |
           -------------------------------------------------

    * Orbital Energies and Occupations

         #    Occupation            Energy/Eh            Energy/eV
      -------------------------------------------------------------
         1        2.0000           -0.9863835             -26.8409
         2        2.0000           -0.8135541             -22.1379
         3        2.0000           -0.6115798             -16.6419
         4        2.0000           -0.5392015             -14.6724
         5        2.0000           -0.5361833             -14.5903
         6        2.0000           -0.5361069             -14.5882
         7        2.0000           -0.4595350             -12.5046
         8        2.0000           -0.4594635             -12.5026
         9        2.0000           -0.3901086             -10.6154
        10        2.0000           -0.3893453             -10.5946
        11        2.0000           -0.3893448             -10.5946 (HOMO)
        12                          0.0302619               0.8235 (LUMO)
        13                          0.1190149               3.2386
        14                          0.1418975               3.8612
        15                          0.1419068               3.8615
        16                          0.1421798               3.8689
        17                          0.1424283               3.8757
        18                          0.1424286               3.8757
        19                          0.1743045               4.7431
        20                          0.1757223               4.7816
      -------------------------------------------------------------
                  HL-Gap            0.4196066 Eh           11.4181 eV
             Fermi-level           -0.1795415 Eh           -4.8856 eV

     #   Z        covCN         q      C6AA      Î±(0)
     1   9 F      0.782    -0.273    12.016     4.095
     2  17 Cl     0.000    -1.000   127.002    17.151
     3   6 C      3.550     0.068    20.387     6.602
     4   1 H      0.923     0.068     2.104     2.269
     5   1 H      0.922     0.068     2.108     2.271
     6   1 H      0.922     0.068     2.108     2.271

 Mol. C6AA /auÂ·bohrâ¶  :        552.301364
 Mol. C8AA /auÂ·bohrâ¸  :      15904.115015
 Mol. Î±(0) /au        :         34.657143


Wiberg/Mayer (AO) data.
largest (>0.10) Wiberg bond orders for each atom
          total WBO             WBO to atom ...
     1  F   0.978        C    3 0.934
     2  Cl  0.001
     3  C   3.875        H    4 0.980    H    5 0.980    H    6 0.980    F    1 0.934
     4  H   0.995        C    3 0.980
     5  H   0.995        C    3 0.980
     6  H   0.995        C    3 0.980

molecular dipole:
                 x           y           z       tot (Debye)
 q only:       -3.905      -0.101       0.023
   full:       -3.720      -0.097       0.020       9.460
molecular quadrupole (traceless):
                xx          xy          yy          xz          yz          zz
 q only:      -28.617      -1.019      14.298       0.417       0.011      14.319
  q+dip:      -30.896      -1.084      15.437       0.477       0.012      15.459
   full:      -30.224      -1.066      15.101       0.458       0.012      15.123


           -------------------------------------------------
          | TOTAL ENERGY              -13.291296438825 Eh   |
          | GRADIENT NORM               0.023187034811 Eh/Î± |
          | HOMO-LUMO GAP              11.418078049998 eV   |
           -------------------------------------------------

------------------------------------------------------------------------
 * finished run on 2020/08/20 at 17:46:30.124     
------------------------------------------------------------------------
 total:
 * wall-time:     0 d,  0 h,  0 min,  0.071 sec
 *  cpu-time:     0 d,  0 h,  0 min,  0.019 sec
 * ratio c/w:     0.262 speedup
 SCF:
 * wall-time:     0 d,  0 h,  0 min,  0.007 sec
 *  cpu-time:     0 d,  0 h,  0 min,  0.007 sec
 * ratio c/w:     0.998 speedup

