      -----------------------------------------------------------      
     |                   =====================                   |     
     |                           x T B                           |     
     |                   =====================                   |     
     |                         S. Grimme                         |     
     |          Mulliken Center for Theoretical Chemistry        |     
     |                    University of Bonn                     |     
      -----------------------------------------------------------      

   * xtb version 6.2.3 (830e466) compiled by 'ehlert@majestix' on 2020-03-16

   xtb is free software: you can redistribute it and/or modify it under
   the terms of the GNU Lesser General Public License as published by
   the Free Software Foundation, either version 3 of the License, or
   (at your option) any later version.
   
   xtb is distributed in the hope that it will be useful,
   but WITHOUT ANY WARRANTY; without even the implied warranty of
   MERCHANTABILITY or FITNESS FOR A PARTICULAR PURPOSE.  See the
   GNU Lesser General Public License for more details.
   
   Cite this work as:
   * S. Grimme, C. Bannwarth, P. Shushkov, J. Chem. Theory Comput., 2017,
     13, 1989-2009. DOI: 10.1021/acs.jctc.7b00118
   * C. Bannwarth, S. Ehlert and S. Grimme., J. Chem. Theory Comput., 2019,
     15, 1652-1671. DOI: 10.1021/acs.jctc.8b01176
   * P. Pracht, E. Caldeweyher, S. Ehlert, S. Grimme, ChemRxiv, 2019, preprint.
     DOI: 10.26434/chemrxiv.8326202.v1
   
   for DFT-D4:
   * E. Caldeweyher, C. Bannwarth and S. Grimme, J. Chem. Phys., 2017,
     147, 034112. DOI: 10.1063/1.4993215
   * E. Caldeweyher, S. Ehlert, A. Hansen, H. Neugebauer, S. Spicher,
     C. Bannwarth and S. Grimme, J. Chem. Phys., 2019, 150, 154122.
     DOI: 10.1063/1.5090222
   
   for sTDA-xTB:
   * S. Grimme and C. Bannwarth, J. Chem. Phys., 2016, 145, 054103.
     DOI: 10.1063/1.4959605
   
   in the mass-spec context:
   * V. Asgeirsson, C. Bauer and S. Grimme, Chem. Sci., 2017, 8, 4879.
     DOI: 10.1039/c7sc00601b
   
   for metadynamics refer to:
   * S. Grimme, J. Chem. Theory Comput., 2019, 155, 2847-2862
     DOI: 10.1021/acs.jctc.9b00143
   
   with help from (in alphabetical order)
   C. Bannwarth, F. Bohle, G. Brandenburg, E. Caldeweyher, M. Checinski,
   S. Dohm, S. Ehlert, S. Ehrlich, F. MÃ¤rz, H. Neugebauer, J. Pisarek,
   P. Pracht, P. Shushkov, and S. Spicher.
   
 * started run on 2020/08/20 at 17:46:30.451     

           -------------------------------------------------
          |                Calculation Setup                |
           -------------------------------------------------

          program call               : /u/fd/ball4935/opt/bin/xtb 11_3_xtb.xyz --chrg -1 --grad --gbsa Water
          hostname                   : comp0810
          coordinate file            : 11_3_xtb.xyz
          omp threads                :                     1
          number of atoms            :                     6
          number of electrons        :                    22
          charge                     :                    -1
          spin                       :                   0.0
          first test random number   :      0.73738030701751


molecular fragmentation (1/2 indicates fragments):
121111
# atoms in fragment 1/2:     5     1
 fragment masses (1/2) :       34.03       35.45
CMA distance (Bohr)    :   8.158
constraining FC (au)   :  0.0500
########################################################################
[WARNING] Please study the warnings concerning your input carefully
-2- prog_main: XTBPATH is not set, using XTBHOME instead
-1- prog_main: XTBHOME is not set, using HOME instead
########################################################################
           ------------------------------------------------- 
          |                 G F N 2 - x T B                 |
          | Geometry, Frequencies, Noncovalent interactions |
          |            JCTC 2019 parametrisation            |
           ------------------------------------------------- 
             k(s)              :                1.8500
             k(p)              :                2.2300
             k(d)              :                2.2300
             k(f)              :                2.0000
             kEN (H0ij)        :               -2.0000
             D4 a1             :                0.5200
             D4 a2             :                5.0000
             D4 s6             :                1.0000
             D4 s8             :                2.7000
             D4 s9             :                5.0000
             alphaj            :                2.0000

  Z AO/shell   Hii/eV     exponent
  1     Wed Apr 25 08:07:45 CEST 2018   EN: 2.200 GM2: 0.406  GM3: 0.0800  RAES: 1.40
     1s    -10.707211    1.230000
  6     Wed Apr 25 08:07:45 CEST 2018   EN: 2.550 GM2: 0.538  GM3: 0.1500  RAES: 3.00
     2s    -13.970922    2.096432
     2p    -10.063292    1.800000
  9     Mon Apr 23 13:58:50 CEST 2018   EN: 3.980 GM2: 0.532  GM3: 0.1426  RAES: 2.40
     2s    -23.458179    2.416361
     2p    -15.746583    2.308399
 17     Mon Apr 23 14:09:22 CEST 2018   EN: 3.160 GM2: 0.249  GM3: 0.1495  RAES: 2.50
     3s    -29.278781    2.485265
     3p    -12.673758    2.199650
     3d     -0.240338    2.476089

 Solvent             : Water
 Using internal parameter file: .param_gbsa2_Water
 Gsolv ref. state (COSMO-RS): gsolv [1 M gas/solution]
 temperature (mdtemp)       :    298.150000000000     
 dielectric constant        :    80.2000000000000     
 rho                        :    1.00000000000000     
 mass                       :    18.0000000000000     
 surface tension            :    15.5689454083859     
 probe radius               :   0.975313790000000     
 Gshift (Eh)                :   1.857443126794793E-003
 c1                         :    1.55243817000000     
 soset                      :   0.130326360000000     
 HB correction              :  T
           ------------------------------------------------- 
          |        Self-Consistent Charge Iterations        |
           ------------------------------------------------- 

          ...................................................
          :                      SETUP                      :
          :.................................................:
          :  # basis functions                  21          :
          :  # atomic orbitals                  20          :
          :  # shells                           10          :
          :  # electrons                        22          :
          :  max. iterations                   250          :
          :  Hamiltonian                  GFN2-xTB          :
          :  restarted?                      false          :
          :  GBSA solvation                   true          :
          :  PC potential                    false          :
          :  electronic temp.          300.0000000     K    :
          :  accuracy                    1.0000000          :
          :  -> integral cutoff          0.2500000E+02      :
          :  -> integral neglect         0.1000000E-07      :
          :  -> SCF convergence          0.1000000E-05 Eh   :
          :  -> wf. convergence          0.1000000E-03 e    :
          :  Broyden damping             0.4000000          :
          ...................................................

 iter      E             dE          RMSdq      gap      omega  full diag
   1    -13.3024476 -0.133024E+02  0.549E+00   12.42       0.0  T
   2    -13.3579748 -0.555272E-01  0.276E+00   12.57       1.0  T
   3    -13.3587279 -0.753094E-03  0.147E+00   12.09       1.0  T
   4    -13.3588876 -0.159668E-03  0.166E-01   11.86       1.0  T
   5    -13.3589151 -0.275606E-04  0.749E-02   11.94       1.0  T
   6    -13.3589196 -0.445616E-05  0.567E-02   11.95       1.0  T
   7    -13.3589257 -0.614017E-05  0.139E-02   11.96       2.9  T
   8    -13.3589257  0.230649E-07  0.434E-03   11.96       9.4  T
   9    -13.3589258 -0.679299E-07  0.432E-04   11.96      94.5  T
  10    -13.3589258 -0.424762E-10  0.699E-05   11.96     584.2  T

   *** convergence criteria satisfied after 10 iterations ***

         #    Occupation            Energy/Eh            Energy/eV
      -------------------------------------------------------------
         1        2.0000           -0.9862180             -26.8364
       ...           ...                  ...                  ...
         5        2.0000           -0.5393643             -14.6768
         6        2.0000           -0.5393451             -14.6763
         7        2.0000           -0.4597676             -12.5109
         8        2.0000           -0.4597449             -12.5103
         9        2.0000           -0.3900038             -10.6125
        10        2.0000           -0.3892017             -10.5907
        11        2.0000           -0.3892011             -10.5907 (HOMO)
        12                          0.0503028               1.3688 (LUMO)
        13                          0.1414958               3.8503
        14                          0.1420181               3.8645
        15                          0.1420210               3.8646
        16                          0.1425429               3.8788
       ...                                ...                  ...
        20                          0.2285238               6.2185
      -------------------------------------------------------------
                  HL-Gap            0.4395038 Eh           11.9595 eV
             Fermi-level           -0.1694491 Eh           -4.6109 eV

 SCC (total)                   0 d,  0 h,  0 min,  0.006 sec
 SCC setup                      ...        0 min,  0.000 sec (  4.986%)
 Dispersion                     ...        0 min,  0.000 sec (  0.521%)
 integral evaluation            ...        0 min,  0.001 sec ( 18.112%)
 zeroth order Hamiltonian       ...        0 min,  0.000 sec (  0.585%)
 iterations                     ...        0 min,  0.003 sec ( 55.133%)
 molecular gradient             ...        0 min,  0.001 sec ( 17.984%)
 printout                       ...        0 min,  0.000 sec (  1.868%)

         :::::::::::::::::::::::::::::::::::::::::::::::::::::
         ::                     SUMMARY                     ::
         :::::::::::::::::::::::::::::::::::::::::::::::::::::
         :: total energy             -13.291782900137 Eh    ::
         :: total w/o Gsasa/hb       -13.291912145993 Eh    ::
         :: gradient norm              0.017737307499 Eh/a0 ::
         :: HOMO-LUMO gap             11.959507673382 eV    ::
         ::.................................................::
         :: SCC energy               -13.356819019599 Eh    ::
         :: -> isotropic ES            0.167277307337 Eh    ::
         :: -> anisotropic ES         -0.000646195622 Eh    ::
         :: -> anisotropic XC         -0.002285200992 Eh    ::
         :: -> dispersion             -0.001647686468 Eh    ::
         :: -> Gsolv                  -0.101928013584 Eh    ::
         ::    -> Gborn               -0.102057259440 Eh    ::
         ::    -> Gsasa                0.000249322303 Eh    ::
         ::    -> Ghb                 -0.001977519574 Eh    ::
         ::    -> Gshift               0.001857443127 Eh    ::
         :: repulsion energy           0.065036430409 Eh    ::
         :: add. restraining           0.000000000000 Eh    ::
         :::::::::::::::::::::::::::::::::::::::::::::::::::::

           -------------------------------------------------
          |                Property Printout                |
           -------------------------------------------------

    * Orbital Energies and Occupations

         #    Occupation            Energy/Eh            Energy/eV
      -------------------------------------------------------------
         1        2.0000           -0.9862180             -26.8364
         2        2.0000           -0.8156852             -22.1959
         3        2.0000           -0.6152426             -16.7416
         4        2.0000           -0.5401724             -14.6988
         5        2.0000           -0.5393643             -14.6768
         6        2.0000           -0.5393451             -14.6763
         7        2.0000           -0.4597676             -12.5109
         8        2.0000           -0.4597449             -12.5103
         9        2.0000           -0.3900038             -10.6125
        10        2.0000           -0.3892017             -10.5907
        11        2.0000           -0.3892011             -10.5907 (HOMO)
        12                          0.0503028               1.3688 (LUMO)
        13                          0.1414958               3.8503
        14                          0.1420181               3.8645
        15                          0.1420210               3.8646
        16                          0.1425429               3.8788
        17                          0.1425430               3.8788
        18                          0.1645854               4.4786
        19                          0.2274414               6.1890
        20                          0.2285238               6.2185
      -------------------------------------------------------------
                  HL-Gap            0.4395038 Eh           11.9595 eV
             Fermi-level           -0.1694491 Eh           -4.6109 eV

     #   Z        covCN         q      C6AA      Î±(0)
     1   9 F      0.783    -0.275    12.040     4.099
     2  17 Cl     0.000    -1.000   126.999    17.151
     3   6 C      3.561     0.067    20.293     6.567
     4   1 H      0.926     0.069     2.096     2.264
     5   1 H      0.926     0.069     2.096     2.264
     6   1 H      0.926     0.069     2.095     2.264

 Mol. C6AA /auÂ·bohrâ¶  :        551.407648
 Mol. C8AA /auÂ·bohrâ¸  :      15882.782928
 Mol. Î±(0) /au        :         34.608122


Wiberg/Mayer (AO) data.
largest (>0.10) Wiberg bond orders for each atom
          total WBO             WBO to atom ...
     1  F   0.974        C    3 0.933
     2  Cl  0.001
     3  C   3.878        H    5 0.982    H    4 0.982    H    6 0.982    F    1 0.933
     4  H   0.995        C    3 0.982
     5  H   0.995        C    3 0.982
     6  H   0.995        C    3 0.982

molecular dipole:
                 x           y           z       tot (Debye)
 q only:       -3.776      -0.098       0.023
   full:       -3.597      -0.094       0.020       9.147
molecular quadrupole (traceless):
                xx          xy          yy          xz          yz          zz
 q only:      -27.171      -0.969      13.576       0.397       0.010      13.595
  q+dip:      -29.468      -1.037      14.723       0.456       0.011      14.745
   full:      -28.764      -1.017      14.371       0.437       0.011      14.392


           -------------------------------------------------
          | TOTAL ENERGY              -13.291782900137 Eh   |
          | GRADIENT NORM               0.017737307499 Eh/Î± |
          | HOMO-LUMO GAP              11.959507673382 eV   |
           -------------------------------------------------

------------------------------------------------------------------------
 * finished run on 2020/08/20 at 17:46:30.541     
------------------------------------------------------------------------
 total:
 * wall-time:     0 d,  0 h,  0 min,  0.089 sec
 *  cpu-time:     0 d,  0 h,  0 min,  0.018 sec
 * ratio c/w:     0.200 speedup
 SCF:
 * wall-time:     0 d,  0 h,  0 min,  0.007 sec
 *  cpu-time:     0 d,  0 h,  0 min,  0.007 sec
 * ratio c/w:     0.997 speedup

