      -----------------------------------------------------------      
     |                   =====================                   |     
     |                           x T B                           |     
     |                   =====================                   |     
     |                         S. Grimme                         |     
     |          Mulliken Center for Theoretical Chemistry        |     
     |                    University of Bonn                     |     
      -----------------------------------------------------------      

   * xtb version 6.2.3 (830e466) compiled by 'ehlert@majestix' on 2020-03-16

   xtb is free software: you can redistribute it and/or modify it under
   the terms of the GNU Lesser General Public License as published by
   the Free Software Foundation, either version 3 of the License, or
   (at your option) any later version.
   
   xtb is distributed in the hope that it will be useful,
   but WITHOUT ANY WARRANTY; without even the implied warranty of
   MERCHANTABILITY or FITNESS FOR A PARTICULAR PURPOSE.  See the
   GNU Lesser General Public License for more details.
   
   Cite this work as:
   * S. Grimme, C. Bannwarth, P. Shushkov, J. Chem. Theory Comput., 2017,
     13, 1989-2009. DOI: 10.1021/acs.jctc.7b00118
   * C. Bannwarth, S. Ehlert and S. Grimme., J. Chem. Theory Comput., 2019,
     15, 1652-1671. DOI: 10.1021/acs.jctc.8b01176
   * P. Pracht, E. Caldeweyher, S. Ehlert, S. Grimme, ChemRxiv, 2019, preprint.
     DOI: 10.26434/chemrxiv.8326202.v1
   
   for DFT-D4:
   * E. Caldeweyher, C. Bannwarth and S. Grimme, J. Chem. Phys., 2017,
     147, 034112. DOI: 10.1063/1.4993215
   * E. Caldeweyher, S. Ehlert, A. Hansen, H. Neugebauer, S. Spicher,
     C. Bannwarth and S. Grimme, J. Chem. Phys., 2019, 150, 154122.
     DOI: 10.1063/1.5090222
   
   for sTDA-xTB:
   * S. Grimme and C. Bannwarth, J. Chem. Phys., 2016, 145, 054103.
     DOI: 10.1063/1.4959605
   
   in the mass-spec context:
   * V. Asgeirsson, C. Bauer and S. Grimme, Chem. Sci., 2017, 8, 4879.
     DOI: 10.1039/c7sc00601b
   
   for metadynamics refer to:
   * S. Grimme, J. Chem. Theory Comput., 2019, 155, 2847-2862
     DOI: 10.1021/acs.jctc.9b00143
   
   with help from (in alphabetical order)
   C. Bannwarth, F. Bohle, G. Brandenburg, E. Caldeweyher, M. Checinski,
   S. Dohm, S. Ehlert, S. Ehrlich, F. MÃ¤rz, H. Neugebauer, J. Pisarek,
   P. Pracht, P. Shushkov, and S. Spicher.
   
 * started run on 2020/08/20 at 17:46:30.843     

           -------------------------------------------------
          |                Calculation Setup                |
           -------------------------------------------------

          program call               : /u/fd/ball4935/opt/bin/xtb 9_4_xtb.xyz --chrg -1 --grad --gbsa Water
          hostname                   : comp0810
          coordinate file            : 9_4_xtb.xyz
          omp threads                :                     1
          number of atoms            :                     6
          number of electrons        :                    22
          charge                     :                    -1
          spin                       :                   0.0
          first test random number   :      0.57512653148070


molecular fragmentation (1/2 indicates fragments):
121111
# atoms in fragment 1/2:     5     1
 fragment masses (1/2) :       34.03       35.45
CMA distance (Bohr)    :   7.211
constraining FC (au)   :  0.0500
########################################################################
[WARNING] Please study the warnings concerning your input carefully
-2- prog_main: XTBPATH is not set, using XTBHOME instead
-1- prog_main: XTBHOME is not set, using HOME instead
########################################################################
           ------------------------------------------------- 
          |                 G F N 2 - x T B                 |
          | Geometry, Frequencies, Noncovalent interactions |
          |            JCTC 2019 parametrisation            |
           ------------------------------------------------- 
             k(s)              :                1.8500
             k(p)              :                2.2300
             k(d)              :                2.2300
             k(f)              :                2.0000
             kEN (H0ij)        :               -2.0000
             D4 a1             :                0.5200
             D4 a2             :                5.0000
             D4 s6             :                1.0000
             D4 s8             :                2.7000
             D4 s9             :                5.0000
             alphaj            :                2.0000

  Z AO/shell   Hii/eV     exponent
  1     Wed Apr 25 08:07:45 CEST 2018   EN: 2.200 GM2: 0.406  GM3: 0.0800  RAES: 1.40
     1s    -10.707211    1.230000
  6     Wed Apr 25 08:07:45 CEST 2018   EN: 2.550 GM2: 0.538  GM3: 0.1500  RAES: 3.00
     2s    -13.970922    2.096432
     2p    -10.063292    1.800000
  9     Mon Apr 23 13:58:50 CEST 2018   EN: 3.980 GM2: 0.532  GM3: 0.1426  RAES: 2.40
     2s    -23.458179    2.416361
     2p    -15.746583    2.308399
 17     Mon Apr 23 14:09:22 CEST 2018   EN: 3.160 GM2: 0.249  GM3: 0.1495  RAES: 2.50
     3s    -29.278781    2.485265
     3p    -12.673758    2.199650
     3d     -0.240338    2.476089

 Solvent             : Water
 Using internal parameter file: .param_gbsa2_Water
 Gsolv ref. state (COSMO-RS): gsolv [1 M gas/solution]
 temperature (mdtemp)       :    298.150000000000     
 dielectric constant        :    80.2000000000000     
 rho                        :    1.00000000000000     
 mass                       :    18.0000000000000     
 surface tension            :    15.5689454083859     
 probe radius               :   0.975313790000000     
 Gshift (Eh)                :   1.857443126794793E-003
 c1                         :    1.55243817000000     
 soset                      :   0.130326360000000     
 HB correction              :  T
           ------------------------------------------------- 
          |        Self-Consistent Charge Iterations        |
           ------------------------------------------------- 

          ...................................................
          :                      SETUP                      :
          :.................................................:
          :  # basis functions                  21          :
          :  # atomic orbitals                  20          :
          :  # shells                           10          :
          :  # electrons                        22          :
          :  max. iterations                   250          :
          :  Hamiltonian                  GFN2-xTB          :
          :  restarted?                      false          :
          :  GBSA solvation                   true          :
          :  PC potential                    false          :
          :  electronic temp.          300.0000000     K    :
          :  accuracy                    1.0000000          :
          :  -> integral cutoff          0.2500000E+02      :
          :  -> integral neglect         0.1000000E-07      :
          :  -> SCF convergence          0.1000000E-05 Eh   :
          :  -> wf. convergence          0.1000000E-03 e    :
          :  Broyden damping             0.4000000          :
          ...................................................

 iter      E             dE          RMSdq      gap      omega  full diag
   1    -13.3282406 -0.133282E+02  0.541E+00   11.73       0.0  T
   2    -13.3715984 -0.433578E-01  0.290E+00   13.24       1.0  T
   3    -13.3731017 -0.150332E-02  0.142E+00   13.86       1.0  T
   4    -13.3732818 -0.180127E-03  0.156E-01   14.47       1.0  T
   5    -13.3733068 -0.250263E-04  0.740E-02   14.43       1.0  T
   6    -13.3733157 -0.888932E-05  0.489E-02   14.43       1.0  T
   7    -13.3733203 -0.456718E-05  0.111E-02   14.43       3.7  T
   8    -13.3733201  0.138606E-06  0.795E-03   14.43       5.1  T
   9    -13.3733203 -0.169306E-06  0.473E-04   14.43      86.4  T
  10    -13.3733203 -0.279378E-09  0.109E-04   14.43     375.6  T

   *** convergence criteria satisfied after 10 iterations ***

         #    Occupation            Energy/Eh            Energy/eV
      -------------------------------------------------------------
         1        2.0000           -0.9861369             -26.8342
       ...           ...                  ...                  ...
         5        2.0000           -0.5661686             -15.4062
         6        2.0000           -0.5530830             -15.0502
         7        2.0000           -0.4514225             -12.2838
         8        2.0000           -0.4514033             -12.2833
         9        2.0000           -0.3892215             -10.5913
        10        2.0000           -0.3887859             -10.5794
        11        2.0000           -0.3887857             -10.5794 (HOMO)
        12                          0.1414508               3.8491 (LUMO)
        13                          0.1417012               3.8559
        14                          0.1417032               3.8559
        15                          0.1423800               3.8744
        16                          0.1423801               3.8744
       ...                                ...                  ...
        20                          0.4094788              11.1425
      -------------------------------------------------------------
                  HL-Gap            0.5302365 Eh           14.4285 eV
             Fermi-level           -0.1236675 Eh           -3.3652 eV

 SCC (total)                   0 d,  0 h,  0 min,  0.006 sec
 SCC setup                      ...        0 min,  0.000 sec (  5.361%)
 Dispersion                     ...        0 min,  0.000 sec (  0.556%)
 integral evaluation            ...        0 min,  0.001 sec ( 18.091%)
 zeroth order Hamiltonian       ...        0 min,  0.000 sec (  0.510%)
 iterations                     ...        0 min,  0.003 sec ( 55.155%)
 molecular gradient             ...        0 min,  0.001 sec ( 17.842%)
 printout                       ...        0 min,  0.000 sec (  1.728%)

         :::::::::::::::::::::::::::::::::::::::::::::::::::::
         ::                     SUMMARY                     ::
         :::::::::::::::::::::::::::::::::::::::::::::::::::::
         :: total energy             -13.262703296998 Eh    ::
         :: total w/o Gsasa/hb       -13.263265412564 Eh    ::
         :: gradient norm              0.223601286853 Eh/a0 ::
         :: HOMO-LUMO gap             14.428468426832 eV    ::
         ::.................................................::
         :: SCC energy               -13.371223297575 Eh    ::
         :: -> isotropic ES            0.162429999325 Eh    ::
         :: -> anisotropic ES         -0.001216770718 Eh    ::
         :: -> anisotropic XC         -0.008675021844 Eh    ::
         :: -> dispersion             -0.001927848993 Eh    ::
         :: -> Gsolv                  -0.101011254657 Eh    ::
         ::    -> Gborn               -0.101573370223 Eh    ::
         ::    -> Gsasa                0.000239575882 Eh    ::
         ::    -> Ghb                 -0.001534903443 Eh    ::
         ::    -> Gshift               0.001857443127 Eh    ::
         :: repulsion energy           0.108520111453 Eh    ::
         :: add. restraining           0.000000000000 Eh    ::
         :::::::::::::::::::::::::::::::::::::::::::::::::::::

           -------------------------------------------------
          |                Property Printout                |
           -------------------------------------------------

    * Orbital Energies and Occupations

         #    Occupation            Energy/Eh            Energy/eV
      -------------------------------------------------------------
         1        2.0000           -0.9861369             -26.8342
         2        2.0000           -0.8508416             -23.1526
         3        2.0000           -0.6302060             -17.1488
         4        2.0000           -0.5662166             -15.4075
         5        2.0000           -0.5661686             -15.4062
         6        2.0000           -0.5530830             -15.0502
         7        2.0000           -0.4514225             -12.2838
         8        2.0000           -0.4514033             -12.2833
         9        2.0000           -0.3892215             -10.5913
        10        2.0000           -0.3887859             -10.5794
        11        2.0000           -0.3887857             -10.5794 (HOMO)
        12                          0.1414508               3.8491 (LUMO)
        13                          0.1417012               3.8559
        14                          0.1417032               3.8559
        15                          0.1423800               3.8744
        16                          0.1423801               3.8744
        17                          0.2659324               7.2364
        18                          0.3098255               8.4308
        19                          0.3104196               8.4469
        20                          0.4094788              11.1425
      -------------------------------------------------------------
                  HL-Gap            0.5302365 Eh           14.4285 eV
             Fermi-level           -0.1236675 Eh           -3.3652 eV

     #   Z        covCN         q      C6AA      Î±(0)
     1   9 F      0.785    -0.222    11.468     4.000
     2  17 Cl     0.000    -0.999   126.964    17.148
     3   6 C      3.571     0.107    19.556     6.433
     4   1 H      0.929     0.038     2.474     2.460
     5   1 H      0.929     0.038     2.475     2.460
     6   1 H      0.929     0.038     2.477     2.461

 Mol. C6AA /auÂ·bohrâ¶  :        561.332981
 Mol. C8AA /auÂ·bohrâ¸  :      16013.305370
 Mol. Î±(0) /au        :         34.962176


Wiberg/Mayer (AO) data.
largest (>0.10) Wiberg bond orders for each atom
          total WBO             WBO to atom ...
     1  F   1.050        C    3 0.978
     2  Cl  0.002
     3  C   3.901        F    1 0.978    H    5 0.974    H    6 0.974    H    4 0.974
     4  H   0.999        C    3 0.974
     5  H   0.999        C    3 0.974
     6  H   0.999        C    3 0.974

molecular dipole:
                 x           y           z       tot (Debye)
 q only:       -3.302      -0.081       0.032
   full:       -3.163      -0.079       0.029       8.042
molecular quadrupole (traceless):
                xx          xy          yy          xz          yz          zz
 q only:      -18.974      -0.665       9.481       0.313       0.007       9.493
  q+dip:      -21.559      -0.747      10.773       0.367       0.006      10.786
   full:      -20.802      -0.721      10.395       0.353       0.007      10.407


           -------------------------------------------------
          | TOTAL ENERGY              -13.262703296998 Eh   |
          | GRADIENT NORM               0.223601286853 Eh/Î± |
          | HOMO-LUMO GAP              14.428468426832 eV   |
           -------------------------------------------------

------------------------------------------------------------------------
 * finished run on 2020/08/20 at 17:46:30.921     
------------------------------------------------------------------------
 total:
 * wall-time:     0 d,  0 h,  0 min,  0.077 sec
 *  cpu-time:     0 d,  0 h,  0 min,  0.018 sec
 * ratio c/w:     0.226 speedup
 SCF:
 * wall-time:     0 d,  0 h,  0 min,  0.007 sec
 *  cpu-time:     0 d,  0 h,  0 min,  0.006 sec
 * ratio c/w:     0.997 speedup

