      -----------------------------------------------------------      
     |                   =====================                   |     
     |                           x T B                           |     
     |                   =====================                   |     
     |                         S. Grimme                         |     
     |          Mulliken Center for Theoretical Chemistry        |     
     |                    University of Bonn                     |     
      -----------------------------------------------------------      

   * xtb version 6.2.3 (830e466) compiled by 'ehlert@majestix' on 2020-03-16

   xtb is free software: you can redistribute it and/or modify it under
   the terms of the GNU Lesser General Public License as published by
   the Free Software Foundation, either version 3 of the License, or
   (at your option) any later version.
   
   xtb is distributed in the hope that it will be useful,
   but WITHOUT ANY WARRANTY; without even the implied warranty of
   MERCHANTABILITY or FITNESS FOR A PARTICULAR PURPOSE.  See the
   GNU Lesser General Public License for more details.
   
   Cite this work as:
   * S. Grimme, C. Bannwarth, P. Shushkov, J. Chem. Theory Comput., 2017,
     13, 1989-2009. DOI: 10.1021/acs.jctc.7b00118
   * C. Bannwarth, S. Ehlert and S. Grimme., J. Chem. Theory Comput., 2019,
     15, 1652-1671. DOI: 10.1021/acs.jctc.8b01176
   * P. Pracht, E. Caldeweyher, S. Ehlert, S. Grimme, ChemRxiv, 2019, preprint.
     DOI: 10.26434/chemrxiv.8326202.v1
   
   for DFT-D4:
   * E. Caldeweyher, C. Bannwarth and S. Grimme, J. Chem. Phys., 2017,
     147, 034112. DOI: 10.1063/1.4993215
   * E. Caldeweyher, S. Ehlert, A. Hansen, H. Neugebauer, S. Spicher,
     C. Bannwarth and S. Grimme, J. Chem. Phys., 2019, 150, 154122.
     DOI: 10.1063/1.5090222
   
   for sTDA-xTB:
   * S. Grimme and C. Bannwarth, J. Chem. Phys., 2016, 145, 054103.
     DOI: 10.1063/1.4959605
   
   in the mass-spec context:
   * V. Asgeirsson, C. Bauer and S. Grimme, Chem. Sci., 2017, 8, 4879.
     DOI: 10.1039/c7sc00601b
   
   for metadynamics refer to:
   * S. Grimme, J. Chem. Theory Comput., 2019, 155, 2847-2862
     DOI: 10.1021/acs.jctc.9b00143
   
   with help from (in alphabetical order)
   C. Bannwarth, F. Bohle, G. Brandenburg, E. Caldeweyher, M. Checinski,
   S. Dohm, S. Ehlert, S. Ehrlich, F. MÃ¤rz, H. Neugebauer, J. Pisarek,
   P. Pracht, P. Shushkov, and S. Spicher.
   
 * started run on 2020/08/20 at 17:46:31.284     

           -------------------------------------------------
          |                Calculation Setup                |
           -------------------------------------------------

          program call               : /u/fd/ball4935/opt/bin/xtb 9_5_xtb.xyz --chrg -1 --grad --gbsa Water
          hostname                   : comp0810
          coordinate file            : 9_5_xtb.xyz
          omp threads                :                     1
          number of atoms            :                     6
          number of electrons        :                    22
          charge                     :                    -1
          spin                       :                   0.0
          first test random number   :      0.64391010754386


molecular fragmentation (1/2 indicates fragments):
121111
# atoms in fragment 1/2:     5     1
 fragment masses (1/2) :       34.03       35.45
CMA distance (Bohr)    :   6.949
constraining FC (au)   :  0.0500
########################################################################
[WARNING] Please study the warnings concerning your input carefully
-2- prog_main: XTBPATH is not set, using XTBHOME instead
-1- prog_main: XTBHOME is not set, using HOME instead
########################################################################
           ------------------------------------------------- 
          |                 G F N 2 - x T B                 |
          | Geometry, Frequencies, Noncovalent interactions |
          |            JCTC 2019 parametrisation            |
           ------------------------------------------------- 
             k(s)              :                1.8500
             k(p)              :                2.2300
             k(d)              :                2.2300
             k(f)              :                2.0000
             kEN (H0ij)        :               -2.0000
             D4 a1             :                0.5200
             D4 a2             :                5.0000
             D4 s6             :                1.0000
             D4 s8             :                2.7000
             D4 s9             :                5.0000
             alphaj            :                2.0000

  Z AO/shell   Hii/eV     exponent
  1     Wed Apr 25 08:07:45 CEST 2018   EN: 2.200 GM2: 0.406  GM3: 0.0800  RAES: 1.40
     1s    -10.707211    1.230000
  6     Wed Apr 25 08:07:45 CEST 2018   EN: 2.550 GM2: 0.538  GM3: 0.1500  RAES: 3.00
     2s    -13.970922    2.096432
     2p    -10.063292    1.800000
  9     Mon Apr 23 13:58:50 CEST 2018   EN: 3.980 GM2: 0.532  GM3: 0.1426  RAES: 2.40
     2s    -23.458179    2.416361
     2p    -15.746583    2.308399
 17     Mon Apr 23 14:09:22 CEST 2018   EN: 3.160 GM2: 0.249  GM3: 0.1495  RAES: 2.50
     3s    -29.278781    2.485265
     3p    -12.673758    2.199650
     3d     -0.240338    2.476089

 Solvent             : Water
 Using internal parameter file: .param_gbsa2_Water
 Gsolv ref. state (COSMO-RS): gsolv [1 M gas/solution]
 temperature (mdtemp)       :    298.150000000000     
 dielectric constant        :    80.2000000000000     
 rho                        :    1.00000000000000     
 mass                       :    18.0000000000000     
 surface tension            :    15.5689454083859     
 probe radius               :   0.975313790000000     
 Gshift (Eh)                :   1.857443126794793E-003
 c1                         :    1.55243817000000     
 soset                      :   0.130326360000000     
 HB correction              :  T
           ------------------------------------------------- 
          |        Self-Consistent Charge Iterations        |
           ------------------------------------------------- 

          ...................................................
          :                      SETUP                      :
          :.................................................:
          :  # basis functions                  21          :
          :  # atomic orbitals                  20          :
          :  # shells                           10          :
          :  # electrons                        22          :
          :  max. iterations                   250          :
          :  Hamiltonian                  GFN2-xTB          :
          :  restarted?                      false          :
          :  GBSA solvation                   true          :
          :  PC potential                    false          :
          :  electronic temp.          300.0000000     K    :
          :  accuracy                    1.0000000          :
          :  -> integral cutoff          0.2500000E+02      :
          :  -> integral neglect         0.1000000E-07      :
          :  -> SCF convergence          0.1000000E-05 Eh   :
          :  -> wf. convergence          0.1000000E-03 e    :
          :  Broyden damping             0.4000000          :
          ...................................................

 iter      E             dE          RMSdq      gap      omega  full diag
   1    -13.3243917 -0.133244E+02  0.544E+00   11.80       0.0  T
   2    -13.3692151 -0.448234E-01  0.290E+00   13.21       1.0  T
   3    -13.3705884 -0.137326E-02  0.143E+00   13.83       1.0  T
   4    -13.3707597 -0.171287E-03  0.152E-01   14.45       1.0  T
   5    -13.3707843 -0.246542E-04  0.703E-02   14.41       1.0  T
   6    -13.3707921 -0.781153E-05  0.471E-02   14.41       1.0  T
   7    -13.3707964 -0.427476E-05  0.117E-02   14.41       3.5  T
   8    -13.3707963  0.154018E-06  0.825E-03   14.41       4.9  T
   9    -13.3707965 -0.194286E-06  0.501E-04   14.41      81.4  T
  10    -13.3707965 -0.358916E-09  0.958E-05   14.41     426.1  T

   *** convergence criteria satisfied after 10 iterations ***

         #    Occupation            Energy/Eh            Energy/eV
      -------------------------------------------------------------
         1        2.0000           -0.9860282             -26.8312
       ...           ...                  ...                  ...
         5        2.0000           -0.5615062             -15.2794
         6        2.0000           -0.5496232             -14.9560
         7        2.0000           -0.4513943             -12.2831
         8        2.0000           -0.4512496             -12.2791
         9        2.0000           -0.3885852             -10.5739
        10        2.0000           -0.3884265             -10.5696
        11        2.0000           -0.3884252             -10.5696 (HOMO)
        12                          0.1410873               3.8392 (LUMO)
        13                          0.1412883               3.8447
        14                          0.1412932               3.8448
        15                          0.1422056               3.8696
        16                          0.1422059               3.8696
       ...                                ...                  ...
        20                          0.3639285               9.9030
      -------------------------------------------------------------
                  HL-Gap            0.5295126 Eh           14.4088 eV
             Fermi-level           -0.1236690 Eh           -3.3652 eV

 SCC (total)                   0 d,  0 h,  0 min,  0.006 sec
 SCC setup                      ...        0 min,  0.000 sec (  5.215%)
 Dispersion                     ...        0 min,  0.000 sec (  0.510%)
 integral evaluation            ...        0 min,  0.001 sec ( 18.074%)
 zeroth order Hamiltonian       ...        0 min,  0.000 sec (  0.526%)
 iterations                     ...        0 min,  0.003 sec ( 54.756%)
 molecular gradient             ...        0 min,  0.001 sec ( 18.364%)
 printout                       ...        0 min,  0.000 sec (  1.793%)

         :::::::::::::::::::::::::::::::::::::::::::::::::::::
         ::                     SUMMARY                     ::
         :::::::::::::::::::::::::::::::::::::::::::::::::::::
         :: total energy             -13.268850940885 Eh    ::
         :: total w/o Gsasa/hb       -13.269452082232 Eh    ::
         :: gradient norm              0.188046100808 Eh/a0 ::
         :: HOMO-LUMO gap             14.408770519323 eV    ::
         ::.................................................::
         :: SCC energy               -13.368675491735 Eh    ::
         :: -> isotropic ES            0.162043022119 Eh    ::
         :: -> anisotropic ES         -0.001518658757 Eh    ::
         :: -> anisotropic XC         -0.007800022076 Eh    ::
         :: -> dispersion             -0.001972826043 Eh    ::
         :: -> Gsolv                  -0.100096664583 Eh    ::
         ::    -> Gborn               -0.100697805929 Eh    ::
         ::    -> Gsasa                0.000263516750 Eh    ::
         ::    -> Ghb                 -0.001519818530 Eh    ::
         ::    -> Gshift               0.001857443127 Eh    ::
         :: repulsion energy           0.099824633318 Eh    ::
         :: add. restraining           0.000000000000 Eh    ::
         :::::::::::::::::::::::::::::::::::::::::::::::::::::

           -------------------------------------------------
          |                Property Printout                |
           -------------------------------------------------

    * Orbital Energies and Occupations

         #    Occupation            Energy/Eh            Energy/eV
      -------------------------------------------------------------
         1        2.0000           -0.9860282             -26.8312
         2        2.0000           -0.8457392             -23.0137
         3        2.0000           -0.6262768             -17.0419
         4        2.0000           -0.5616038             -15.2820
         5        2.0000           -0.5615062             -15.2794
         6        2.0000           -0.5496232             -14.9560
         7        2.0000           -0.4513943             -12.2831
         8        2.0000           -0.4512496             -12.2791
         9        2.0000           -0.3885852             -10.5739
        10        2.0000           -0.3884265             -10.5696
        11        2.0000           -0.3884252             -10.5696 (HOMO)
        12                          0.1410873               3.8392 (LUMO)
        13                          0.1412883               3.8447
        14                          0.1412932               3.8448
        15                          0.1422056               3.8696
        16                          0.1422059               3.8696
        17                          0.2454811               6.6799
        18                          0.2943909               8.0108
        19                          0.2964741               8.0675
        20                          0.3639285               9.9030
      -------------------------------------------------------------
                  HL-Gap            0.5295126 Eh           14.4088 eV
             Fermi-level           -0.1236690 Eh           -3.3652 eV

     #   Z        covCN         q      C6AA      Î±(0)
     1   9 F      0.785    -0.230    11.548     4.014
     2  17 Cl     0.001    -0.998   126.931    17.146
     3   6 C      3.571     0.107    19.556     6.433
     4   1 H      0.928     0.040     2.448     2.447
     5   1 H      0.928     0.040     2.445     2.445
     6   1 H      0.928     0.040     2.447     2.446

 Mol. C6AA /auÂ·bohrâ¶  :        560.499425
 Mol. C8AA /auÂ·bohrâ¸  :      15998.648980
 Mol. Î±(0) /au        :         34.931283


Wiberg/Mayer (AO) data.
largest (>0.10) Wiberg bond orders for each atom
          total WBO             WBO to atom ...
     1  F   1.040        C    3 0.971
     2  Cl  0.004
     3  C   3.899        H    5 0.975    H    6 0.975    H    4 0.975    F    1 0.971
     4  H   0.998        C    3 0.975
     5  H   0.998        C    3 0.975
     6  H   0.998        C    3 0.975

molecular dipole:
                 x           y           z       tot (Debye)
 q only:       -3.045      -0.074       0.033
   full:       -2.913      -0.071       0.031       7.408
molecular quadrupole (traceless):
                xx          xy          yy          xz          yz          zz
 q only:      -17.401      -0.607       8.695       0.300       0.006       8.706
  q+dip:      -20.101      -0.695      10.045       0.351       0.003      10.056
   full:      -19.311      -0.667       9.650       0.338       0.005       9.661


           -------------------------------------------------
          | TOTAL ENERGY              -13.268850940885 Eh   |
          | GRADIENT NORM               0.188046100808 Eh/Î± |
          | HOMO-LUMO GAP              14.408770519323 eV   |
           -------------------------------------------------

------------------------------------------------------------------------
 * finished run on 2020/08/20 at 17:46:31.337     
------------------------------------------------------------------------
 total:
 * wall-time:     0 d,  0 h,  0 min,  0.053 sec
 *  cpu-time:     0 d,  0 h,  0 min,  0.018 sec
 * ratio c/w:     0.338 speedup
 SCF:
 * wall-time:     0 d,  0 h,  0 min,  0.006 sec
 *  cpu-time:     0 d,  0 h,  0 min,  0.006 sec
 * ratio c/w:     0.997 speedup

