      -----------------------------------------------------------      
     |                   =====================                   |     
     |                           x T B                           |     
     |                   =====================                   |     
     |                         S. Grimme                         |     
     |          Mulliken Center for Theoretical Chemistry        |     
     |                    University of Bonn                     |     
      -----------------------------------------------------------      

   * xtb version 6.2.3 (830e466) compiled by 'ehlert@majestix' on 2020-03-16

   xtb is free software: you can redistribute it and/or modify it under
   the terms of the GNU Lesser General Public License as published by
   the Free Software Foundation, either version 3 of the License, or
   (at your option) any later version.
   
   xtb is distributed in the hope that it will be useful,
   but WITHOUT ANY WARRANTY; without even the implied warranty of
   MERCHANTABILITY or FITNESS FOR A PARTICULAR PURPOSE.  See the
   GNU Lesser General Public License for more details.
   
   Cite this work as:
   * S. Grimme, C. Bannwarth, P. Shushkov, J. Chem. Theory Comput., 2017,
     13, 1989-2009. DOI: 10.1021/acs.jctc.7b00118
   * C. Bannwarth, S. Ehlert and S. Grimme., J. Chem. Theory Comput., 2019,
     15, 1652-1671. DOI: 10.1021/acs.jctc.8b01176
   * P. Pracht, E. Caldeweyher, S. Ehlert, S. Grimme, ChemRxiv, 2019, preprint.
     DOI: 10.26434/chemrxiv.8326202.v1
   
   for DFT-D4:
   * E. Caldeweyher, C. Bannwarth and S. Grimme, J. Chem. Phys., 2017,
     147, 034112. DOI: 10.1063/1.4993215
   * E. Caldeweyher, S. Ehlert, A. Hansen, H. Neugebauer, S. Spicher,
     C. Bannwarth and S. Grimme, J. Chem. Phys., 2019, 150, 154122.
     DOI: 10.1063/1.5090222
   
   for sTDA-xTB:
   * S. Grimme and C. Bannwarth, J. Chem. Phys., 2016, 145, 054103.
     DOI: 10.1063/1.4959605
   
   in the mass-spec context:
   * V. Asgeirsson, C. Bauer and S. Grimme, Chem. Sci., 2017, 8, 4879.
     DOI: 10.1039/c7sc00601b
   
   for metadynamics refer to:
   * S. Grimme, J. Chem. Theory Comput., 2019, 155, 2847-2862
     DOI: 10.1021/acs.jctc.9b00143
   
   with help from (in alphabetical order)
   C. Bannwarth, F. Bohle, G. Brandenburg, E. Caldeweyher, M. Checinski,
   S. Dohm, S. Ehlert, S. Ehrlich, F. MÃ¤rz, H. Neugebauer, J. Pisarek,
   P. Pracht, P. Shushkov, and S. Spicher.
   
 * started run on 2020/08/20 at 17:46:31.587     

           -------------------------------------------------
          |                Calculation Setup                |
           -------------------------------------------------

          program call               : /u/fd/ball4935/opt/bin/xtb 9_6_xtb.xyz --chrg -1 --grad --gbsa Water
          hostname                   : comp0810
          coordinate file            : 9_6_xtb.xyz
          omp threads                :                     1
          number of atoms            :                     6
          number of electrons        :                    22
          charge                     :                    -1
          spin                       :                   0.0
          first test random number   :      0.57025377241502


molecular fragmentation (1/2 indicates fragments):
121111
# atoms in fragment 1/2:     5     1
 fragment masses (1/2) :       34.03       35.45
CMA distance (Bohr)    :   6.823
constraining FC (au)   :  0.0500
########################################################################
[WARNING] Please study the warnings concerning your input carefully
-2- prog_main: XTBPATH is not set, using XTBHOME instead
-1- prog_main: XTBHOME is not set, using HOME instead
########################################################################
           ------------------------------------------------- 
          |                 G F N 2 - x T B                 |
          | Geometry, Frequencies, Noncovalent interactions |
          |            JCTC 2019 parametrisation            |
           ------------------------------------------------- 
             k(s)              :                1.8500
             k(p)              :                2.2300
             k(d)              :                2.2300
             k(f)              :                2.0000
             kEN (H0ij)        :               -2.0000
             D4 a1             :                0.5200
             D4 a2             :                5.0000
             D4 s6             :                1.0000
             D4 s8             :                2.7000
             D4 s9             :                5.0000
             alphaj            :                2.0000

  Z AO/shell   Hii/eV     exponent
  1     Wed Apr 25 08:07:45 CEST 2018   EN: 2.200 GM2: 0.406  GM3: 0.0800  RAES: 1.40
     1s    -10.707211    1.230000
  6     Wed Apr 25 08:07:45 CEST 2018   EN: 2.550 GM2: 0.538  GM3: 0.1500  RAES: 3.00
     2s    -13.970922    2.096432
     2p    -10.063292    1.800000
  9     Mon Apr 23 13:58:50 CEST 2018   EN: 3.980 GM2: 0.532  GM3: 0.1426  RAES: 2.40
     2s    -23.458179    2.416361
     2p    -15.746583    2.308399
 17     Mon Apr 23 14:09:22 CEST 2018   EN: 3.160 GM2: 0.249  GM3: 0.1495  RAES: 2.50
     3s    -29.278781    2.485265
     3p    -12.673758    2.199650
     3d     -0.240338    2.476089

 Solvent             : Water
 Using internal parameter file: .param_gbsa2_Water
 Gsolv ref. state (COSMO-RS): gsolv [1 M gas/solution]
 temperature (mdtemp)       :    298.150000000000     
 dielectric constant        :    80.2000000000000     
 rho                        :    1.00000000000000     
 mass                       :    18.0000000000000     
 surface tension            :    15.5689454083859     
 probe radius               :   0.975313790000000     
 Gshift (Eh)                :   1.857443126794793E-003
 c1                         :    1.55243817000000     
 soset                      :   0.130326360000000     
 HB correction              :  T
           ------------------------------------------------- 
          |        Self-Consistent Charge Iterations        |
           ------------------------------------------------- 

          ...................................................
          :                      SETUP                      :
          :.................................................:
          :  # basis functions                  21          :
          :  # atomic orbitals                  20          :
          :  # shells                           10          :
          :  # electrons                        22          :
          :  max. iterations                   250          :
          :  Hamiltonian                  GFN2-xTB          :
          :  restarted?                      false          :
          :  GBSA solvation                   true          :
          :  PC potential                    false          :
          :  electronic temp.          300.0000000     K    :
          :  accuracy                    1.0000000          :
          :  -> integral cutoff          0.2500000E+02      :
          :  -> integral neglect         0.1000000E-07      :
          :  -> SCF convergence          0.1000000E-05 Eh   :
          :  -> wf. convergence          0.1000000E-03 e    :
          :  Broyden damping             0.4000000          :
          ...................................................

 iter      E             dE          RMSdq      gap      omega  full diag
   1    -13.2124087 -0.132124E+02  0.674E+00    6.23       0.0  T
   2    -13.2974399 -0.850312E-01  0.259E+00    3.81       1.0  T
   3    -13.3046861 -0.724618E-02  0.189E+00    4.06       1.0  T
   4    -13.3062623 -0.157622E-02  0.306E-01    3.70       1.0  T
   5    -13.3063887 -0.126405E-03  0.198E-01    3.91       1.0  T
   6    -13.3065085 -0.119826E-03  0.836E-02    3.88       1.0  T
   7    -13.3065098 -0.124147E-05  0.684E-02    3.89       1.0  T
   8    -13.3065231 -0.133126E-04  0.298E-02    3.90       1.4  T
   9    -13.3065256 -0.253185E-05  0.310E-03    3.91      13.2  T
  10    -13.3065256 -0.305908E-07  0.820E-04    3.91      49.8  T
  11    -13.3065256 -0.672776E-09  0.592E-05    3.91     690.2  T

   *** convergence criteria satisfied after 11 iterations ***

         #    Occupation            Energy/Eh            Energy/eV
      -------------------------------------------------------------
         1        2.0000           -0.9915719             -26.9820
       ...           ...                  ...                  ...
         5        2.0000           -0.5012940             -13.6409
         6        2.0000           -0.4829854             -13.1427
         7        2.0000           -0.4410223             -12.0008
         8        2.0000           -0.4410037             -12.0003
         9        2.0000           -0.3895169             -10.5993
        10        2.0000           -0.3880363             -10.5590
        11        2.0000           -0.3880334             -10.5589 (HOMO)
        12                         -0.2444025              -6.6505 (LUMO)
        13                          0.1005809               2.7369
        14                          0.1292025               3.5158
        15                          0.1292261               3.5164
        16                          0.1310567               3.5662
       ...                                ...                  ...
        20                          0.2229150               6.0658
      -------------------------------------------------------------
                  HL-Gap            0.1436309 Eh            3.9084 eV
             Fermi-level           -0.3162180 Eh           -8.6047 eV

 SCC (total)                   0 d,  0 h,  0 min,  0.006 sec
 SCC setup                      ...        0 min,  0.000 sec (  4.945%)
 Dispersion                     ...        0 min,  0.000 sec (  0.509%)
 integral evaluation            ...        0 min,  0.001 sec ( 17.191%)
 zeroth order Hamiltonian       ...        0 min,  0.000 sec (  0.626%)
 iterations                     ...        0 min,  0.003 sec ( 56.372%)
 molecular gradient             ...        0 min,  0.001 sec ( 17.813%)
 printout                       ...        0 min,  0.000 sec (  1.773%)

         :::::::::::::::::::::::::::::::::::::::::::::::::::::
         ::                     SUMMARY                     ::
         :::::::::::::::::::::::::::::::::::::::::::::::::::::
         :: total energy             -13.253871318367 Eh    ::
         :: total w/o Gsasa/hb       -13.253611712685 Eh    ::
         :: gradient norm              0.074261563183 Eh/a0 ::
         :: HOMO-LUMO gap              3.908396927926 eV    ::
         ::.................................................::
         :: SCC energy               -13.304157629374 Eh    ::
         :: -> isotropic ES            0.171659998110 Eh    ::
         :: -> anisotropic ES         -0.002233527464 Eh    ::
         :: -> anisotropic XC          0.004993632767 Eh    ::
         :: -> dispersion             -0.001884197374 Eh    ::
         :: -> Gsolv                  -0.093769435994 Eh    ::
         ::    -> Gborn               -0.093509830312 Eh    ::
         ::    -> Gsasa                0.000510572818 Eh    ::
         ::    -> Ghb                 -0.002627621627 Eh    ::
         ::    -> Gshift               0.001857443127 Eh    ::
         :: repulsion energy           0.050286496020 Eh    ::
         :: add. restraining           0.000000000000 Eh    ::
         :::::::::::::::::::::::::::::::::::::::::::::::::::::

           -------------------------------------------------
          |                Property Printout                |
           -------------------------------------------------

    * Orbital Energies and Occupations

         #    Occupation            Energy/Eh            Energy/eV
      -------------------------------------------------------------
         1        2.0000           -0.9915719             -26.9820
         2        2.0000           -0.7416512             -20.1814
         3        2.0000           -0.5931115             -16.1394
         4        2.0000           -0.5014475             -13.6451
         5        2.0000           -0.5012940             -13.6409
         6        2.0000           -0.4829854             -13.1427
         7        2.0000           -0.4410223             -12.0008
         8        2.0000           -0.4410037             -12.0003
         9        2.0000           -0.3895169             -10.5993
        10        2.0000           -0.3880363             -10.5590
        11        2.0000           -0.3880334             -10.5589 (HOMO)
        12                         -0.2444025              -6.6505 (LUMO)
        13                          0.1005809               2.7369
        14                          0.1292025               3.5158
        15                          0.1292261               3.5164
        16                          0.1310567               3.5662
        17                          0.1310593               3.5663
        18                          0.1314089               3.5758
        19                          0.2193515               5.9689
        20                          0.2229150               6.0658
      -------------------------------------------------------------
                  HL-Gap            0.1436309 Eh            3.9084 eV
             Fermi-level           -0.3162180 Eh           -8.6047 eV

     #   Z        covCN         q      C6AA      Î±(0)
     1   9 F      0.545    -0.444    14.173     4.435
     2  17 Cl     0.062    -0.929   124.154    16.958
     3   6 C      3.380     0.040    23.767     7.593
     4   1 H      0.925     0.111     1.688     2.032
     5   1 H      0.924     0.111     1.690     2.033
     6   1 H      0.924     0.111     1.688     2.032

 Mol. C6AA /auÂ·bohrâ¶  :        555.425913
 Mol. C8AA /auÂ·bohrâ¸  :      16088.293219
 Mol. Î±(0) /au        :         35.083515


Wiberg/Mayer (AO) data.
largest (>0.10) Wiberg bond orders for each atom
          total WBO             WBO to atom ...
     1  F   0.807        C    3 0.757
     2  Cl  0.137
     3  C   3.804        H    5 0.983    H    6 0.983    H    4 0.983    F    1 0.757
     4  H   0.988        C    3 0.983
     5  H   0.988        C    3 0.983
     6  H   0.988        C    3 0.983

molecular dipole:
                 x           y           z       tot (Debye)
 q only:       -1.431      -0.037       0.020
   full:       -1.255      -0.033       0.018       3.192
molecular quadrupole (traceless):
                xx          xy          yy          xz          yz          zz
 q only:      -21.613      -0.728      10.801       0.396       0.007      10.812
  q+dip:      -23.444      -0.789      11.715       0.428       0.001      11.729
   full:      -22.590      -0.759      11.289       0.415       0.004      11.301


           -------------------------------------------------
          | TOTAL ENERGY              -13.253871318367 Eh   |
          | GRADIENT NORM               0.074261563183 Eh/Î± |
          | HOMO-LUMO GAP               3.908396927926 eV   |
           -------------------------------------------------

------------------------------------------------------------------------
 * finished run on 2020/08/20 at 17:46:31.646     
------------------------------------------------------------------------
 total:
 * wall-time:     0 d,  0 h,  0 min,  0.058 sec
 *  cpu-time:     0 d,  0 h,  0 min,  0.018 sec
 * ratio c/w:     0.315 speedup
 SCF:
 * wall-time:     0 d,  0 h,  0 min,  0.006 sec
 *  cpu-time:     0 d,  0 h,  0 min,  0.006 sec
 * ratio c/w:     0.997 speedup

