      -----------------------------------------------------------      
     |                   =====================                   |     
     |                           x T B                           |     
     |                   =====================                   |     
     |                         S. Grimme                         |     
     |          Mulliken Center for Theoretical Chemistry        |     
     |                    University of Bonn                     |     
      -----------------------------------------------------------      

   * xtb version 6.2.3 (830e466) compiled by 'ehlert@majestix' on 2020-03-16

   xtb is free software: you can redistribute it and/or modify it under
   the terms of the GNU Lesser General Public License as published by
   the Free Software Foundation, either version 3 of the License, or
   (at your option) any later version.
   
   xtb is distributed in the hope that it will be useful,
   but WITHOUT ANY WARRANTY; without even the implied warranty of
   MERCHANTABILITY or FITNESS FOR A PARTICULAR PURPOSE.  See the
   GNU Lesser General Public License for more details.
   
   Cite this work as:
   * S. Grimme, C. Bannwarth, P. Shushkov, J. Chem. Theory Comput., 2017,
     13, 1989-2009. DOI: 10.1021/acs.jctc.7b00118
   * C. Bannwarth, S. Ehlert and S. Grimme., J. Chem. Theory Comput., 2019,
     15, 1652-1671. DOI: 10.1021/acs.jctc.8b01176
   * P. Pracht, E. Caldeweyher, S. Ehlert, S. Grimme, ChemRxiv, 2019, preprint.
     DOI: 10.26434/chemrxiv.8326202.v1
   
   for DFT-D4:
   * E. Caldeweyher, C. Bannwarth and S. Grimme, J. Chem. Phys., 2017,
     147, 034112. DOI: 10.1063/1.4993215
   * E. Caldeweyher, S. Ehlert, A. Hansen, H. Neugebauer, S. Spicher,
     C. Bannwarth and S. Grimme, J. Chem. Phys., 2019, 150, 154122.
     DOI: 10.1063/1.5090222
   
   for sTDA-xTB:
   * S. Grimme and C. Bannwarth, J. Chem. Phys., 2016, 145, 054103.
     DOI: 10.1063/1.4959605
   
   in the mass-spec context:
   * V. Asgeirsson, C. Bauer and S. Grimme, Chem. Sci., 2017, 8, 4879.
     DOI: 10.1039/c7sc00601b
   
   for metadynamics refer to:
   * S. Grimme, J. Chem. Theory Comput., 2019, 155, 2847-2862
     DOI: 10.1021/acs.jctc.9b00143
   
   with help from (in alphabetical order)
   C. Bannwarth, F. Bohle, G. Brandenburg, E. Caldeweyher, M. Checinski,
   S. Dohm, S. Ehlert, S. Ehrlich, F. MÃ¤rz, H. Neugebauer, J. Pisarek,
   P. Pracht, P. Shushkov, and S. Spicher.
   
 * started run on 2020/08/20 at 17:46:28.912     

           -------------------------------------------------
          |                Calculation Setup                |
           -------------------------------------------------

          program call               : /u/fd/ball4935/opt/bin/xtb 3_0_xtb.xyz --chrg -1 --grad --gbsa Water
          hostname                   : comp0810
          coordinate file            : 3_0_xtb.xyz
          omp threads                :                     1
          number of atoms            :                     6
          number of electrons        :                    22
          charge                     :                    -1
          spin                       :                   0.0
          first test random number   :      0.70508066561625


molecular fragmentation (1/2 indicates fragments):
122222
# atoms in fragment 1/2:     1     5
 fragment masses (1/2) :       19.00       50.49
CMA distance (Bohr)    :   8.667
constraining FC (au)   :  0.0500
########################################################################
[WARNING] Please study the warnings concerning your input carefully
-2- prog_main: XTBPATH is not set, using XTBHOME instead
-1- prog_main: XTBHOME is not set, using HOME instead
########################################################################
           ------------------------------------------------- 
          |                 G F N 2 - x T B                 |
          | Geometry, Frequencies, Noncovalent interactions |
          |            JCTC 2019 parametrisation            |
           ------------------------------------------------- 
             k(s)              :                1.8500
             k(p)              :                2.2300
             k(d)              :                2.2300
             k(f)              :                2.0000
             kEN (H0ij)        :               -2.0000
             D4 a1             :                0.5200
             D4 a2             :                5.0000
             D4 s6             :                1.0000
             D4 s8             :                2.7000
             D4 s9             :                5.0000
             alphaj            :                2.0000

  Z AO/shell   Hii/eV     exponent
  1     Wed Apr 25 08:07:45 CEST 2018   EN: 2.200 GM2: 0.406  GM3: 0.0800  RAES: 1.40
     1s    -10.707211    1.230000
  6     Wed Apr 25 08:07:45 CEST 2018   EN: 2.550 GM2: 0.538  GM3: 0.1500  RAES: 3.00
     2s    -13.970922    2.096432
     2p    -10.063292    1.800000
  9     Mon Apr 23 13:58:50 CEST 2018   EN: 3.980 GM2: 0.532  GM3: 0.1426  RAES: 2.40
     2s    -23.458179    2.416361
     2p    -15.746583    2.308399
 17     Mon Apr 23 14:09:22 CEST 2018   EN: 3.160 GM2: 0.249  GM3: 0.1495  RAES: 2.50
     3s    -29.278781    2.485265
     3p    -12.673758    2.199650
     3d     -0.240338    2.476089

 Solvent             : Water
 Using internal parameter file: .param_gbsa2_Water
 Gsolv ref. state (COSMO-RS): gsolv [1 M gas/solution]
 temperature (mdtemp)       :    298.150000000000     
 dielectric constant        :    80.2000000000000     
 rho                        :    1.00000000000000     
 mass                       :    18.0000000000000     
 surface tension            :    15.5689454083859     
 probe radius               :   0.975313790000000     
 Gshift (Eh)                :   1.857443126794793E-003
 c1                         :    1.55243817000000     
 soset                      :   0.130326360000000     
 HB correction              :  T
           ------------------------------------------------- 
          |        Self-Consistent Charge Iterations        |
           ------------------------------------------------- 

          ...................................................
          :                      SETUP                      :
          :.................................................:
          :  # basis functions                  21          :
          :  # atomic orbitals                  20          :
          :  # shells                           10          :
          :  # electrons                        22          :
          :  max. iterations                   250          :
          :  Hamiltonian                  GFN2-xTB          :
          :  restarted?                      false          :
          :  GBSA solvation                   true          :
          :  PC potential                    false          :
          :  electronic temp.          300.0000000     K    :
          :  accuracy                    1.0000000          :
          :  -> integral cutoff          0.2500000E+02      :
          :  -> integral neglect         0.1000000E-07      :
          :  -> SCF convergence          0.1000000E-05 Eh   :
          :  -> wf. convergence          0.1000000E-03 e    :
          :  Broyden damping             0.4000000          :
          ...................................................

 iter      E             dE          RMSdq      gap      omega  full diag
   1    -13.1584596 -0.131585E+02  0.761E+00    3.89       0.0  T
   2    -13.2312407 -0.727811E-01  0.501E+00    0.73       1.0  T
   3    -13.2780309 -0.467901E-01  0.236E+00    1.28       1.0  T
   4    -13.2796678 -0.163694E-02  0.723E-01    0.47       1.0  T
   5    -13.2821986 -0.253082E-02  0.651E-01    0.90       1.0  T
   6    -13.2828364 -0.637781E-03  0.250E-01    0.82       1.0  T
   7    -13.2829809 -0.144503E-03  0.106E-01    0.78       1.0  T
   8    -13.2830150 -0.340432E-04  0.422E-02    0.73       1.0  T
   9    -13.2830137  0.123126E-05  0.458E-02    0.72       1.0  T
  10    -13.2830193 -0.558024E-05  0.177E-03    0.75      23.0  T
  11    -13.2830193 -0.194951E-08  0.142E-03    0.75      28.8  T
  12    -13.2830193 -0.246394E-08  0.144E-04    0.75     283.2  T
  13    -13.2830193 -0.226290E-10  0.329E-05    0.75    1239.8  T

   *** convergence criteria satisfied after 13 iterations ***

         #    Occupation            Energy/Eh            Energy/eV
      -------------------------------------------------------------
         1        2.0000           -1.0372682             -28.2255
       ...           ...                  ...                  ...
         5        2.0000           -0.5009345             -13.6311
         6        2.0000           -0.4456944             -12.1280
         7        2.0000           -0.4116285             -11.2010
         8        2.0000           -0.4116274             -11.2010
         9        2.0000           -0.3442168              -9.3666
        10        2.0000           -0.3428236              -9.3287
        11        2.0000           -0.3428224              -9.3287 (HOMO)
        12        0.0000           -0.3153304              -8.5806 (LUMO)
        13                          0.0505223               1.3748
        14                          0.0505237               1.3748
        15                          0.0521260               1.4184
        16                          0.0521269               1.4184
       ...                                ...                  ...
        20                          0.2593741               7.0579
      -------------------------------------------------------------
                  HL-Gap            0.0274920 Eh            0.7481 eV
             Fermi-level           -0.3286956 Eh           -8.9443 eV

 SCC (total)                   0 d,  0 h,  0 min,  0.007 sec
 SCC setup                      ...        0 min,  0.000 sec (  4.571%)
 Dispersion                     ...        0 min,  0.000 sec (  0.463%)
 integral evaluation            ...        0 min,  0.001 sec ( 16.828%)
 zeroth order Hamiltonian       ...        0 min,  0.000 sec (  0.477%)
 iterations                     ...        0 min,  0.004 sec ( 57.917%)
 molecular gradient             ...        0 min,  0.001 sec ( 17.156%)
 printout                       ...        0 min,  0.000 sec (  1.791%)

         :::::::::::::::::::::::::::::::::::::::::::::::::::::
         ::                     SUMMARY                     ::
         :::::::::::::::::::::::::::::::::::::::::::::::::::::
         :: total energy             -13.222103665125 Eh    ::
         :: total w/o Gsasa/hb       -13.219397363012 Eh    ::
         :: gradient norm              0.077925713766 Eh/a0 ::
         :: HOMO-LUMO gap              0.748095408370 eV    ::
         ::.................................................::
         :: SCC energy               -13.280255114474 Eh    ::
         :: -> isotropic ES            0.258917414458 Eh    ::
         :: -> anisotropic ES         -0.001809177114 Eh    ::
         :: -> anisotropic XC          0.005480159645 Eh    ::
         :: -> dispersion             -0.001831457406 Eh    ::
         :: -> Gsolv                  -0.125366369588 Eh    ::
         ::    -> Gborn               -0.122660067474 Eh    ::
         ::    -> Gsasa                0.000906749359 Eh    ::
         ::    -> Ghb                 -0.005470494599 Eh    ::
         ::    -> Gshift               0.001857443127 Eh    ::
         :: repulsion energy           0.058152677472 Eh    ::
         :: add. restraining           0.000000000000 Eh    ::
         :::::::::::::::::::::::::::::::::::::::::::::::::::::

           -------------------------------------------------
          |                Property Printout                |
           -------------------------------------------------

    * Orbital Energies and Occupations

         #    Occupation            Energy/Eh            Energy/eV
      -------------------------------------------------------------
         1        2.0000           -1.0372682             -28.2255
         2        2.0000           -0.6051321             -16.4665
         3        2.0000           -0.5995026             -16.3133
         4        2.0000           -0.5009579             -13.6318
         5        2.0000           -0.5009345             -13.6311
         6        2.0000           -0.4456944             -12.1280
         7        2.0000           -0.4116285             -11.2010
         8        2.0000           -0.4116274             -11.2010
         9        2.0000           -0.3442168              -9.3666
        10        2.0000           -0.3428236              -9.3287
        11        2.0000           -0.3428224              -9.3287 (HOMO)
        12        0.0000           -0.3153304              -8.5806 (LUMO)
        13                          0.0505223               1.3748
        14                          0.0505237               1.3748
        15                          0.0521260               1.4184
        16                          0.0521269               1.4184
        17                          0.0562192               1.5298
        18                          0.1211384               3.2963
        19                          0.2593310               7.0568
        20                          0.2593741               7.0579
      -------------------------------------------------------------
                  HL-Gap            0.0274920 Eh            0.7481 eV
             Fermi-level           -0.3286956 Eh           -8.9443 eV

     #   Z        covCN         q      C6AA      Î±(0)
     1   9 F      0.000    -0.940    23.162     5.605
     2  17 Cl     0.408    -0.393   107.271    15.793
     3   6 C      3.187    -0.032    28.305     8.680
     4   1 H      0.926     0.121     1.602     1.979
     5   1 H      0.926     0.121     1.603     1.980
     6   1 H      0.926     0.121     1.603     1.980

 Mol. C6AA /auÂ·bohrâ¶  :        582.259957
 Mol. C8AA /auÂ·bohrâ¸  :      16370.711053
 Mol. Î±(0) /au        :         36.017613


Wiberg/Mayer (AO) data.
largest (>0.10) Wiberg bond orders for each atom
          total WBO             WBO to atom ...
     1  F   0.080
     2  Cl  0.811        C    3 0.808
     3  C   3.838        H    6 0.983    H    5 0.983    H    4 0.983    Cl   2 0.808
     4  H   0.985        C    3 0.983
     5  H   0.985        C    3 0.983
     6  H   0.985        C    3 0.983

molecular dipole:
                 x           y           z       tot (Debye)
 q only:        4.169       0.074      -0.075
   full:        4.217       0.075      -0.074      10.721
molecular quadrupole (traceless):
                xx          xy          yy          xz          yz          zz
 q only:      -43.454      -1.314      21.721       0.961       0.019      21.733
  q+dip:      -43.288      -1.305      21.638       0.962       0.019      21.650
   full:      -42.320      -1.272      21.154       0.949       0.019      21.166


           -------------------------------------------------
          | TOTAL ENERGY              -13.222103665125 Eh   |
          | GRADIENT NORM               0.077925713766 Eh/Î± |
          | HOMO-LUMO GAP               0.748095408370 eV   |
           -------------------------------------------------

------------------------------------------------------------------------
 * finished run on 2020/08/20 at 17:46:29.004     
------------------------------------------------------------------------
 total:
 * wall-time:     0 d,  0 h,  0 min,  0.091 sec
 *  cpu-time:     0 d,  0 h,  0 min,  0.019 sec
 * ratio c/w:     0.213 speedup
 SCF:
 * wall-time:     0 d,  0 h,  0 min,  0.007 sec
 *  cpu-time:     0 d,  0 h,  0 min,  0.007 sec
 * ratio c/w:     0.998 speedup

