      -----------------------------------------------------------      
     |                   =====================                   |     
     |                           x T B                           |     
     |                   =====================                   |     
     |                         S. Grimme                         |     
     |          Mulliken Center for Theoretical Chemistry        |     
     |                    University of Bonn                     |     
      -----------------------------------------------------------      

   * xtb version 6.2.3 (830e466) compiled by 'ehlert@majestix' on 2020-03-16

   xtb is free software: you can redistribute it and/or modify it under
   the terms of the GNU Lesser General Public License as published by
   the Free Software Foundation, either version 3 of the License, or
   (at your option) any later version.
   
   xtb is distributed in the hope that it will be useful,
   but WITHOUT ANY WARRANTY; without even the implied warranty of
   MERCHANTABILITY or FITNESS FOR A PARTICULAR PURPOSE.  See the
   GNU Lesser General Public License for more details.
   
   Cite this work as:
   * S. Grimme, C. Bannwarth, P. Shushkov, J. Chem. Theory Comput., 2017,
     13, 1989-2009. DOI: 10.1021/acs.jctc.7b00118
   * C. Bannwarth, S. Ehlert and S. Grimme., J. Chem. Theory Comput., 2019,
     15, 1652-1671. DOI: 10.1021/acs.jctc.8b01176
   * P. Pracht, E. Caldeweyher, S. Ehlert, S. Grimme, ChemRxiv, 2019, preprint.
     DOI: 10.26434/chemrxiv.8326202.v1
   
   for DFT-D4:
   * E. Caldeweyher, C. Bannwarth and S. Grimme, J. Chem. Phys., 2017,
     147, 034112. DOI: 10.1063/1.4993215
   * E. Caldeweyher, S. Ehlert, A. Hansen, H. Neugebauer, S. Spicher,
     C. Bannwarth and S. Grimme, J. Chem. Phys., 2019, 150, 154122.
     DOI: 10.1063/1.5090222
   
   for sTDA-xTB:
   * S. Grimme and C. Bannwarth, J. Chem. Phys., 2016, 145, 054103.
     DOI: 10.1063/1.4959605
   
   in the mass-spec context:
   * V. Asgeirsson, C. Bauer and S. Grimme, Chem. Sci., 2017, 8, 4879.
     DOI: 10.1039/c7sc00601b
   
   for metadynamics refer to:
   * S. Grimme, J. Chem. Theory Comput., 2019, 155, 2847-2862
     DOI: 10.1021/acs.jctc.9b00143
   
   with help from (in alphabetical order)
   C. Bannwarth, F. Bohle, G. Brandenburg, E. Caldeweyher, M. Checinski,
   S. Dohm, S. Ehlert, S. Ehrlich, F. MÃ¤rz, H. Neugebauer, J. Pisarek,
   P. Pracht, P. Shushkov, and S. Spicher.
   
 * started run on 2020/08/20 at 17:46:29.850     

           -------------------------------------------------
          |                Calculation Setup                |
           -------------------------------------------------

          program call               : /u/fd/ball4935/opt/bin/xtb 3_2_xtb.xyz --chrg -1 --grad --gbsa Water
          hostname                   : comp0810
          coordinate file            : 3_2_xtb.xyz
          omp threads                :                     1
          number of atoms            :                     6
          number of electrons        :                    22
          charge                     :                    -1
          spin                       :                   0.0
          first test random number   :      0.67582516253234


molecular fragmentation (1/2 indicates fragments):
122222
# atoms in fragment 1/2:     1     5
 fragment masses (1/2) :       19.00       50.49
CMA distance (Bohr)    :   8.095
constraining FC (au)   :  0.0500
########################################################################
[WARNING] Please study the warnings concerning your input carefully
-2- prog_main: XTBPATH is not set, using XTBHOME instead
-1- prog_main: XTBHOME is not set, using HOME instead
########################################################################
           ------------------------------------------------- 
          |                 G F N 2 - x T B                 |
          | Geometry, Frequencies, Noncovalent interactions |
          |            JCTC 2019 parametrisation            |
           ------------------------------------------------- 
             k(s)              :                1.8500
             k(p)              :                2.2300
             k(d)              :                2.2300
             k(f)              :                2.0000
             kEN (H0ij)        :               -2.0000
             D4 a1             :                0.5200
             D4 a2             :                5.0000
             D4 s6             :                1.0000
             D4 s8             :                2.7000
             D4 s9             :                5.0000
             alphaj            :                2.0000

  Z AO/shell   Hii/eV     exponent
  1     Wed Apr 25 08:07:45 CEST 2018   EN: 2.200 GM2: 0.406  GM3: 0.0800  RAES: 1.40
     1s    -10.707211    1.230000
  6     Wed Apr 25 08:07:45 CEST 2018   EN: 2.550 GM2: 0.538  GM3: 0.1500  RAES: 3.00
     2s    -13.970922    2.096432
     2p    -10.063292    1.800000
  9     Mon Apr 23 13:58:50 CEST 2018   EN: 3.980 GM2: 0.532  GM3: 0.1426  RAES: 2.40
     2s    -23.458179    2.416361
     2p    -15.746583    2.308399
 17     Mon Apr 23 14:09:22 CEST 2018   EN: 3.160 GM2: 0.249  GM3: 0.1495  RAES: 2.50
     3s    -29.278781    2.485265
     3p    -12.673758    2.199650
     3d     -0.240338    2.476089

 Solvent             : Water
 Using internal parameter file: .param_gbsa2_Water
 Gsolv ref. state (COSMO-RS): gsolv [1 M gas/solution]
 temperature (mdtemp)       :    298.150000000000     
 dielectric constant        :    80.2000000000000     
 rho                        :    1.00000000000000     
 mass                       :    18.0000000000000     
 surface tension            :    15.5689454083859     
 probe radius               :   0.975313790000000     
 Gshift (Eh)                :   1.857443126794793E-003
 c1                         :    1.55243817000000     
 soset                      :   0.130326360000000     
 HB correction              :  T
           ------------------------------------------------- 
          |        Self-Consistent Charge Iterations        |
           ------------------------------------------------- 

          ...................................................
          :                      SETUP                      :
          :.................................................:
          :  # basis functions                  21          :
          :  # atomic orbitals                  20          :
          :  # shells                           10          :
          :  # electrons                        22          :
          :  max. iterations                   250          :
          :  Hamiltonian                  GFN2-xTB          :
          :  restarted?                      false          :
          :  GBSA solvation                   true          :
          :  PC potential                    false          :
          :  electronic temp.          300.0000000     K    :
          :  accuracy                    1.0000000          :
          :  -> integral cutoff          0.2500000E+02      :
          :  -> integral neglect         0.1000000E-07      :
          :  -> SCF convergence          0.1000000E-05 Eh   :
          :  -> wf. convergence          0.1000000E-03 e    :
          :  Broyden damping             0.4000000          :
          ...................................................

 iter      E             dE          RMSdq      gap      omega  full diag
   1    -13.2152658 -0.132153E+02  0.599E+00    4.73       0.0  T
   2    -13.2865192 -0.712533E-01  0.338E+00    2.20       1.0  T
   3    -13.2965500 -0.100309E-01  0.176E+00    2.32       1.0  T
   4    -13.2970107 -0.460698E-03  0.211E-01    1.74       1.0  T
   5    -13.2970186 -0.787312E-05  0.191E-01    1.83       1.0  T
   6    -13.2970931 -0.745007E-04  0.176E-02    1.82       2.3  T
   7    -13.2970935 -0.406892E-06  0.112E-02    1.82       3.6  T
   8    -13.2970935 -0.334413E-07  0.929E-03    1.82       4.4  T
   9    -13.2970938 -0.244375E-06  0.639E-04    1.82      63.9  T
  10    -13.2970938 -0.586752E-09  0.398E-04    1.82     102.5  T

   *** convergence criteria satisfied after 10 iterations ***

         #    Occupation            Energy/Eh            Energy/eV
      -------------------------------------------------------------
         1        2.0000           -1.0448366             -28.4315
       ...           ...                  ...                  ...
         5        2.0000           -0.4934400             -13.4272
         6        2.0000           -0.4683259             -12.7438
         7        2.0000           -0.4168217             -11.3423
         8        2.0000           -0.4168158             -11.3421
         9        2.0000           -0.3367897              -9.1645
        10        2.0000           -0.3356599              -9.1338
        11        2.0000           -0.3356594              -9.1338 (HOMO)
        12                         -0.2688836              -7.3167 (LUMO)
        13                          0.0360440               0.9808
        14                          0.0360562               0.9811
        15                          0.0380033               1.0341
        16                          0.0380051               1.0342
       ...                                ...                  ...
        20                          0.1947816               5.3003
      -------------------------------------------------------------
                  HL-Gap            0.0667758 Eh            1.8171 eV
             Fermi-level           -0.3022715 Eh           -8.2252 eV

 SCC (total)                   0 d,  0 h,  0 min,  0.006 sec
 SCC setup                      ...        0 min,  0.000 sec (  4.905%)
 Dispersion                     ...        0 min,  0.000 sec (  0.485%)
 integral evaluation            ...        0 min,  0.001 sec ( 16.978%)
 zeroth order Hamiltonian       ...        0 min,  0.000 sec (  0.596%)
 iterations                     ...        0 min,  0.004 sec ( 56.610%)
 molecular gradient             ...        0 min,  0.001 sec ( 17.767%)
 printout                       ...        0 min,  0.000 sec (  1.870%)

         :::::::::::::::::::::::::::::::::::::::::::::::::::::
         ::                     SUMMARY                     ::
         :::::::::::::::::::::::::::::::::::::::::::::::::::::
         :: total energy             -13.246513340235 Eh    ::
         :: total w/o Gsasa/hb       -13.244157625309 Eh    ::
         :: gradient norm              0.076388415409 Eh/a0 ::
         :: HOMO-LUMO gap              1.817062858287 eV    ::
         ::.................................................::
         :: SCC energy               -13.294420347968 Eh    ::
         :: -> isotropic ES            0.269096968707 Eh    ::
         :: -> anisotropic ES         -0.000632168222 Eh    ::
         :: -> anisotropic XC          0.005337063558 Eh    ::
         :: -> dispersion             -0.001877492237 Eh    ::
         :: -> Gsolv                  -0.130126274289 Eh    ::
         ::    -> Gborn               -0.127770559363 Eh    ::
         ::    -> Gsasa                0.000815985658 Eh    ::
         ::    -> Ghb                 -0.005029143711 Eh    ::
         ::    -> Gshift               0.001857443127 Eh    ::
         :: repulsion energy           0.047907672930 Eh    ::
         :: add. restraining           0.000000000000 Eh    ::
         :::::::::::::::::::::::::::::::::::::::::::::::::::::

           -------------------------------------------------
          |                Property Printout                |
           -------------------------------------------------

    * Orbital Energies and Occupations

         #    Occupation            Energy/Eh            Energy/eV
      -------------------------------------------------------------
         1        2.0000           -1.0448366             -28.4315
         2        2.0000           -0.5954695             -16.2036
         3        2.0000           -0.5923452             -16.1185
         4        2.0000           -0.4934765             -13.4282
         5        2.0000           -0.4934400             -13.4272
         6        2.0000           -0.4683259             -12.7438
         7        2.0000           -0.4168217             -11.3423
         8        2.0000           -0.4168158             -11.3421
         9        2.0000           -0.3367897              -9.1645
        10        2.0000           -0.3356599              -9.1338
        11        2.0000           -0.3356594              -9.1338 (HOMO)
        12                         -0.2688836              -7.3167 (LUMO)
        13                          0.0360440               0.9808
        14                          0.0360562               0.9811
        15                          0.0380033               1.0341
        16                          0.0380051               1.0342
        17                          0.0581619               1.5827
        18                          0.1271653               3.4603
        19                          0.1943431               5.2883
        20                          0.1947816               5.3003
      -------------------------------------------------------------
                  HL-Gap            0.0667758 Eh            1.8171 eV
             Fermi-level           -0.3022715 Eh           -8.2252 eV

     #   Z        covCN         q      C6AA      Î±(0)
     1   9 F      0.000    -0.980    24.068     5.714
     2  17 Cl     0.749    -0.292   108.268    15.916
     3   6 C      3.520    -0.021    22.332     6.968
     4   1 H      0.923     0.098     1.805     2.101
     5   1 H      0.924     0.098     1.805     2.101
     6   1 H      0.923     0.098     1.805     2.101

 Mol. C6AA /auÂ·bohrâ¶  :        572.123117
 Mol. C8AA /auÂ·bohrâ¸  :      15950.291324
 Mol. Î±(0) /au        :         34.901119


Wiberg/Mayer (AO) data.
largest (>0.10) Wiberg bond orders for each atom
          total WBO             WBO to atom ...
     1  F   0.040
     2  Cl  0.922        C    3 0.895
     3  C   3.876        H    5 0.986    H    6 0.986    H    4 0.986    Cl   2 0.895
     4  H   0.990        C    3 0.986
     5  H   0.990        C    3 0.986
     6  H   0.990        C    3 0.986

molecular dipole:
                 x           y           z       tot (Debye)
 q only:        4.474       0.089      -0.070
   full:        4.390       0.087      -0.068      11.162
molecular quadrupole (traceless):
                xx          xy          yy          xz          yz          zz
 q only:      -37.894      -1.175      18.940       0.797       0.017      18.954
  q+dip:      -38.357      -1.192      19.171       0.812       0.017      19.185
   full:      -37.513      -1.164      18.750       0.797       0.017      18.763


           -------------------------------------------------
          | TOTAL ENERGY              -13.246513340235 Eh   |
          | GRADIENT NORM               0.076388415409 Eh/Î± |
          | HOMO-LUMO GAP               1.817062858287 eV   |
           -------------------------------------------------

------------------------------------------------------------------------
 * finished run on 2020/08/20 at 17:46:29.898     
------------------------------------------------------------------------
 total:
 * wall-time:     0 d,  0 h,  0 min,  0.047 sec
 *  cpu-time:     0 d,  0 h,  0 min,  0.017 sec
 * ratio c/w:     0.354 speedup
 SCF:
 * wall-time:     0 d,  0 h,  0 min,  0.006 sec
 *  cpu-time:     0 d,  0 h,  0 min,  0.006 sec
 * ratio c/w:     0.997 speedup

