      -----------------------------------------------------------      
     |                   =====================                   |     
     |                           x T B                           |     
     |                   =====================                   |     
     |                         S. Grimme                         |     
     |          Mulliken Center for Theoretical Chemistry        |     
     |                    University of Bonn                     |     
      -----------------------------------------------------------      

   * xtb version 6.2.3 (830e466) compiled by 'ehlert@majestix' on 2020-03-16

   xtb is free software: you can redistribute it and/or modify it under
   the terms of the GNU Lesser General Public License as published by
   the Free Software Foundation, either version 3 of the License, or
   (at your option) any later version.
   
   xtb is distributed in the hope that it will be useful,
   but WITHOUT ANY WARRANTY; without even the implied warranty of
   MERCHANTABILITY or FITNESS FOR A PARTICULAR PURPOSE.  See the
   GNU Lesser General Public License for more details.
   
   Cite this work as:
   * S. Grimme, C. Bannwarth, P. Shushkov, J. Chem. Theory Comput., 2017,
     13, 1989-2009. DOI: 10.1021/acs.jctc.7b00118
   * C. Bannwarth, S. Ehlert and S. Grimme., J. Chem. Theory Comput., 2019,
     15, 1652-1671. DOI: 10.1021/acs.jctc.8b01176
   * P. Pracht, E. Caldeweyher, S. Ehlert, S. Grimme, ChemRxiv, 2019, preprint.
     DOI: 10.26434/chemrxiv.8326202.v1
   
   for DFT-D4:
   * E. Caldeweyher, C. Bannwarth and S. Grimme, J. Chem. Phys., 2017,
     147, 034112. DOI: 10.1063/1.4993215
   * E. Caldeweyher, S. Ehlert, A. Hansen, H. Neugebauer, S. Spicher,
     C. Bannwarth and S. Grimme, J. Chem. Phys., 2019, 150, 154122.
     DOI: 10.1063/1.5090222
   
   for sTDA-xTB:
   * S. Grimme and C. Bannwarth, J. Chem. Phys., 2016, 145, 054103.
     DOI: 10.1063/1.4959605
   
   in the mass-spec context:
   * V. Asgeirsson, C. Bauer and S. Grimme, Chem. Sci., 2017, 8, 4879.
     DOI: 10.1039/c7sc00601b
   
   for metadynamics refer to:
   * S. Grimme, J. Chem. Theory Comput., 2019, 155, 2847-2862
     DOI: 10.1021/acs.jctc.9b00143
   
   with help from (in alphabetical order)
   C. Bannwarth, F. Bohle, G. Brandenburg, E. Caldeweyher, M. Checinski,
   S. Dohm, S. Ehlert, S. Ehrlich, F. MÃ¤rz, H. Neugebauer, J. Pisarek,
   P. Pracht, P. Shushkov, and S. Spicher.
   
 * started run on 2020/08/20 at 17:46:29.140     

           -------------------------------------------------
          |                Calculation Setup                |
           -------------------------------------------------

          program call               : /u/fd/ball4935/opt/bin/xtb 12_0_xtb.xyz --chrg -1 --grad --gbsa Water
          hostname                   : comp0810
          coordinate file            : 12_0_xtb.xyz
          omp threads                :                     1
          number of atoms            :                     6
          number of electrons        :                    22
          charge                     :                    -1
          spin                       :                   0.0
          first test random number   :      0.62433836426062


molecular fragmentation (1/2 indicates fragments):
121111
# atoms in fragment 1/2:     5     1
 fragment masses (1/2) :       34.03       35.45
CMA distance (Bohr)    :   9.227
constraining FC (au)   :  0.0500
########################################################################
[WARNING] Please study the warnings concerning your input carefully
-2- prog_main: XTBPATH is not set, using XTBHOME instead
-1- prog_main: XTBHOME is not set, using HOME instead
########################################################################
           ------------------------------------------------- 
          |                 G F N 2 - x T B                 |
          | Geometry, Frequencies, Noncovalent interactions |
          |            JCTC 2019 parametrisation            |
           ------------------------------------------------- 
             k(s)              :                1.8500
             k(p)              :                2.2300
             k(d)              :                2.2300
             k(f)              :                2.0000
             kEN (H0ij)        :               -2.0000
             D4 a1             :                0.5200
             D4 a2             :                5.0000
             D4 s6             :                1.0000
             D4 s8             :                2.7000
             D4 s9             :                5.0000
             alphaj            :                2.0000

  Z AO/shell   Hii/eV     exponent
  1     Wed Apr 25 08:07:45 CEST 2018   EN: 2.200 GM2: 0.406  GM3: 0.0800  RAES: 1.40
     1s    -10.707211    1.230000
  6     Wed Apr 25 08:07:45 CEST 2018   EN: 2.550 GM2: 0.538  GM3: 0.1500  RAES: 3.00
     2s    -13.970922    2.096432
     2p    -10.063292    1.800000
  9     Mon Apr 23 13:58:50 CEST 2018   EN: 3.980 GM2: 0.532  GM3: 0.1426  RAES: 2.40
     2s    -23.458179    2.416361
     2p    -15.746583    2.308399
 17     Mon Apr 23 14:09:22 CEST 2018   EN: 3.160 GM2: 0.249  GM3: 0.1495  RAES: 2.50
     3s    -29.278781    2.485265
     3p    -12.673758    2.199650
     3d     -0.240338    2.476089

 Solvent             : Water
 Using internal parameter file: .param_gbsa2_Water
 Gsolv ref. state (COSMO-RS): gsolv [1 M gas/solution]
 temperature (mdtemp)       :    298.150000000000     
 dielectric constant        :    80.2000000000000     
 rho                        :    1.00000000000000     
 mass                       :    18.0000000000000     
 surface tension            :    15.5689454083859     
 probe radius               :   0.975313790000000     
 Gshift (Eh)                :   1.857443126794793E-003
 c1                         :    1.55243817000000     
 soset                      :   0.130326360000000     
 HB correction              :  T
           ------------------------------------------------- 
          |        Self-Consistent Charge Iterations        |
           ------------------------------------------------- 

          ...................................................
          :                      SETUP                      :
          :.................................................:
          :  # basis functions                  21          :
          :  # atomic orbitals                  20          :
          :  # shells                           10          :
          :  # electrons                        22          :
          :  max. iterations                   250          :
          :  Hamiltonian                  GFN2-xTB          :
          :  restarted?                      false          :
          :  GBSA solvation                   true          :
          :  PC potential                    false          :
          :  electronic temp.          300.0000000     K    :
          :  accuracy                    1.0000000          :
          :  -> integral cutoff          0.2500000E+02      :
          :  -> integral neglect         0.1000000E-07      :
          :  -> SCF convergence          0.1000000E-05 Eh   :
          :  -> wf. convergence          0.1000000E-03 e    :
          :  Broyden damping             0.4000000          :
          ...................................................

 iter      E             dE          RMSdq      gap      omega  full diag
   1    -13.2786644 -0.132787E+02  0.577E+00   10.92       0.0  T
   2    -13.3437621 -0.650977E-01  0.273E+00    8.42       1.0  T
   3    -13.3446550 -0.892966E-03  0.153E+00    8.14       1.0  T
   4    -13.3448437 -0.188669E-03  0.187E-01    7.89       1.0  T
   5    -13.3448751 -0.313540E-04  0.773E-02    7.99       1.0  T
   6    -13.3448814 -0.633700E-05  0.508E-02    7.99       1.0  T
   7    -13.3448866 -0.522595E-05  0.150E-02    8.00       2.7  T
   8    -13.3448864  0.223383E-06  0.909E-03    7.99       4.5  T
   9    -13.3448867 -0.319586E-06  0.618E-04    8.00      66.1  T
  10    -13.3448867 -0.431085E-09  0.107E-04    8.00     382.6  T

   *** convergence criteria satisfied after 10 iterations ***

         #    Occupation            Energy/Eh            Energy/eV
      -------------------------------------------------------------
         1        2.0000           -0.9864334             -26.8422
       ...           ...                  ...                  ...
         5        2.0000           -0.5272597             -14.3475
         6        2.0000           -0.5272052             -14.3460
         7        2.0000           -0.4626424             -12.5891
         8        2.0000           -0.4626222             -12.5886
         9        2.0000           -0.3900505             -10.6138
        10        2.0000           -0.3893846             -10.5957
        11        2.0000           -0.3893842             -10.5957 (HOMO)
        12                         -0.0954887              -2.5984 (LUMO)
        13                          0.1306649               3.5556
        14                          0.1420490               3.8653
        15                          0.1420747               3.8661
        16                          0.1420753               3.8661
       ...                                ...                  ...
        20                          0.2169302               5.9030
      -------------------------------------------------------------
                  HL-Gap            0.2938955 Eh            7.9973 eV
             Fermi-level           -0.2424364 Eh           -6.5970 eV

 SCC (total)                   0 d,  0 h,  0 min,  0.006 sec
 SCC setup                      ...        0 min,  0.000 sec (  5.178%)
 Dispersion                     ...        0 min,  0.000 sec (  0.510%)
 integral evaluation            ...        0 min,  0.001 sec ( 18.495%)
 zeroth order Hamiltonian       ...        0 min,  0.000 sec (  0.608%)
 iterations                     ...        0 min,  0.003 sec ( 55.508%)
 molecular gradient             ...        0 min,  0.001 sec ( 16.903%)
 printout                       ...        0 min,  0.000 sec (  2.023%)

         :::::::::::::::::::::::::::::::::::::::::::::::::::::
         ::                     SUMMARY                     ::
         :::::::::::::::::::::::::::::::::::::::::::::::::::::
         :: total energy             -13.286244257859 Eh    ::
         :: total w/o Gsasa/hb       -13.285821180190 Eh    ::
         :: gradient norm              0.064342920448 Eh/a0 ::
         :: HOMO-LUMO gap              7.997304033951 eV    ::
         ::.................................................::
         :: SCC energy               -13.342811045155 Eh    ::
         :: -> isotropic ES            0.172982640370 Eh    ::
         :: -> anisotropic ES         -0.001028947632 Eh    ::
         :: -> anisotropic XC          0.000837199084 Eh    ::
         :: -> dispersion             -0.001345829823 Eh    ::
         :: -> Gsolv                  -0.104106541296 Eh    ::
         ::    -> Gborn               -0.103683463627 Eh    ::
         ::    -> Gsasa                0.000218225436 Eh    ::
         ::    -> Ghb                 -0.002498746232 Eh    ::
         ::    -> Gshift               0.001857443127 Eh    ::
         :: repulsion energy           0.056567546931 Eh    ::
         :: add. restraining           0.000000000000 Eh    ::
         :::::::::::::::::::::::::::::::::::::::::::::::::::::

           -------------------------------------------------
          |                Property Printout                |
           -------------------------------------------------

    * Orbital Energies and Occupations

         #    Occupation            Energy/Eh            Energy/eV
      -------------------------------------------------------------
         1        2.0000           -0.9864334             -26.8422
         2        2.0000           -0.7951147             -21.6362
         3        2.0000           -0.6110358             -16.6271
         4        2.0000           -0.5298906             -14.4191
         5        2.0000           -0.5272597             -14.3475
         6        2.0000           -0.5272052             -14.3460
         7        2.0000           -0.4626424             -12.5891
         8        2.0000           -0.4626222             -12.5886
         9        2.0000           -0.3900505             -10.6138
        10        2.0000           -0.3893846             -10.5957
        11        2.0000           -0.3893842             -10.5957 (HOMO)
        12                         -0.0954887              -2.5984 (LUMO)
        13                          0.1306649               3.5556
        14                          0.1420490               3.8653
        15                          0.1420747               3.8661
        16                          0.1420753               3.8661
        17                          0.1424509               3.8763
        18                          0.1424509               3.8763
        19                          0.2161057               5.8805
        20                          0.2169302               5.9030
      -------------------------------------------------------------
                  HL-Gap            0.2938955 Eh            7.9973 eV
             Fermi-level           -0.2424364 Eh           -6.5970 eV

     #   Z        covCN         q      C6AA      Î±(0)
     1   9 F      0.770    -0.313    12.475     4.172
     2  17 Cl     0.000    -1.000   127.011    17.152
     3   6 C      3.546     0.041    20.896     6.689
     4   1 H      0.925     0.091     1.869     2.138
     5   1 H      0.925     0.091     1.873     2.140
     6   1 H      0.925     0.091     1.870     2.139

 Mol. C6AA /auÂ·bohrâ¶  :        546.209194
 Mol. C8AA /auÂ·bohrâ¸  :      15827.901930
 Mol. Î±(0) /au        :         34.429530


Wiberg/Mayer (AO) data.
largest (>0.10) Wiberg bond orders for each atom
          total WBO             WBO to atom ...
     1  F   0.927        C    3 0.903
     2  Cl  0.000
     3  C   3.854        H    5 0.984    H    6 0.984    H    4 0.984    F    1 0.903
     4  H   0.992        C    3 0.984
     5  H   0.992        C    3 0.984
     6  H   0.992        C    3 0.984

molecular dipole:
                 x           y           z       tot (Debye)
 q only:       -4.453      -0.113       0.025
   full:       -4.280      -0.109       0.022      10.881
molecular quadrupole (traceless):
                xx          xy          yy          xz          yz          zz
 q only:      -37.618      -1.322      18.797       0.541       0.013      18.821
  q+dip:      -39.672      -1.383      19.824       0.599       0.014      19.848
   full:      -38.949      -1.360      19.462       0.578       0.014      19.486


           -------------------------------------------------
          | TOTAL ENERGY              -13.286244257859 Eh   |
          | GRADIENT NORM               0.064342920448 Eh/Î± |
          | HOMO-LUMO GAP               7.997304033951 eV   |
           -------------------------------------------------

------------------------------------------------------------------------
 * finished run on 2020/08/20 at 17:46:29.230     
------------------------------------------------------------------------
 total:
 * wall-time:     0 d,  0 h,  0 min,  0.090 sec
 *  cpu-time:     0 d,  0 h,  0 min,  0.018 sec
 * ratio c/w:     0.200 speedup
 SCF:
 * wall-time:     0 d,  0 h,  0 min,  0.006 sec
 *  cpu-time:     0 d,  0 h,  0 min,  0.006 sec
 * ratio c/w:     0.997 speedup

