      -----------------------------------------------------------      
     |                   =====================                   |     
     |                           x T B                           |     
     |                   =====================                   |     
     |                         S. Grimme                         |     
     |          Mulliken Center for Theoretical Chemistry        |     
     |                    University of Bonn                     |     
      -----------------------------------------------------------      

   * xtb version 6.2.3 (830e466) compiled by 'ehlert@majestix' on 2020-03-16

   xtb is free software: you can redistribute it and/or modify it under
   the terms of the GNU Lesser General Public License as published by
   the Free Software Foundation, either version 3 of the License, or
   (at your option) any later version.
   
   xtb is distributed in the hope that it will be useful,
   but WITHOUT ANY WARRANTY; without even the implied warranty of
   MERCHANTABILITY or FITNESS FOR A PARTICULAR PURPOSE.  See the
   GNU Lesser General Public License for more details.
   
   Cite this work as:
   * S. Grimme, C. Bannwarth, P. Shushkov, J. Chem. Theory Comput., 2017,
     13, 1989-2009. DOI: 10.1021/acs.jctc.7b00118
   * C. Bannwarth, S. Ehlert and S. Grimme., J. Chem. Theory Comput., 2019,
     15, 1652-1671. DOI: 10.1021/acs.jctc.8b01176
   * P. Pracht, E. Caldeweyher, S. Ehlert, S. Grimme, ChemRxiv, 2019, preprint.
     DOI: 10.26434/chemrxiv.8326202.v1
   
   for DFT-D4:
   * E. Caldeweyher, C. Bannwarth and S. Grimme, J. Chem. Phys., 2017,
     147, 034112. DOI: 10.1063/1.4993215
   * E. Caldeweyher, S. Ehlert, A. Hansen, H. Neugebauer, S. Spicher,
     C. Bannwarth and S. Grimme, J. Chem. Phys., 2019, 150, 154122.
     DOI: 10.1063/1.5090222
   
   for sTDA-xTB:
   * S. Grimme and C. Bannwarth, J. Chem. Phys., 2016, 145, 054103.
     DOI: 10.1063/1.4959605
   
   in the mass-spec context:
   * V. Asgeirsson, C. Bauer and S. Grimme, Chem. Sci., 2017, 8, 4879.
     DOI: 10.1039/c7sc00601b
   
   for metadynamics refer to:
   * S. Grimme, J. Chem. Theory Comput., 2019, 155, 2847-2862
     DOI: 10.1021/acs.jctc.9b00143
   
   with help from (in alphabetical order)
   C. Bannwarth, F. Bohle, G. Brandenburg, E. Caldeweyher, M. Checinski,
   S. Dohm, S. Ehlert, S. Ehrlich, F. MÃ¤rz, H. Neugebauer, J. Pisarek,
   P. Pracht, P. Shushkov, and S. Spicher.
   
 * started run on 2020/08/20 at 17:46:31.620     

           -------------------------------------------------
          |                Calculation Setup                |
           -------------------------------------------------

          program call               : /u/fd/ball4935/opt/bin/xtb 12_6_xtb.xyz --chrg -1 --grad --gbsa Water
          hostname                   : comp0810
          coordinate file            : 12_6_xtb.xyz
          omp threads                :                     1
          number of atoms            :                     6
          number of electrons        :                    22
          charge                     :                    -1
          spin                       :                   0.0
          first test random number   :      0.18916349163228


molecular fragmentation (1/2 indicates fragments):
121111
# atoms in fragment 1/2:     5     1
 fragment masses (1/2) :       34.03       35.45
CMA distance (Bohr)    :   8.397
constraining FC (au)   :  0.0500
########################################################################
[WARNING] Please study the warnings concerning your input carefully
-2- prog_main: XTBPATH is not set, using XTBHOME instead
-1- prog_main: XTBHOME is not set, using HOME instead
########################################################################
           ------------------------------------------------- 
          |                 G F N 2 - x T B                 |
          | Geometry, Frequencies, Noncovalent interactions |
          |            JCTC 2019 parametrisation            |
           ------------------------------------------------- 
             k(s)              :                1.8500
             k(p)              :                2.2300
             k(d)              :                2.2300
             k(f)              :                2.0000
             kEN (H0ij)        :               -2.0000
             D4 a1             :                0.5200
             D4 a2             :                5.0000
             D4 s6             :                1.0000
             D4 s8             :                2.7000
             D4 s9             :                5.0000
             alphaj            :                2.0000

  Z AO/shell   Hii/eV     exponent
  1     Wed Apr 25 08:07:45 CEST 2018   EN: 2.200 GM2: 0.406  GM3: 0.0800  RAES: 1.40
     1s    -10.707211    1.230000
  6     Wed Apr 25 08:07:45 CEST 2018   EN: 2.550 GM2: 0.538  GM3: 0.1500  RAES: 3.00
     2s    -13.970922    2.096432
     2p    -10.063292    1.800000
  9     Mon Apr 23 13:58:50 CEST 2018   EN: 3.980 GM2: 0.532  GM3: 0.1426  RAES: 2.40
     2s    -23.458179    2.416361
     2p    -15.746583    2.308399
 17     Mon Apr 23 14:09:22 CEST 2018   EN: 3.160 GM2: 0.249  GM3: 0.1495  RAES: 2.50
     3s    -29.278781    2.485265
     3p    -12.673758    2.199650
     3d     -0.240338    2.476089

 Solvent             : Water
 Using internal parameter file: .param_gbsa2_Water
 Gsolv ref. state (COSMO-RS): gsolv [1 M gas/solution]
 temperature (mdtemp)       :    298.150000000000     
 dielectric constant        :    80.2000000000000     
 rho                        :    1.00000000000000     
 mass                       :    18.0000000000000     
 surface tension            :    15.5689454083859     
 probe radius               :   0.975313790000000     
 Gshift (Eh)                :   1.857443126794793E-003
 c1                         :    1.55243817000000     
 soset                      :   0.130326360000000     
 HB correction              :  T
           ------------------------------------------------- 
          |        Self-Consistent Charge Iterations        |
           ------------------------------------------------- 

          ...................................................
          :                      SETUP                      :
          :.................................................:
          :  # basis functions                  21          :
          :  # atomic orbitals                  20          :
          :  # shells                           10          :
          :  # electrons                        22          :
          :  max. iterations                   250          :
          :  Hamiltonian                  GFN2-xTB          :
          :  restarted?                      false          :
          :  GBSA solvation                   true          :
          :  PC potential                    false          :
          :  electronic temp.          300.0000000     K    :
          :  accuracy                    1.0000000          :
          :  -> integral cutoff          0.2500000E+02      :
          :  -> integral neglect         0.1000000E-07      :
          :  -> SCF convergence          0.1000000E-05 Eh   :
          :  -> wf. convergence          0.1000000E-03 e    :
          :  Broyden damping             0.4000000          :
          ...................................................

 iter      E             dE          RMSdq      gap      omega  full diag
   1    -13.2742455 -0.132742E+02  0.543E+00   12.00       0.0  T
   2    -13.3393738 -0.651283E-01  0.286E+00   13.18       1.0  T
   3    -13.3403106 -0.936804E-03  0.165E+00   13.06       1.0  T
   4    -13.3405061 -0.195423E-03  0.174E-01   13.06       1.0  T
   5    -13.3405410 -0.349777E-04  0.604E-02   13.07       1.0  T
   6    -13.3405438 -0.271569E-05  0.478E-02   13.08       1.0  T
   7    -13.3405480 -0.422727E-05  0.123E-02   13.09       3.3  T
   8    -13.3405479  0.443050E-07  0.475E-03   13.10       8.6  T
   9    -13.3405480 -0.778111E-07  0.483E-04   13.09      84.6  T
  10    -13.3405480 -0.273275E-10  0.878E-05   13.09     465.2  T

   *** convergence criteria satisfied after 10 iterations ***

         #    Occupation            Energy/Eh            Energy/eV
      -------------------------------------------------------------
         1        2.0000           -0.9863651             -26.8404
       ...           ...                  ...                  ...
         5        2.0000           -0.5613239             -15.2744
         6        2.0000           -0.5497674             -14.9599
         7        2.0000           -0.4537289             -12.3466
         8        2.0000           -0.4536793             -12.3452
         9        2.0000           -0.3896794             -10.6037
        10        2.0000           -0.3891785             -10.5901
        11        2.0000           -0.3891783             -10.5901 (HOMO)
        12                          0.0920108               2.5037 (LUMO)
        13                          0.1398989               3.8068
        14                          0.1402349               3.8160
        15                          0.1423656               3.8740
        16                          0.1426099               3.8806
       ...                                ...                  ...
        20                          0.3145310               8.5588
      -------------------------------------------------------------
                  HL-Gap            0.4811891 Eh           13.0938 eV
             Fermi-level           -0.1485838 Eh           -4.0432 eV

 SCC (total)                   0 d,  0 h,  0 min,  0.006 sec
 SCC setup                      ...        0 min,  0.000 sec (  5.053%)
 Dispersion                     ...        0 min,  0.000 sec (  0.491%)
 integral evaluation            ...        0 min,  0.001 sec ( 18.379%)
 zeroth order Hamiltonian       ...        0 min,  0.000 sec (  0.471%)
 iterations                     ...        0 min,  0.003 sec ( 54.686%)
 molecular gradient             ...        0 min,  0.001 sec ( 18.266%)
 printout                       ...        0 min,  0.000 sec (  1.893%)

         :::::::::::::::::::::::::::::::::::::::::::::::::::::
         ::                     SUMMARY                     ::
         :::::::::::::::::::::::::::::::::::::::::::::::::::::
         :: total energy             -13.278398805286 Eh    ::
         :: total w/o Gsasa/hb       -13.278767790236 Eh    ::
         :: gradient norm              0.169674846428 Eh/a0 ::
         :: HOMO-LUMO gap             13.093821969129 eV    ::
         ::.................................................::
         :: SCC energy               -13.338543829856 Eh    ::
         :: -> isotropic ES            0.164128746497 Eh    ::
         :: -> anisotropic ES          0.000123618643 Eh    ::
         :: -> anisotropic XC         -0.005137532279 Eh    ::
         :: -> dispersion             -0.001660116246 Eh    ::
         :: -> Gsolv                  -0.103424920859 Eh    ::
         ::    -> Gborn               -0.103793905809 Eh    ::
         ::    -> Gsasa                0.000146747440 Eh    ::
         ::    -> Ghb                 -0.001635205617 Eh    ::
         ::    -> Gshift               0.001857443127 Eh    ::
         :: repulsion energy           0.060145253792 Eh    ::
         :: add. restraining           0.000000000000 Eh    ::
         :::::::::::::::::::::::::::::::::::::::::::::::::::::

           -------------------------------------------------
          |                Property Printout                |
           -------------------------------------------------

    * Orbital Energies and Occupations

         #    Occupation            Energy/Eh            Energy/eV
      -------------------------------------------------------------
         1        2.0000           -0.9863651             -26.8404
         2        2.0000           -0.8479324             -23.0734
         3        2.0000           -0.6230729             -16.9547
         4        2.0000           -0.5613451             -15.2750
         5        2.0000           -0.5613239             -15.2744
         6        2.0000           -0.5497674             -14.9599
         7        2.0000           -0.4537289             -12.3466
         8        2.0000           -0.4536793             -12.3452
         9        2.0000           -0.3896794             -10.6037
        10        2.0000           -0.3891785             -10.5901
        11        2.0000           -0.3891783             -10.5901 (HOMO)
        12                          0.0920108               2.5037 (LUMO)
        13                          0.1398989               3.8068
        14                          0.1402349               3.8160
        15                          0.1423656               3.8740
        16                          0.1426099               3.8806
        17                          0.1426108               3.8806
        18                          0.1432325               3.8976
        19                          0.1433579               3.9010
        20                          0.3145310               8.5588
      -------------------------------------------------------------
                  HL-Gap            0.4811891 Eh           13.0938 eV
             Fermi-level           -0.1485838 Eh           -4.0432 eV

     #   Z        covCN         q      C6AA      Î±(0)
     1   9 F      0.785    -0.210    11.338     3.977
     2  17 Cl     0.000    -1.000   127.005    17.151
     3   6 C      3.536     0.104    19.926     6.549
     4   1 H      0.917     0.035     2.512     2.479
     5   1 H      0.917     0.035     2.514     2.480
     6   1 H      0.917     0.035     2.515     2.480

 Mol. C6AA /auÂ·bohrâ¶  :        564.244337
 Mol. C8AA /auÂ·bohrâ¸  :      16086.078972
 Mol. Î±(0) /au        :         35.117336


Wiberg/Mayer (AO) data.
largest (>0.10) Wiberg bond orders for each atom
          total WBO             WBO to atom ...
     1  F   1.074        C    3 0.988
     2  Cl  0.000
     3  C   3.898        F    1 0.988    H    5 0.970    H    4 0.970    H    6 0.970
     4  H   0.999        C    3 0.970
     5  H   0.999        C    3 0.970
     6  H   0.999        C    3 0.970

molecular dipole:
                 x           y           z       tot (Debye)
 q only:       -4.255      -0.110       0.027
   full:       -4.107      -0.107       0.024      10.443
molecular quadrupole (traceless):
                xx          xy          yy          xz          yz          zz
 q only:      -27.346      -0.988      13.662       0.372       0.009      13.683
  q+dip:      -29.904      -1.062      14.941       0.439       0.011      14.963
   full:      -29.210      -1.043      14.594       0.419       0.010      14.616


           -------------------------------------------------
          | TOTAL ENERGY              -13.278398805286 Eh   |
          | GRADIENT NORM               0.169674846428 Eh/Î± |
          | HOMO-LUMO GAP              13.093821969129 eV   |
           -------------------------------------------------

------------------------------------------------------------------------
 * finished run on 2020/08/20 at 17:46:31.678     
------------------------------------------------------------------------
 total:
 * wall-time:     0 d,  0 h,  0 min,  0.057 sec
 *  cpu-time:     0 d,  0 h,  0 min,  0.017 sec
 * ratio c/w:     0.300 speedup
 SCF:
 * wall-time:     0 d,  0 h,  0 min,  0.006 sec
 *  cpu-time:     0 d,  0 h,  0 min,  0.006 sec
 * ratio c/w:     0.997 speedup

