      -----------------------------------------------------------      
     |                   =====================                   |     
     |                           x T B                           |     
     |                   =====================                   |     
     |                         S. Grimme                         |     
     |          Mulliken Center for Theoretical Chemistry        |     
     |                    University of Bonn                     |     
      -----------------------------------------------------------      

   * xtb version 6.2.3 (830e466) compiled by 'ehlert@majestix' on 2020-03-16

   xtb is free software: you can redistribute it and/or modify it under
   the terms of the GNU Lesser General Public License as published by
   the Free Software Foundation, either version 3 of the License, or
   (at your option) any later version.
   
   xtb is distributed in the hope that it will be useful,
   but WITHOUT ANY WARRANTY; without even the implied warranty of
   MERCHANTABILITY or FITNESS FOR A PARTICULAR PURPOSE.  See the
   GNU Lesser General Public License for more details.
   
   Cite this work as:
   * S. Grimme, C. Bannwarth, P. Shushkov, J. Chem. Theory Comput., 2017,
     13, 1989-2009. DOI: 10.1021/acs.jctc.7b00118
   * C. Bannwarth, S. Ehlert and S. Grimme., J. Chem. Theory Comput., 2019,
     15, 1652-1671. DOI: 10.1021/acs.jctc.8b01176
   * P. Pracht, E. Caldeweyher, S. Ehlert, S. Grimme, ChemRxiv, 2019, preprint.
     DOI: 10.26434/chemrxiv.8326202.v1
   
   for DFT-D4:
   * E. Caldeweyher, C. Bannwarth and S. Grimme, J. Chem. Phys., 2017,
     147, 034112. DOI: 10.1063/1.4993215
   * E. Caldeweyher, S. Ehlert, A. Hansen, H. Neugebauer, S. Spicher,
     C. Bannwarth and S. Grimme, J. Chem. Phys., 2019, 150, 154122.
     DOI: 10.1063/1.5090222
   
   for sTDA-xTB:
   * S. Grimme and C. Bannwarth, J. Chem. Phys., 2016, 145, 054103.
     DOI: 10.1063/1.4959605
   
   in the mass-spec context:
   * V. Asgeirsson, C. Bauer and S. Grimme, Chem. Sci., 2017, 8, 4879.
     DOI: 10.1039/c7sc00601b
   
   for metadynamics refer to:
   * S. Grimme, J. Chem. Theory Comput., 2019, 155, 2847-2862
     DOI: 10.1021/acs.jctc.9b00143
   
   with help from (in alphabetical order)
   C. Bannwarth, F. Bohle, G. Brandenburg, E. Caldeweyher, M. Checinski,
   S. Dohm, S. Ehlert, S. Ehrlich, F. MÃ¤rz, H. Neugebauer, J. Pisarek,
   P. Pracht, P. Shushkov, and S. Spicher.
   
 * started run on 2020/08/20 at 17:46:29.660     

           -------------------------------------------------
          |                Calculation Setup                |
           -------------------------------------------------

          program call               : /u/fd/ball4935/opt/bin/xtb 10_1_xtb.xyz --chrg -1 --grad --gbsa Water
          hostname                   : comp0810
          coordinate file            : 10_1_xtb.xyz
          omp threads                :                     1
          number of atoms            :                     6
          number of electrons        :                    22
          charge                     :                    -1
          spin                       :                   0.0
          first test random number   :      0.35643249158597


molecular fragmentation (1/2 indicates fragments):
121111
# atoms in fragment 1/2:     5     1
 fragment masses (1/2) :       34.03       35.45
CMA distance (Bohr)    :   8.315
constraining FC (au)   :  0.0500
########################################################################
[WARNING] Please study the warnings concerning your input carefully
-2- prog_main: XTBPATH is not set, using XTBHOME instead
-1- prog_main: XTBHOME is not set, using HOME instead
########################################################################
           ------------------------------------------------- 
          |                 G F N 2 - x T B                 |
          | Geometry, Frequencies, Noncovalent interactions |
          |            JCTC 2019 parametrisation            |
           ------------------------------------------------- 
             k(s)              :                1.8500
             k(p)              :                2.2300
             k(d)              :                2.2300
             k(f)              :                2.0000
             kEN (H0ij)        :               -2.0000
             D4 a1             :                0.5200
             D4 a2             :                5.0000
             D4 s6             :                1.0000
             D4 s8             :                2.7000
             D4 s9             :                5.0000
             alphaj            :                2.0000

  Z AO/shell   Hii/eV     exponent
  1     Wed Apr 25 08:07:45 CEST 2018   EN: 2.200 GM2: 0.406  GM3: 0.0800  RAES: 1.40
     1s    -10.707211    1.230000
  6     Wed Apr 25 08:07:45 CEST 2018   EN: 2.550 GM2: 0.538  GM3: 0.1500  RAES: 3.00
     2s    -13.970922    2.096432
     2p    -10.063292    1.800000
  9     Mon Apr 23 13:58:50 CEST 2018   EN: 3.980 GM2: 0.532  GM3: 0.1426  RAES: 2.40
     2s    -23.458179    2.416361
     2p    -15.746583    2.308399
 17     Mon Apr 23 14:09:22 CEST 2018   EN: 3.160 GM2: 0.249  GM3: 0.1495  RAES: 2.50
     3s    -29.278781    2.485265
     3p    -12.673758    2.199650
     3d     -0.240338    2.476089

 Solvent             : Water
 Using internal parameter file: .param_gbsa2_Water
 Gsolv ref. state (COSMO-RS): gsolv [1 M gas/solution]
 temperature (mdtemp)       :    298.150000000000     
 dielectric constant        :    80.2000000000000     
 rho                        :    1.00000000000000     
 mass                       :    18.0000000000000     
 surface tension            :    15.5689454083859     
 probe radius               :   0.975313790000000     
 Gshift (Eh)                :   1.857443126794793E-003
 c1                         :    1.55243817000000     
 soset                      :   0.130326360000000     
 HB correction              :  T
           ------------------------------------------------- 
          |        Self-Consistent Charge Iterations        |
           ------------------------------------------------- 

          ...................................................
          :                      SETUP                      :
          :.................................................:
          :  # basis functions                  21          :
          :  # atomic orbitals                  20          :
          :  # shells                           10          :
          :  # electrons                        22          :
          :  max. iterations                   250          :
          :  Hamiltonian                  GFN2-xTB          :
          :  restarted?                      false          :
          :  GBSA solvation                   true          :
          :  PC potential                    false          :
          :  electronic temp.          300.0000000     K    :
          :  accuracy                    1.0000000          :
          :  -> integral cutoff          0.2500000E+02      :
          :  -> integral neglect         0.1000000E-07      :
          :  -> SCF convergence          0.1000000E-05 Eh   :
          :  -> wf. convergence          0.1000000E-03 e    :
          :  Broyden damping             0.4000000          :
          ...................................................

 iter      E             dE          RMSdq      gap      omega  full diag
   1    -13.2461112 -0.132461E+02  0.539E+00   12.54       0.0  T
   2    -13.3164211 -0.703099E-01  0.270E+00   10.48       1.0  T
   3    -13.3175996 -0.117855E-02  0.159E+00   10.34       1.0  T
   4    -13.3178175 -0.217869E-03  0.187E-01   10.12       1.0  T
   5    -13.3178547 -0.371770E-04  0.841E-02   10.21       1.0  T
   6    -13.3178623 -0.766391E-05  0.566E-02   10.21       1.0  T
   7    -13.3178688 -0.648226E-05  0.167E-02   10.22       2.4  T
   8    -13.3178686  0.172559E-06  0.908E-03   10.22       4.5  T
   9    -13.3178689 -0.314512E-06  0.796E-04   10.22      51.3  T
  10    -13.3178689 -0.111346E-08  0.107E-04   10.22     382.1  T

   *** convergence criteria satisfied after 10 iterations ***

         #    Occupation            Energy/Eh            Energy/eV
      -------------------------------------------------------------
         1        2.0000           -0.9867197             -26.8500
       ...           ...                  ...                  ...
         5        2.0000           -0.5297326             -14.4148
         6        2.0000           -0.5297275             -14.4146
         7        2.0000           -0.4576609             -12.4536
         8        2.0000           -0.4576413             -12.4531
         9        2.0000           -0.3904424             -10.6245
        10        2.0000           -0.3896508             -10.6029
        11        2.0000           -0.3896503             -10.6029 (HOMO)
        12                         -0.0141220              -0.3843 (LUMO)
        13                          0.0741842               2.0187
        14                          0.0886888               2.4133
        15                          0.0894563               2.4342
        16                          0.1416194               3.8537
       ...                                ...                  ...
        20                          0.1420905               3.8665
      -------------------------------------------------------------
                  HL-Gap            0.3755283 Eh           10.2186 eV
             Fermi-level           -0.2018862 Eh           -5.4936 eV

 SCC (total)                   0 d,  0 h,  0 min,  0.006 sec
 SCC setup                      ...        0 min,  0.000 sec (  5.474%)
 Dispersion                     ...        0 min,  0.000 sec (  0.565%)
 integral evaluation            ...        0 min,  0.001 sec ( 17.286%)
 zeroth order Hamiltonian       ...        0 min,  0.000 sec (  0.637%)
 iterations                     ...        0 min,  0.003 sec ( 55.999%)
 molecular gradient             ...        0 min,  0.001 sec ( 17.425%)
 printout                       ...        0 min,  0.000 sec (  1.818%)

         :::::::::::::::::::::::::::::::::::::::::::::::::::::
         ::                     SUMMARY                     ::
         :::::::::::::::::::::::::::::::::::::::::::::::::::::
         :: total energy             -13.280537945064 Eh    ::
         :: total w/o Gsasa/hb       -13.280726944546 Eh    ::
         :: gradient norm              0.082020165953 Eh/a0 ::
         :: HOMO-LUMO gap             10.218645376257 eV    ::
         ::.................................................::
         :: SCC energy               -13.315763612525 Eh    ::
         :: -> isotropic ES            0.166775847568 Eh    ::
         :: -> anisotropic ES          0.000218892549 Eh    ::
         :: -> anisotropic XC          0.000277435362 Eh    ::
         :: -> dispersion             -0.001652447710 Eh    ::
         :: -> Gsolv                  -0.101912424510 Eh    ::
         ::    -> Gborn               -0.102101423992 Eh    ::
         ::    -> Gsasa                0.000247891232 Eh    ::
         ::    -> Ghb                 -0.001916334876 Eh    ::
         ::    -> Gshift               0.001857443127 Eh    ::
         :: repulsion energy           0.035226059930 Eh    ::
         :: add. restraining           0.000000000000 Eh    ::
         :::::::::::::::::::::::::::::::::::::::::::::::::::::

           -------------------------------------------------
          |                Property Printout                |
           -------------------------------------------------

    * Orbital Energies and Occupations

         #    Occupation            Energy/Eh            Energy/eV
      -------------------------------------------------------------
         1        2.0000           -0.9867197             -26.8500
         2        2.0000           -0.8103128             -22.0497
         3        2.0000           -0.6045301             -16.4501
         4        2.0000           -0.5376788             -14.6310
         5        2.0000           -0.5297326             -14.4148
         6        2.0000           -0.5297275             -14.4146
         7        2.0000           -0.4576609             -12.4536
         8        2.0000           -0.4576413             -12.4531
         9        2.0000           -0.3904424             -10.6245
        10        2.0000           -0.3896508             -10.6029
        11        2.0000           -0.3896503             -10.6029 (HOMO)
        12                         -0.0141220              -0.3843 (LUMO)
        13                          0.0741842               2.0187
        14                          0.0886888               2.4133
        15                          0.0894563               2.4342
        16                          0.1416194               3.8537
        17                          0.1417056               3.8560
        18                          0.1417114               3.8562
        19                          0.1420902               3.8665
        20                          0.1420905               3.8665
      -------------------------------------------------------------
                  HL-Gap            0.3755283 Eh           10.2186 eV
             Fermi-level           -0.2018862 Eh           -5.4936 eV

     #   Z        covCN         q      C6AA      Î±(0)
     1   9 F      0.781    -0.266    11.940     4.082
     2  17 Cl     0.000    -1.000   126.992    17.150
     3   6 C      3.505     0.075    20.795     6.756
     4   1 H      0.908     0.064     2.160     2.299
     5   1 H      0.908     0.064     2.160     2.299
     6   1 H      0.908     0.064     2.160     2.299

 Mol. C6AA /auÂ·bohrâ¶  :        556.479586
 Mol. C8AA /auÂ·bohrâ¸  :      16002.047809
 Mol. Î±(0) /au        :         34.885621


Wiberg/Mayer (AO) data.
largest (>0.10) Wiberg bond orders for each atom
          total WBO             WBO to atom ...
     1  F   0.991        C    3 0.937
     2  Cl  0.001
     3  C   3.870        H    5 0.978    H    6 0.978    H    4 0.977    F    1 0.937
     4  H   0.996        C    3 0.977
     5  H   0.996        C    3 0.978
     6  H   0.996        C    3 0.978

molecular dipole:
                 x           y           z       tot (Debye)
 q only:       -3.783      -0.096       0.024
   full:       -3.578      -0.092       0.021       9.097
molecular quadrupole (traceless):
                xx          xy          yy          xz          yz          zz
 q only:      -27.692      -0.975      13.837       0.413       0.010      13.855
  q+dip:      -29.843      -1.039      14.912       0.466       0.013      14.931
   full:      -29.299      -1.022      14.640       0.452       0.012      14.659


           -------------------------------------------------
          | TOTAL ENERGY              -13.280537945064 Eh   |
          | GRADIENT NORM               0.082020165953 Eh/Î± |
          | HOMO-LUMO GAP              10.218645376257 eV   |
           -------------------------------------------------

------------------------------------------------------------------------
 * finished run on 2020/08/20 at 17:46:29.726     
------------------------------------------------------------------------
 total:
 * wall-time:     0 d,  0 h,  0 min,  0.065 sec
 *  cpu-time:     0 d,  0 h,  0 min,  0.018 sec
 * ratio c/w:     0.277 speedup
 SCF:
 * wall-time:     0 d,  0 h,  0 min,  0.006 sec
 *  cpu-time:     0 d,  0 h,  0 min,  0.006 sec
 * ratio c/w:     0.997 speedup

