      -----------------------------------------------------------      
     |                   =====================                   |     
     |                           x T B                           |     
     |                   =====================                   |     
     |                         S. Grimme                         |     
     |          Mulliken Center for Theoretical Chemistry        |     
     |                    University of Bonn                     |     
      -----------------------------------------------------------      

   * xtb version 6.2.3 (830e466) compiled by 'ehlert@majestix' on 2020-03-16

   xtb is free software: you can redistribute it and/or modify it under
   the terms of the GNU Lesser General Public License as published by
   the Free Software Foundation, either version 3 of the License, or
   (at your option) any later version.
   
   xtb is distributed in the hope that it will be useful,
   but WITHOUT ANY WARRANTY; without even the implied warranty of
   MERCHANTABILITY or FITNESS FOR A PARTICULAR PURPOSE.  See the
   GNU Lesser General Public License for more details.
   
   Cite this work as:
   * S. Grimme, C. Bannwarth, P. Shushkov, J. Chem. Theory Comput., 2017,
     13, 1989-2009. DOI: 10.1021/acs.jctc.7b00118
   * C. Bannwarth, S. Ehlert and S. Grimme., J. Chem. Theory Comput., 2019,
     15, 1652-1671. DOI: 10.1021/acs.jctc.8b01176
   * P. Pracht, E. Caldeweyher, S. Ehlert, S. Grimme, ChemRxiv, 2019, preprint.
     DOI: 10.26434/chemrxiv.8326202.v1
   
   for DFT-D4:
   * E. Caldeweyher, C. Bannwarth and S. Grimme, J. Chem. Phys., 2017,
     147, 034112. DOI: 10.1063/1.4993215
   * E. Caldeweyher, S. Ehlert, A. Hansen, H. Neugebauer, S. Spicher,
     C. Bannwarth and S. Grimme, J. Chem. Phys., 2019, 150, 154122.
     DOI: 10.1063/1.5090222
   
   for sTDA-xTB:
   * S. Grimme and C. Bannwarth, J. Chem. Phys., 2016, 145, 054103.
     DOI: 10.1063/1.4959605
   
   in the mass-spec context:
   * V. Asgeirsson, C. Bauer and S. Grimme, Chem. Sci., 2017, 8, 4879.
     DOI: 10.1039/c7sc00601b
   
   for metadynamics refer to:
   * S. Grimme, J. Chem. Theory Comput., 2019, 155, 2847-2862
     DOI: 10.1021/acs.jctc.9b00143
   
   with help from (in alphabetical order)
   C. Bannwarth, F. Bohle, G. Brandenburg, E. Caldeweyher, M. Checinski,
   S. Dohm, S. Ehlert, S. Ehrlich, F. MÃ¤rz, H. Neugebauer, J. Pisarek,
   P. Pracht, P. Shushkov, and S. Spicher.
   
 * started run on 2020/08/20 at 17:46:31.290     

           -------------------------------------------------
          |                Calculation Setup                |
           -------------------------------------------------

          program call               : /u/fd/ball4935/opt/bin/xtb 10_5_xtb.xyz --chrg -1 --grad --gbsa Water
          hostname                   : comp0810
          coordinate file            : 10_5_xtb.xyz
          omp threads                :                     1
          number of atoms            :                     6
          number of electrons        :                    22
          charge                     :                    -1
          spin                       :                   0.0
          first test random number   :      0.93360093066286


molecular fragmentation (1/2 indicates fragments):
121111
# atoms in fragment 1/2:     5     1
 fragment masses (1/2) :       34.03       35.45
CMA distance (Bohr)    :   7.602
constraining FC (au)   :  0.0500
########################################################################
[WARNING] Please study the warnings concerning your input carefully
-2- prog_main: XTBPATH is not set, using XTBHOME instead
-1- prog_main: XTBHOME is not set, using HOME instead
########################################################################
           ------------------------------------------------- 
          |                 G F N 2 - x T B                 |
          | Geometry, Frequencies, Noncovalent interactions |
          |            JCTC 2019 parametrisation            |
           ------------------------------------------------- 
             k(s)              :                1.8500
             k(p)              :                2.2300
             k(d)              :                2.2300
             k(f)              :                2.0000
             kEN (H0ij)        :               -2.0000
             D4 a1             :                0.5200
             D4 a2             :                5.0000
             D4 s6             :                1.0000
             D4 s8             :                2.7000
             D4 s9             :                5.0000
             alphaj            :                2.0000

  Z AO/shell   Hii/eV     exponent
  1     Wed Apr 25 08:07:45 CEST 2018   EN: 2.200 GM2: 0.406  GM3: 0.0800  RAES: 1.40
     1s    -10.707211    1.230000
  6     Wed Apr 25 08:07:45 CEST 2018   EN: 2.550 GM2: 0.538  GM3: 0.1500  RAES: 3.00
     2s    -13.970922    2.096432
     2p    -10.063292    1.800000
  9     Mon Apr 23 13:58:50 CEST 2018   EN: 3.980 GM2: 0.532  GM3: 0.1426  RAES: 2.40
     2s    -23.458179    2.416361
     2p    -15.746583    2.308399
 17     Mon Apr 23 14:09:22 CEST 2018   EN: 3.160 GM2: 0.249  GM3: 0.1495  RAES: 2.50
     3s    -29.278781    2.485265
     3p    -12.673758    2.199650
     3d     -0.240338    2.476089

 Solvent             : Water
 Using internal parameter file: .param_gbsa2_Water
 Gsolv ref. state (COSMO-RS): gsolv [1 M gas/solution]
 temperature (mdtemp)       :    298.150000000000     
 dielectric constant        :    80.2000000000000     
 rho                        :    1.00000000000000     
 mass                       :    18.0000000000000     
 surface tension            :    15.5689454083859     
 probe radius               :   0.975313790000000     
 Gshift (Eh)                :   1.857443126794793E-003
 c1                         :    1.55243817000000     
 soset                      :   0.130326360000000     
 HB correction              :  T
           ------------------------------------------------- 
          |        Self-Consistent Charge Iterations        |
           ------------------------------------------------- 

          ...................................................
          :                      SETUP                      :
          :.................................................:
          :  # basis functions                  21          :
          :  # atomic orbitals                  20          :
          :  # shells                           10          :
          :  # electrons                        22          :
          :  max. iterations                   250          :
          :  Hamiltonian                  GFN2-xTB          :
          :  restarted?                      false          :
          :  GBSA solvation                   true          :
          :  PC potential                    false          :
          :  electronic temp.          300.0000000     K    :
          :  accuracy                    1.0000000          :
          :  -> integral cutoff          0.2500000E+02      :
          :  -> integral neglect         0.1000000E-07      :
          :  -> SCF convergence          0.1000000E-05 Eh   :
          :  -> wf. convergence          0.1000000E-03 e    :
          :  Broyden damping             0.4000000          :
          ...................................................

 iter      E             dE          RMSdq      gap      omega  full diag
   1    -13.3023714 -0.133024E+02  0.599E+00   10.07       0.0  T
   2    -13.3598013 -0.574299E-01  0.278E+00    7.73       1.0  T
   3    -13.3607201 -0.918801E-03  0.148E+00    7.35       1.0  T
   4    -13.3609200 -0.199851E-03  0.203E-01    7.10       1.0  T
   5    -13.3609574 -0.374383E-04  0.907E-02    7.21       1.0  T
   6    -13.3609672 -0.983350E-05  0.551E-02    7.22       1.0  T
   7    -13.3609736 -0.640016E-05  0.161E-02    7.23       2.5  T
   8    -13.3609734  0.192591E-06  0.828E-03    7.23       4.9  T
   9    -13.3609737 -0.263794E-06  0.461E-04    7.23      88.6  T
  10    -13.3609737 -0.869953E-10  0.131E-04    7.23     310.6  T

   *** convergence criteria satisfied after 10 iterations ***

         #    Occupation            Energy/Eh            Energy/eV
      -------------------------------------------------------------
         1        2.0000           -0.9853392             -26.8124
       ...           ...                  ...                  ...
         5        2.0000           -0.5264538             -14.3255
         6        2.0000           -0.5208653             -14.1735
         7        2.0000           -0.4610142             -12.5448
         8        2.0000           -0.4609924             -12.5442
         9        2.0000           -0.3893964             -10.5960
        10        2.0000           -0.3882503             -10.5648
        11        2.0000           -0.3882498             -10.5648 (HOMO)
        12                         -0.1224347              -3.3316 (LUMO)
        13                          0.1418574               3.8601
        14                          0.1420827               3.8663
        15                          0.1420855               3.8663
        16                          0.1428798               3.8880
       ...                                ...                  ...
        20                          0.3314838               9.0201
      -------------------------------------------------------------
                  HL-Gap            0.2658151 Eh            7.2332 eV
             Fermi-level           -0.2553422 Eh           -6.9482 eV

 SCC (total)                   0 d,  0 h,  0 min,  0.006 sec
 SCC setup                      ...        0 min,  0.000 sec (  5.021%)
 Dispersion                     ...        0 min,  0.000 sec (  0.503%)
 integral evaluation            ...        0 min,  0.001 sec ( 17.923%)
 zeroth order Hamiltonian       ...        0 min,  0.000 sec (  0.794%)
 iterations                     ...        0 min,  0.003 sec ( 54.438%)
 molecular gradient             ...        0 min,  0.001 sec ( 18.592%)
 printout                       ...        0 min,  0.000 sec (  1.901%)

         :::::::::::::::::::::::::::::::::::::::::::::::::::::
         ::                     SUMMARY                     ::
         :::::::::::::::::::::::::::::::::::::::::::::::::::::
         :: total energy             -13.276456783395 Eh    ::
         :: total w/o Gsasa/hb       -13.276256270459 Eh    ::
         :: gradient norm              0.116061764741 Eh/a0 ::
         :: HOMO-LUMO gap              7.233197666986 eV    ::
         ::.................................................::
         :: SCC energy               -13.358769526333 Eh    ::
         :: -> isotropic ES            0.171438331085 Eh    ::
         :: -> anisotropic ES         -0.001881613803 Eh    ::
         :: -> anisotropic XC          0.000575923537 Eh    ::
         :: -> dispersion             -0.001710352015 Eh    ::
         :: -> Gsolv                  -0.100237557059 Eh    ::
         ::    -> Gborn               -0.100037044124 Eh    ::
         ::    -> Gsasa                0.000346740291 Eh    ::
         ::    -> Ghb                 -0.002404696353 Eh    ::
         ::    -> Gshift               0.001857443127 Eh    ::
         :: repulsion energy           0.082313004311 Eh    ::
         :: add. restraining           0.000000000000 Eh    ::
         :::::::::::::::::::::::::::::::::::::::::::::::::::::

           -------------------------------------------------
          |                Property Printout                |
           -------------------------------------------------

    * Orbital Energies and Occupations

         #    Occupation            Energy/Eh            Energy/eV
      -------------------------------------------------------------
         1        2.0000           -0.9853392             -26.8124
         2        2.0000           -0.7886236             -21.4595
         3        2.0000           -0.6124078             -16.6645
         4        2.0000           -0.5264958             -14.3267
         5        2.0000           -0.5264538             -14.3255
         6        2.0000           -0.5208653             -14.1735
         7        2.0000           -0.4610142             -12.5448
         8        2.0000           -0.4609924             -12.5442
         9        2.0000           -0.3893964             -10.5960
        10        2.0000           -0.3882503             -10.5648
        11        2.0000           -0.3882498             -10.5648 (HOMO)
        12                         -0.1224347              -3.3316 (LUMO)
        13                          0.1418574               3.8601
        14                          0.1420827               3.8663
        15                          0.1420855               3.8663
        16                          0.1428798               3.8880
        17                          0.1428799               3.8880
        18                          0.2073755               5.6430
        19                          0.3309565               9.0058
        20                          0.3314838               9.0201
      -------------------------------------------------------------
                  HL-Gap            0.2658151 Eh            7.2332 eV
             Fermi-level           -0.2553422 Eh           -6.9482 eV

     #   Z        covCN         q      C6AA      Î±(0)
     1   9 F      0.762    -0.341    12.799     4.226
     2  17 Cl     0.000    -0.998   126.910    17.145
     3   6 C      3.549     0.043    20.821     6.673
     4   1 H      0.929     0.098     1.799     2.098
     5   1 H      0.929     0.098     1.801     2.098
     6   1 H      0.929     0.098     1.800     2.098

 Mol. C6AA /auÂ·bohrâ¶  :        544.046068
 Mol. C8AA /auÂ·bohrâ¸  :      15787.378886
 Mol. Î±(0) /au        :         34.336606


Wiberg/Mayer (AO) data.
largest (>0.10) Wiberg bond orders for each atom
          total WBO             WBO to atom ...
     1  F   0.897        C    3 0.883
     2  Cl  0.005
     3  C   3.845        H    5 0.986    H    6 0.986    H    4 0.986    F    1 0.883
     4  H   0.990        C    3 0.986
     5  H   0.990        C    3 0.986
     6  H   0.990        C    3 0.986

molecular dipole:
                 x           y           z       tot (Debye)
 q only:       -3.090      -0.078       0.019
   full:       -2.919      -0.075       0.017       7.422
molecular quadrupole (traceless):
                xx          xy          yy          xz          yz          zz
 q only:      -24.865      -0.863      12.425       0.392       0.010      12.440
  q+dip:      -26.908      -0.926      13.447       0.442       0.013      13.461
   full:      -26.095      -0.900      13.040       0.422       0.011      13.055


           -------------------------------------------------
          | TOTAL ENERGY              -13.276456783395 Eh   |
          | GRADIENT NORM               0.116061764741 Eh/Î± |
          | HOMO-LUMO GAP               7.233197666986 eV   |
           -------------------------------------------------

------------------------------------------------------------------------
 * finished run on 2020/08/20 at 17:46:31.345     
------------------------------------------------------------------------
 total:
 * wall-time:     0 d,  0 h,  0 min,  0.054 sec
 *  cpu-time:     0 d,  0 h,  0 min,  0.017 sec
 * ratio c/w:     0.316 speedup
 SCF:
 * wall-time:     0 d,  0 h,  0 min,  0.006 sec
 *  cpu-time:     0 d,  0 h,  0 min,  0.006 sec
 * ratio c/w:     0.998 speedup

