      -----------------------------------------------------------      
     |                   =====================                   |     
     |                           x T B                           |     
     |                   =====================                   |     
     |                         S. Grimme                         |     
     |          Mulliken Center for Theoretical Chemistry        |     
     |                    University of Bonn                     |     
      -----------------------------------------------------------      

   * xtb version 6.2.3 (830e466) compiled by 'ehlert@majestix' on 2020-03-16

   xtb is free software: you can redistribute it and/or modify it under
   the terms of the GNU Lesser General Public License as published by
   the Free Software Foundation, either version 3 of the License, or
   (at your option) any later version.
   
   xtb is distributed in the hope that it will be useful,
   but WITHOUT ANY WARRANTY; without even the implied warranty of
   MERCHANTABILITY or FITNESS FOR A PARTICULAR PURPOSE.  See the
   GNU Lesser General Public License for more details.
   
   Cite this work as:
   * S. Grimme, C. Bannwarth, P. Shushkov, J. Chem. Theory Comput., 2017,
     13, 1989-2009. DOI: 10.1021/acs.jctc.7b00118
   * C. Bannwarth, S. Ehlert and S. Grimme., J. Chem. Theory Comput., 2019,
     15, 1652-1671. DOI: 10.1021/acs.jctc.8b01176
   * P. Pracht, E. Caldeweyher, S. Ehlert, S. Grimme, ChemRxiv, 2019, preprint.
     DOI: 10.26434/chemrxiv.8326202.v1
   
   for DFT-D4:
   * E. Caldeweyher, C. Bannwarth and S. Grimme, J. Chem. Phys., 2017,
     147, 034112. DOI: 10.1063/1.4993215
   * E. Caldeweyher, S. Ehlert, A. Hansen, H. Neugebauer, S. Spicher,
     C. Bannwarth and S. Grimme, J. Chem. Phys., 2019, 150, 154122.
     DOI: 10.1063/1.5090222
   
   for sTDA-xTB:
   * S. Grimme and C. Bannwarth, J. Chem. Phys., 2016, 145, 054103.
     DOI: 10.1063/1.4959605
   
   in the mass-spec context:
   * V. Asgeirsson, C. Bauer and S. Grimme, Chem. Sci., 2017, 8, 4879.
     DOI: 10.1039/c7sc00601b
   
   for metadynamics refer to:
   * S. Grimme, J. Chem. Theory Comput., 2019, 155, 2847-2862
     DOI: 10.1021/acs.jctc.9b00143
   
   with help from (in alphabetical order)
   C. Bannwarth, F. Bohle, G. Brandenburg, E. Caldeweyher, M. Checinski,
   S. Dohm, S. Ehlert, S. Ehrlich, F. MÃ¤rz, H. Neugebauer, J. Pisarek,
   P. Pracht, P. Shushkov, and S. Spicher.
   
 * started run on 2020/08/20 at 17:46:31.914     

           -------------------------------------------------
          |                Calculation Setup                |
           -------------------------------------------------

          program call               : /u/fd/ball4935/opt/bin/xtb 10_7_xtb.xyz --chrg -1 --grad --gbsa Water
          hostname                   : comp0810
          coordinate file            : 10_7_xtb.xyz
          omp threads                :                     1
          number of atoms            :                     6
          number of electrons        :                    22
          charge                     :                    -1
          spin                       :                   0.0
          first test random number   :      0.02219837107084


molecular fragmentation (1/2 indicates fragments):
121111
# atoms in fragment 1/2:     5     1
 fragment masses (1/2) :       34.03       35.45
CMA distance (Bohr)    :   7.735
constraining FC (au)   :  0.0500
########################################################################
[WARNING] Please study the warnings concerning your input carefully
-2- prog_main: XTBPATH is not set, using XTBHOME instead
-1- prog_main: XTBHOME is not set, using HOME instead
########################################################################
           ------------------------------------------------- 
          |                 G F N 2 - x T B                 |
          | Geometry, Frequencies, Noncovalent interactions |
          |            JCTC 2019 parametrisation            |
           ------------------------------------------------- 
             k(s)              :                1.8500
             k(p)              :                2.2300
             k(d)              :                2.2300
             k(f)              :                2.0000
             kEN (H0ij)        :               -2.0000
             D4 a1             :                0.5200
             D4 a2             :                5.0000
             D4 s6             :                1.0000
             D4 s8             :                2.7000
             D4 s9             :                5.0000
             alphaj            :                2.0000

  Z AO/shell   Hii/eV     exponent
  1     Wed Apr 25 08:07:45 CEST 2018   EN: 2.200 GM2: 0.406  GM3: 0.0800  RAES: 1.40
     1s    -10.707211    1.230000
  6     Wed Apr 25 08:07:45 CEST 2018   EN: 2.550 GM2: 0.538  GM3: 0.1500  RAES: 3.00
     2s    -13.970922    2.096432
     2p    -10.063292    1.800000
  9     Mon Apr 23 13:58:50 CEST 2018   EN: 3.980 GM2: 0.532  GM3: 0.1426  RAES: 2.40
     2s    -23.458179    2.416361
     2p    -15.746583    2.308399
 17     Mon Apr 23 14:09:22 CEST 2018   EN: 3.160 GM2: 0.249  GM3: 0.1495  RAES: 2.50
     3s    -29.278781    2.485265
     3p    -12.673758    2.199650
     3d     -0.240338    2.476089

 Solvent             : Water
 Using internal parameter file: .param_gbsa2_Water
 Gsolv ref. state (COSMO-RS): gsolv [1 M gas/solution]
 temperature (mdtemp)       :    298.150000000000     
 dielectric constant        :    80.2000000000000     
 rho                        :    1.00000000000000     
 mass                       :    18.0000000000000     
 surface tension            :    15.5689454083859     
 probe radius               :   0.975313790000000     
 Gshift (Eh)                :   1.857443126794793E-003
 c1                         :    1.55243817000000     
 soset                      :   0.130326360000000     
 HB correction              :  T
           ------------------------------------------------- 
          |        Self-Consistent Charge Iterations        |
           ------------------------------------------------- 

          ...................................................
          :                      SETUP                      :
          :.................................................:
          :  # basis functions                  21          :
          :  # atomic orbitals                  20          :
          :  # shells                           10          :
          :  # electrons                        22          :
          :  max. iterations                   250          :
          :  Hamiltonian                  GFN2-xTB          :
          :  restarted?                      false          :
          :  GBSA solvation                   true          :
          :  PC potential                    false          :
          :  electronic temp.          300.0000000     K    :
          :  accuracy                    1.0000000          :
          :  -> integral cutoff          0.2500000E+02      :
          :  -> integral neglect         0.1000000E-07      :
          :  -> SCF convergence          0.1000000E-05 Eh   :
          :  -> wf. convergence          0.1000000E-03 e    :
          :  Broyden damping             0.4000000          :
          ...................................................

 iter      E             dE          RMSdq      gap      omega  full diag
   1    -13.2728356 -0.132728E+02  0.596E+00   10.67       0.0  T
   2    -13.3384128 -0.655772E-01  0.284E+00    8.23       1.0  T
   3    -13.3395063 -0.109347E-02  0.159E+00    7.99       1.0  T
   4    -13.3397378 -0.231505E-03  0.199E-01    7.74       1.0  T
   5    -13.3397753 -0.374958E-04  0.887E-02    7.86       1.0  T
   6    -13.3397833 -0.801405E-05  0.586E-02    7.85       1.0  T
   7    -13.3397918 -0.855564E-05  0.170E-02    7.87       2.4  T
   8    -13.3397912  0.659765E-06  0.144E-02    7.87       2.8  T
   9    -13.3397920 -0.795457E-06  0.729E-04    7.87      56.0  T
  10    -13.3397920 -0.810735E-09  0.116E-04    7.87     351.1  T

   *** convergence criteria satisfied after 10 iterations ***

         #    Occupation            Energy/Eh            Energy/eV
      -------------------------------------------------------------
         1        2.0000           -0.9852965             -26.8113
       ...           ...                  ...                  ...
         5        2.0000           -0.5239878             -14.2584
         6        2.0000           -0.5224028             -14.2153
         7        2.0000           -0.4598267             -12.5125
         8        2.0000           -0.4597868             -12.5114
         9        2.0000           -0.3893143             -10.5938
        10        2.0000           -0.3882729             -10.5654
        11        2.0000           -0.3882723             -10.5654 (HOMO)
        12                         -0.0990210              -2.6945 (LUMO)
        13                          0.1068765               2.9083
        14                          0.1423151               3.8726
        15                          0.1423232               3.8728
        16                          0.1426585               3.8819
       ...                                ...                  ...
        20                          0.2140226               5.8239
      -------------------------------------------------------------
                  HL-Gap            0.2892513 Eh            7.8709 eV
             Fermi-level           -0.2436467 Eh           -6.6300 eV

 SCC (total)                   0 d,  0 h,  0 min,  0.006 sec
 SCC setup                      ...        0 min,  0.000 sec (  4.870%)
 Dispersion                     ...        0 min,  0.000 sec (  0.485%)
 integral evaluation            ...        0 min,  0.001 sec ( 17.227%)
 zeroth order Hamiltonian       ...        0 min,  0.000 sec (  0.626%)
 iterations                     ...        0 min,  0.003 sec ( 56.261%)
 molecular gradient             ...        0 min,  0.001 sec ( 17.944%)
 printout                       ...        0 min,  0.000 sec (  1.654%)

         :::::::::::::::::::::::::::::::::::::::::::::::::::::
         ::                     SUMMARY                     ::
         :::::::::::::::::::::::::::::::::::::::::::::::::::::
         :: total energy             -13.284819797906 Eh    ::
         :: total w/o Gsasa/hb       -13.284685485773 Eh    ::
         :: gradient norm              0.067682493247 Eh/a0 ::
         :: HOMO-LUMO gap              7.870928376007 eV    ::
         ::.................................................::
         :: SCC energy               -13.337623782777 Eh    ::
         :: -> isotropic ES            0.170593589015 Eh    ::
         :: -> anisotropic ES         -0.001501317494 Eh    ::
         :: -> anisotropic XC          0.001376325759 Eh    ::
         :: -> dispersion             -0.001699859401 Eh    ::
         :: -> Gsolv                  -0.100705871711 Eh    ::
         ::    -> Gborn               -0.100571559579 Eh    ::
         ::    -> Gsasa                0.000310748141 Eh    ::
         ::    -> Ghb                 -0.002302503400 Eh    ::
         ::    -> Gshift               0.001857443127 Eh    ::
         :: repulsion energy           0.052804220806 Eh    ::
         :: add. restraining           0.000000000000 Eh    ::
         :::::::::::::::::::::::::::::::::::::::::::::::::::::

           -------------------------------------------------
          |                Property Printout                |
           -------------------------------------------------

    * Orbital Energies and Occupations

         #    Occupation            Energy/Eh            Energy/eV
      -------------------------------------------------------------
         1        2.0000           -0.9852965             -26.8113
         2        2.0000           -0.7920071             -21.5516
         3        2.0000           -0.6048558             -16.4590
         4        2.0000           -0.5240537             -14.2602
         5        2.0000           -0.5239878             -14.2584
         6        2.0000           -0.5224028             -14.2153
         7        2.0000           -0.4598267             -12.5125
         8        2.0000           -0.4597868             -12.5114
         9        2.0000           -0.3893143             -10.5938
        10        2.0000           -0.3882729             -10.5654
        11        2.0000           -0.3882723             -10.5654 (HOMO)
        12                         -0.0990210              -2.6945 (LUMO)
        13                          0.1068765               2.9083
        14                          0.1423151               3.8726
        15                          0.1423232               3.8728
        16                          0.1426585               3.8819
        17                          0.1431003               3.8940
        18                          0.1431006               3.8940
        19                          0.2134621               5.8086
        20                          0.2140226               5.8239
      -------------------------------------------------------------
                  HL-Gap            0.2892513 Eh            7.8709 eV
             Fermi-level           -0.2436467 Eh           -6.6300 eV

     #   Z        covCN         q      C6AA      Î±(0)
     1   9 F      0.768    -0.326    12.623     4.197
     2  17 Cl     0.000    -0.998   126.949    17.148
     3   6 C      3.542     0.052    20.740     6.672
     4   1 H      0.924     0.091     1.871     2.139
     5   1 H      0.924     0.091     1.873     2.140
     6   1 H      0.924     0.091     1.872     2.140

 Mol. C6AA /auÂ·bohrâ¶  :        546.318612
 Mol. C8AA /auÂ·bohrâ¸  :      15823.116194
 Mol. Î±(0) /au        :         34.435728


Wiberg/Mayer (AO) data.
largest (>0.10) Wiberg bond orders for each atom
          total WBO             WBO to atom ...
     1  F   0.916        C    3 0.894
     2  Cl  0.003
     3  C   3.849        H    5 0.985    H    6 0.985    H    4 0.985    F    1 0.894
     4  H   0.992        C    3 0.985
     5  H   0.992        C    3 0.985
     6  H   0.992        C    3 0.985

molecular dipole:
                 x           y           z       tot (Debye)
 q only:       -3.220      -0.082       0.019
   full:       -3.055      -0.078       0.016       7.768
molecular quadrupole (traceless):
                xx          xy          yy          xz          yz          zz
 q only:      -25.408      -0.884      12.696       0.393       0.010      12.712
  q+dip:      -27.680      -0.955      13.832       0.448       0.013      13.848
   full:      -26.845      -0.928      13.415       0.427       0.012      13.430


           -------------------------------------------------
          | TOTAL ENERGY              -13.284819797906 Eh   |
          | GRADIENT NORM               0.067682493247 Eh/Î± |
          | HOMO-LUMO GAP               7.870928376007 eV   |
           -------------------------------------------------

------------------------------------------------------------------------
 * finished run on 2020/08/20 at 17:46:31.976     
------------------------------------------------------------------------
 total:
 * wall-time:     0 d,  0 h,  0 min,  0.061 sec
 *  cpu-time:     0 d,  0 h,  0 min,  0.017 sec
 * ratio c/w:     0.274 speedup
 SCF:
 * wall-time:     0 d,  0 h,  0 min,  0.006 sec
 *  cpu-time:     0 d,  0 h,  0 min,  0.006 sec
 * ratio c/w:     0.995 speedup

