      -----------------------------------------------------------      
     |                   =====================                   |     
     |                           x T B                           |     
     |                   =====================                   |     
     |                         S. Grimme                         |     
     |          Mulliken Center for Theoretical Chemistry        |     
     |                    University of Bonn                     |     
      -----------------------------------------------------------      

   * xtb version 6.2.3 (830e466) compiled by 'ehlert@majestix' on 2020-03-16

   xtb is free software: you can redistribute it and/or modify it under
   the terms of the GNU Lesser General Public License as published by
   the Free Software Foundation, either version 3 of the License, or
   (at your option) any later version.
   
   xtb is distributed in the hope that it will be useful,
   but WITHOUT ANY WARRANTY; without even the implied warranty of
   MERCHANTABILITY or FITNESS FOR A PARTICULAR PURPOSE.  See the
   GNU Lesser General Public License for more details.
   
   Cite this work as:
   * S. Grimme, C. Bannwarth, P. Shushkov, J. Chem. Theory Comput., 2017,
     13, 1989-2009. DOI: 10.1021/acs.jctc.7b00118
   * C. Bannwarth, S. Ehlert and S. Grimme., J. Chem. Theory Comput., 2019,
     15, 1652-1671. DOI: 10.1021/acs.jctc.8b01176
   * P. Pracht, E. Caldeweyher, S. Ehlert, S. Grimme, ChemRxiv, 2019, preprint.
     DOI: 10.26434/chemrxiv.8326202.v1
   
   for DFT-D4:
   * E. Caldeweyher, C. Bannwarth and S. Grimme, J. Chem. Phys., 2017,
     147, 034112. DOI: 10.1063/1.4993215
   * E. Caldeweyher, S. Ehlert, A. Hansen, H. Neugebauer, S. Spicher,
     C. Bannwarth and S. Grimme, J. Chem. Phys., 2019, 150, 154122.
     DOI: 10.1063/1.5090222
   
   for sTDA-xTB:
   * S. Grimme and C. Bannwarth, J. Chem. Phys., 2016, 145, 054103.
     DOI: 10.1063/1.4959605
   
   in the mass-spec context:
   * V. Asgeirsson, C. Bauer and S. Grimme, Chem. Sci., 2017, 8, 4879.
     DOI: 10.1039/c7sc00601b
   
   for metadynamics refer to:
   * S. Grimme, J. Chem. Theory Comput., 2019, 155, 2847-2862
     DOI: 10.1021/acs.jctc.9b00143
   
   with help from (in alphabetical order)
   C. Bannwarth, F. Bohle, G. Brandenburg, E. Caldeweyher, M. Checinski,
   S. Dohm, S. Ehlert, S. Ehrlich, F. MÃ¤rz, H. Neugebauer, J. Pisarek,
   P. Pracht, P. Shushkov, and S. Spicher.
   
 * started run on 2020/08/20 at 17:46:29.016     

           -------------------------------------------------
          |                Calculation Setup                |
           -------------------------------------------------

          program call               : /u/fd/ball4935/opt/bin/xtb 7_0_xtb.xyz --chrg -1 --grad --gbsa Water
          hostname                   : comp0810
          coordinate file            : 7_0_xtb.xyz
          omp threads                :                     1
          number of atoms            :                     6
          number of electrons        :                    22
          charge                     :                    -1
          spin                       :                   0.0
          first test random number   :      0.79382057137543


molecular fragmentation (1/2 indicates fragments):
122222
# atoms in fragment 1/2:     1     5
 fragment masses (1/2) :       19.00       50.49
CMA distance (Bohr)    :   8.487
constraining FC (au)   :  0.0500
########################################################################
[WARNING] Please study the warnings concerning your input carefully
-2- prog_main: XTBPATH is not set, using XTBHOME instead
-1- prog_main: XTBHOME is not set, using HOME instead
########################################################################
           ------------------------------------------------- 
          |                 G F N 2 - x T B                 |
          | Geometry, Frequencies, Noncovalent interactions |
          |            JCTC 2019 parametrisation            |
           ------------------------------------------------- 
             k(s)              :                1.8500
             k(p)              :                2.2300
             k(d)              :                2.2300
             k(f)              :                2.0000
             kEN (H0ij)        :               -2.0000
             D4 a1             :                0.5200
             D4 a2             :                5.0000
             D4 s6             :                1.0000
             D4 s8             :                2.7000
             D4 s9             :                5.0000
             alphaj            :                2.0000

  Z AO/shell   Hii/eV     exponent
  1     Wed Apr 25 08:07:45 CEST 2018   EN: 2.200 GM2: 0.406  GM3: 0.0800  RAES: 1.40
     1s    -10.707211    1.230000
  6     Wed Apr 25 08:07:45 CEST 2018   EN: 2.550 GM2: 0.538  GM3: 0.1500  RAES: 3.00
     2s    -13.970922    2.096432
     2p    -10.063292    1.800000
  9     Mon Apr 23 13:58:50 CEST 2018   EN: 3.980 GM2: 0.532  GM3: 0.1426  RAES: 2.40
     2s    -23.458179    2.416361
     2p    -15.746583    2.308399
 17     Mon Apr 23 14:09:22 CEST 2018   EN: 3.160 GM2: 0.249  GM3: 0.1495  RAES: 2.50
     3s    -29.278781    2.485265
     3p    -12.673758    2.199650
     3d     -0.240338    2.476089

 Solvent             : Water
 Using internal parameter file: .param_gbsa2_Water
 Gsolv ref. state (COSMO-RS): gsolv [1 M gas/solution]
 temperature (mdtemp)       :    298.150000000000     
 dielectric constant        :    80.2000000000000     
 rho                        :    1.00000000000000     
 mass                       :    18.0000000000000     
 surface tension            :    15.5689454083859     
 probe radius               :   0.975313790000000     
 Gshift (Eh)                :   1.857443126794793E-003
 c1                         :    1.55243817000000     
 soset                      :   0.130326360000000     
 HB correction              :  T
           ------------------------------------------------- 
          |        Self-Consistent Charge Iterations        |
           ------------------------------------------------- 

          ...................................................
          :                      SETUP                      :
          :.................................................:
          :  # basis functions                  21          :
          :  # atomic orbitals                  20          :
          :  # shells                           10          :
          :  # electrons                        22          :
          :  max. iterations                   250          :
          :  Hamiltonian                  GFN2-xTB          :
          :  restarted?                      false          :
          :  GBSA solvation                   true          :
          :  PC potential                    false          :
          :  electronic temp.          300.0000000     K    :
          :  accuracy                    1.0000000          :
          :  -> integral cutoff          0.2500000E+02      :
          :  -> integral neglect         0.1000000E-07      :
          :  -> SCF convergence          0.1000000E-05 Eh   :
          :  -> wf. convergence          0.1000000E-03 e    :
          :  Broyden damping             0.4000000          :
          ...................................................

 iter      E             dE          RMSdq      gap      omega  full diag
   1    -13.1066226 -0.131066E+02  0.893E+00    3.32       0.0  T
   2    -12.8842380  0.222385E+00  0.808E+00    0.47       1.0  T
   3    -13.1826624 -0.298424E+00  0.583E+00    1.72       1.0  T
   4    -13.2470687 -0.644063E-01  0.235E+00    0.70       1.0  T
   5    -13.2421286  0.494007E-02  0.237E+00    1.03       1.0  T
   6    -13.2580081 -0.158794E-01  0.336E-01    0.99       1.0  T
   7    -13.2575569  0.451121E-03  0.464E-01    0.95       1.0  T
   8    -13.2581580 -0.601068E-03  0.103E-01    0.94       1.0  T
   9    -13.2577332  0.424816E-03  0.344E-01    0.94       1.0  T
  10    -13.2581714 -0.438225E-03  0.613E-02    0.93       1.0  T
  11    -13.2581812 -0.975223E-05  0.286E-02    0.94       1.4  T
  12    -13.2581822 -0.103090E-05  0.105E-02    0.94       3.9  T
  13    -13.2581826 -0.437337E-06  0.302E-03    0.94      13.5  T
  14    -13.2581827 -0.252103E-07  0.544E-04    0.94      75.1  T
  15    -13.2581827 -0.350854E-09  0.380E-05    0.94    1075.5  T

   *** convergence criteria satisfied after 15 iterations ***

         #    Occupation            Energy/Eh            Energy/eV
      -------------------------------------------------------------
         1        2.0000           -0.9987483             -27.1773
       ...           ...                  ...                  ...
         5        2.0000           -0.5104612             -13.8904
         6        2.0000           -0.4306226             -11.7178
         7        2.0000           -0.4147003             -11.2846
         8        2.0000           -0.4146997             -11.2846
         9        2.0000           -0.3943122             -10.7298
        10        2.0000           -0.3905326             -10.6269
        11        2.0000           -0.3905317             -10.6269 (HOMO)
        12                         -0.3560058              -9.6874 (LUMO)
        13                          0.0986137               2.6834
        14                          0.1194003               3.2490
        15                          0.1194021               3.2491
        16                          0.1194177               3.2495
       ...                                ...                  ...
        20                          0.2616538               7.1200
      -------------------------------------------------------------
                  HL-Gap            0.0345259 Eh            0.9395 eV
             Fermi-level           -0.3729353 Eh          -10.1481 eV

 SCC (total)                   0 d,  0 h,  0 min,  0.007 sec
 SCC setup                      ...        0 min,  0.000 sec (  4.844%)
 Dispersion                     ...        0 min,  0.000 sec (  0.499%)
 integral evaluation            ...        0 min,  0.001 sec ( 16.330%)
 zeroth order Hamiltonian       ...        0 min,  0.000 sec (  0.513%)
 iterations                     ...        0 min,  0.004 sec ( 59.573%)
 molecular gradient             ...        0 min,  0.001 sec ( 15.828%)
 printout                       ...        0 min,  0.000 sec (  1.726%)

         :::::::::::::::::::::::::::::::::::::::::::::::::::::
         ::                     SUMMARY                     ::
         :::::::::::::::::::::::::::::::::::::::::::::::::::::
         :: total energy             -13.197594151412 Eh    ::
         :: total w/o Gsasa/hb       -13.195957836798 Eh    ::
         :: gradient norm              0.048775031548 Eh/a0 ::
         :: HOMO-LUMO gap              0.939497068385 eV    ::
         ::.................................................::
         :: SCC energy               -13.255703893335 Eh    ::
         :: -> isotropic ES            0.192521140064 Eh    ::
         :: -> anisotropic ES         -0.005535638089 Eh    ::
         :: -> anisotropic XC          0.006545831267 Eh    ::
         :: -> dispersion             -0.001668670100 Eh    ::
         :: -> Gsolv                  -0.099470623258 Eh    ::
         ::    -> Gborn               -0.097834308644 Eh    ::
         ::    -> Gsasa                0.000621321554 Eh    ::
         ::    -> Ghb                 -0.004115079295 Eh    ::
         ::    -> Gshift               0.001857443127 Eh    ::
         :: repulsion energy           0.058111071312 Eh    ::
         :: add. restraining           0.000000000000 Eh    ::
         :::::::::::::::::::::::::::::::::::::::::::::::::::::

           -------------------------------------------------
          |                Property Printout                |
           -------------------------------------------------

    * Orbital Energies and Occupations

         #    Occupation            Energy/Eh            Energy/eV
      -------------------------------------------------------------
         1        2.0000           -0.9987483             -27.1773
         2        2.0000           -0.7004646             -19.0606
         3        2.0000           -0.6086882             -16.5632
         4        2.0000           -0.5104731             -13.8907
         5        2.0000           -0.5104612             -13.8904
         6        2.0000           -0.4306226             -11.7178
         7        2.0000           -0.4147003             -11.2846
         8        2.0000           -0.4146997             -11.2846
         9        2.0000           -0.3943122             -10.7298
        10        2.0000           -0.3905326             -10.6269
        11        2.0000           -0.3905317             -10.6269 (HOMO)
        12                         -0.3560058              -9.6874 (LUMO)
        13                          0.0986137               2.6834
        14                          0.1194003               3.2490
        15                          0.1194021               3.2491
        16                          0.1194177               3.2495
        17                          0.1205782               3.2811
        18                          0.1205783               3.2811
        19                          0.2611219               7.1055
        20                          0.2616538               7.1200
      -------------------------------------------------------------
                  HL-Gap            0.0345259 Eh            0.9395 eV
             Fermi-level           -0.3729353 Eh          -10.1481 eV

     #   Z        covCN         q      C6AA      Î±(0)
     1   9 F      0.004    -0.583    16.555     4.739
     2  17 Cl     0.000    -0.854   121.137    16.750
     3   6 C      2.783    -0.009    28.225     8.702
     4   1 H      0.926     0.149     1.401     1.851
     5   1 H      0.926     0.148     1.402     1.852
     6   1 H      0.926     0.149     1.401     1.851

 Mol. C6AA /auÂ·bohrâ¶  :        566.454924
 Mol. C8AA /auÂ·bohrâ¸  :      16447.956389
 Mol. Î±(0) /au        :         35.745133


Wiberg/Mayer (AO) data.
largest (>0.10) Wiberg bond orders for each atom
          total WBO             WBO to atom ...
     1  F   0.599        C    3 0.599
     2  Cl  0.210        C    3 0.210
     3  C   3.738        H    5 0.976    H    6 0.976    H    4 0.976    F    1 0.599    Cl   2 0.210
     4  H   0.978        C    3 0.976
     5  H   0.978        C    3 0.976
     6  H   0.978        C    3 0.976

molecular dipole:
                 x           y           z       tot (Debye)
 q only:       -1.035      -0.036      -0.011
   full:       -0.863      -0.032      -0.013       2.196
molecular quadrupole (traceless):
                xx          xy          yy          xz          yz          zz
 q only:      -36.525      -1.206      18.254       0.674       0.016      18.271
  q+dip:      -36.558      -1.202      18.271       0.685       0.017      18.287
   full:      -35.588      -1.171      17.786       0.664       0.016      17.802


           -------------------------------------------------
          | TOTAL ENERGY              -13.197594151412 Eh   |
          | GRADIENT NORM               0.048775031548 Eh/Î± |
          | HOMO-LUMO GAP               0.939497068385 eV   |
           -------------------------------------------------

------------------------------------------------------------------------
 * finished run on 2020/08/20 at 17:46:29.107     
------------------------------------------------------------------------
 total:
 * wall-time:     0 d,  0 h,  0 min,  0.091 sec
 *  cpu-time:     0 d,  0 h,  0 min,  0.018 sec
 * ratio c/w:     0.196 speedup
 SCF:
 * wall-time:     0 d,  0 h,  0 min,  0.007 sec
 *  cpu-time:     0 d,  0 h,  0 min,  0.007 sec
 * ratio c/w:     0.997 speedup

