      -----------------------------------------------------------      
     |                   =====================                   |     
     |                           x T B                           |     
     |                   =====================                   |     
     |                         S. Grimme                         |     
     |          Mulliken Center for Theoretical Chemistry        |     
     |                    University of Bonn                     |     
      -----------------------------------------------------------      

   * xtb version 6.2.3 (830e466) compiled by 'ehlert@majestix' on 2020-03-16

   xtb is free software: you can redistribute it and/or modify it under
   the terms of the GNU Lesser General Public License as published by
   the Free Software Foundation, either version 3 of the License, or
   (at your option) any later version.
   
   xtb is distributed in the hope that it will be useful,
   but WITHOUT ANY WARRANTY; without even the implied warranty of
   MERCHANTABILITY or FITNESS FOR A PARTICULAR PURPOSE.  See the
   GNU Lesser General Public License for more details.
   
   Cite this work as:
   * S. Grimme, C. Bannwarth, P. Shushkov, J. Chem. Theory Comput., 2017,
     13, 1989-2009. DOI: 10.1021/acs.jctc.7b00118
   * C. Bannwarth, S. Ehlert and S. Grimme., J. Chem. Theory Comput., 2019,
     15, 1652-1671. DOI: 10.1021/acs.jctc.8b01176
   * P. Pracht, E. Caldeweyher, S. Ehlert, S. Grimme, ChemRxiv, 2019, preprint.
     DOI: 10.26434/chemrxiv.8326202.v1
   
   for DFT-D4:
   * E. Caldeweyher, C. Bannwarth and S. Grimme, J. Chem. Phys., 2017,
     147, 034112. DOI: 10.1063/1.4993215
   * E. Caldeweyher, S. Ehlert, A. Hansen, H. Neugebauer, S. Spicher,
     C. Bannwarth and S. Grimme, J. Chem. Phys., 2019, 150, 154122.
     DOI: 10.1063/1.5090222
   
   for sTDA-xTB:
   * S. Grimme and C. Bannwarth, J. Chem. Phys., 2016, 145, 054103.
     DOI: 10.1063/1.4959605
   
   in the mass-spec context:
   * V. Asgeirsson, C. Bauer and S. Grimme, Chem. Sci., 2017, 8, 4879.
     DOI: 10.1039/c7sc00601b
   
   for metadynamics refer to:
   * S. Grimme, J. Chem. Theory Comput., 2019, 155, 2847-2862
     DOI: 10.1021/acs.jctc.9b00143
   
   with help from (in alphabetical order)
   C. Bannwarth, F. Bohle, G. Brandenburg, E. Caldeweyher, M. Checinski,
   S. Dohm, S. Ehlert, S. Ehrlich, F. MÃ¤rz, H. Neugebauer, J. Pisarek,
   P. Pracht, P. Shushkov, and S. Spicher.
   
 * started run on 2020/08/20 at 17:46:29.948     

           -------------------------------------------------
          |                Calculation Setup                |
           -------------------------------------------------

          program call               : /u/fd/ball4935/opt/bin/xtb 7_2_xtb.xyz --chrg -1 --grad --gbsa Water
          hostname                   : comp0810
          coordinate file            : 7_2_xtb.xyz
          omp threads                :                     1
          number of atoms            :                     6
          number of electrons        :                    22
          charge                     :                    -1
          spin                       :                   0.0
          first test random number   :      0.89924949614154


molecular fragmentation (1/2 indicates fragments):
122222
# atoms in fragment 1/2:     1     5
 fragment masses (1/2) :       19.00       50.49
CMA distance (Bohr)    :   7.768
constraining FC (au)   :  0.0500
########################################################################
[WARNING] Please study the warnings concerning your input carefully
-2- prog_main: XTBPATH is not set, using XTBHOME instead
-1- prog_main: XTBHOME is not set, using HOME instead
########################################################################
           ------------------------------------------------- 
          |                 G F N 2 - x T B                 |
          | Geometry, Frequencies, Noncovalent interactions |
          |            JCTC 2019 parametrisation            |
           ------------------------------------------------- 
             k(s)              :                1.8500
             k(p)              :                2.2300
             k(d)              :                2.2300
             k(f)              :                2.0000
             kEN (H0ij)        :               -2.0000
             D4 a1             :                0.5200
             D4 a2             :                5.0000
             D4 s6             :                1.0000
             D4 s8             :                2.7000
             D4 s9             :                5.0000
             alphaj            :                2.0000

  Z AO/shell   Hii/eV     exponent
  1     Wed Apr 25 08:07:45 CEST 2018   EN: 2.200 GM2: 0.406  GM3: 0.0800  RAES: 1.40
     1s    -10.707211    1.230000
  6     Wed Apr 25 08:07:45 CEST 2018   EN: 2.550 GM2: 0.538  GM3: 0.1500  RAES: 3.00
     2s    -13.970922    2.096432
     2p    -10.063292    1.800000
  9     Mon Apr 23 13:58:50 CEST 2018   EN: 3.980 GM2: 0.532  GM3: 0.1426  RAES: 2.40
     2s    -23.458179    2.416361
     2p    -15.746583    2.308399
 17     Mon Apr 23 14:09:22 CEST 2018   EN: 3.160 GM2: 0.249  GM3: 0.1495  RAES: 2.50
     3s    -29.278781    2.485265
     3p    -12.673758    2.199650
     3d     -0.240338    2.476089

 Solvent             : Water
 Using internal parameter file: .param_gbsa2_Water
 Gsolv ref. state (COSMO-RS): gsolv [1 M gas/solution]
 temperature (mdtemp)       :    298.150000000000     
 dielectric constant        :    80.2000000000000     
 rho                        :    1.00000000000000     
 mass                       :    18.0000000000000     
 surface tension            :    15.5689454083859     
 probe radius               :   0.975313790000000     
 Gshift (Eh)                :   1.857443126794793E-003
 c1                         :    1.55243817000000     
 soset                      :   0.130326360000000     
 HB correction              :  T
           ------------------------------------------------- 
          |        Self-Consistent Charge Iterations        |
           ------------------------------------------------- 

          ...................................................
          :                      SETUP                      :
          :.................................................:
          :  # basis functions                  21          :
          :  # atomic orbitals                  20          :
          :  # shells                           10          :
          :  # electrons                        22          :
          :  max. iterations                   250          :
          :  Hamiltonian                  GFN2-xTB          :
          :  restarted?                      false          :
          :  GBSA solvation                   true          :
          :  PC potential                    false          :
          :  electronic temp.          300.0000000     K    :
          :  accuracy                    1.0000000          :
          :  -> integral cutoff          0.2500000E+02      :
          :  -> integral neglect         0.1000000E-07      :
          :  -> SCF convergence          0.1000000E-05 Eh   :
          :  -> wf. convergence          0.1000000E-03 e    :
          :  Broyden damping             0.4000000          :
          ...................................................

 iter      E             dE          RMSdq      gap      omega  full diag
   1    -13.1724186 -0.131724E+02  0.744E+00    4.46       0.0  T
   2    -13.2333235 -0.609049E-01  0.335E+00    1.79       1.0  T
   3    -13.2711205 -0.377971E-01  0.312E+00    2.31       1.0  T
   4    -13.2847854 -0.136649E-01  0.575E-01    1.66       1.0  T
   5    -13.2841845  0.600887E-03  0.534E-01    1.99       1.0  T
   6    -13.2850339 -0.849413E-03  0.162E-01    1.91       1.0  T
   7    -13.2850492 -0.152972E-04  0.130E-01    1.90       1.0  T
   8    -13.2850804 -0.311534E-04  0.897E-02    1.90       1.0  T
   9    -13.2851040 -0.236691E-04  0.123E-02    1.92       3.3  T
  10    -13.2851047 -0.611196E-06  0.948E-04    1.92      43.1  T
  11    -13.2851047 -0.351344E-09  0.339E-04    1.92     120.5  T

   *** convergence criteria satisfied after 11 iterations ***

         #    Occupation            Energy/Eh            Energy/eV
      -------------------------------------------------------------
         1        2.0000           -0.9912138             -26.9723
       ...           ...                  ...                  ...
         5        2.0000           -0.5070293             -13.7970
         6        2.0000           -0.4660371             -12.6815
         7        2.0000           -0.4365765             -11.8799
         8        2.0000           -0.4365747             -11.8798
         9        2.0000           -0.3923653             -10.6768
        10        2.0000           -0.3895643             -10.6006
        11        2.0000           -0.3895631             -10.6006 (HOMO)
        12                         -0.3189764              -8.6798 (LUMO)
        13                          0.1073968               2.9224
        14                          0.1320092               3.5922
        15                          0.1320109               3.5922
        16                          0.1323440               3.6013
       ...                                ...                  ...
        20                          0.2382391               6.4828
      -------------------------------------------------------------
                  HL-Gap            0.0705867 Eh            1.9208 eV
             Fermi-level           -0.3542698 Eh           -9.6402 eV

 SCC (total)                   0 d,  0 h,  0 min,  0.006 sec
 SCC setup                      ...        0 min,  0.000 sec (  5.190%)
 Dispersion                     ...        0 min,  0.000 sec (  0.536%)
 integral evaluation            ...        0 min,  0.001 sec ( 18.044%)
 zeroth order Hamiltonian       ...        0 min,  0.000 sec (  0.581%)
 iterations                     ...        0 min,  0.004 sec ( 56.743%)
 molecular gradient             ...        0 min,  0.001 sec ( 16.474%)
 printout                       ...        0 min,  0.000 sec (  1.728%)

         :::::::::::::::::::::::::::::::::::::::::::::::::::::
         ::                     SUMMARY                     ::
         :::::::::::::::::::::::::::::::::::::::::::::::::::::
         :: total energy             -13.228062905385 Eh    ::
         :: total w/o Gsasa/hb       -13.227077362021 Eh    ::
         :: gradient norm              0.076389732720 Eh/a0 ::
         :: HOMO-LUMO gap              1.920763012859 eV    ::
         ::.................................................::
         :: SCC energy               -13.282694732257 Eh    ::
         :: -> isotropic ES            0.182218788589 Eh    ::
         :: -> anisotropic ES         -0.004183773405 Eh    ::
         :: -> anisotropic XC          0.005860372038 Eh    ::
         :: -> dispersion             -0.001764525632 Eh    ::
         :: -> Gsolv                  -0.098096957004 Eh    ::
         ::    -> Gborn               -0.097111413639 Eh    ::
         ::    -> Gsasa                0.000552477165 Eh    ::
         ::    -> Ghb                 -0.003395463656 Eh    ::
         ::    -> Gshift               0.001857443127 Eh    ::
         :: repulsion energy           0.054632484685 Eh    ::
         :: add. restraining           0.000000000000 Eh    ::
         :::::::::::::::::::::::::::::::::::::::::::::::::::::

           -------------------------------------------------
          |                Property Printout                |
           -------------------------------------------------

    * Orbital Energies and Occupations

         #    Occupation            Energy/Eh            Energy/eV
      -------------------------------------------------------------
         1        2.0000           -0.9912138             -26.9723
         2        2.0000           -0.7289855             -19.8367
         3        2.0000           -0.6041314             -16.4393
         4        2.0000           -0.5073054             -13.8045
         5        2.0000           -0.5070293             -13.7970
         6        2.0000           -0.4660371             -12.6815
         7        2.0000           -0.4365765             -11.8799
         8        2.0000           -0.4365747             -11.8798
         9        2.0000           -0.3923653             -10.6768
        10        2.0000           -0.3895643             -10.6006
        11        2.0000           -0.3895631             -10.6006 (HOMO)
        12                         -0.3189764              -8.6798 (LUMO)
        13                          0.1073968               2.9224
        14                          0.1320092               3.5922
        15                          0.1320109               3.5922
        16                          0.1323440               3.6013
        17                          0.1332573               3.6261
        18                          0.1332576               3.6261
        19                          0.2338443               6.3632
        20                          0.2382391               6.4828
      -------------------------------------------------------------
                  HL-Gap            0.0705867 Eh            1.9208 eV
             Fermi-level           -0.3542698 Eh           -9.6402 eV

     #   Z        covCN         q      C6AA      Î±(0)
     1   9 F      0.182    -0.478    14.989     4.513
     2  17 Cl     0.001    -0.943   124.670    16.993
     3   6 C      2.959     0.015    27.666     8.627
     4   1 H      0.925     0.135     1.498     1.914
     5   1 H      0.926     0.135     1.497     1.913
     6   1 H      0.926     0.135     1.498     1.914

 Mol. C6AA /auÂ·bohrâ¶  :        568.099856
 Mol. C8AA /auÂ·bohrâ¸  :      16543.089277
 Mol. Î±(0) /au        :         35.874376


Wiberg/Mayer (AO) data.
largest (>0.10) Wiberg bond orders for each atom
          total WBO             WBO to atom ...
     1  F   0.773        C    3 0.736
     2  Cl  0.111
     3  C   3.752        H    6 0.979    H    4 0.979    H    5 0.979    F    1 0.736
     4  H   0.982        C    3 0.979
     5  H   0.982        C    3 0.979
     6  H   0.982        C    3 0.979

molecular dipole:
                 x           y           z       tot (Debye)
 q only:       -1.821      -0.052       0.005
   full:       -1.606      -0.048       0.002       4.085
molecular quadrupole (traceless):
                xx          xy          yy          xz          yz          zz
 q only:      -29.531      -0.990      14.758       0.534       0.011      14.773
  q+dip:      -30.187      -1.007      15.086       0.552       0.010      15.102
   full:      -29.390      -0.981      14.687       0.538       0.011      14.703


           -------------------------------------------------
          | TOTAL ENERGY              -13.228062905385 Eh   |
          | GRADIENT NORM               0.076389732720 Eh/Î± |
          | HOMO-LUMO GAP               1.920763012859 eV   |
           -------------------------------------------------

------------------------------------------------------------------------
 * finished run on 2020/08/20 at 17:46:30.034     
------------------------------------------------------------------------
 total:
 * wall-time:     0 d,  0 h,  0 min,  0.086 sec
 *  cpu-time:     0 d,  0 h,  0 min,  0.018 sec
 * ratio c/w:     0.208 speedup
 SCF:
 * wall-time:     0 d,  0 h,  0 min,  0.007 sec
 *  cpu-time:     0 d,  0 h,  0 min,  0.007 sec
 * ratio c/w:     0.997 speedup

