      -----------------------------------------------------------      
     |                   =====================                   |     
     |                           x T B                           |     
     |                   =====================                   |     
     |                         S. Grimme                         |     
     |          Mulliken Center for Theoretical Chemistry        |     
     |                    University of Bonn                     |     
      -----------------------------------------------------------      

   * xtb version 6.2.3 (830e466) compiled by 'ehlert@majestix' on 2020-03-16

   xtb is free software: you can redistribute it and/or modify it under
   the terms of the GNU Lesser General Public License as published by
   the Free Software Foundation, either version 3 of the License, or
   (at your option) any later version.
   
   xtb is distributed in the hope that it will be useful,
   but WITHOUT ANY WARRANTY; without even the implied warranty of
   MERCHANTABILITY or FITNESS FOR A PARTICULAR PURPOSE.  See the
   GNU Lesser General Public License for more details.
   
   Cite this work as:
   * S. Grimme, C. Bannwarth, P. Shushkov, J. Chem. Theory Comput., 2017,
     13, 1989-2009. DOI: 10.1021/acs.jctc.7b00118
   * C. Bannwarth, S. Ehlert and S. Grimme., J. Chem. Theory Comput., 2019,
     15, 1652-1671. DOI: 10.1021/acs.jctc.8b01176
   * P. Pracht, E. Caldeweyher, S. Ehlert, S. Grimme, ChemRxiv, 2019, preprint.
     DOI: 10.26434/chemrxiv.8326202.v1
   
   for DFT-D4:
   * E. Caldeweyher, C. Bannwarth and S. Grimme, J. Chem. Phys., 2017,
     147, 034112. DOI: 10.1063/1.4993215
   * E. Caldeweyher, S. Ehlert, A. Hansen, H. Neugebauer, S. Spicher,
     C. Bannwarth and S. Grimme, J. Chem. Phys., 2019, 150, 154122.
     DOI: 10.1063/1.5090222
   
   for sTDA-xTB:
   * S. Grimme and C. Bannwarth, J. Chem. Phys., 2016, 145, 054103.
     DOI: 10.1063/1.4959605
   
   in the mass-spec context:
   * V. Asgeirsson, C. Bauer and S. Grimme, Chem. Sci., 2017, 8, 4879.
     DOI: 10.1039/c7sc00601b
   
   for metadynamics refer to:
   * S. Grimme, J. Chem. Theory Comput., 2019, 155, 2847-2862
     DOI: 10.1021/acs.jctc.9b00143
   
   with help from (in alphabetical order)
   C. Bannwarth, F. Bohle, G. Brandenburg, E. Caldeweyher, M. Checinski,
   S. Dohm, S. Ehlert, S. Ehrlich, F. MÃ¤rz, H. Neugebauer, J. Pisarek,
   P. Pracht, P. Shushkov, and S. Spicher.
   
 * started run on 2020/08/20 at 17:46:30.786     

           -------------------------------------------------
          |                Calculation Setup                |
           -------------------------------------------------

          program call               : /u/fd/ball4935/opt/bin/xtb 7_4_xtb.xyz --chrg -1 --grad --gbsa Water
          hostname                   : comp0810
          coordinate file            : 7_4_xtb.xyz
          omp threads                :                     1
          number of atoms            :                     6
          number of electrons        :                    22
          charge                     :                    -1
          spin                       :                   0.0
          first test random number   :      0.07642542826764


molecular fragmentation (1/2 indicates fragments):
121111
# atoms in fragment 1/2:     5     1
 fragment masses (1/2) :       34.03       35.45
CMA distance (Bohr)    :   6.964
constraining FC (au)   :  0.0500
########################################################################
[WARNING] Please study the warnings concerning your input carefully
-2- prog_main: XTBPATH is not set, using XTBHOME instead
-1- prog_main: XTBHOME is not set, using HOME instead
########################################################################
           ------------------------------------------------- 
          |                 G F N 2 - x T B                 |
          | Geometry, Frequencies, Noncovalent interactions |
          |            JCTC 2019 parametrisation            |
           ------------------------------------------------- 
             k(s)              :                1.8500
             k(p)              :                2.2300
             k(d)              :                2.2300
             k(f)              :                2.0000
             kEN (H0ij)        :               -2.0000
             D4 a1             :                0.5200
             D4 a2             :                5.0000
             D4 s6             :                1.0000
             D4 s8             :                2.7000
             D4 s9             :                5.0000
             alphaj            :                2.0000

  Z AO/shell   Hii/eV     exponent
  1     Wed Apr 25 08:07:45 CEST 2018   EN: 2.200 GM2: 0.406  GM3: 0.0800  RAES: 1.40
     1s    -10.707211    1.230000
  6     Wed Apr 25 08:07:45 CEST 2018   EN: 2.550 GM2: 0.538  GM3: 0.1500  RAES: 3.00
     2s    -13.970922    2.096432
     2p    -10.063292    1.800000
  9     Mon Apr 23 13:58:50 CEST 2018   EN: 3.980 GM2: 0.532  GM3: 0.1426  RAES: 2.40
     2s    -23.458179    2.416361
     2p    -15.746583    2.308399
 17     Mon Apr 23 14:09:22 CEST 2018   EN: 3.160 GM2: 0.249  GM3: 0.1495  RAES: 2.50
     3s    -29.278781    2.485265
     3p    -12.673758    2.199650
     3d     -0.240338    2.476089

 Solvent             : Water
 Using internal parameter file: .param_gbsa2_Water
 Gsolv ref. state (COSMO-RS): gsolv [1 M gas/solution]
 temperature (mdtemp)       :    298.150000000000     
 dielectric constant        :    80.2000000000000     
 rho                        :    1.00000000000000     
 mass                       :    18.0000000000000     
 surface tension            :    15.5689454083859     
 probe radius               :   0.975313790000000     
 Gshift (Eh)                :   1.857443126794793E-003
 c1                         :    1.55243817000000     
 soset                      :   0.130326360000000     
 HB correction              :  T
           ------------------------------------------------- 
          |        Self-Consistent Charge Iterations        |
           ------------------------------------------------- 

          ...................................................
          :                      SETUP                      :
          :.................................................:
          :  # basis functions                  21          :
          :  # atomic orbitals                  20          :
          :  # shells                           10          :
          :  # electrons                        22          :
          :  max. iterations                   250          :
          :  Hamiltonian                  GFN2-xTB          :
          :  restarted?                      false          :
          :  GBSA solvation                   true          :
          :  PC potential                    false          :
          :  electronic temp.          300.0000000     K    :
          :  accuracy                    1.0000000          :
          :  -> integral cutoff          0.2500000E+02      :
          :  -> integral neglect         0.1000000E-07      :
          :  -> SCF convergence          0.1000000E-05 Eh   :
          :  -> wf. convergence          0.1000000E-03 e    :
          :  Broyden damping             0.4000000          :
          ...................................................

 iter      E             dE          RMSdq      gap      omega  full diag
   1    -13.2454500 -0.132454E+02  0.637E+00    7.29       0.0  T
   2    -13.3210578 -0.756079E-01  0.264E+00    4.92       1.0  T
   3    -13.3242554 -0.319760E-02  0.170E+00    4.94       1.0  T
   4    -13.3249102 -0.654769E-03  0.266E-01    4.62       1.0  T
   5    -13.3249884 -0.782175E-04  0.149E-01    4.80       1.0  T
   6    -13.3250067 -0.183337E-04  0.117E-01    4.77       1.0  T
   7    -13.3250521 -0.453886E-04  0.354E-02    4.81       1.2  T
   8    -13.3250542 -0.204438E-05  0.209E-02    4.81       2.0  T
   9    -13.3250554 -0.122238E-05  0.168E-03    4.81      24.3  T
  10    -13.3250554 -0.714285E-08  0.285E-04    4.81     143.3  T
  11    -13.3250554 -0.179696E-09  0.140E-05    4.81    2909.7  T

   *** convergence criteria satisfied after 11 iterations ***

         #    Occupation            Energy/Eh            Energy/eV
      -------------------------------------------------------------
         1        2.0000           -0.9878445             -26.8806
       ...           ...                  ...                  ...
         5        2.0000           -0.5082844             -13.8311
         6        2.0000           -0.4995452             -13.5933
         7        2.0000           -0.4516869             -12.2910
         8        2.0000           -0.4516717             -12.2906
         9        2.0000           -0.3892918             -10.5932
        10        2.0000           -0.3880725             -10.5600
        11        2.0000           -0.3880713             -10.5600 (HOMO)
        12                         -0.2112074              -5.7472 (LUMO)
        13                          0.1298540               3.5335
        14                          0.1362625               3.7079
        15                          0.1362666               3.7080
        16                          0.1374409               3.7400
       ...                                ...                  ...
        20                          0.2452658               6.6740
      -------------------------------------------------------------
                  HL-Gap            0.1768639 Eh            4.8127 eV
             Fermi-level           -0.2996393 Eh           -8.1536 eV

 SCC (total)                   0 d,  0 h,  0 min,  0.006 sec
 SCC setup                      ...        0 min,  0.000 sec (  4.908%)
 Dispersion                     ...        0 min,  0.000 sec (  0.506%)
 integral evaluation            ...        0 min,  0.001 sec ( 17.356%)
 zeroth order Hamiltonian       ...        0 min,  0.000 sec (  0.492%)
 iterations                     ...        0 min,  0.004 sec ( 55.655%)
 molecular gradient             ...        0 min,  0.001 sec ( 18.387%)
 printout                       ...        0 min,  0.000 sec (  1.816%)

         :::::::::::::::::::::::::::::::::::::::::::::::::::::
         ::                     SUMMARY                     ::
         :::::::::::::::::::::::::::::::::::::::::::::::::::::
         :: total energy             -13.265544543059 Eh    ::
         :: total w/o Gsasa/hb       -13.265356917108 Eh    ::
         :: gradient norm              0.085690063357 Eh/a0 ::
         :: HOMO-LUMO gap              4.812712080722 eV    ::
         ::.................................................::
         :: SCC energy               -13.322736595808 Eh    ::
         :: -> isotropic ES            0.171085582062 Eh    ::
         :: -> anisotropic ES         -0.002223158838 Eh    ::
         :: -> anisotropic XC          0.003767550209 Eh    ::
         :: -> dispersion             -0.001835928590 Eh    ::
         :: -> Gsolv                  -0.095997127845 Eh    ::
         ::    -> Gborn               -0.095809501894 Eh    ::
         ::    -> Gsasa                0.000461354123 Eh    ::
         ::    -> Ghb                 -0.002506423201 Eh    ::
         ::    -> Gshift               0.001857443127 Eh    ::
         :: repulsion energy           0.057192241146 Eh    ::
         :: add. restraining           0.000000000000 Eh    ::
         :::::::::::::::::::::::::::::::::::::::::::::::::::::

           -------------------------------------------------
          |                Property Printout                |
           -------------------------------------------------

    * Orbital Energies and Occupations

         #    Occupation            Energy/Eh            Energy/eV
      -------------------------------------------------------------
         1        2.0000           -0.9878445             -26.8806
         2        2.0000           -0.7603346             -20.6898
         3        2.0000           -0.5989532             -16.2983
         4        2.0000           -0.5084994             -13.8370
         5        2.0000           -0.5082844             -13.8311
         6        2.0000           -0.4995452             -13.5933
         7        2.0000           -0.4516869             -12.2910
         8        2.0000           -0.4516717             -12.2906
         9        2.0000           -0.3892918             -10.5932
        10        2.0000           -0.3880725             -10.5600
        11        2.0000           -0.3880713             -10.5600 (HOMO)
        12                         -0.2112074              -5.7472 (LUMO)
        13                          0.1298540               3.5335
        14                          0.1362625               3.7079
        15                          0.1362666               3.7080
        16                          0.1374409               3.7400
        17                          0.1378145               3.7501
        18                          0.1378155               3.7502
        19                          0.2419438               6.5836
        20                          0.2452658               6.6740
      -------------------------------------------------------------
                  HL-Gap            0.1768639 Eh            4.8127 eV
             Fermi-level           -0.2996393 Eh           -8.1536 eV

     #   Z        covCN         q      C6AA      Î±(0)
     1   9 F      0.669    -0.394    13.471     4.333
     2  17 Cl     0.017    -0.971   125.817    17.071
     3   6 C      3.465     0.045    21.945     7.043
     4   1 H      0.926     0.106     1.727     2.055
     5   1 H      0.926     0.107     1.724     2.053
     6   1 H      0.926     0.107     1.725     2.054

 Mol. C6AA /auÂ·bohrâ¶  :        547.760366
 Mol. C8AA /auÂ·bohrâ¸  :      15894.233348
 Mol. Î±(0) /au        :         34.608849


Wiberg/Mayer (AO) data.
largest (>0.10) Wiberg bond orders for each atom
          total WBO             WBO to atom ...
     1  F   0.852        C    3 0.822
     2  Cl  0.057
     3  C   3.814        H    5 0.984    H    6 0.984    H    4 0.984    F    1 0.822
     4  H   0.989        C    3 0.984
     5  H   0.989        C    3 0.984
     6  H   0.989        C    3 0.984

molecular dipole:
                 x           y           z       tot (Debye)
 q only:       -2.022      -0.055       0.014
   full:       -1.835      -0.051       0.011       4.667
molecular quadrupole (traceless):
                xx          xy          yy          xz          yz          zz
 q only:      -21.499      -0.730      10.743       0.384       0.007      10.756
  q+dip:      -23.422      -0.789      11.704       0.425       0.006      11.718
   full:      -22.603      -0.762      11.295       0.411       0.007      11.308


           -------------------------------------------------
          | TOTAL ENERGY              -13.265544543059 Eh   |
          | GRADIENT NORM               0.085690063357 Eh/Î± |
          | HOMO-LUMO GAP               4.812712080722 eV   |
           -------------------------------------------------

------------------------------------------------------------------------
 * finished run on 2020/08/20 at 17:46:30.864     
------------------------------------------------------------------------
 total:
 * wall-time:     0 d,  0 h,  0 min,  0.078 sec
 *  cpu-time:     0 d,  0 h,  0 min,  0.018 sec
 * ratio c/w:     0.237 speedup
 SCF:
 * wall-time:     0 d,  0 h,  0 min,  0.007 sec
 *  cpu-time:     0 d,  0 h,  0 min,  0.007 sec
 * ratio c/w:     0.998 speedup

