      -----------------------------------------------------------      
     |                   =====================                   |     
     |                           x T B                           |     
     |                   =====================                   |     
     |                         S. Grimme                         |     
     |          Mulliken Center for Theoretical Chemistry        |     
     |                    University of Bonn                     |     
      -----------------------------------------------------------      

   * xtb version 6.2.3 (830e466) compiled by 'ehlert@majestix' on 2020-03-16

   xtb is free software: you can redistribute it and/or modify it under
   the terms of the GNU Lesser General Public License as published by
   the Free Software Foundation, either version 3 of the License, or
   (at your option) any later version.
   
   xtb is distributed in the hope that it will be useful,
   but WITHOUT ANY WARRANTY; without even the implied warranty of
   MERCHANTABILITY or FITNESS FOR A PARTICULAR PURPOSE.  See the
   GNU Lesser General Public License for more details.
   
   Cite this work as:
   * S. Grimme, C. Bannwarth, P. Shushkov, J. Chem. Theory Comput., 2017,
     13, 1989-2009. DOI: 10.1021/acs.jctc.7b00118
   * C. Bannwarth, S. Ehlert and S. Grimme., J. Chem. Theory Comput., 2019,
     15, 1652-1671. DOI: 10.1021/acs.jctc.8b01176
   * P. Pracht, E. Caldeweyher, S. Ehlert, S. Grimme, ChemRxiv, 2019, preprint.
     DOI: 10.26434/chemrxiv.8326202.v1
   
   for DFT-D4:
   * E. Caldeweyher, C. Bannwarth and S. Grimme, J. Chem. Phys., 2017,
     147, 034112. DOI: 10.1063/1.4993215
   * E. Caldeweyher, S. Ehlert, A. Hansen, H. Neugebauer, S. Spicher,
     C. Bannwarth and S. Grimme, J. Chem. Phys., 2019, 150, 154122.
     DOI: 10.1063/1.5090222
   
   for sTDA-xTB:
   * S. Grimme and C. Bannwarth, J. Chem. Phys., 2016, 145, 054103.
     DOI: 10.1063/1.4959605
   
   in the mass-spec context:
   * V. Asgeirsson, C. Bauer and S. Grimme, Chem. Sci., 2017, 8, 4879.
     DOI: 10.1039/c7sc00601b
   
   for metadynamics refer to:
   * S. Grimme, J. Chem. Theory Comput., 2019, 155, 2847-2862
     DOI: 10.1021/acs.jctc.9b00143
   
   with help from (in alphabetical order)
   C. Bannwarth, F. Bohle, G. Brandenburg, E. Caldeweyher, M. Checinski,
   S. Dohm, S. Ehlert, S. Ehrlich, F. MÃ¤rz, H. Neugebauer, J. Pisarek,
   P. Pracht, P. Shushkov, and S. Spicher.
   
 * started run on 2020/08/20 at 17:46:31.823     

           -------------------------------------------------
          |                Calculation Setup                |
           -------------------------------------------------

          program call               : /u/fd/ball4935/opt/bin/xtb 7_7_xtb.xyz --chrg -1 --grad --gbsa Water
          hostname                   : comp0810
          coordinate file            : 7_7_xtb.xyz
          omp threads                :                     1
          number of atoms            :                     6
          number of electrons        :                    22
          charge                     :                    -1
          spin                       :                   0.0
          first test random number   :      0.04199328672580


molecular fragmentation (1/2 indicates fragments):
121111
# atoms in fragment 1/2:     5     1
 fragment masses (1/2) :       34.03       35.45
CMA distance (Bohr)    :   6.675
constraining FC (au)   :  0.0500
########################################################################
[WARNING] Please study the warnings concerning your input carefully
-2- prog_main: XTBPATH is not set, using XTBHOME instead
-1- prog_main: XTBHOME is not set, using HOME instead
########################################################################
           ------------------------------------------------- 
          |                 G F N 2 - x T B                 |
          | Geometry, Frequencies, Noncovalent interactions |
          |            JCTC 2019 parametrisation            |
           ------------------------------------------------- 
             k(s)              :                1.8500
             k(p)              :                2.2300
             k(d)              :                2.2300
             k(f)              :                2.0000
             kEN (H0ij)        :               -2.0000
             D4 a1             :                0.5200
             D4 a2             :                5.0000
             D4 s6             :                1.0000
             D4 s8             :                2.7000
             D4 s9             :                5.0000
             alphaj            :                2.0000

  Z AO/shell   Hii/eV     exponent
  1     Wed Apr 25 08:07:45 CEST 2018   EN: 2.200 GM2: 0.406  GM3: 0.0800  RAES: 1.40
     1s    -10.707211    1.230000
  6     Wed Apr 25 08:07:45 CEST 2018   EN: 2.550 GM2: 0.538  GM3: 0.1500  RAES: 3.00
     2s    -13.970922    2.096432
     2p    -10.063292    1.800000
  9     Mon Apr 23 13:58:50 CEST 2018   EN: 3.980 GM2: 0.532  GM3: 0.1426  RAES: 2.40
     2s    -23.458179    2.416361
     2p    -15.746583    2.308399
 17     Mon Apr 23 14:09:22 CEST 2018   EN: 3.160 GM2: 0.249  GM3: 0.1495  RAES: 2.50
     3s    -29.278781    2.485265
     3p    -12.673758    2.199650
     3d     -0.240338    2.476089

 Solvent             : Water
 Using internal parameter file: .param_gbsa2_Water
 Gsolv ref. state (COSMO-RS): gsolv [1 M gas/solution]
 temperature (mdtemp)       :    298.150000000000     
 dielectric constant        :    80.2000000000000     
 rho                        :    1.00000000000000     
 mass                       :    18.0000000000000     
 surface tension            :    15.5689454083859     
 probe radius               :   0.975313790000000     
 Gshift (Eh)                :   1.857443126794793E-003
 c1                         :    1.55243817000000     
 soset                      :   0.130326360000000     
 HB correction              :  T
           ------------------------------------------------- 
          |        Self-Consistent Charge Iterations        |
           ------------------------------------------------- 

          ...................................................
          :                      SETUP                      :
          :.................................................:
          :  # basis functions                  21          :
          :  # atomic orbitals                  20          :
          :  # shells                           10          :
          :  # electrons                        22          :
          :  max. iterations                   250          :
          :  Hamiltonian                  GFN2-xTB          :
          :  restarted?                      false          :
          :  GBSA solvation                   true          :
          :  PC potential                    false          :
          :  electronic temp.          300.0000000     K    :
          :  accuracy                    1.0000000          :
          :  -> integral cutoff          0.2500000E+02      :
          :  -> integral neglect         0.1000000E-07      :
          :  -> SCF convergence          0.1000000E-05 Eh   :
          :  -> wf. convergence          0.1000000E-03 e    :
          :  Broyden damping             0.4000000          :
          ...................................................

 iter      E             dE          RMSdq      gap      omega  full diag
   1    -13.2596919 -0.132597E+02  0.619E+00    9.06       0.0  T
   2    -13.3297436 -0.700518E-01  0.278E+00    6.74       1.0  T
   3    -13.3313408 -0.159716E-02  0.160E+00    6.61       1.0  T
   4    -13.3316484 -0.307551E-03  0.211E-01    6.38       1.0  T
   5    -13.3316938 -0.454030E-04  0.977E-02    6.52       1.0  T
   6    -13.3316949 -0.112859E-05  0.818E-02    6.50       1.0  T
   7    -13.3317186 -0.237157E-04  0.229E-02    6.52       1.8  T
   8    -13.3317180  0.562329E-06  0.195E-02    6.52       2.1  T
   9    -13.3317193 -0.129183E-05  0.977E-04    6.53      41.8  T
  10    -13.3317193 -0.179530E-08  0.164E-04    6.53     249.3  T
  11    -13.3317193 -0.892513E-10  0.956E-06    6.53    4271.4  T

   *** convergence criteria satisfied after 11 iterations ***

         #    Occupation            Energy/Eh            Energy/eV
      -------------------------------------------------------------
         1        2.0000           -0.9868990             -26.8549
       ...           ...                  ...                  ...
         5        2.0000           -0.5125717             -13.9478
         6        2.0000           -0.5088820             -13.8474
         7        2.0000           -0.4537075             -12.3460
         8        2.0000           -0.4536672             -12.3449
         9        2.0000           -0.3870553             -10.5323
        10        2.0000           -0.3870350             -10.5318
        11        2.0000           -0.3870249             -10.5315 (HOMO)
        12                         -0.1470775              -4.0022 (LUMO)
        13                          0.1214511               3.3049
        14                          0.1370182               3.7285
        15                          0.1370440               3.7292
        16                          0.1387401               3.7753
       ...                                ...                  ...
        20                          0.2359451               6.4204
      -------------------------------------------------------------
                  HL-Gap            0.2399473 Eh            6.5293 eV
             Fermi-level           -0.2670512 Eh           -7.2668 eV

 SCC (total)                   0 d,  0 h,  0 min,  0.007 sec
 SCC setup                      ...        0 min,  0.000 sec (  4.471%)
 Dispersion                     ...        0 min,  0.000 sec (  0.453%)
 integral evaluation            ...        0 min,  0.001 sec ( 16.975%)
 zeroth order Hamiltonian       ...        0 min,  0.000 sec (  0.656%)
 iterations                     ...        0 min,  0.004 sec ( 56.701%)
 molecular gradient             ...        0 min,  0.001 sec ( 18.236%)
 printout                       ...        0 min,  0.000 sec (  1.775%)

         :::::::::::::::::::::::::::::::::::::::::::::::::::::
         ::                     SUMMARY                     ::
         :::::::::::::::::::::::::::::::::::::::::::::::::::::
         :: total energy             -13.274115836536 Eh    ::
         :: total w/o Gsasa/hb       -13.274174590818 Eh    ::
         :: gradient norm              0.077860506622 Eh/a0 ::
         :: HOMO-LUMO gap              6.529298944125 eV    ::
         ::.................................................::
         :: SCC energy               -13.329437742916 Eh    ::
         :: -> isotropic ES            0.167804020271 Eh    ::
         :: -> anisotropic ES         -0.001724951430 Eh    ::
         :: -> anisotropic XC          0.002514345867 Eh    ::
         :: -> dispersion             -0.001878961662 Eh    ::
         :: -> Gsolv                  -0.095496404322 Eh    ::
         ::    -> Gborn               -0.095555158604 Eh    ::
         ::    -> Gsasa                0.000424152471 Eh    ::
         ::    -> Ghb                 -0.002222841316 Eh    ::
         ::    -> Gshift               0.001857443127 Eh    ::
         :: repulsion energy           0.055322006123 Eh    ::
         :: add. restraining           0.000000000000 Eh    ::
         :::::::::::::::::::::::::::::::::::::::::::::::::::::

           -------------------------------------------------
          |                Property Printout                |
           -------------------------------------------------

    * Orbital Energies and Occupations

         #    Occupation            Energy/Eh            Energy/eV
      -------------------------------------------------------------
         1        2.0000           -0.9868990             -26.8549
         2        2.0000           -0.7733705             -21.0445
         3        2.0000           -0.5976944             -16.2641
         4        2.0000           -0.5125891             -13.9483
         5        2.0000           -0.5125717             -13.9478
         6        2.0000           -0.5088820             -13.8474
         7        2.0000           -0.4537075             -12.3460
         8        2.0000           -0.4536672             -12.3449
         9        2.0000           -0.3870553             -10.5323
        10        2.0000           -0.3870350             -10.5318
        11        2.0000           -0.3870249             -10.5315 (HOMO)
        12                         -0.1470775              -4.0022 (LUMO)
        13                          0.1214511               3.3049
        14                          0.1370182               3.7285
        15                          0.1370440               3.7292
        16                          0.1387401               3.7753
        17                          0.1387408               3.7753
        18                          0.1391859               3.7874
        19                          0.2347127               6.3869
        20                          0.2359451               6.4204
      -------------------------------------------------------------
                  HL-Gap            0.2399473 Eh            6.5293 eV
             Fermi-level           -0.2670512 Eh           -7.2668 eV

     #   Z        covCN         q      C6AA      Î±(0)
     1   9 F      0.743    -0.368    13.129     4.279
     2  17 Cl     0.047    -0.975   125.992    17.083
     3   6 C      3.566     0.060    20.371     6.572
     4   1 H      0.926     0.094     1.839     2.121
     5   1 H      0.925     0.094     1.840     2.121
     6   1 H      0.925     0.094     1.839     2.121

 Mol. C6AA /auÂ·bohrâ¶  :        543.957339
 Mol. C8AA /auÂ·bohrâ¸  :      15738.679831
 Mol. Î±(0) /au        :         34.297583


Wiberg/Mayer (AO) data.
largest (>0.10) Wiberg bond orders for each atom
          total WBO             WBO to atom ...
     1  F   0.878        C    3 0.846
     2  Cl  0.049
     3  C   3.837        H    5 0.986    H    6 0.986    H    4 0.986    F    1 0.846
     4  H   0.991        C    3 0.986
     5  H   0.991        C    3 0.986
     6  H   0.991        C    3 0.986

molecular dipole:
                 x           y           z       tot (Debye)
 q only:       -2.025      -0.055       0.014
   full:       -1.881      -0.052       0.012       4.784
molecular quadrupole (traceless):
                xx          xy          yy          xz          yz          zz
 q only:      -18.975      -0.648       9.482       0.336       0.007       9.493
  q+dip:      -21.493      -0.726      10.740       0.390       0.005      10.753
   full:      -20.584      -0.697      10.286       0.373       0.006      10.298


           -------------------------------------------------
          | TOTAL ENERGY              -13.274115836536 Eh   |
          | GRADIENT NORM               0.077860506622 Eh/Î± |
          | HOMO-LUMO GAP               6.529298944125 eV   |
           -------------------------------------------------

------------------------------------------------------------------------
 * finished run on 2020/08/20 at 17:46:31.908     
------------------------------------------------------------------------
 total:
 * wall-time:     0 d,  0 h,  0 min,  0.084 sec
 *  cpu-time:     0 d,  0 h,  0 min,  0.017 sec
 * ratio c/w:     0.197 speedup
 SCF:
 * wall-time:     0 d,  0 h,  0 min,  0.007 sec
 *  cpu-time:     0 d,  0 h,  0 min,  0.007 sec
 * ratio c/w:     0.998 speedup

