      -----------------------------------------------------------      
     |                   =====================                   |     
     |                           x T B                           |     
     |                   =====================                   |     
     |                         S. Grimme                         |     
     |          Mulliken Center for Theoretical Chemistry        |     
     |                    University of Bonn                     |     
      -----------------------------------------------------------      

   * xtb version 6.2.3 (830e466) compiled by 'ehlert@majestix' on 2020-03-16

   xtb is free software: you can redistribute it and/or modify it under
   the terms of the GNU Lesser General Public License as published by
   the Free Software Foundation, either version 3 of the License, or
   (at your option) any later version.
   
   xtb is distributed in the hope that it will be useful,
   but WITHOUT ANY WARRANTY; without even the implied warranty of
   MERCHANTABILITY or FITNESS FOR A PARTICULAR PURPOSE.  See the
   GNU Lesser General Public License for more details.
   
   Cite this work as:
   * S. Grimme, C. Bannwarth, P. Shushkov, J. Chem. Theory Comput., 2017,
     13, 1989-2009. DOI: 10.1021/acs.jctc.7b00118
   * C. Bannwarth, S. Ehlert and S. Grimme., J. Chem. Theory Comput., 2019,
     15, 1652-1671. DOI: 10.1021/acs.jctc.8b01176
   * P. Pracht, E. Caldeweyher, S. Ehlert, S. Grimme, ChemRxiv, 2019, preprint.
     DOI: 10.26434/chemrxiv.8326202.v1
   
   for DFT-D4:
   * E. Caldeweyher, C. Bannwarth and S. Grimme, J. Chem. Phys., 2017,
     147, 034112. DOI: 10.1063/1.4993215
   * E. Caldeweyher, S. Ehlert, A. Hansen, H. Neugebauer, S. Spicher,
     C. Bannwarth and S. Grimme, J. Chem. Phys., 2019, 150, 154122.
     DOI: 10.1063/1.5090222
   
   for sTDA-xTB:
   * S. Grimme and C. Bannwarth, J. Chem. Phys., 2016, 145, 054103.
     DOI: 10.1063/1.4959605
   
   in the mass-spec context:
   * V. Asgeirsson, C. Bauer and S. Grimme, Chem. Sci., 2017, 8, 4879.
     DOI: 10.1039/c7sc00601b
   
   for metadynamics refer to:
   * S. Grimme, J. Chem. Theory Comput., 2019, 155, 2847-2862
     DOI: 10.1021/acs.jctc.9b00143
   
   with help from (in alphabetical order)
   C. Bannwarth, F. Bohle, G. Brandenburg, E. Caldeweyher, M. Checinski,
   S. Dohm, S. Ehlert, S. Ehrlich, F. MÃ¤rz, H. Neugebauer, J. Pisarek,
   P. Pracht, P. Shushkov, and S. Spicher.
   
 * started run on 2020/08/20 at 17:46:32.156     

           -------------------------------------------------
          |                Calculation Setup                |
           -------------------------------------------------

          program call               : /u/fd/ball4935/opt/bin/xtb 7_8_xtb.xyz --chrg -1 --grad --gbsa Water
          hostname                   : comp0810
          coordinate file            : 7_8_xtb.xyz
          omp threads                :                     1
          number of atoms            :                     6
          number of electrons        :                    22
          charge                     :                    -1
          spin                       :                   0.0
          first test random number   :      0.62913041630577


molecular fragmentation (1/2 indicates fragments):
121111
# atoms in fragment 1/2:     5     1
 fragment masses (1/2) :       34.03       35.45
CMA distance (Bohr)    :   6.560
constraining FC (au)   :  0.0500
########################################################################
[WARNING] Please study the warnings concerning your input carefully
-2- prog_main: XTBPATH is not set, using XTBHOME instead
-1- prog_main: XTBHOME is not set, using HOME instead
########################################################################
           ------------------------------------------------- 
          |                 G F N 2 - x T B                 |
          | Geometry, Frequencies, Noncovalent interactions |
          |            JCTC 2019 parametrisation            |
           ------------------------------------------------- 
             k(s)              :                1.8500
             k(p)              :                2.2300
             k(d)              :                2.2300
             k(f)              :                2.0000
             kEN (H0ij)        :               -2.0000
             D4 a1             :                0.5200
             D4 a2             :                5.0000
             D4 s6             :                1.0000
             D4 s8             :                2.7000
             D4 s9             :                5.0000
             alphaj            :                2.0000

  Z AO/shell   Hii/eV     exponent
  1     Wed Apr 25 08:07:45 CEST 2018   EN: 2.200 GM2: 0.406  GM3: 0.0800  RAES: 1.40
     1s    -10.707211    1.230000
  6     Wed Apr 25 08:07:45 CEST 2018   EN: 2.550 GM2: 0.538  GM3: 0.1500  RAES: 3.00
     2s    -13.970922    2.096432
     2p    -10.063292    1.800000
  9     Mon Apr 23 13:58:50 CEST 2018   EN: 3.980 GM2: 0.532  GM3: 0.1426  RAES: 2.40
     2s    -23.458179    2.416361
     2p    -15.746583    2.308399
 17     Mon Apr 23 14:09:22 CEST 2018   EN: 3.160 GM2: 0.249  GM3: 0.1495  RAES: 2.50
     3s    -29.278781    2.485265
     3p    -12.673758    2.199650
     3d     -0.240338    2.476089

 Solvent             : Water
 Using internal parameter file: .param_gbsa2_Water
 Gsolv ref. state (COSMO-RS): gsolv [1 M gas/solution]
 temperature (mdtemp)       :    298.150000000000     
 dielectric constant        :    80.2000000000000     
 rho                        :    1.00000000000000     
 mass                       :    18.0000000000000     
 surface tension            :    15.5689454083859     
 probe radius               :   0.975313790000000     
 Gshift (Eh)                :   1.857443126794793E-003
 c1                         :    1.55243817000000     
 soset                      :   0.130326360000000     
 HB correction              :  T
           ------------------------------------------------- 
          |        Self-Consistent Charge Iterations        |
           ------------------------------------------------- 

          ...................................................
          :                      SETUP                      :
          :.................................................:
          :  # basis functions                  21          :
          :  # atomic orbitals                  20          :
          :  # shells                           10          :
          :  # electrons                        22          :
          :  max. iterations                   250          :
          :  Hamiltonian                  GFN2-xTB          :
          :  restarted?                      false          :
          :  GBSA solvation                   true          :
          :  PC potential                    false          :
          :  electronic temp.          300.0000000     K    :
          :  accuracy                    1.0000000          :
          :  -> integral cutoff          0.2500000E+02      :
          :  -> integral neglect         0.1000000E-07      :
          :  -> SCF convergence          0.1000000E-05 Eh   :
          :  -> wf. convergence          0.1000000E-03 e    :
          :  Broyden damping             0.4000000          :
          ...................................................

 iter      E             dE          RMSdq      gap      omega  full diag
   1    -13.2656234 -0.132656E+02  0.610E+00   10.15       0.0  T
   2    -13.3328225 -0.671990E-01  0.285E+00    7.85       1.0  T
   3    -13.3340324 -0.120990E-02  0.158E+00    7.66       1.0  T
   4    -13.3342575 -0.225116E-03  0.189E-01    7.45       1.0  T
   5    -13.3342932 -0.357496E-04  0.783E-02    7.56       1.0  T
   6    -13.3342981 -0.483426E-05  0.565E-02    7.55       1.0  T
   7    -13.3343077 -0.967987E-05  0.198E-02    7.57       2.1  T
   8    -13.3343069  0.806746E-06  0.177E-02    7.57       2.3  T
   9    -13.3343081 -0.120362E-05  0.724E-04    7.58      56.4  T
  10    -13.3343081 -0.629317E-09  0.149E-04    7.58     274.3  T
  11    -13.3343081 -0.760707E-10  0.133E-05    7.58    3065.2  T

   *** convergence criteria satisfied after 11 iterations ***

         #    Occupation            Energy/Eh            Energy/eV
      -------------------------------------------------------------
         1        2.0000           -0.9865671             -26.8459
       ...           ...                  ...                  ...
         5        2.0000           -0.5157808             -14.0351
         6        2.0000           -0.5140387             -13.9877
         7        2.0000           -0.4544003             -12.3649
         8        2.0000           -0.4543246             -12.3628
         9        2.0000           -0.3867121             -10.5230
        10        2.0000           -0.3867114             -10.5230
        11        2.0000           -0.3860093             -10.5038 (HOMO)
        12                         -0.1075646              -2.9270 (LUMO)
        13                          0.1206811               3.2839
        14                          0.1372873               3.7358
        15                          0.1373005               3.7361
        16                          0.1391735               3.7871
       ...                                ...                  ...
        20                          0.2312339               6.2922
      -------------------------------------------------------------
                  HL-Gap            0.2784447 Eh            7.5769 eV
             Fermi-level           -0.2467870 Eh           -6.7154 eV

 SCC (total)                   0 d,  0 h,  0 min,  0.007 sec
 SCC setup                      ...        0 min,  0.000 sec (  4.587%)
 Dispersion                     ...        0 min,  0.000 sec (  0.492%)
 integral evaluation            ...        0 min,  0.001 sec ( 16.896%)
 zeroth order Hamiltonian       ...        0 min,  0.000 sec (  0.492%)
 iterations                     ...        0 min,  0.004 sec ( 56.049%)
 molecular gradient             ...        0 min,  0.001 sec ( 18.912%)
 printout                       ...        0 min,  0.000 sec (  1.806%)

         :::::::::::::::::::::::::::::::::::::::::::::::::::::
         ::                     SUMMARY                     ::
         :::::::::::::::::::::::::::::::::::::::::::::::::::::
         :: total energy             -13.277316975097 Eh    ::
         :: total w/o Gsasa/hb       -13.277503731377 Eh    ::
         :: gradient norm              0.070235300475 Eh/a0 ::
         :: HOMO-LUMO gap              7.576867118767 eV    ::
         ::.................................................::
         :: SCC energy               -13.332043081259 Eh    ::
         :: -> isotropic ES            0.166220398346 Eh    ::
         :: -> anisotropic ES         -0.001624194993 Eh    ::
         :: -> anisotropic XC          0.001646811579 Eh    ::
         :: -> dispersion             -0.001907938773 Eh    ::
         :: -> Gsolv                  -0.095410986498 Eh    ::
         ::    -> Gborn               -0.095597742778 Eh    ::
         ::    -> Gsasa                0.000407617545 Eh    ::
         ::    -> Ghb                 -0.002078304392 Eh    ::
         ::    -> Gshift               0.001857443127 Eh    ::
         :: repulsion energy           0.054726180116 Eh    ::
         :: add. restraining           0.000000000000 Eh    ::
         :::::::::::::::::::::::::::::::::::::::::::::::::::::

           -------------------------------------------------
          |                Property Printout                |
           -------------------------------------------------

    * Orbital Energies and Occupations

         #    Occupation            Energy/Eh            Energy/eV
      -------------------------------------------------------------
         1        2.0000           -0.9865671             -26.8459
         2        2.0000           -0.7810659             -21.2539
         3        2.0000           -0.5981258             -16.2758
         4        2.0000           -0.5159719             -14.0403
         5        2.0000           -0.5157808             -14.0351
         6        2.0000           -0.5140387             -13.9877
         7        2.0000           -0.4544003             -12.3649
         8        2.0000           -0.4543246             -12.3628
         9        2.0000           -0.3867121             -10.5230
        10        2.0000           -0.3867114             -10.5230
        11        2.0000           -0.3860093             -10.5038 (HOMO)
        12                         -0.1075646              -2.9270 (LUMO)
        13                          0.1206811               3.2839
        14                          0.1372873               3.7358
        15                          0.1373005               3.7361
        16                          0.1391735               3.7871
        17                          0.1391766               3.7872
        18                          0.1401862               3.8147
        19                          0.2273923               6.1877
        20                          0.2312339               6.2922
      -------------------------------------------------------------
                  HL-Gap            0.2784447 Eh            7.5769 eV
             Fermi-level           -0.2467870 Eh           -6.7154 eV

     #   Z        covCN         q      C6AA      Î±(0)
     1   9 F      0.762    -0.352    12.928     4.247
     2  17 Cl     0.062    -0.978   126.132    17.093
     3   6 C      3.600     0.069    19.983     6.466
     4   1 H      0.925     0.087     1.912     2.163
     5   1 H      0.925     0.087     1.907     2.160
     6   1 H      0.925     0.087     1.909     2.161

 Mol. C6AA /auÂ·bohrâ¶  :        544.526609
 Mol. C8AA /auÂ·bohrâ¸  :      15728.671611
 Mol. Î±(0) /au        :         34.288898


Wiberg/Mayer (AO) data.
largest (>0.10) Wiberg bond orders for each atom
          total WBO             WBO to atom ...
     1  F   0.895        C    3 0.861
     2  Cl  0.043
     3  C   3.848        H    5 0.986    H    6 0.986    H    4 0.986    F    1 0.861
     4  H   0.993        C    3 0.986
     5  H   0.992        C    3 0.986
     6  H   0.992        C    3 0.986

molecular dipole:
                 x           y           z       tot (Debye)
 q only:       -2.045      -0.055       0.016
   full:       -1.921      -0.052       0.014       4.884
molecular quadrupole (traceless):
                xx          xy          yy          xz          yz          zz
 q only:      -17.865      -0.612       8.927       0.313       0.005       8.938
  q+dip:      -20.640      -0.700      10.314       0.368       0.005      10.326
   full:      -19.700      -0.669       9.844       0.351       0.005       9.856


           -------------------------------------------------
          | TOTAL ENERGY              -13.277316975097 Eh   |
          | GRADIENT NORM               0.070235300475 Eh/Î± |
          | HOMO-LUMO GAP               7.576867118767 eV   |
           -------------------------------------------------

------------------------------------------------------------------------
 * finished run on 2020/08/20 at 17:46:32.239     
------------------------------------------------------------------------
 total:
 * wall-time:     0 d,  0 h,  0 min,  0.082 sec
 *  cpu-time:     0 d,  0 h,  0 min,  0.019 sec
 * ratio c/w:     0.227 speedup
 SCF:
 * wall-time:     0 d,  0 h,  0 min,  0.007 sec
 *  cpu-time:     0 d,  0 h,  0 min,  0.007 sec
 * ratio c/w:     0.998 speedup

