      -----------------------------------------------------------      
     |                   =====================                   |     
     |                           x T B                           |     
     |                   =====================                   |     
     |                         S. Grimme                         |     
     |          Mulliken Center for Theoretical Chemistry        |     
     |                    University of Bonn                     |     
      -----------------------------------------------------------      

   * xtb version 6.2.3 (830e466) compiled by 'ehlert@majestix' on 2020-03-16

   xtb is free software: you can redistribute it and/or modify it under
   the terms of the GNU Lesser General Public License as published by
   the Free Software Foundation, either version 3 of the License, or
   (at your option) any later version.
   
   xtb is distributed in the hope that it will be useful,
   but WITHOUT ANY WARRANTY; without even the implied warranty of
   MERCHANTABILITY or FITNESS FOR A PARTICULAR PURPOSE.  See the
   GNU Lesser General Public License for more details.
   
   Cite this work as:
   * S. Grimme, C. Bannwarth, P. Shushkov, J. Chem. Theory Comput., 2017,
     13, 1989-2009. DOI: 10.1021/acs.jctc.7b00118
   * C. Bannwarth, S. Ehlert and S. Grimme., J. Chem. Theory Comput., 2019,
     15, 1652-1671. DOI: 10.1021/acs.jctc.8b01176
   * P. Pracht, E. Caldeweyher, S. Ehlert, S. Grimme, ChemRxiv, 2019, preprint.
     DOI: 10.26434/chemrxiv.8326202.v1
   
   for DFT-D4:
   * E. Caldeweyher, C. Bannwarth and S. Grimme, J. Chem. Phys., 2017,
     147, 034112. DOI: 10.1063/1.4993215
   * E. Caldeweyher, S. Ehlert, A. Hansen, H. Neugebauer, S. Spicher,
     C. Bannwarth and S. Grimme, J. Chem. Phys., 2019, 150, 154122.
     DOI: 10.1063/1.5090222
   
   for sTDA-xTB:
   * S. Grimme and C. Bannwarth, J. Chem. Phys., 2016, 145, 054103.
     DOI: 10.1063/1.4959605
   
   in the mass-spec context:
   * V. Asgeirsson, C. Bauer and S. Grimme, Chem. Sci., 2017, 8, 4879.
     DOI: 10.1039/c7sc00601b
   
   for metadynamics refer to:
   * S. Grimme, J. Chem. Theory Comput., 2019, 155, 2847-2862
     DOI: 10.1021/acs.jctc.9b00143
   
   with help from (in alphabetical order)
   C. Bannwarth, F. Bohle, G. Brandenburg, E. Caldeweyher, M. Checinski,
   S. Dohm, S. Ehlert, S. Ehrlich, F. MÃ¤rz, H. Neugebauer, J. Pisarek,
   P. Pracht, P. Shushkov, and S. Spicher.
   
 * started run on 2020/08/20 at 17:46:31.424     

           -------------------------------------------------
          |                Calculation Setup                |
           -------------------------------------------------

          program call               : /u/fd/ball4935/opt/bin/xtb 2_6_xtb.xyz --chrg -1 --grad --gbsa Water
          hostname                   : comp0810
          coordinate file            : 2_6_xtb.xyz
          omp threads                :                     1
          number of atoms            :                     6
          number of electrons        :                    22
          charge                     :                    -1
          spin                       :                   0.0
          first test random number   :      0.62685545081399


molecular fragmentation (1/2 indicates fragments):
122222
# atoms in fragment 1/2:     1     5
 fragment masses (1/2) :       19.00       50.49
CMA distance (Bohr)    :   8.463
constraining FC (au)   :  0.0500
########################################################################
[WARNING] Please study the warnings concerning your input carefully
-2- prog_main: XTBPATH is not set, using XTBHOME instead
-1- prog_main: XTBHOME is not set, using HOME instead
########################################################################
           ------------------------------------------------- 
          |                 G F N 2 - x T B                 |
          | Geometry, Frequencies, Noncovalent interactions |
          |            JCTC 2019 parametrisation            |
           ------------------------------------------------- 
             k(s)              :                1.8500
             k(p)              :                2.2300
             k(d)              :                2.2300
             k(f)              :                2.0000
             kEN (H0ij)        :               -2.0000
             D4 a1             :                0.5200
             D4 a2             :                5.0000
             D4 s6             :                1.0000
             D4 s8             :                2.7000
             D4 s9             :                5.0000
             alphaj            :                2.0000

  Z AO/shell   Hii/eV     exponent
  1     Wed Apr 25 08:07:45 CEST 2018   EN: 2.200 GM2: 0.406  GM3: 0.0800  RAES: 1.40
     1s    -10.707211    1.230000
  6     Wed Apr 25 08:07:45 CEST 2018   EN: 2.550 GM2: 0.538  GM3: 0.1500  RAES: 3.00
     2s    -13.970922    2.096432
     2p    -10.063292    1.800000
  9     Mon Apr 23 13:58:50 CEST 2018   EN: 3.980 GM2: 0.532  GM3: 0.1426  RAES: 2.40
     2s    -23.458179    2.416361
     2p    -15.746583    2.308399
 17     Mon Apr 23 14:09:22 CEST 2018   EN: 3.160 GM2: 0.249  GM3: 0.1495  RAES: 2.50
     3s    -29.278781    2.485265
     3p    -12.673758    2.199650
     3d     -0.240338    2.476089

 Solvent             : Water
 Using internal parameter file: .param_gbsa2_Water
 Gsolv ref. state (COSMO-RS): gsolv [1 M gas/solution]
 temperature (mdtemp)       :    298.150000000000     
 dielectric constant        :    80.2000000000000     
 rho                        :    1.00000000000000     
 mass                       :    18.0000000000000     
 surface tension            :    15.5689454083859     
 probe radius               :   0.975313790000000     
 Gshift (Eh)                :   1.857443126794793E-003
 c1                         :    1.55243817000000     
 soset                      :   0.130326360000000     
 HB correction              :  T
           ------------------------------------------------- 
          |        Self-Consistent Charge Iterations        |
           ------------------------------------------------- 

          ...................................................
          :                      SETUP                      :
          :.................................................:
          :  # basis functions                  21          :
          :  # atomic orbitals                  20          :
          :  # shells                           10          :
          :  # electrons                        22          :
          :  max. iterations                   250          :
          :  Hamiltonian                  GFN2-xTB          :
          :  restarted?                      false          :
          :  GBSA solvation                   true          :
          :  PC potential                    false          :
          :  electronic temp.          300.0000000     K    :
          :  accuracy                    1.0000000          :
          :  -> integral cutoff          0.2500000E+02      :
          :  -> integral neglect         0.1000000E-07      :
          :  -> SCF convergence          0.1000000E-05 Eh   :
          :  -> wf. convergence          0.1000000E-03 e    :
          :  Broyden damping             0.4000000          :
          ...................................................

 iter      E             dE          RMSdq      gap      omega  full diag
   1    -13.2322853 -0.132323E+02  0.579E+00    7.02       0.0  T
   2    -13.2978662 -0.655809E-01  0.334E+00    4.72       1.0  T
   3    -13.3007343 -0.286818E-02  0.184E+00    4.54       1.0  T
   4    -13.3011885 -0.454107E-03  0.309E-01    3.93       1.0  T
   5    -13.3012798 -0.913493E-04  0.197E-01    3.95       1.0  T
   6    -13.3013112 -0.313886E-04  0.210E-01    3.87       1.0  T
   7    -13.3014324 -0.121205E-03  0.198E-02    3.86       2.1  T
   8    -13.3014326 -0.201552E-06  0.164E-02    3.85       2.5  T
   9    -13.3014332 -0.628635E-06  0.341E-03    3.85      12.0  T
  10    -13.3014332 -0.136001E-07  0.211E-03    3.85      19.3  T
  11    -13.3014332 -0.115897E-07  0.543E-04    3.85      75.2  T
  12    -13.3014333 -0.652873E-09  0.327E-05    3.85    1247.8  T

   *** convergence criteria satisfied after 12 iterations ***

         #    Occupation            Energy/Eh            Energy/eV
      -------------------------------------------------------------
         1        2.0000           -1.0549771             -28.7074
       ...           ...                  ...                  ...
         5        2.0000           -0.5033595             -13.6971
         6        2.0000           -0.4895641             -13.3217
         7        2.0000           -0.4197648             -11.4224
         8        2.0000           -0.4196579             -11.4195
         9        2.0000           -0.3360488              -9.1444
        10        2.0000           -0.3355591              -9.1310
        11        2.0000           -0.3355444              -9.1306 (HOMO)
        12                         -0.1940256              -5.2797 (LUMO)
        13                          0.0186506               0.5075
        14                          0.0196890               0.5358
        15                          0.0253311               0.6893
        16                          0.0255583               0.6955
       ...                                ...                  ...
        20                          0.1451153               3.9488
      -------------------------------------------------------------
                  HL-Gap            0.1415188 Eh            3.8509 eV
             Fermi-level           -0.2647850 Eh           -7.2052 eV

 SCC (total)                   0 d,  0 h,  0 min,  0.006 sec
 SCC setup                      ...        0 min,  0.000 sec (  4.855%)
 Dispersion                     ...        0 min,  0.000 sec (  0.458%)
 integral evaluation            ...        0 min,  0.001 sec ( 16.619%)
 zeroth order Hamiltonian       ...        0 min,  0.000 sec (  0.726%)
 iterations                     ...        0 min,  0.004 sec ( 58.444%)
 molecular gradient             ...        0 min,  0.001 sec ( 16.464%)
 printout                       ...        0 min,  0.000 sec (  1.694%)

         :::::::::::::::::::::::::::::::::::::::::::::::::::::
         ::                     SUMMARY                     ::
         :::::::::::::::::::::::::::::::::::::::::::::::::::::
         :: total energy             -13.263771949956 Eh    ::
         :: total w/o Gsasa/hb       -13.261259858370 Eh    ::
         :: gradient norm              0.070392449145 Eh/a0 ::
         :: HOMO-LUMO gap              3.850923326774 eV    ::
         ::.................................................::
         :: SCC energy               -13.298594751790 Eh    ::
         :: -> isotropic ES            0.280063633989 Eh    ::
         :: -> anisotropic ES         -0.001821279793 Eh    ::
         :: -> anisotropic XC          0.003418854076 Eh    ::
         :: -> dispersion             -0.001845842090 Eh    ::
         :: -> Gsolv                  -0.138823933998 Eh    ::
         ::    -> Gborn               -0.136311842412 Eh    ::
         ::    -> Gsasa                0.000981055495 Eh    ::
         ::    -> Ghb                 -0.005350590207 Eh    ::
         ::    -> Gshift               0.001857443127 Eh    ::
         :: repulsion energy           0.034823405007 Eh    ::
         :: add. restraining           0.000000000000 Eh    ::
         :::::::::::::::::::::::::::::::::::::::::::::::::::::

           -------------------------------------------------
          |                Property Printout                |
           -------------------------------------------------

    * Orbital Energies and Occupations

         #    Occupation            Energy/Eh            Energy/eV
      -------------------------------------------------------------
         1        2.0000           -1.0549771             -28.7074
         2        2.0000           -0.5988758             -16.2962
         3        2.0000           -0.5922005             -16.1146
         4        2.0000           -0.5046913             -13.7333
         5        2.0000           -0.5033595             -13.6971
         6        2.0000           -0.4895641             -13.3217
         7        2.0000           -0.4197648             -11.4224
         8        2.0000           -0.4196579             -11.4195
         9        2.0000           -0.3360488              -9.1444
        10        2.0000           -0.3355591              -9.1310
        11        2.0000           -0.3355444              -9.1306 (HOMO)
        12                         -0.1940256              -5.2797 (LUMO)
        13                          0.0186506               0.5075
        14                          0.0196890               0.5358
        15                          0.0253311               0.6893
        16                          0.0255583               0.6955
        17                          0.0370129               1.0072
        18                          0.1089104               2.9636
        19                          0.1208376               3.2882
        20                          0.1451153               3.9488
      -------------------------------------------------------------
                  HL-Gap            0.1415188 Eh            3.8509 eV
             Fermi-level           -0.2647850 Eh           -7.2052 eV

     #   Z        covCN         q      C6AA      Î±(0)
     1   9 F      0.000    -0.999    24.519     5.767
     2  17 Cl     0.879    -0.227   106.301    15.773
     3   6 C      3.617    -0.006    21.177     6.639
     4   1 H      0.917     0.077     2.009     2.217
     5   1 H      0.911     0.078     2.005     2.215
     6   1 H      0.911     0.078     2.003     2.214

 Mol. C6AA /auÂ·bohrâ¶  :        574.179090
 Mol. C8AA /auÂ·bohrâ¸  :      15863.864700
 Mol. Î±(0) /au        :         34.824451


Wiberg/Mayer (AO) data.
largest (>0.10) Wiberg bond orders for each atom
          total WBO             WBO to atom ...
     1  F   0.001
     2  Cl  0.971        C    3 0.952
     3  C   3.914        H    4 0.988    H    6 0.987    H    5 0.987    Cl   2 0.952
     4  H   0.994        C    3 0.988
     5  H   0.994        C    3 0.987
     6  H   0.994        C    3 0.987

molecular dipole:
                 x           y           z       tot (Debye)
 q only:        5.520       0.393       0.291
   full:        5.193       0.386       0.296      13.258
molecular quadrupole (traceless):
                xx          xy          yy          xz          yz          zz
 q only:      -43.925      -3.130      21.917      -1.409      -0.107      22.008
  q+dip:      -46.828      -3.010      23.375      -1.073      -0.101      23.453
   full:      -45.682      -3.095      22.797      -1.252      -0.100      22.884


           -------------------------------------------------
          | TOTAL ENERGY              -13.263771949956 Eh   |
          | GRADIENT NORM               0.070392449145 Eh/Î± |
          | HOMO-LUMO GAP               3.850923326774 eV   |
           -------------------------------------------------

------------------------------------------------------------------------
 * finished run on 2020/08/20 at 17:46:31.474     
------------------------------------------------------------------------
 total:
 * wall-time:     0 d,  0 h,  0 min,  0.049 sec
 *  cpu-time:     0 d,  0 h,  0 min,  0.017 sec
 * ratio c/w:     0.352 speedup
 SCF:
 * wall-time:     0 d,  0 h,  0 min,  0.007 sec
 *  cpu-time:     0 d,  0 h,  0 min,  0.006 sec
 * ratio c/w:     0.997 speedup

