      -----------------------------------------------------------      
     |                   =====================                   |     
     |                           x T B                           |     
     |                   =====================                   |     
     |                         S. Grimme                         |     
     |          Mulliken Center for Theoretical Chemistry        |     
     |                    University of Bonn                     |     
      -----------------------------------------------------------      

   * xtb version 6.2.3 (830e466) compiled by 'ehlert@majestix' on 2020-03-16

   xtb is free software: you can redistribute it and/or modify it under
   the terms of the GNU Lesser General Public License as published by
   the Free Software Foundation, either version 3 of the License, or
   (at your option) any later version.
   
   xtb is distributed in the hope that it will be useful,
   but WITHOUT ANY WARRANTY; without even the implied warranty of
   MERCHANTABILITY or FITNESS FOR A PARTICULAR PURPOSE.  See the
   GNU Lesser General Public License for more details.
   
   Cite this work as:
   * S. Grimme, C. Bannwarth, P. Shushkov, J. Chem. Theory Comput., 2017,
     13, 1989-2009. DOI: 10.1021/acs.jctc.7b00118
   * C. Bannwarth, S. Ehlert and S. Grimme., J. Chem. Theory Comput., 2019,
     15, 1652-1671. DOI: 10.1021/acs.jctc.8b01176
   * P. Pracht, E. Caldeweyher, S. Ehlert, S. Grimme, ChemRxiv, 2019, preprint.
     DOI: 10.26434/chemrxiv.8326202.v1
   
   for DFT-D4:
   * E. Caldeweyher, C. Bannwarth and S. Grimme, J. Chem. Phys., 2017,
     147, 034112. DOI: 10.1063/1.4993215
   * E. Caldeweyher, S. Ehlert, A. Hansen, H. Neugebauer, S. Spicher,
     C. Bannwarth and S. Grimme, J. Chem. Phys., 2019, 150, 154122.
     DOI: 10.1063/1.5090222
   
   for sTDA-xTB:
   * S. Grimme and C. Bannwarth, J. Chem. Phys., 2016, 145, 054103.
     DOI: 10.1063/1.4959605
   
   in the mass-spec context:
   * V. Asgeirsson, C. Bauer and S. Grimme, Chem. Sci., 2017, 8, 4879.
     DOI: 10.1039/c7sc00601b
   
   for metadynamics refer to:
   * S. Grimme, J. Chem. Theory Comput., 2019, 155, 2847-2862
     DOI: 10.1021/acs.jctc.9b00143
   
   with help from (in alphabetical order)
   C. Bannwarth, F. Bohle, G. Brandenburg, E. Caldeweyher, M. Checinski,
   S. Dohm, S. Ehlert, S. Ehrlich, F. MÃ¤rz, H. Neugebauer, J. Pisarek,
   P. Pracht, P. Shushkov, and S. Spicher.
   
 * started run on 2020/08/20 at 17:46:31.743     

           -------------------------------------------------
          |                Calculation Setup                |
           -------------------------------------------------

          program call               : /u/fd/ball4935/opt/bin/xtb 2_7_xtb.xyz --chrg -1 --grad --gbsa Water
          hostname                   : comp0810
          coordinate file            : 2_7_xtb.xyz
          omp threads                :                     1
          number of atoms            :                     6
          number of electrons        :                    22
          charge                     :                    -1
          spin                       :                   0.0
          first test random number   :      0.37121218282405


molecular fragmentation (1/2 indicates fragments):
122222
# atoms in fragment 1/2:     1     5
 fragment masses (1/2) :       19.00       50.49
CMA distance (Bohr)    :   8.267
constraining FC (au)   :  0.0500
########################################################################
[WARNING] Please study the warnings concerning your input carefully
-2- prog_main: XTBPATH is not set, using XTBHOME instead
-1- prog_main: XTBHOME is not set, using HOME instead
########################################################################
           ------------------------------------------------- 
          |                 G F N 2 - x T B                 |
          | Geometry, Frequencies, Noncovalent interactions |
          |            JCTC 2019 parametrisation            |
           ------------------------------------------------- 
             k(s)              :                1.8500
             k(p)              :                2.2300
             k(d)              :                2.2300
             k(f)              :                2.0000
             kEN (H0ij)        :               -2.0000
             D4 a1             :                0.5200
             D4 a2             :                5.0000
             D4 s6             :                1.0000
             D4 s8             :                2.7000
             D4 s9             :                5.0000
             alphaj            :                2.0000

  Z AO/shell   Hii/eV     exponent
  1     Wed Apr 25 08:07:45 CEST 2018   EN: 2.200 GM2: 0.406  GM3: 0.0800  RAES: 1.40
     1s    -10.707211    1.230000
  6     Wed Apr 25 08:07:45 CEST 2018   EN: 2.550 GM2: 0.538  GM3: 0.1500  RAES: 3.00
     2s    -13.970922    2.096432
     2p    -10.063292    1.800000
  9     Mon Apr 23 13:58:50 CEST 2018   EN: 3.980 GM2: 0.532  GM3: 0.1426  RAES: 2.40
     2s    -23.458179    2.416361
     2p    -15.746583    2.308399
 17     Mon Apr 23 14:09:22 CEST 2018   EN: 3.160 GM2: 0.249  GM3: 0.1495  RAES: 2.50
     3s    -29.278781    2.485265
     3p    -12.673758    2.199650
     3d     -0.240338    2.476089

 Solvent             : Water
 Using internal parameter file: .param_gbsa2_Water
 Gsolv ref. state (COSMO-RS): gsolv [1 M gas/solution]
 temperature (mdtemp)       :    298.150000000000     
 dielectric constant        :    80.2000000000000     
 rho                        :    1.00000000000000     
 mass                       :    18.0000000000000     
 surface tension            :    15.5689454083859     
 probe radius               :   0.975313790000000     
 Gshift (Eh)                :   1.857443126794793E-003
 c1                         :    1.55243817000000     
 soset                      :   0.130326360000000     
 HB correction              :  T
           ------------------------------------------------- 
          |        Self-Consistent Charge Iterations        |
           ------------------------------------------------- 

          ...................................................
          :                      SETUP                      :
          :.................................................:
          :  # basis functions                  21          :
          :  # atomic orbitals                  20          :
          :  # shells                           10          :
          :  # electrons                        22          :
          :  max. iterations                   250          :
          :  Hamiltonian                  GFN2-xTB          :
          :  restarted?                      false          :
          :  GBSA solvation                   true          :
          :  PC potential                    false          :
          :  electronic temp.          300.0000000     K    :
          :  accuracy                    1.0000000          :
          :  -> integral cutoff          0.2500000E+02      :
          :  -> integral neglect         0.1000000E-07      :
          :  -> SCF convergence          0.1000000E-05 Eh   :
          :  -> wf. convergence          0.1000000E-03 e    :
          :  Broyden damping             0.4000000          :
          ...................................................

 iter      E             dE          RMSdq      gap      omega  full diag
   1    -13.2801940 -0.132802E+02  0.579E+00    8.08       0.0  T
   2    -13.3328111 -0.526170E-01  0.336E+00    6.09       1.0  T
   3    -13.3336123 -0.801235E-03  0.174E+00    5.58       1.0  T
   4    -13.3342354 -0.623100E-03  0.430E-01    5.02       1.0  T
   5    -13.3346218 -0.386445E-03  0.240E-01    4.99       1.0  T
   6    -13.3348132 -0.191354E-03  0.135E-01    4.89       1.0  T
   7    -13.3348583 -0.451518E-04  0.122E-02    4.86       3.3  T
   8    -13.3348582  0.167567E-06  0.135E-02    4.86       3.0  T
   9    -13.3348586 -0.413592E-06  0.341E-03    4.86      12.0  T
  10    -13.3348586 -0.160748E-07  0.198E-03    4.86      20.6  T
  11    -13.3348586 -0.831551E-08  0.357E-04    4.86     114.3  T
  12    -13.3348586 -0.102951E-09  0.274E-05    4.86    1488.4  T

   *** convergence criteria satisfied after 12 iterations ***

         #    Occupation            Energy/Eh            Energy/eV
      -------------------------------------------------------------
         1        2.0000           -1.0604148             -28.8554
       ...           ...                  ...                  ...
         5        2.0000           -0.5181657             -14.1000
         6        2.0000           -0.5003634             -13.6156
         7        2.0000           -0.4203990             -11.4396
         8        2.0000           -0.4200888             -11.4312
         9        2.0000           -0.3381133              -9.2005
        10        2.0000           -0.3376597              -9.1882
        11        2.0000           -0.3376500              -9.1879 (HOMO)
        12                         -0.1590473              -4.3279 (LUMO)
        13                          0.0177067               0.4818
        14                          0.0177618               0.4833
        15                          0.0211524               0.5756
        16                          0.0219134               0.5963
       ...                                ...                  ...
        20                          0.2284310               6.2159
      -------------------------------------------------------------
                  HL-Gap            0.1786027 Eh            4.8600 eV
             Fermi-level           -0.2483487 Eh           -6.7579 eV

 SCC (total)                   0 d,  0 h,  0 min,  0.006 sec
 SCC setup                      ...        0 min,  0.000 sec (  5.120%)
 Dispersion                     ...        0 min,  0.000 sec (  0.542%)
 integral evaluation            ...        0 min,  0.001 sec ( 17.118%)
 zeroth order Hamiltonian       ...        0 min,  0.000 sec (  0.606%)
 iterations                     ...        0 min,  0.004 sec ( 57.221%)
 molecular gradient             ...        0 min,  0.001 sec ( 16.917%)
 printout                       ...        0 min,  0.000 sec (  1.747%)

         :::::::::::::::::::::::::::::::::::::::::::::::::::::
         ::                     SUMMARY                     ::
         :::::::::::::::::::::::::::::::::::::::::::::::::::::
         :: total energy             -13.273065442560 Eh    ::
         :: total w/o Gsasa/hb       -13.270721338790 Eh    ::
         :: gradient norm              0.018471766499 Eh/a0 ::
         :: HOMO-LUMO gap              4.860027459103 eV    ::
         ::.................................................::
         :: SCC energy               -13.331978940867 Eh    ::
         :: -> isotropic ES            0.280346488991 Eh    ::
         :: -> anisotropic ES         -0.003512084564 Eh    ::
         :: -> anisotropic XC         -0.003291563054 Eh    ::
         :: -> dispersion             -0.001891637976 Eh    ::
         :: -> Gsolv                  -0.139345260478 Eh    ::
         ::    -> Gborn               -0.137001156708 Eh    ::
         ::    -> Gsasa                0.001022232562 Eh    ::
         ::    -> Ghb                 -0.005223779459 Eh    ::
         ::    -> Gshift               0.001857443127 Eh    ::
         :: repulsion energy           0.058914008539 Eh    ::
         :: add. restraining           0.000000000000 Eh    ::
         :::::::::::::::::::::::::::::::::::::::::::::::::::::

           -------------------------------------------------
          |                Property Printout                |
           -------------------------------------------------

    * Orbital Energies and Occupations

         #    Occupation            Energy/Eh            Energy/eV
      -------------------------------------------------------------
         1        2.0000           -1.0604148             -28.8554
         2        2.0000           -0.6153004             -16.7432
         3        2.0000           -0.5943037             -16.1718
         4        2.0000           -0.5183379             -14.1047
         5        2.0000           -0.5181657             -14.1000
         6        2.0000           -0.5003634             -13.6156
         7        2.0000           -0.4203990             -11.4396
         8        2.0000           -0.4200888             -11.4312
         9        2.0000           -0.3381133              -9.2005
        10        2.0000           -0.3376597              -9.1882
        11        2.0000           -0.3376500              -9.1879 (HOMO)
        12                         -0.1590473              -4.3279 (LUMO)
        13                          0.0177067               0.4818
        14                          0.0177618               0.4833
        15                          0.0211524               0.5756
        16                          0.0219134               0.5963
        17                          0.1161898               3.1617
        18                          0.1854022               5.0451
        19                          0.2222699               6.0483
        20                          0.2284310               6.2159
      -------------------------------------------------------------
                  HL-Gap            0.1786027 Eh            4.8600 eV
             Fermi-level           -0.2483487 Eh           -6.7579 eV

     #   Z        covCN         q      C6AA      Î±(0)
     1   9 F      0.000    -0.999    24.524     5.768
     2  17 Cl     0.891    -0.210   105.754    15.732
     3   6 C      3.666     0.002    20.804     6.541
     4   1 H      0.926     0.067     2.118     2.276
     5   1 H      0.926     0.070     2.083     2.257
     6   1 H      0.926     0.070     2.082     2.256

 Mol. C6AA /auÂ·bohrâ¶  :        575.413732
 Mol. C8AA /auÂ·bohrâ¸  :      15846.880412
 Mol. Î±(0) /au        :         34.830511


Wiberg/Mayer (AO) data.
largest (>0.10) Wiberg bond orders for each atom
          total WBO             WBO to atom ...
     1  F   0.001
     2  Cl  0.982        C    3 0.964
     3  C   3.932        H    4 0.990    H    6 0.989    H    5 0.989    Cl   2 0.964
     4  H   0.996        C    3 0.990
     5  H   0.995        C    3 0.989
     6  H   0.995        C    3 0.989

molecular dipole:
                 x           y           z       tot (Debye)
 q only:        5.575       0.394       0.291
   full:        5.062       0.395       0.313      12.930
molecular quadrupole (traceless):
                xx          xy          yy          xz          yz          zz
 q only:      -42.590      -3.151      21.249      -1.525      -0.114      21.341
  q+dip:      -46.622      -2.943      23.281      -0.999      -0.121      23.341
   full:      -45.419      -3.037      22.673      -1.195      -0.117      22.746


           -------------------------------------------------
          | TOTAL ENERGY              -13.273065442560 Eh   |
          | GRADIENT NORM               0.018471766499 Eh/Î± |
          | HOMO-LUMO GAP               4.860027459103 eV   |
           -------------------------------------------------

------------------------------------------------------------------------
 * finished run on 2020/08/20 at 17:46:31.790     
------------------------------------------------------------------------
 total:
 * wall-time:     0 d,  0 h,  0 min,  0.047 sec
 *  cpu-time:     0 d,  0 h,  0 min,  0.017 sec
 * ratio c/w:     0.358 speedup
 SCF:
 * wall-time:     0 d,  0 h,  0 min,  0.006 sec
 *  cpu-time:     0 d,  0 h,  0 min,  0.006 sec
 * ratio c/w:     0.997 speedup

